// Jest Snapshot v1, https://jestjs.io/docs/snapshot-testing

exports[`processChatResponse should be able to process a valid stream 1`] = `
{
  "aborted": false,
  "data": [
    {
      "data": {
        "queries": {},
      },
      "type": "data-state",
    },
  ],
  "finishReason": undefined,
  "history": [
    {
      "content": "You, but don't tell anyone.",
      "role": "assistant",
    },
    {
      "role": "assistant",
      "tool_calls": [
        {
          "arguments": "{"query":"test"}",
          "id": "x",
          "name": "search",
        },
      ],
    },
    {
      "content": "rows",
      "role": "tool",
      "tool_call_id": "x",
    },
  ],
  "toolCalls": [
    {
      "state": "result",
      "toolCallId": "x",
      "toolName": "search",
      "value": "rows",
    },
  ],
}
`;
