// Jest Snapshot v1, https://jestjs.io/docs/snapshot-testing

exports[`ai requests aiStreamingQuery should return full result of a successful request 1`] = `
{
  "aborted": false,
  "data": [
    {
      "data": {
        "queries": {},
      },
      "type": "data-state",
    },
  ],
  "history": [
    {
      "content": "You, but don't tell anyone.",
      "role": "assistant",
    },
  ],
  "parts": [
    {
      "name": "text",
      "value": "You, but don't tell anyone.",
    },
    {
      "name": "data",
      "value": {
        "data": {
          "queries": {},
        },
        "type": "data-state",
      },
    },
    {
      "name": "finish",
      "value": undefined,
    },
  ],
  "text": "You, but don't tell anyone.",
  "toolCalls": [],
}
`;
