yarn run v1.22.22
$ NODE_OPTIONS=--max-old-space-size=8192 eslint --cache --cache-strategy content --ext .js,.jsx,.ts,.tsx --rulesdir frontend/lint/eslint-rules --max-warnings 0 --report-unused-disable-directives enterprise/frontend frontend e2e ./frontend/src

/Users/ryan/projects/metabase/e2e/support/helpers/embedding-sdk-component-testing/component-embedding-sdk-helpers.tsx
  1:1  error  There should be at least one empty line between import groups                import/order
  1:1  error  `@metabase/embedding-sdk-react` import should occur after import of `react`  import/order

/Users/ryan/projects/metabase/e2e/support/helpers/embedding-sdk-component-testing/component-embedding-sdk-question-helpers.tsx
  1:1  error  There should be at least one empty line between import groups                      import/order
  6:1  error  `react` type import should occur before import of `@metabase/embedding-sdk-react`  import/order

/Users/ryan/projects/metabase/e2e/test-component/scenarios/embedding-sdk/collection-browser.cy.spec.tsx
  2:1  error  There should be at least one empty line between import groups                 import/order
  3:1  error  `react` import should occur before import of `@metabase/embedding-sdk-react`  import/order

/Users/ryan/projects/metabase/e2e/test-component/scenarios/embedding-sdk/create-dashboard.cy.spec.tsx
  1:1  error  There should be no empty line within import group  import/order

/Users/ryan/projects/metabase/e2e/test-component/scenarios/embedding-sdk/create-question.cy.spec.tsx
  1:1  error  There should be no empty line within import group  import/order

/Users/ryan/projects/metabase/e2e/test-component/scenarios/embedding-sdk/dashboard-click-behavior.cy.spec.tsx
  1:1  error  There should be no empty line within import group  import/order

/Users/ryan/projects/metabase/e2e/test-component/scenarios/embedding-sdk/data-picker.cy.spec.tsx
  1:1  error  There should be no empty line within import group  import/order

/Users/ryan/projects/metabase/e2e/test-component/scenarios/embedding-sdk/editable-dashboard.cy.spec.tsx
  2:1  error  There should be no empty line within import group  import/order

/Users/ryan/projects/metabase/e2e/test-component/scenarios/embedding-sdk/incompatibility-with-instance-banner.cy.spec.tsx
  1:1  error  There should be no empty line within import group  import/order

/Users/ryan/projects/metabase/e2e/test-component/scenarios/embedding-sdk/interactive-dashboard.cy.spec.tsx
  2:1  error  There should be at least one empty line between import groups                 import/order
  6:1  error  `react` import should occur before import of `@metabase/embedding-sdk-react`  import/order

/Users/ryan/projects/metabase/e2e/test-component/scenarios/embedding-sdk/interactive-question.cy.spec.tsx
  2:1  error  There should be no empty line within import group  import/order

/Users/ryan/projects/metabase/e2e/test-component/scenarios/embedding-sdk/locale-on-provider.cy.spec.tsx
  1:1  error  There should be no empty line within import group  import/order

/Users/ryan/projects/metabase/e2e/test-component/scenarios/embedding-sdk/mantine-styles-tests.cy.spec.tsx
   9:1  error  There should be at least one empty line between import groups  import/order
  10:1  error  There should be no empty line within import group              import/order

/Users/ryan/projects/metabase/e2e/test-component/scenarios/embedding-sdk/metabot-question.cy.spec.tsx
  3:1  error  There should be no empty line within import group  import/order

/Users/ryan/projects/metabase/e2e/test-component/scenarios/embedding-sdk/plugins.cy.spec.tsx
  1:1  error  There should be at least one empty line between import groups                 import/order
  2:1  error  `react` import should occur before import of `@metabase/embedding-sdk-react`  import/order

/Users/ryan/projects/metabase/e2e/test-component/scenarios/embedding-sdk/popover.cy.spec.tsx
  1:1  error  There should be no empty line within import group  import/order

/Users/ryan/projects/metabase/e2e/test-component/scenarios/embedding-sdk/redux-provider-clash.cy.spec.tsx
  1:1  error  There should be at least one empty line between import groups                      import/order
  1:1  error  `@metabase/embedding-sdk-react` import should occur after import of `react-redux`  import/order

/Users/ryan/projects/metabase/e2e/test-component/scenarios/embedding-sdk/reproductions/sdk-question-reproductions.cy.spec.tsx
  1:1  error  There should be no empty line within import group  import/order

/Users/ryan/projects/metabase/e2e/test-component/scenarios/embedding-sdk/requests.cy.spec.tsx
  1:1  error  There should be no empty line within import group  import/order

/Users/ryan/projects/metabase/e2e/test-component/scenarios/embedding-sdk/sdk-bundle-error-handling.cy.spec.tsx
  1:1  error  There should be no empty line within import group  import/order

/Users/ryan/projects/metabase/e2e/test-component/scenarios/embedding-sdk/sdk-bundle-hooks.cy.spec.tsx
   1:1  error  There should be at least one empty line between import groups                 import/order
  11:1  error  `react` import should occur before import of `@metabase/embedding-sdk-react`  import/order

/Users/ryan/projects/metabase/e2e/test-component/scenarios/embedding-sdk/sdk-bundle.cy.spec.tsx
  1:1  error  There should be no empty line within import group  import/order

/Users/ryan/projects/metabase/e2e/test-component/scenarios/embedding-sdk/sdk-question-native.cy.spec.tsx
  1:1  error  There should be at least one empty line between import groups                 import/order
  2:1  error  `react` import should occur before import of `@metabase/embedding-sdk-react`  import/order

/Users/ryan/projects/metabase/e2e/test-component/scenarios/embedding-sdk/sdk-question-theming.cy.spec.tsx
  1:1  error  There should be at least one empty line between import groups                 import/order
  5:1  error  `color` import should occur before import of `@metabase/embedding-sdk-react`  import/order

/Users/ryan/projects/metabase/e2e/test-component/scenarios/embedding-sdk/sdk-question.cy.spec.tsx
  1:1  error  There should be at least one empty line between import groups                 import/order
  2:1  error  There should be at least one empty line between import groups                 import/order
  6:1  error  `react` import should occur before import of `@metabase/embedding-sdk-react`  import/order

/Users/ryan/projects/metabase/e2e/test-component/scenarios/embedding-sdk/static-dashboard.cy.spec.tsx
  2:1  error  There should be no empty line within import group  import/order

/Users/ryan/projects/metabase/e2e/test-component/scenarios/embedding-sdk/styles-tests.cy.spec.tsx
   1:1  error  There should be at least one empty line between import groups                 import/order
  11:1  error  `react` import should occur before import of `@metabase/embedding-sdk-react`  import/order

/Users/ryan/projects/metabase/e2e/test-component/scenarios/embedding-sdk/tooltip-reproductions.cy.spec.tsx
  1:1  error  There should be no empty line within import group  import/order

/Users/ryan/projects/metabase/enterprise/frontend/src/embedding-sdk-package/cli/utils/get-permission-groups.ts
  4:8  error  No rule allowing this dependency was found. File is of type 'other'. Dependency is of type 'feature/admin'  boundaries/element-types

/Users/ryan/projects/metabase/enterprise/frontend/src/embedding/data-picker/SimpleDataPicker/SimpleDataPickerView.tsx
  5:33  error  No rule allowing this dependency was found. File is of type 'other'. Dependency is of type 'feature/query_builder'  boundaries/element-types

/Users/ryan/projects/metabase/enterprise/frontend/src/metabase-enterprise/admin/settings/components/widgets/PublicLinksListing/PublicDocumentResources.tsx
  3:36  error  No rule allowing this dependency was found. File is of type 'other'. Dependency is of type 'feature/admin'  boundaries/element-types

/Users/ryan/projects/metabase/enterprise/frontend/src/metabase-enterprise/advanced_permissions/components/ImpersonationModal/ImpersonationModal.tsx
   6:38  error  No rule allowing this dependency was found. File is of type 'other'. Dependency is of type 'feature/admin'  boundaries/element-types
  11:8   error  No rule allowing this dependency was found. File is of type 'other'. Dependency is of type 'feature/admin'  boundaries/element-types

/Users/ryan/projects/metabase/enterprise/frontend/src/metabase-enterprise/advanced_permissions/graph.ts
   3:31  error  No rule allowing this dependency was found. File is of type 'other'. Dependency is of type 'feature/admin'  boundaries/element-types
   7:8   error  No rule allowing this dependency was found. File is of type 'other'. Dependency is of type 'feature/admin'  boundaries/element-types
  11:8   error  No rule allowing this dependency was found. File is of type 'other'. Dependency is of type 'feature/admin'  boundaries/element-types
  17:8   error  No rule allowing this dependency was found. File is of type 'other'. Dependency is of type 'feature/admin'  boundaries/element-types

/Users/ryan/projects/metabase/enterprise/frontend/src/metabase-enterprise/advanced_permissions/index.js
  4:37  error  No rule allowing this dependency was found. File is of type 'other'. Dependency is of type 'feature/admin'  boundaries/element-types
  8:8   error  No rule allowing this dependency was found. File is of type 'other'. Dependency is of type 'feature/admin'  boundaries/element-types

/Users/ryan/projects/metabase/enterprise/frontend/src/metabase-enterprise/advanced_permissions/reducer.ts
   9:8  error  No rule allowing this dependency was found. File is of type 'other'. Dependency is of type 'feature/admin'  boundaries/element-types
  14:8  error  No rule allowing this dependency was found. File is of type 'other'. Dependency is of type 'feature/admin'  boundaries/element-types
  18:8  error  No rule allowing this dependency was found. File is of type 'other'. Dependency is of type 'feature/admin'  boundaries/element-types

/Users/ryan/projects/metabase/enterprise/frontend/src/metabase-enterprise/advanced_permissions/utils.ts
  1:31  error  No rule allowing this dependency was found. File is of type 'other'. Dependency is of type 'feature/admin'  boundaries/element-types
  5:8   error  No rule allowing this dependency was found. File is of type 'other'. Dependency is of type 'feature/admin'  boundaries/element-types

/Users/ryan/projects/metabase/enterprise/frontend/src/metabase-enterprise/ai-entity-analysis/actions.ts
  1:28  error  No rule allowing this dependency was found. File is of type 'other'. Dependency is of type 'feature/dashboard'  boundaries/element-types

/Users/ryan/projects/metabase/enterprise/frontend/src/metabase-enterprise/ai-entity-analysis/components/AIDashboardAnalysisSidebar/AIDashboardAnalysisSidebar.tsx
  3:25  error  No rule allowing this dependency was found. File is of type 'other'. Dependency is of type 'feature/dashboard'  boundaries/element-types
  4:37  error  No rule allowing this dependency was found. File is of type 'other'. Dependency is of type 'feature/dashboard'  boundaries/element-types

/Users/ryan/projects/metabase/enterprise/frontend/src/metabase-enterprise/ai-entity-analysis/components/AIQuestionAnalysisSidebar/AIQuestionAnalysisSidebar.tsx
  8:28  error  No rule allowing this dependency was found. File is of type 'other'. Dependency is of type 'feature/query_builder'  boundaries/element-types

/Users/ryan/projects/metabase/enterprise/frontend/src/metabase-enterprise/application_permissions/pages/ApplicationPermissionsPage/ApplicationPermissionsPage.tsx
  5:44  error  No rule allowing this dependency was found. File is of type 'other'. Dependency is of type 'feature/admin'  boundaries/element-types
  6:35  error  No rule allowing this dependency was found. File is of type 'other'. Dependency is of type 'feature/admin'  boundaries/element-types
  7:39  error  No rule allowing this dependency was found. File is of type 'other'. Dependency is of type 'feature/admin'  boundaries/element-types

/Users/ryan/projects/metabase/enterprise/frontend/src/metabase-enterprise/application_permissions/selectors.ts
   6:52  error  No rule allowing this dependency was found. File is of type 'other'. Dependency is of type 'feature/admin'  boundaries/element-types
   7:52  error  No rule allowing this dependency was found. File is of type 'other'. Dependency is of type 'feature/admin'  boundaries/element-types
  11:8   error  No rule allowing this dependency was found. File is of type 'other'. Dependency is of type 'feature/admin'  boundaries/element-types

/Users/ryan/projects/metabase/enterprise/frontend/src/metabase-enterprise/auth/components/AuthSettingsPage.tsx
   6:8   error  No rule allowing this dependency was found. File is of type 'other'. Dependency is of type 'feature/admin'  boundaries/element-types
   7:32  error  No rule allowing this dependency was found. File is of type 'other'. Dependency is of type 'feature/admin'  boundaries/element-types
   8:30  error  No rule allowing this dependency was found. File is of type 'other'. Dependency is of type 'feature/admin'  boundaries/element-types
   9:31  error  No rule allowing this dependency was found. File is of type 'other'. Dependency is of type 'feature/admin'  boundaries/element-types
  10:35  error  No rule allowing this dependency was found. File is of type 'other'. Dependency is of type 'feature/admin'  boundaries/element-types

/Users/ryan/projects/metabase/enterprise/frontend/src/metabase-enterprise/auth/components/Ldap.tsx
  3:33  error  No rule allowing this dependency was found. File is of type 'other'. Dependency is of type 'feature/admin'  boundaries/element-types
  4:35  error  No rule allowing this dependency was found. File is of type 'other'. Dependency is of type 'feature/admin'  boundaries/element-types

/Users/ryan/projects/metabase/enterprise/frontend/src/metabase-enterprise/auth/components/SessionTimeoutSetting/SessionTimeoutSetting.tsx
  4:31  error  No rule allowing this dependency was found. File is of type 'other'. Dependency is of type 'feature/admin'  boundaries/element-types
  8:8   error  No rule allowing this dependency was found. File is of type 'other'. Dependency is of type 'feature/admin'  boundaries/element-types

/Users/ryan/projects/metabase/enterprise/frontend/src/metabase-enterprise/auth/components/SettingsJWTForm/SettingsJWTForm.tsx
   7:8   error  No rule allowing this dependency was found. File is of type 'other'. Dependency is of type 'feature/admin'  boundaries/element-types
   8:35  error  No rule allowing this dependency was found. File is of type 'other'. Dependency is of type 'feature/admin'  boundaries/element-types
   9:37  error  No rule allowing this dependency was found. File is of type 'other'. Dependency is of type 'feature/admin'  boundaries/element-types
  10:40  error  No rule allowing this dependency was found. File is of type 'other'. Dependency is of type 'feature/admin'  boundaries/element-types

/Users/ryan/projects/metabase/enterprise/frontend/src/metabase-enterprise/auth/components/SettingsSAMLForm/SettingsSAMLForm.tsx
   9:8   error  No rule allowing this dependency was found. File is of type 'other'. Dependency is of type 'feature/admin'  boundaries/element-types
  10:31  error  No rule allowing this dependency was found. File is of type 'other'. Dependency is of type 'feature/admin'  boundaries/element-types
  11:35  error  No rule allowing this dependency was found. File is of type 'other'. Dependency is of type 'feature/admin'  boundaries/element-types
  12:37  error  No rule allowing this dependency was found. File is of type 'other'. Dependency is of type 'feature/admin'  boundaries/element-types
  13:40  error  No rule allowing this dependency was found. File is of type 'other'. Dependency is of type 'feature/admin'  boundaries/element-types

/Users/ryan/projects/metabase/enterprise/frontend/src/metabase-enterprise/auth/containers/JwtAuthCard/JwtAuthCard.tsx
  3:26  error  No rule allowing this dependency was found. File is of type 'other'. Dependency is of type 'feature/admin'  boundaries/element-types

/Users/ryan/projects/metabase/enterprise/frontend/src/metabase-enterprise/auth/containers/SamlAuthCard/SamlAuthCard.tsx
  3:26  error  No rule allowing this dependency was found. File is of type 'other'. Dependency is of type 'feature/admin'  boundaries/element-types

/Users/ryan/projects/metabase/enterprise/frontend/src/metabase-enterprise/caching/components/DashboardAndQuestionCachingTab.tsx
  1:15  error  No rule allowing this dependency was found. File is of type 'other'. Dependency is of type 'feature/admin'  boundaries/element-types
  2:34  error  No rule allowing this dependency was found. File is of type 'other'. Dependency is of type 'feature/admin'  boundaries/element-types
  3:39  error  No rule allowing this dependency was found. File is of type 'other'. Dependency is of type 'feature/admin'  boundaries/element-types

/Users/ryan/projects/metabase/enterprise/frontend/src/metabase-enterprise/caching/components/InvalidateNowButton.tsx
  6:30  error  No rule allowing this dependency was found. File is of type 'other'. Dependency is of type 'feature/admin'  boundaries/element-types
  7:37  error  No rule allowing this dependency was found. File is of type 'other'. Dependency is of type 'feature/admin'  boundaries/element-types
  8:34  error  No rule allowing this dependency was found. File is of type 'other'. Dependency is of type 'feature/admin'  boundaries/element-types
  9:46  error  No rule allowing this dependency was found. File is of type 'other'. Dependency is of type 'feature/admin'  boundaries/element-types

/Users/ryan/projects/metabase/enterprise/frontend/src/metabase-enterprise/caching/components/SidebarCacheForm.tsx
  6:30  error  No rule allowing this dependency was found. File is of type 'other'. Dependency is of type 'feature/admin'  boundaries/element-types
  7:33  error  No rule allowing this dependency was found. File is of type 'other'. Dependency is of type 'feature/admin'  boundaries/element-types
  8:41  error  No rule allowing this dependency was found. File is of type 'other'. Dependency is of type 'feature/admin'  boundaries/element-types
  9:33  error  No rule allowing this dependency was found. File is of type 'other'. Dependency is of type 'feature/admin'  boundaries/element-types

/Users/ryan/projects/metabase/enterprise/frontend/src/metabase-enterprise/caching/components/SidebarCacheSection.tsx
  5:33  error  No rule allowing this dependency was found. File is of type 'other'. Dependency is of type 'feature/admin'  boundaries/element-types
  6:39  error  No rule allowing this dependency was found. File is of type 'other'. Dependency is of type 'feature/admin'  boundaries/element-types

/Users/ryan/projects/metabase/enterprise/frontend/src/metabase-enterprise/caching/components/StrategyEditorForQuestionsAndDashboards/StrategyEditorForQuestionsAndDashboards.tsx
   7:37  error  No rule allowing this dependency was found. File is of type 'other'. Dependency is of type 'feature/admin'  boundaries/element-types
   8:30  error  No rule allowing this dependency was found. File is of type 'other'. Dependency is of type 'feature/admin'  boundaries/element-types
   9:33  error  No rule allowing this dependency was found. File is of type 'other'. Dependency is of type 'feature/admin'  boundaries/element-types
  10:41  error  No rule allowing this dependency was found. File is of type 'other'. Dependency is of type 'feature/admin'  boundaries/element-types
  11:33  error  No rule allowing this dependency was found. File is of type 'other'. Dependency is of type 'feature/admin'  boundaries/element-types

/Users/ryan/projects/metabase/enterprise/frontend/src/metabase-enterprise/caching/components/StrategyEditorForQuestionsAndDashboards/TableRowForCacheableItem.tsx
  3:39  error  No rule allowing this dependency was found. File is of type 'other'. Dependency is of type 'feature/admin'  boundaries/element-types

/Users/ryan/projects/metabase/enterprise/frontend/src/metabase-enterprise/caching/components/StrategyEditorForQuestionsAndDashboards/utils.tsx
  4:39  error  No rule allowing this dependency was found. File is of type 'other'. Dependency is of type 'feature/admin'  boundaries/element-types

/Users/ryan/projects/metabase/enterprise/frontend/src/metabase-enterprise/caching/components/StrategyFormLauncher.tsx
  4:24  error  No rule allowing this dependency was found. File is of type 'other'. Dependency is of type 'feature/admin'  boundaries/element-types
  5:37  error  No rule allowing this dependency was found. File is of type 'other'. Dependency is of type 'feature/admin'  boundaries/element-types
  6:39  error  No rule allowing this dependency was found. File is of type 'other'. Dependency is of type 'feature/admin'  boundaries/element-types

/Users/ryan/projects/metabase/enterprise/frontend/src/metabase-enterprise/caching/components/StrategyFormLauncherPanel.tsx
  4:23  error  No rule allowing this dependency was found. File is of type 'other'. Dependency is of type 'feature/admin'  boundaries/element-types
  5:24  error  No rule allowing this dependency was found. File is of type 'other'. Dependency is of type 'feature/admin'  boundaries/element-types
  6:37  error  No rule allowing this dependency was found. File is of type 'other'. Dependency is of type 'feature/admin'  boundaries/element-types

/Users/ryan/projects/metabase/enterprise/frontend/src/metabase-enterprise/caching/constants.ts
   7:8   error  No rule allowing this dependency was found. File is of type 'other'. Dependency is of type 'feature/admin'  boundaries/element-types
  11:8   error  No rule allowing this dependency was found. File is of type 'other'. Dependency is of type 'feature/admin'  boundaries/element-types
  12:29  error  No rule allowing this dependency was found. File is of type 'other'. Dependency is of type 'feature/admin'  boundaries/element-types

/Users/ryan/projects/metabase/enterprise/frontend/src/metabase-enterprise/comments/components/Discussion/Discussion.tsx
  4:32  error  No rule allowing this dependency was found. File is of type 'other'. Dependency is of type 'feature/admin'  boundaries/element-types

/Users/ryan/projects/metabase/enterprise/frontend/src/metabase-enterprise/comments/components/Discussion/DiscussionComment.tsx
  7:32  error  No rule allowing this dependency was found. File is of type 'other'. Dependency is of type 'feature/admin'  boundaries/element-types

/Users/ryan/projects/metabase/enterprise/frontend/src/metabase-enterprise/comments/components/Discussion/Reaction.tsx
  4:32  error  No rule allowing this dependency was found. File is of type 'other'. Dependency is of type 'feature/admin'  boundaries/element-types

/Users/ryan/projects/metabase/enterprise/frontend/src/metabase-enterprise/content_translation/components/ContentTranslationConfiguration/ContentTranslationConfiguration.tsx
  15:33  error  No rule allowing this dependency was found. File is of type 'other'. Dependency is of type 'feature/admin'  boundaries/element-types

/Users/ryan/projects/metabase/enterprise/frontend/src/metabase-enterprise/data-studio/common/components/CardOverview/CardOverviewVisualization/CardOverviewVisualization.tsx
  6:32  error  No rule allowing this dependency was found. File is of type 'other'. Dependency is of type 'feature/query_builder'  boundaries/element-types

/Users/ryan/projects/metabase/enterprise/frontend/src/metabase-enterprise/data-studio/data-model/routes.tsx
  3:32  error  No rule allowing this dependency was found. File is of type 'other'. Dependency is of type 'feature/admin'  boundaries/element-types
  4:24  error  No rule allowing this dependency was found. File is of type 'other'. Dependency is of type 'feature/admin'  boundaries/element-types
  5:28  error  No rule allowing this dependency was found. File is of type 'other'. Dependency is of type 'feature/admin'  boundaries/element-types

/Users/ryan/projects/metabase/enterprise/frontend/src/metabase-enterprise/database_replication/DatabaseReplicationSection.tsx
  7:8  error  No rule allowing this dependency was found. File is of type 'other'. Dependency is of type 'feature/admin'  boundaries/element-types

/Users/ryan/projects/metabase/enterprise/frontend/src/metabase-enterprise/database_routing/DatabaseRoutingSection/DatabaseRoutingSection.tsx
   8:8   error  No rule allowing this dependency was found. File is of type 'other'. Dependency is of type 'feature/admin'  boundaries/element-types
  12:8   error  No rule allowing this dependency was found. File is of type 'other'. Dependency is of type 'feature/admin'  boundaries/element-types
  13:37  error  No rule allowing this dependency was found. File is of type 'other'. Dependency is of type 'feature/admin'  boundaries/element-types

/Users/ryan/projects/metabase/enterprise/frontend/src/metabase-enterprise/database_routing/DatabaseRoutingSection/utils.tsx
  5:47  error  No rule allowing this dependency was found. File is of type 'other'. Dependency is of type 'feature/admin'  boundaries/element-types

/Users/ryan/projects/metabase/enterprise/frontend/src/metabase-enterprise/database_routing/DestinationDatabaseConnectionModal/DestinationDatabaseConnectionModal.tsx
  6:44  error  No rule allowing this dependency was found. File is of type 'other'. Dependency is of type 'feature/admin'  boundaries/element-types

/Users/ryan/projects/metabase/enterprise/frontend/src/metabase-enterprise/database_routing/DestinationDatabasesList/DestinationDatabasesList.tsx
  5:46  error  No rule allowing this dependency was found. File is of type 'other'. Dependency is of type 'feature/admin'  boundaries/element-types

/Users/ryan/projects/metabase/enterprise/frontend/src/metabase-enterprise/database_routing/RemoveDestinationDatabaseModal.tsx
  4:37  error  No rule allowing this dependency was found. File is of type 'other'. Dependency is of type 'feature/admin'  boundaries/element-types

/Users/ryan/projects/metabase/enterprise/frontend/src/metabase-enterprise/documents/actions.ts
  3:38  error  No rule allowing this dependency was found. File is of type 'other'. Dependency is of type 'feature/dashboard'  boundaries/element-types

/Users/ryan/projects/metabase/enterprise/frontend/src/metabase-enterprise/documents/utils/visualizationUtils.ts
  4:43  error  No rule allowing this dependency was found. File is of type 'other'. Dependency is of type 'feature/query_builder'  boundaries/element-types

/Users/ryan/projects/metabase/enterprise/frontend/src/metabase-enterprise/embedding/components/InteractiveEmbeddingSettings.tsx
   6:8   error  No rule allowing this dependency was found. File is of type 'other'. Dependency is of type 'feature/admin'  boundaries/element-types
  10:8   error  No rule allowing this dependency was found. File is of type 'other'. Dependency is of type 'feature/admin'  boundaries/element-types
  11:39  error  No rule allowing this dependency was found. File is of type 'other'. Dependency is of type 'feature/admin'  boundaries/element-types
  12:35  error  No rule allowing this dependency was found. File is of type 'other'. Dependency is of type 'feature/admin'  boundaries/element-types
  13:36  error  No rule allowing this dependency was found. File is of type 'other'. Dependency is of type 'feature/admin'  boundaries/element-types

/Users/ryan/projects/metabase/enterprise/frontend/src/metabase-enterprise/feature_level_permissions/permission-management/data-model-permission.ts
   4:52  error  No rule allowing this dependency was found. File is of type 'other'. Dependency is of type 'feature/admin'  boundaries/element-types
   8:8   error  No rule allowing this dependency was found. File is of type 'other'. Dependency is of type 'feature/admin'  boundaries/element-types
  18:8   error  No rule allowing this dependency was found. File is of type 'other'. Dependency is of type 'feature/admin'  boundaries/element-types
  23:8   error  No rule allowing this dependency was found. File is of type 'other'. Dependency is of type 'feature/admin'  boundaries/element-types
  24:45  error  No rule allowing this dependency was found. File is of type 'other'. Dependency is of type 'feature/admin'  boundaries/element-types

/Users/ryan/projects/metabase/enterprise/frontend/src/metabase-enterprise/feature_level_permissions/permission-management/details-permission.ts
   4:52  error  No rule allowing this dependency was found. File is of type 'other'. Dependency is of type 'feature/admin'  boundaries/element-types
   8:8   error  No rule allowing this dependency was found. File is of type 'other'. Dependency is of type 'feature/admin'  boundaries/element-types
  16:8   error  No rule allowing this dependency was found. File is of type 'other'. Dependency is of type 'feature/admin'  boundaries/element-types

/Users/ryan/projects/metabase/enterprise/frontend/src/metabase-enterprise/feature_level_permissions/permission-management/download-permission.ts
   4:52  error  No rule allowing this dependency was found. File is of type 'other'. Dependency is of type 'feature/admin'  boundaries/element-types
   8:8   error  No rule allowing this dependency was found. File is of type 'other'. Dependency is of type 'feature/admin'  boundaries/element-types
  18:8   error  No rule allowing this dependency was found. File is of type 'other'. Dependency is of type 'feature/admin'  boundaries/element-types
  23:8   error  No rule allowing this dependency was found. File is of type 'other'. Dependency is of type 'feature/admin'  boundaries/element-types
  24:45  error  No rule allowing this dependency was found. File is of type 'other'. Dependency is of type 'feature/admin'  boundaries/element-types

/Users/ryan/projects/metabase/enterprise/frontend/src/metabase-enterprise/feature_level_permissions/permission-management/index.ts
  5:8  error  No rule allowing this dependency was found. File is of type 'other'. Dependency is of type 'feature/admin'  boundaries/element-types

/Users/ryan/projects/metabase/enterprise/frontend/src/metabase-enterprise/feature_level_permissions/utils.ts
  3:40  error  No rule allowing this dependency was found. File is of type 'other'. Dependency is of type 'feature/admin'  boundaries/element-types

/Users/ryan/projects/metabase/enterprise/frontend/src/metabase-enterprise/google_drive/GdriveAddDataPanel.tsx
  6:31  error  No rule allowing this dependency was found. File is of type 'other'. Dependency is of type 'feature/admin'  boundaries/element-types

/Users/ryan/projects/metabase/enterprise/frontend/src/metabase-enterprise/google_drive/GdriveConnectionModal.tsx
  5:32  error  No rule allowing this dependency was found. File is of type 'other'. Dependency is of type 'feature/admin'  boundaries/element-types

/Users/ryan/projects/metabase/enterprise/frontend/src/metabase-enterprise/google_drive/GdriveSyncStatus.tsx
  6:32  error  No rule allowing this dependency was found. File is of type 'other'. Dependency is of type 'feature/admin'  boundaries/element-types

/Users/ryan/projects/metabase/enterprise/frontend/src/metabase-enterprise/group_managers/actions.js
  3:31  error  No rule allowing this dependency was found. File is of type 'other'. Dependency is of type 'feature/admin'  boundaries/element-types

/Users/ryan/projects/metabase/enterprise/frontend/src/metabase-enterprise/license/components/BillingInfo/BillingInfo.tsx
  3:31  error  No rule allowing this dependency was found. File is of type 'other'. Dependency is of type 'feature/admin'  boundaries/element-types

/Users/ryan/projects/metabase/enterprise/frontend/src/metabase-enterprise/license/components/BillingInfo/BillingInfoTable.tsx
  5:31  error  No rule allowing this dependency was found. File is of type 'other'. Dependency is of type 'feature/admin'  boundaries/element-types

/Users/ryan/projects/metabase/enterprise/frontend/src/metabase-enterprise/license/components/LicenseAndBillingSettings/LicenseAndBillingSettings.tsx
   8:8   error  No rule allowing this dependency was found. File is of type 'other'. Dependency is of type 'feature/admin'  boundaries/element-types
   9:30  error  No rule allowing this dependency was found. File is of type 'other'. Dependency is of type 'feature/admin'  boundaries/element-types
  10:31  error  No rule allowing this dependency was found. File is of type 'other'. Dependency is of type 'feature/admin'  boundaries/element-types
  11:42  error  No rule allowing this dependency was found. File is of type 'other'. Dependency is of type 'feature/admin'  boundaries/element-types

/Users/ryan/projects/metabase/enterprise/frontend/src/metabase-enterprise/license/use-upsell-flow.ts
  4:32  error  No rule allowing this dependency was found. File is of type 'other'. Dependency is of type 'feature/admin'  boundaries/element-types
  5:31  error  No rule allowing this dependency was found. File is of type 'other'. Dependency is of type 'feature/admin'  boundaries/element-types

/Users/ryan/projects/metabase/enterprise/frontend/src/metabase-enterprise/metabot/components/MetabotAdmin/MetabotAdminPage.tsx
  12:8   error  No rule allowing this dependency was found. File is of type 'other'. Dependency is of type 'feature/admin'  boundaries/element-types
  13:33  error  No rule allowing this dependency was found. File is of type 'other'. Dependency is of type 'feature/admin'  boundaries/element-types
  14:31  error  No rule allowing this dependency was found. File is of type 'other'. Dependency is of type 'feature/admin'  boundaries/element-types

/Users/ryan/projects/metabase/enterprise/frontend/src/metabase-enterprise/metabot/components/MetabotAdmin/MetabotAdminSuggestedPrompts.tsx
  5:31  error  No rule allowing this dependency was found. File is of type 'other'. Dependency is of type 'feature/admin'  boundaries/element-types

/Users/ryan/projects/metabase/enterprise/frontend/src/metabase-enterprise/metabot/components/MetabotAdmin/MetabotPurchasePage/MetabotPurchasePage.tsx
  4:37  error  No rule allowing this dependency was found. File is of type 'other'. Dependency is of type 'feature/admin'  boundaries/element-types

/Users/ryan/projects/metabase/enterprise/frontend/src/metabase-enterprise/metabot/components/MetabotAdmin/MetabotPurchasePage/MetabotPurchasePageForStoreUser.tsx
  7:33  error  No rule allowing this dependency was found. File is of type 'other'. Dependency is of type 'feature/admin'  boundaries/element-types

/Users/ryan/projects/metabase/enterprise/frontend/src/metabase-enterprise/metabot/components/MetabotAdmin/MetabotTrialPage.tsx
  9:8  error  No rule allowing this dependency was found. File is of type 'other'. Dependency is of type 'feature/admin'  boundaries/element-types

/Users/ryan/projects/metabase/enterprise/frontend/src/metabase-enterprise/metabot/components/MetabotChat/MetabotAgentSuggestionMessage.tsx
  15:21  error  No rule allowing this dependency was found. File is of type 'other'. Dependency is of type 'feature/query_builder'  boundaries/element-types

/Users/ryan/projects/metabase/enterprise/frontend/src/metabase-enterprise/moderation/components/ModerationReviewBanner/ModerationReviewBanner.tsx
  1:32  error  No rule allowing this dependency was found. File is of type 'other'. Dependency is of type 'feature/admin'  boundaries/element-types

/Users/ryan/projects/metabase/enterprise/frontend/src/metabase-enterprise/remote_sync/LibraryNav.tsx
  3:33  error  No rule allowing this dependency was found. File is of type 'other'. Dependency is of type 'feature/admin'  boundaries/element-types

/Users/ryan/projects/metabase/enterprise/frontend/src/metabase-enterprise/remote_sync/components/RemoteSyncAdminSettings/RemoteSyncAdminSettings.tsx
  7:8  error  No rule allowing this dependency was found. File is of type 'other'. Dependency is of type 'feature/admin'  boundaries/element-types

/Users/ryan/projects/metabase/enterprise/frontend/src/metabase-enterprise/rich_text_editing/tiptap/extensions/CardEmbed/CardEmbedMenuDropdown.tsx
  4:36  error  No rule allowing this dependency was found. File is of type 'other'. Dependency is of type 'feature/dashboard'      boundaries/element-types
  6:40  error  No rule allowing this dependency was found. File is of type 'other'. Dependency is of type 'feature/query_builder'  boundaries/element-types

/Users/ryan/projects/metabase/enterprise/frontend/src/metabase-enterprise/rich_text_editing/tiptap/extensions/CardEmbed/CardEmbedNode.tsx
  20:33  error  No rule allowing this dependency was found. File is of type 'other'. Dependency is of type 'feature/query_builder'  boundaries/element-types

/Users/ryan/projects/metabase/enterprise/frontend/src/metabase-enterprise/rich_text_editing/tiptap/extensions/CardEmbed/PublicDocumentCardMenu.tsx
  8:40  error  No rule allowing this dependency was found. File is of type 'other'. Dependency is of type 'feature/query_builder'  boundaries/element-types
  9:33  error  No rule allowing this dependency was found. File is of type 'other'. Dependency is of type 'feature/query_builder'  boundaries/element-types

/Users/ryan/projects/metabase/enterprise/frontend/src/metabase-enterprise/rich_text_editing/tiptap/extensions/shared/NativeQueryModal.tsx
   9:31  error  No rule allowing this dependency was found. File is of type 'other'. Dependency is of type 'feature/query_builder'  boundaries/element-types
  10:27  error  No rule allowing this dependency was found. File is of type 'other'. Dependency is of type 'feature/query_builder'  boundaries/element-types
  11:33  error  No rule allowing this dependency was found. File is of type 'other'. Dependency is of type 'feature/query_builder'  boundaries/element-types

/Users/ryan/projects/metabase/enterprise/frontend/src/metabase-enterprise/sandboxes/actions.js
   8:8  error  No rule allowing this dependency was found. File is of type 'other'. Dependency is of type 'feature/admin'  boundaries/element-types
  13:8  error  No rule allowing this dependency was found. File is of type 'other'. Dependency is of type 'feature/admin'  boundaries/element-types

/Users/ryan/projects/metabase/enterprise/frontend/src/metabase-enterprise/sandboxes/confirmations.ts
  6:8   error  No rule allowing this dependency was found. File is of type 'other'. Dependency is of type 'feature/admin'  boundaries/element-types
  7:43  error  No rule allowing this dependency was found. File is of type 'other'. Dependency is of type 'feature/admin'  boundaries/element-types

/Users/ryan/projects/metabase/enterprise/frontend/src/metabase-enterprise/sandboxes/index.js
  5:37  error  No rule allowing this dependency was found. File is of type 'other'. Dependency is of type 'feature/admin'  boundaries/element-types
  9:8   error  No rule allowing this dependency was found. File is of type 'other'. Dependency is of type 'feature/admin'  boundaries/element-types

/Users/ryan/projects/metabase/enterprise/frontend/src/metabase-enterprise/semantic_search/SearchSettingsWidget.tsx
  5:31  error  No rule allowing this dependency was found. File is of type 'other'. Dependency is of type 'feature/admin'  boundaries/element-types
  6:40  error  No rule allowing this dependency was found. File is of type 'other'. Dependency is of type 'feature/admin'  boundaries/element-types
  7:42  error  No rule allowing this dependency was found. File is of type 'other'. Dependency is of type 'feature/admin'  boundaries/element-types

/Users/ryan/projects/metabase/enterprise/frontend/src/metabase-enterprise/smtp-override/components/CloudSMTPConnectionCard.tsx
  5:37  error  No rule allowing this dependency was found. File is of type 'other'. Dependency is of type 'feature/admin'  boundaries/element-types

/Users/ryan/projects/metabase/enterprise/frontend/src/metabase-enterprise/smtp-override/components/SMTPOverrideConnectionForm.tsx
  3:40  error  No rule allowing this dependency was found. File is of type 'other'. Dependency is of type 'feature/admin'  boundaries/element-types
  4:39  error  No rule allowing this dependency was found. File is of type 'other'. Dependency is of type 'feature/admin'  boundaries/element-types

/Users/ryan/projects/metabase/enterprise/frontend/src/metabase-enterprise/snippets/components/SnippetCollectionPermissionsModal/SnippetCollectionPermissionsModal.tsx
  3:40  error  No rule allowing this dependency was found. File is of type 'other'. Dependency is of type 'feature/admin'  boundaries/element-types

/Users/ryan/projects/metabase/enterprise/frontend/src/metabase-enterprise/snippets/index.js
  3:40  error  No rule allowing this dependency was found. File is of type 'other'. Dependency is of type 'feature/admin'  boundaries/element-types

/Users/ryan/projects/metabase/enterprise/frontend/src/metabase-enterprise/support/components/SupportSettingsSection/SupportSettingsSection.tsx
  4:33  error  No rule allowing this dependency was found. File is of type 'other'. Dependency is of type 'feature/admin'  boundaries/element-types

/Users/ryan/projects/metabase/enterprise/frontend/src/metabase-enterprise/table-editing/admin/AdminDatabaseTableEditingSection.tsx
  8:8   error  No rule allowing this dependency was found. File is of type 'other'. Dependency is of type 'feature/admin'  boundaries/element-types
  9:37  error  No rule allowing this dependency was found. File is of type 'other'. Dependency is of type 'feature/admin'  boundaries/element-types

/Users/ryan/projects/metabase/enterprise/frontend/src/metabase-enterprise/table-editing/common/TableBreadcrumbs.tsx
  5:33  error  No rule allowing this dependency was found. File is of type 'other'. Dependency is of type 'feature/query_builder'  boundaries/element-types
  6:37  error  No rule allowing this dependency was found. File is of type 'other'. Dependency is of type 'feature/query_builder'  boundaries/element-types
  7:29  error  No rule allowing this dependency was found. File is of type 'other'. Dependency is of type 'feature/query_builder'  boundaries/element-types

/Users/ryan/projects/metabase/enterprise/frontend/src/metabase-enterprise/table-editing/table-edit/EditTableDataHeader.tsx
  4:39  error  No rule allowing this dependency was found. File is of type 'other'. Dependency is of type 'feature/query_builder'  boundaries/element-types

/Users/ryan/projects/metabase/enterprise/frontend/src/metabase-enterprise/tools/ErrorOverview.jsx
  8:8  error  No rule allowing this dependency was found. File is of type 'other'. Dependency is of type 'feature/admin'  boundaries/element-types

/Users/ryan/projects/metabase/enterprise/frontend/src/metabase-enterprise/transforms-python/components/PythonTransformEditor/PythonDataPicker/PythonDataPicker.tsx
   4:28  error  No rule allowing this dependency was found. File is of type 'other'. Dependency is of type 'feature/admin'          boundaries/element-types
  11:38  error  No rule allowing this dependency was found. File is of type 'other'. Dependency is of type 'feature/query_builder'  boundaries/element-types

/Users/ryan/projects/metabase/enterprise/frontend/src/metabase-enterprise/transforms-python/components/PythonTransformEditor/PythonEditorBody/PythonEditorBody.tsx
  7:34  error  No rule allowing this dependency was found. File is of type 'other'. Dependency is of type 'feature/query_builder'  boundaries/element-types

/Users/ryan/projects/metabase/enterprise/frontend/src/metabase-enterprise/transforms-python/pages/PythonRunnerSettingsPage/PythonRunnerSettingsPage.tsx
  6:8   error  No rule allowing this dependency was found. File is of type 'other'. Dependency is of type 'feature/admin'  boundaries/element-types
  7:35  error  No rule allowing this dependency was found. File is of type 'other'. Dependency is of type 'feature/admin'  boundaries/element-types

/Users/ryan/projects/metabase/enterprise/frontend/src/metabase-enterprise/transforms/pages/NewTransformPage/CreateTransformModal/CreateTransformModal.tsx
  5:28  error  No rule allowing this dependency was found. File is of type 'other'. Dependency is of type 'feature/admin'  boundaries/element-types

/Users/ryan/projects/metabase/enterprise/frontend/src/metabase-enterprise/transforms/pages/TransformTargetPage/TargetSection/UpdateTargetModal/UpdateTargetModal.tsx
  5:28  error  No rule allowing this dependency was found. File is of type 'other'. Dependency is of type 'feature/admin'  boundaries/element-types

/Users/ryan/projects/metabase/enterprise/frontend/src/metabase-enterprise/transforms/utils.ts
  4:28  error  No rule allowing this dependency was found. File is of type 'other'. Dependency is of type 'feature/admin'  boundaries/element-types

/Users/ryan/projects/metabase/enterprise/frontend/src/metabase-enterprise/upload_management/UploadManagementTable.tsx
  4:31  error  No rule allowing this dependency was found. File is of type 'other'. Dependency is of type 'feature/admin'  boundaries/element-types

/Users/ryan/projects/metabase/enterprise/frontend/src/metabase-enterprise/user_provisioning/components/UserProvisioning.tsx
   8:8  error  No rule allowing this dependency was found. File is of type 'other'. Dependency is of type 'feature/admin'  boundaries/element-types
  12:8  error  No rule allowing this dependency was found. File is of type 'other'. Dependency is of type 'feature/admin'  boundaries/element-types

/Users/ryan/projects/metabase/enterprise/frontend/src/metabase-enterprise/whitelabel/components/ColorSettings/ColorSettings.tsx
  4:31  error  No rule allowing this dependency was found. File is of type 'other'. Dependency is of type 'feature/admin'  boundaries/element-types

/Users/ryan/projects/metabase/enterprise/frontend/src/metabase-enterprise/whitelabel/components/ColorSettingsWidget/ColorSettingsWidget.tsx
  3:29  error  No rule allowing this dependency was found. File is of type 'other'. Dependency is of type 'feature/admin'  boundaries/element-types

/Users/ryan/projects/metabase/enterprise/frontend/src/metabase-enterprise/whitelabel/components/FontWidget/FontWidget.tsx
  3:31  error  No rule allowing this dependency was found. File is of type 'other'. Dependency is of type 'feature/admin'  boundaries/element-types
  7:8   error  No rule allowing this dependency was found. File is of type 'other'. Dependency is of type 'feature/admin'  boundaries/element-types

/Users/ryan/projects/metabase/enterprise/frontend/src/metabase-enterprise/whitelabel/components/HelpLinkSettings/HelpLinkSettings.tsx
  5:31  error  No rule allowing this dependency was found. File is of type 'other'. Dependency is of type 'feature/admin'  boundaries/element-types
  9:8   error  No rule allowing this dependency was found. File is of type 'other'. Dependency is of type 'feature/admin'  boundaries/element-types

/Users/ryan/projects/metabase/enterprise/frontend/src/metabase-enterprise/whitelabel/components/IllustrationWidget/IllustrationWidget.tsx
   6:31  error  No rule allowing this dependency was found. File is of type 'other'. Dependency is of type 'feature/admin'  boundaries/element-types
  10:8   error  No rule allowing this dependency was found. File is of type 'other'. Dependency is of type 'feature/admin'  boundaries/element-types

/Users/ryan/projects/metabase/enterprise/frontend/src/metabase-enterprise/whitelabel/components/IllustrationWidget/ImageUploadWidget.tsx
  6:31  error  No rule allowing this dependency was found. File is of type 'other'. Dependency is of type 'feature/admin'  boundaries/element-types
  7:29  error  No rule allowing this dependency was found. File is of type 'other'. Dependency is of type 'feature/admin'  boundaries/element-types

/Users/ryan/projects/metabase/enterprise/frontend/src/metabase-enterprise/whitelabel/components/LandingPageWidget/LandingPageWidget.tsx
  4:31  error  No rule allowing this dependency was found. File is of type 'other'. Dependency is of type 'feature/admin'  boundaries/element-types

/Users/ryan/projects/metabase/enterprise/frontend/src/metabase-enterprise/whitelabel/components/MetabotToggleWidget/MetabotToggleWidget.tsx
  3:31  error  No rule allowing this dependency was found. File is of type 'other'. Dependency is of type 'feature/admin'  boundaries/element-types

/Users/ryan/projects/metabase/enterprise/frontend/src/metabase-enterprise/whitelabel/components/WhiteLabelBrandingSettingsPage.tsx
  6:8   error  No rule allowing this dependency was found. File is of type 'other'. Dependency is of type 'feature/admin'  boundaries/element-types
  7:31  error  No rule allowing this dependency was found. File is of type 'other'. Dependency is of type 'feature/admin'  boundaries/element-types
  8:35  error  No rule allowing this dependency was found. File is of type 'other'. Dependency is of type 'feature/admin'  boundaries/element-types

/Users/ryan/projects/metabase/enterprise/frontend/src/metabase-enterprise/whitelabel/components/WhiteLabelConcealSettingsPage.tsx
  6:8   error  No rule allowing this dependency was found. File is of type 'other'. Dependency is of type 'feature/admin'  boundaries/element-types
  7:35  error  No rule allowing this dependency was found. File is of type 'other'. Dependency is of type 'feature/admin'  boundaries/element-types

/Users/ryan/projects/metabase/frontend/src/embedding-sdk-bundle/components/private/QuestionTitle.tsx
  8:8  error  No rule allowing this dependency was found. File is of type 'other'. Dependency is of type 'feature/query_builder'  boundaries/element-types

/Users/ryan/projects/metabase/frontend/src/embedding-sdk-bundle/components/private/SdkAdHocQuestion/SdkAdHocQuestion.tsx
  6:44  error  No rule allowing this dependency was found. File is of type 'other'. Dependency is of type 'feature/query_builder'  boundaries/element-types

/Users/ryan/projects/metabase/frontend/src/embedding-sdk-bundle/components/private/SdkQuestion/components/BackButton/BackButton.tsx
  4:40  error  No rule allowing this dependency was found. File is of type 'other'. Dependency is of type 'feature/query_builder'  boundaries/element-types

/Users/ryan/projects/metabase/frontend/src/embedding-sdk-bundle/components/private/SdkQuestion/components/Breakout/BreakoutPicker/BreakoutPicker.tsx
  6:8  error  No rule allowing this dependency was found. File is of type 'other'. Dependency is of type 'feature/query_builder'  boundaries/element-types

/Users/ryan/projects/metabase/frontend/src/embedding-sdk-bundle/components/private/SdkQuestion/components/Breakout/use-breakout-data.ts
  5:8   error  No rule allowing this dependency was found. File is of type 'other'. Dependency is of type 'feature/query_builder'  boundaries/element-types
  6:42  error  No rule allowing this dependency was found. File is of type 'other'. Dependency is of type 'feature/query_builder'  boundaries/element-types

/Users/ryan/projects/metabase/frontend/src/embedding-sdk-bundle/components/private/SdkQuestion/components/ChartTypeSelector.tsx
  3:35  error  No rule allowing this dependency was found. File is of type 'other'. Dependency is of type 'feature/query_builder'  boundaries/element-types

/Users/ryan/projects/metabase/frontend/src/embedding-sdk-bundle/components/private/SdkQuestion/components/DownloadWidget/DownloadWidget.tsx
  1:40  error  No rule allowing this dependency was found. File is of type 'other'. Dependency is of type 'feature/query_builder'  boundaries/element-types
  5:8   error  No rule allowing this dependency was found. File is of type 'other'. Dependency is of type 'feature/query_builder'  boundaries/element-types

/Users/ryan/projects/metabase/frontend/src/embedding-sdk-bundle/components/private/SdkQuestion/components/Editor.tsx
  9:8  error  No rule allowing this dependency was found. File is of type 'other'. Dependency is of type 'feature/query_builder'  boundaries/element-types

/Users/ryan/projects/metabase/frontend/src/embedding-sdk-bundle/components/private/SdkQuestion/components/EditorButton/EditorButton.tsx
  4:40  error  No rule allowing this dependency was found. File is of type 'other'. Dependency is of type 'feature/query_builder'  boundaries/element-types

/Users/ryan/projects/metabase/frontend/src/embedding-sdk-bundle/components/private/SdkQuestion/components/Filter/FilterDropdown/FilterDropdown.tsx
  10:43  error  No rule allowing this dependency was found. File is of type 'other'. Dependency is of type 'feature/query_builder'  boundaries/element-types

/Users/ryan/projects/metabase/frontend/src/embedding-sdk-bundle/components/private/SdkQuestion/components/Filter/FilterPicker/FilterPicker.tsx
  2:43  error  No rule allowing this dependency was found. File is of type 'other'. Dependency is of type 'feature/query_builder'  boundaries/element-types

/Users/ryan/projects/metabase/frontend/src/embedding-sdk-bundle/components/private/SdkQuestion/components/Filter/hooks/use-filter-handlers.ts
  1:43  error  No rule allowing this dependency was found. File is of type 'other'. Dependency is of type 'feature/query_builder'  boundaries/element-types

/Users/ryan/projects/metabase/frontend/src/embedding-sdk-bundle/components/private/SdkQuestion/components/ResetButton/ResetButton.tsx
  5:40  error  No rule allowing this dependency was found. File is of type 'other'. Dependency is of type 'feature/query_builder'  boundaries/element-types

/Users/ryan/projects/metabase/frontend/src/embedding-sdk-bundle/components/private/SdkQuestion/components/SaveButton.tsx
  5:33  error  No rule allowing this dependency was found. File is of type 'other'. Dependency is of type 'feature/query_builder'  boundaries/element-types

/Users/ryan/projects/metabase/frontend/src/embedding-sdk-bundle/components/private/SdkQuestion/components/SqlParametersList/SqlParametersList.tsx
  4:42  error  No rule allowing this dependency was found. File is of type 'other'. Dependency is of type 'feature/query_builder'  boundaries/element-types

/Users/ryan/projects/metabase/frontend/src/embedding-sdk-bundle/components/private/SdkQuestion/components/Summarize/use-summarize-data.ts
  6:8  error  No rule allowing this dependency was found. File is of type 'other'. Dependency is of type 'feature/query_builder'  boundaries/element-types

/Users/ryan/projects/metabase/frontend/src/embedding-sdk-bundle/components/private/SdkQuestion/components/Visualization.tsx
  15:32  error  No rule allowing this dependency was found. File is of type 'other'. Dependency is of type 'feature/query_builder'  boundaries/element-types

/Users/ryan/projects/metabase/frontend/src/embedding-sdk-bundle/components/private/SdkQuestion/components/VisualizationButton/VisualizationButton.tsx
  7:8  error  No rule allowing this dependency was found. File is of type 'other'. Dependency is of type 'feature/query_builder'  boundaries/element-types

/Users/ryan/projects/metabase/frontend/src/embedding-sdk-bundle/components/private/SdkQuestion/context/SdkQuestionProvider.tsx
  13:8   error  No rule allowing this dependency was found. File is of type 'other'. Dependency is of type 'feature/query_builder'  boundaries/element-types
  14:33  error  No rule allowing this dependency was found. File is of type 'other'. Dependency is of type 'feature/query_builder'  boundaries/element-types

/Users/ryan/projects/metabase/frontend/src/embedding-sdk-bundle/components/private/SdkQuestion/hooks/use-question-visualization.ts
  1:47  error  No rule allowing this dependency was found. File is of type 'other'. Dependency is of type 'feature/query_builder'  boundaries/element-types

/Users/ryan/projects/metabase/frontend/src/embedding-sdk-bundle/components/private/SdkQuestion/hooks/use-run-visualization.ts
  4:33  error  No rule allowing this dependency was found. File is of type 'other'. Dependency is of type 'feature/query_builder'  boundaries/element-types

/Users/ryan/projects/metabase/frontend/src/embedding-sdk-bundle/components/private/SdkQuestion/hooks/use-sensible-visualizations.ts
  3:43  error  No rule allowing this dependency was found. File is of type 'other'. Dependency is of type 'feature/query_builder'  boundaries/element-types

/Users/ryan/projects/metabase/frontend/src/embedding-sdk-bundle/components/public/CreateDashboardModal/CreateDashboardModal.tsx
  11:66  error  No rule allowing this dependency was found. File is of type 'other'. Dependency is of type 'feature/dashboard'  boundaries/element-types

/Users/ryan/projects/metabase/frontend/src/embedding-sdk-bundle/components/public/dashboard/EditableDashboard/EditableDashboard.tsx
  1:43  error  No rule allowing this dependency was found. File is of type 'other'. Dependency is of type 'feature/dashboard'  boundaries/element-types
  2:34  error  No rule allowing this dependency was found. File is of type 'other'. Dependency is of type 'feature/dashboard'  boundaries/element-types

/Users/ryan/projects/metabase/frontend/src/embedding-sdk-bundle/components/public/dashboard/InteractiveDashboard/InteractiveDashboard.tsx
  6:46  error  No rule allowing this dependency was found. File is of type 'other'. Dependency is of type 'feature/dashboard'  boundaries/element-types
  7:34  error  No rule allowing this dependency was found. File is of type 'other'. Dependency is of type 'feature/dashboard'  boundaries/element-types

/Users/ryan/projects/metabase/frontend/src/embedding-sdk-bundle/components/public/dashboard/SdkDashboard.tsx
  37:8   error  No rule allowing this dependency was found. File is of type 'other'. Dependency is of type 'feature/dashboard'  boundaries/element-types
  38:27  error  No rule allowing this dependency was found. File is of type 'other'. Dependency is of type 'feature/dashboard'  boundaries/element-types
  45:8   error  No rule allowing this dependency was found. File is of type 'other'. Dependency is of type 'feature/dashboard'  boundaries/element-types

/Users/ryan/projects/metabase/frontend/src/embedding-sdk-bundle/components/public/dashboard/SdkDashboardStyleWrapper.tsx
  6:37  error  No rule allowing this dependency was found. File is of type 'other'. Dependency is of type 'feature/dashboard'  boundaries/element-types

/Users/ryan/projects/metabase/frontend/src/embedding-sdk-bundle/components/public/dashboard/StaticDashboard/StaticDashboard.tsx
  1:46  error  No rule allowing this dependency was found. File is of type 'other'. Dependency is of type 'feature/dashboard'  boundaries/element-types
  2:34  error  No rule allowing this dependency was found. File is of type 'other'. Dependency is of type 'feature/dashboard'  boundaries/element-types

/Users/ryan/projects/metabase/frontend/src/embedding-sdk-bundle/components/public/dashboard/use-common-dashboard-params.tsx
   8:8   error  No rule allowing this dependency was found. File is of type 'other'. Dependency is of type 'feature/dashboard'      boundaries/element-types
   9:31  error  No rule allowing this dependency was found. File is of type 'other'. Dependency is of type 'feature/dashboard'      boundaries/element-types
  10:57  error  No rule allowing this dependency was found. File is of type 'other'. Dependency is of type 'feature/dashboard'      boundaries/element-types
  12:41  error  No rule allowing this dependency was found. File is of type 'other'. Dependency is of type 'feature/query_builder'  boundaries/element-types

/Users/ryan/projects/metabase/frontend/src/embedding-sdk-bundle/hooks/private/use-sdk-dashboard-params.ts
  6:41  error  No rule allowing this dependency was found. File is of type 'other'. Dependency is of type 'feature/dashboard'  boundaries/element-types

/Users/ryan/projects/metabase/frontend/src/embedding-sdk-bundle/lib/sdk-question/load-question.ts
  7:30  error  No rule allowing this dependency was found. File is of type 'other'. Dependency is of type 'feature/query_builder'  boundaries/element-types
  8:47  error  No rule allowing this dependency was found. File is of type 'other'. Dependency is of type 'feature/query_builder'  boundaries/element-types

/Users/ryan/projects/metabase/frontend/src/embedding-sdk-bundle/lib/sdk-question/run-question-on-navigate.ts
  6:26  error  No rule allowing this dependency was found. File is of type 'other'. Dependency is of type 'feature/query_builder'  boundaries/element-types

/Users/ryan/projects/metabase/frontend/src/embedding-sdk-bundle/lib/sdk-question/update-question.ts
  5:43  error  No rule allowing this dependency was found. File is of type 'other'. Dependency is of type 'feature/query_builder'  boundaries/element-types
  6:49  error  No rule allowing this dependency was found. File is of type 'other'. Dependency is of type 'feature/query_builder'  boundaries/element-types
  7:33  error  No rule allowing this dependency was found. File is of type 'other'. Dependency is of type 'feature/query_builder'  boundaries/element-types

/Users/ryan/projects/metabase/frontend/src/embedding-sdk-bundle/types/dashboard.ts
  5:48  error  No rule allowing this dependency was found. File is of type 'other'. Dependency is of type 'feature/dashboard'  boundaries/element-types

/Users/ryan/projects/metabase/frontend/src/embedding-sdk-bundle/types/plugins.ts
  1:40  error  No rule allowing this dependency was found. File is of type 'other'. Dependency is of type 'feature/dashboard'  boundaries/element-types

/Users/ryan/projects/metabase/frontend/src/embedding-sdk-bundle/types/question.ts
  4:34  error  No rule allowing this dependency was found. File is of type 'other'. Dependency is of type 'feature/query_builder'  boundaries/element-types

/Users/ryan/projects/metabase/frontend/src/metabase-lib/v1/Question.ts
   7:32  error  No rule allowing this dependency was found. File is of type 'basic/mlv2'. Dependency is of type 'other'            boundaries/element-types
   8:32  error  No rule allowing this dependency was found. File is of type 'basic/mlv2'. Dependency is of type 'shared/querying'  boundaries/element-types
   9:22  error  No rule allowing this dependency was found. File is of type 'basic/mlv2'. Dependency is of type 'other'            boundaries/element-types
  52:28  error  No rule allowing this dependency was found. File is of type 'basic/mlv2'. Dependency is of type 'other'            boundaries/element-types

/Users/ryan/projects/metabase/frontend/src/metabase-lib/v1/metadata/Field.ts
  7:38  error  No rule allowing this dependency was found. File is of type 'basic/mlv2'. Dependency is of type 'other'  boundaries/element-types

/Users/ryan/projects/metabase/frontend/src/metabase-lib/v1/metadata/Schema.ts
  1:36  error  No rule allowing this dependency was found. File is of type 'basic/mlv2'. Dependency is of type 'other'  boundaries/element-types

/Users/ryan/projects/metabase/frontend/src/metabase-lib/v1/metadata/Table.ts
  4:29  error  No rule allowing this dependency was found. File is of type 'basic/mlv2'. Dependency is of type 'other'  boundaries/element-types

/Users/ryan/projects/metabase/frontend/src/metabase-lib/v1/metadata/utils/models.ts
  1:22  error  No rule allowing this dependency was found. File is of type 'basic/mlv2'. Dependency is of type 'other'  boundaries/element-types

/Users/ryan/projects/metabase/frontend/src/metabase-lib/v1/parameters/utils/click-behavior.ts
   6:8   error  No rule allowing this dependency was found. File is of type 'basic/mlv2'. Dependency is of type 'basic/lib'  boundaries/element-types
   7:54  error  No rule allowing this dependency was found. File is of type 'basic/mlv2'. Dependency is of type 'basic/lib'  boundaries/element-types
   8:32  error  No rule allowing this dependency was found. File is of type 'basic/mlv2'. Dependency is of type 'other'      boundaries/element-types
   9:30  error  No rule allowing this dependency was found. File is of type 'basic/mlv2'. Dependency is of type 'other'      boundaries/element-types
  10:60  error  No rule allowing this dependency was found. File is of type 'basic/mlv2'. Dependency is of type 'other'      boundaries/element-types
  11:22  error  No rule allowing this dependency was found. File is of type 'basic/mlv2'. Dependency is of type 'other'      boundaries/element-types

/Users/ryan/projects/metabase/frontend/src/metabase-lib/v1/parameters/utils/filters.ts
  1:22  error  No rule allowing this dependency was found. File is of type 'basic/mlv2'. Dependency is of type 'other'  boundaries/element-types

/Users/ryan/projects/metabase/frontend/src/metabase-lib/v1/parameters/utils/parameter-parsing.ts
  7:8   error  No rule allowing this dependency was found. File is of type 'basic/mlv2'. Dependency is of type 'shared/querying'  boundaries/element-types
  8:22  error  No rule allowing this dependency was found. File is of type 'basic/mlv2'. Dependency is of type 'other'            boundaries/element-types

/Users/ryan/projects/metabase/frontend/src/metabase-lib/v1/parameters/utils/targets.ts
  3:27  error  No rule allowing this dependency was found. File is of type 'basic/mlv2'. Dependency is of type 'other'  boundaries/element-types
  4:22  error  No rule allowing this dependency was found. File is of type 'basic/mlv2'. Dependency is of type 'other'  boundaries/element-types

/Users/ryan/projects/metabase/frontend/src/metabase-lib/v1/parameters/utils/template-tags.ts
  3:22  error  No rule allowing this dependency was found. File is of type 'basic/mlv2'. Dependency is of type 'other'  boundaries/element-types

/Users/ryan/projects/metabase/frontend/src/metabase-lib/v1/queries/NativeQuery.ts
  5:30  error  No rule allowing this dependency was found. File is of type 'basic/mlv2'. Dependency is of type 'other'  boundaries/element-types
  6:22  error  No rule allowing this dependency was found. File is of type 'basic/mlv2'. Dependency is of type 'other'  boundaries/element-types

/Users/ryan/projects/metabase/frontend/src/metabase-lib/v1/queries/drills/dashboard-click-drill.js
  5:39  error  No rule allowing this dependency was found. File is of type 'basic/mlv2'. Dependency is of type 'basic/lib'  boundaries/element-types
  6:23  error  No rule allowing this dependency was found. File is of type 'basic/mlv2'. Dependency is of type 'basic/lib'  boundaries/element-types
  7:22  error  No rule allowing this dependency was found. File is of type 'basic/mlv2'. Dependency is of type 'other'      boundaries/element-types

/Users/ryan/projects/metabase/frontend/src/metabase-lib/v1/queries/drills/native-drill-fallback.ts
  1:22  error  No rule allowing this dependency was found. File is of type 'basic/mlv2'. Dependency is of type 'other'  boundaries/element-types

/Users/ryan/projects/metabase/frontend/src/metabase-lib/v1/queries/drills/types.ts
  1:34  error  No rule allowing this dependency was found. File is of type 'basic/mlv2'. Dependency is of type 'other'  boundaries/element-types

/Users/ryan/projects/metabase/frontend/src/metabase-lib/v1/queries/utils/card.js
  4:22  error  No rule allowing this dependency was found. File is of type 'basic/mlv2'. Dependency is of type 'other'  boundaries/element-types
  5:22  error  No rule allowing this dependency was found. File is of type 'basic/mlv2'. Dependency is of type 'other'  boundaries/element-types

/Users/ryan/projects/metabase/frontend/src/metabase-lib/v1/queries/utils/pivot.ts
  3:27  error  No rule allowing this dependency was found. File is of type 'basic/mlv2'. Dependency is of type 'other'  boundaries/element-types
  4:22  error  No rule allowing this dependency was found. File is of type 'basic/mlv2'. Dependency is of type 'other'  boundaries/element-types

/Users/ryan/projects/metabase/frontend/src/metabase-lib/v1/urls.ts
  1:32  error  No rule allowing this dependency was found. File is of type 'basic/mlv2'. Dependency is of type 'other'      boundaries/element-types
  2:23  error  No rule allowing this dependency was found. File is of type 'basic/mlv2'. Dependency is of type 'basic/lib'  boundaries/element-types
  3:22  error  No rule allowing this dependency was found. File is of type 'basic/mlv2'. Dependency is of type 'other'      boundaries/element-types

/Users/ryan/projects/metabase/frontend/src/metabase-lib/v1/variables/TemplateTagVariable/constants.ts
  3:31  error  No rule allowing this dependency was found. File is of type 'basic/mlv2'. Dependency is of type 'other'  boundaries/element-types

/Users/ryan/projects/metabase/frontend/src/metabase-lib/viz/display.ts
  1:22  error  No rule allowing this dependency was found. File is of type 'basic/mlv2'. Dependency is of type 'other'  boundaries/element-types

/Users/ryan/projects/metabase/frontend/src/metabase-types/analytics/embed-flow.ts
  1:51  error  No rule allowing this dependency was found. File is of type 'types'. Dependency is of type 'other'  boundaries/element-types

/Users/ryan/projects/metabase/frontend/src/metabase-types/analytics/event.ts
   1:35  error  No rule allowing this dependency was found. File is of type 'types'. Dependency is of type 'other'                  boundaries/element-types
   5:8   error  No rule allowing this dependency was found. File is of type 'types'. Dependency is of type 'other'                  boundaries/element-types
   9:8   error  No rule allowing this dependency was found. File is of type 'types'. Dependency is of type 'other'                  boundaries/element-types
  10:41  error  No rule allowing this dependency was found. File is of type 'types'. Dependency is of type 'other'                  boundaries/element-types
  11:41  error  No rule allowing this dependency was found. File is of type 'types'. Dependency is of type 'shared/visualizations'  boundaries/element-types

/Users/ryan/projects/metabase/frontend/src/metabase-types/api/card.ts
  4:8   error  No rule allowing this dependency was found. File is of type 'types'. Dependency is of type 'other'                  boundaries/element-types
  5:31  error  No rule allowing this dependency was found. File is of type 'types'. Dependency is of type 'other'                  boundaries/element-types
  6:29  error  No rule allowing this dependency was found. File is of type 'types'. Dependency is of type 'shared/visualizations'  boundaries/element-types

/Users/ryan/projects/metabase/frontend/src/metabase-types/api/collection.ts
  1:32  error  No rule allowing this dependency was found. File is of type 'types'. Dependency is of type 'basic/lib'  boundaries/element-types
  2:42  error  No rule allowing this dependency was found. File is of type 'types'. Dependency is of type 'other'      boundaries/element-types

/Users/ryan/projects/metabase/frontend/src/metabase-types/api/dashboard.ts
  4:8  error  No rule allowing this dependency was found. File is of type 'types'. Dependency is of type 'other'  boundaries/element-types

/Users/ryan/projects/metabase/frontend/src/metabase-types/api/mocks/card.ts
  1:29  error  No rule allowing this dependency was found. File is of type 'types'. Dependency is of type 'shared/visualizations'  boundaries/element-types

/Users/ryan/projects/metabase/frontend/src/metabase-types/api/mocks/document.ts
  1:22  error  No rule allowing this dependency was found. File is of type 'types'. Dependency is of type 'other'  boundaries/element-types

/Users/ryan/projects/metabase/frontend/src/metabase-types/api/mocks/permissions.ts
  4:8  error  No rule allowing this dependency was found. File is of type 'types'. Dependency is of type 'feature/admin'  boundaries/element-types

/Users/ryan/projects/metabase/frontend/src/metabase-types/api/permissions.ts
  4:8  error  No rule allowing this dependency was found. File is of type 'types'. Dependency is of type 'feature/admin'  boundaries/element-types

/Users/ryan/projects/metabase/frontend/src/metabase-types/api/query.ts
  1:34  error  No rule allowing this dependency was found. File is of type 'types'. Dependency is of type 'basic/mlv2'  boundaries/element-types

/Users/ryan/projects/metabase/frontend/src/metabase-types/api/settings.ts
  3:50  error  No rule allowing this dependency was found. File is of type 'types'. Dependency is of type 'other'  boundaries/element-types
  4:36  error  No rule allowing this dependency was found. File is of type 'types'. Dependency is of type 'other'  boundaries/element-types

/Users/ryan/projects/metabase/frontend/src/metabase-types/store/app.ts
  1:41  error  No rule allowing this dependency was found. File is of type 'types'. Dependency is of type 'other'  boundaries/element-types

/Users/ryan/projects/metabase/frontend/src/metabase-types/store/collection.ts
  1:31  error  No rule allowing this dependency was found. File is of type 'types'. Dependency is of type 'other'  boundaries/element-types

/Users/ryan/projects/metabase/frontend/src/metabase-types/store/mocks/embed.ts
  1:55  error  No rule allowing this dependency was found. File is of type 'types'. Dependency is of type 'other'  boundaries/element-types

/Users/ryan/projects/metabase/frontend/src/metabase-types/store/mocks/embedding-data-picker.ts
  1:48  error  No rule allowing this dependency was found. File is of type 'types'. Dependency is of type 'other'  boundaries/element-types

/Users/ryan/projects/metabase/frontend/src/metabase-types/store/mocks/state.ts
  1:36  error  No rule allowing this dependency was found. File is of type 'types'. Dependency is of type 'other'  boundaries/element-types
  2:38  error  No rule allowing this dependency was found. File is of type 'types'. Dependency is of type 'other'  boundaries/element-types

/Users/ryan/projects/metabase/frontend/src/metabase-types/store/qb.ts
  1:31  error  No rule allowing this dependency was found. File is of type 'types'. Dependency is of type 'other'                  boundaries/element-types
  2:37  error  No rule allowing this dependency was found. File is of type 'types'. Dependency is of type 'other'                  boundaries/element-types
  3:29  error  No rule allowing this dependency was found. File is of type 'types'. Dependency is of type 'shared/visualizations'  boundaries/element-types

/Users/ryan/projects/metabase/frontend/src/metabase-types/store/setup.ts
  1:32  error  No rule allowing this dependency was found. File is of type 'types'. Dependency is of type 'other'  boundaries/element-types

/Users/ryan/projects/metabase/frontend/src/metabase-types/store/state.ts
  3:26  error  No rule allowing this dependency was found. File is of type 'types'. Dependency is of type 'other'  boundaries/element-types

/Users/ryan/projects/metabase/frontend/src/metabase-types/store/undo.ts
  3:31  error  No rule allowing this dependency was found. File is of type 'types'. Dependency is of type 'other'  boundaries/element-types

/Users/ryan/projects/metabase/frontend/src/metabase/actions/components/ActionViz/Action.tsx
  8:8  error  No rule allowing this dependency was found. File is of type 'other'. Dependency is of type 'feature/dashboard'  boundaries/element-types

/Users/ryan/projects/metabase/frontend/src/metabase/actions/components/ActionViz/ActionDashcardSettings.tsx
  8:38  error  No rule allowing this dependency was found. File is of type 'other'. Dependency is of type 'feature/dashboard'  boundaries/element-types

/Users/ryan/projects/metabase/frontend/src/metabase/actions/components/ActionViz/ActionParameterMapping.tsx
  8:37  error  No rule allowing this dependency was found. File is of type 'other'. Dependency is of type 'feature/dashboard'  boundaries/element-types

/Users/ryan/projects/metabase/frontend/src/metabase/actions/containers/ActionCreator/ActionContext/QueryActionContextProvider/QueryActionEditor.tsx
  1:31  error  No rule allowing this dependency was found. File is of type 'other'. Dependency is of type 'feature/query_builder'  boundaries/element-types

/Users/ryan/projects/metabase/frontend/src/metabase/actions/containers/ActionCreator/ActionCreator.styled.tsx
  4:29  error  No rule allowing this dependency was found. File is of type 'other'. Dependency is of type 'feature/query_builder'  boundaries/element-types

/Users/ryan/projects/metabase/frontend/src/metabase/actions/containers/ActionCreator/FormCreator/FormCreator.tsx
  12:28  error  No rule allowing this dependency was found. File is of type 'other'. Dependency is of type 'feature/query_builder'  boundaries/element-types

/Users/ryan/projects/metabase/frontend/src/metabase/actions/containers/ActionCreator/InlineActionSettings.tsx
  14:28  error  No rule allowing this dependency was found. File is of type 'other'. Dependency is of type 'feature/query_builder'  boundaries/element-types

/Users/ryan/projects/metabase/frontend/src/metabase/actions/containers/ActionCreator/InlineDataReference.tsx
  5:27  error  No rule allowing this dependency was found. File is of type 'other'. Dependency is of type 'feature/query_builder'  boundaries/element-types

/Users/ryan/projects/metabase/frontend/src/metabase/admin/admin.js
  3:35  error  No rule allowing this dependency was found. File is of type 'other'. Dependency is of type 'feature/admin'  boundaries/element-types
  4:47  error  No rule allowing this dependency was found. File is of type 'other'. Dependency is of type 'feature/admin'  boundaries/element-types
  5:23  error  No rule allowing this dependency was found. File is of type 'other'. Dependency is of type 'feature/admin'  boundaries/element-types
  6:20  error  No rule allowing this dependency was found. File is of type 'other'. Dependency is of type 'feature/admin'  boundaries/element-types
  7:25  error  No rule allowing this dependency was found. File is of type 'other'. Dependency is of type 'feature/admin'  boundaries/element-types
  8:22  error  No rule allowing this dependency was found. File is of type 'other'. Dependency is of type 'feature/admin'  boundaries/element-types

/Users/ryan/projects/metabase/frontend/src/metabase/admin/app/components/DeprecationNotice/DeprecationNotice.styled.tsx
  4:22  error  No rule allowing this dependency was found. File is of type 'feature/admin'. Dependency is of type 'other'  boundaries/element-types

/Users/ryan/projects/metabase/frontend/src/metabase/admin/app/containers/DeprecationNotice/DeprecationNotice.tsx
  3:23  error  No rule allowing this dependency was found. File is of type 'feature/admin'. Dependency is of type 'other'  boundaries/element-types

/Users/ryan/projects/metabase/frontend/src/metabase/admin/app/reducers.ts
   5:27  error  No rule allowing this dependency was found. File is of type 'feature/admin'. Dependency is of type 'other'  boundaries/element-types
   9:8   error  No rule allowing this dependency was found. File is of type 'feature/admin'. Dependency is of type 'other'  boundaries/element-types
  10:36  error  No rule allowing this dependency was found. File is of type 'feature/admin'. Dependency is of type 'other'  boundaries/element-types

/Users/ryan/projects/metabase/frontend/src/metabase/admin/app/selectors.ts
  1:28  error  No rule allowing this dependency was found. File is of type 'feature/admin'. Dependency is of type 'other'  boundaries/element-types
  2:36  error  No rule allowing this dependency was found. File is of type 'feature/admin'. Dependency is of type 'other'  boundaries/element-types
  3:28  error  No rule allowing this dependency was found. File is of type 'feature/admin'. Dependency is of type 'other'  boundaries/element-types

/Users/ryan/projects/metabase/frontend/src/metabase/admin/components/AdminNav/AdminNav.tsx
   5:29  error  No rule allowing this dependency was found. File is of type 'feature/admin'. Dependency is of type 'other'  boundaries/element-types
  13:8   error  No rule allowing this dependency was found. File is of type 'feature/admin'. Dependency is of type 'other'  boundaries/element-types

/Users/ryan/projects/metabase/frontend/src/metabase/admin/components/RelatedSettingsSection/RelatedSettingsSection.tsx
  12:8  error  No rule allowing this dependency was found. File is of type 'feature/admin'. Dependency is of type 'other'  boundaries/element-types

/Users/ryan/projects/metabase/frontend/src/metabase/admin/components/RelatedSettingsSection/constants.ts
  3:31  error  No rule allowing this dependency was found. File is of type 'feature/admin'. Dependency is of type 'other'  boundaries/element-types

/Users/ryan/projects/metabase/frontend/src/metabase/admin/components/SettingsSection/SettingsSection.tsx
  10:8  error  No rule allowing this dependency was found. File is of type 'feature/admin'. Dependency is of type 'other'  boundaries/element-types

/Users/ryan/projects/metabase/frontend/src/metabase/admin/databases/components/ContentRemovalConfirmation/ContentRemovalConfirmation.tsx
  5:33  error  No rule allowing this dependency was found. File is of type 'feature/admin'. Dependency is of type 'other'  boundaries/element-types

/Users/ryan/projects/metabase/frontend/src/metabase/admin/databases/components/DatabaseConnectionHealthInfo.tsx
  5:43  error  No rule allowing this dependency was found. File is of type 'feature/admin'. Dependency is of type 'other'  boundaries/element-types
  6:60  error  No rule allowing this dependency was found. File is of type 'feature/admin'. Dependency is of type 'other'  boundaries/element-types

/Users/ryan/projects/metabase/frontend/src/metabase/admin/databases/components/DatabaseConnectionInfoSection/DatabaseConnectionInfoSection.tsx
   9:8   error  No rule allowing this dependency was found. File is of type 'feature/admin'. Dependency is of type 'other'  boundaries/element-types
  11:20  error  No rule allowing this dependency was found. File is of type 'feature/admin'. Dependency is of type 'other'  boundaries/element-types
  13:33  error  No rule allowing this dependency was found. File is of type 'feature/admin'. Dependency is of type 'other'  boundaries/element-types
  14:39  error  No rule allowing this dependency was found. File is of type 'feature/admin'. Dependency is of type 'other'  boundaries/element-types

/Users/ryan/projects/metabase/frontend/src/metabase/admin/databases/components/DatabaseDangerZoneSection/DatabaseDangerZoneSection.tsx
  5:55  error  No rule allowing this dependency was found. File is of type 'feature/admin'. Dependency is of type 'other'  boundaries/element-types
  7:33  error  No rule allowing this dependency was found. File is of type 'feature/admin'. Dependency is of type 'other'  boundaries/element-types
  8:30  error  No rule allowing this dependency was found. File is of type 'feature/admin'. Dependency is of type 'other'  boundaries/element-types

/Users/ryan/projects/metabase/frontend/src/metabase/admin/databases/components/DatabaseEditConnectionForm.tsx
   8:27  error  No rule allowing this dependency was found. File is of type 'feature/admin'. Dependency is of type 'other'  boundaries/element-types
  13:30  error  No rule allowing this dependency was found. File is of type 'feature/admin'. Dependency is of type 'other'  boundaries/element-types
  17:8   error  No rule allowing this dependency was found. File is of type 'feature/admin'. Dependency is of type 'other'  boundaries/element-types
  19:22  error  No rule allowing this dependency was found. File is of type 'feature/admin'. Dependency is of type 'other'  boundaries/element-types

/Users/ryan/projects/metabase/frontend/src/metabase/admin/databases/components/DatabaseHelpSidePanel/DatabaseHelpSidePanel.tsx
   8:16  error  No rule allowing this dependency was found. File is of type 'feature/admin'. Dependency is of type 'other'  boundaries/element-types
   9:28  error  No rule allowing this dependency was found. File is of type 'feature/admin'. Dependency is of type 'other'  boundaries/element-types
  11:31  error  No rule allowing this dependency was found. File is of type 'feature/admin'. Dependency is of type 'other'  boundaries/element-types
  12:32  error  No rule allowing this dependency was found. File is of type 'feature/admin'. Dependency is of type 'other'  boundaries/element-types
  22:8   error  No rule allowing this dependency was found. File is of type 'feature/admin'. Dependency is of type 'other'  boundaries/element-types

/Users/ryan/projects/metabase/frontend/src/metabase/admin/databases/components/DatabaseHelpSidePanel/EmbeddedEngineDocContent/EmbeddedEngineDocContent.tsx
  5:42  error  No rule allowing this dependency was found. File is of type 'feature/admin'. Dependency is of type 'other'  boundaries/element-types

/Users/ryan/projects/metabase/frontend/src/metabase/admin/databases/components/DatabaseHelpSidePanel/EmbeddedEngineDocContent/MarkdownLink.tsx
  4:16  error  No rule allowing this dependency was found. File is of type 'feature/admin'. Dependency is of type 'other'  boundaries/element-types
  6:28  error  No rule allowing this dependency was found. File is of type 'feature/admin'. Dependency is of type 'other'  boundaries/element-types

/Users/ryan/projects/metabase/frontend/src/metabase/admin/databases/components/DatabaseInfoSection.tsx
  12:8  error  No rule allowing this dependency was found. File is of type 'feature/admin'. Dependency is of type 'other'  boundaries/element-types

/Users/ryan/projects/metabase/frontend/src/metabase/admin/databases/components/DatabaseList/DatabaseList.tsx
   6:20  error  No rule allowing this dependency was found. File is of type 'feature/admin'. Dependency is of type 'other'  boundaries/element-types
   7:16  error  No rule allowing this dependency was found. File is of type 'feature/admin'. Dependency is of type 'other'  boundaries/element-types
   8:29  error  No rule allowing this dependency was found. File is of type 'feature/admin'. Dependency is of type 'other'  boundaries/element-types
   9:33  error  No rule allowing this dependency was found. File is of type 'feature/admin'. Dependency is of type 'other'  boundaries/element-types
  10:50  error  No rule allowing this dependency was found. File is of type 'feature/admin'. Dependency is of type 'other'  boundaries/element-types
  11:54  error  No rule allowing this dependency was found. File is of type 'feature/admin'. Dependency is of type 'other'  boundaries/element-types

/Users/ryan/projects/metabase/frontend/src/metabase/admin/databases/components/DatabaseModelFeaturesSection/DatabaseModelFeaturesSection.tsx
  4:22  error  No rule allowing this dependency was found. File is of type 'feature/admin'. Dependency is of type 'other'  boundaries/element-types

/Users/ryan/projects/metabase/frontend/src/metabase/admin/databases/components/DatabaseModelFeaturesSection/ModelActionsSection/ModelActionsSection.tsx
  5:44  error  No rule allowing this dependency was found. File is of type 'feature/admin'. Dependency is of type 'other'  boundaries/element-types

/Users/ryan/projects/metabase/frontend/src/metabase/admin/databases/components/DatabaseModelFeaturesSection/ModelCachingControl/ModelCachingControl.tsx
   8:8   error  No rule allowing this dependency was found. File is of type 'feature/admin'. Dependency is of type 'other'  boundaries/element-types
  11:44  error  No rule allowing this dependency was found. File is of type 'feature/admin'. Dependency is of type 'other'  boundaries/element-types

/Users/ryan/projects/metabase/frontend/src/metabase/admin/databases/components/DeleteDatabaseModel/DeleteDatabaseModal.tsx
  10:29  error  No rule allowing this dependency was found. File is of type 'feature/admin'. Dependency is of type 'other'  boundaries/element-types
  23:8   error  No rule allowing this dependency was found. File is of type 'feature/admin'. Dependency is of type 'other'  boundaries/element-types

/Users/ryan/projects/metabase/frontend/src/metabase/admin/databases/components/ExistingDatabaseHeader/ExistingDatabaseHeader.tsx
  3:28  error  No rule allowing this dependency was found. File is of type 'feature/admin'. Dependency is of type 'other'  boundaries/element-types
  5:42  error  No rule allowing this dependency was found. File is of type 'feature/admin'. Dependency is of type 'other'  boundaries/element-types

/Users/ryan/projects/metabase/frontend/src/metabase/admin/databases/components/ExistingDatabaseHeader/HeaderLinkGroup.tsx
  4:34  error  No rule allowing this dependency was found. File is of type 'feature/admin'. Dependency is of type 'other'  boundaries/element-types
  6:36  error  No rule allowing this dependency was found. File is of type 'feature/admin'. Dependency is of type 'other'  boundaries/element-types

/Users/ryan/projects/metabase/frontend/src/metabase/admin/databases/containers/DatabaseEditApp.tsx
   6:27  error  No rule allowing this dependency was found. File is of type 'feature/admin'. Dependency is of type 'other'  boundaries/element-types
  10:8   error  No rule allowing this dependency was found. File is of type 'feature/admin'. Dependency is of type 'other'  boundaries/element-types
  15:16  error  No rule allowing this dependency was found. File is of type 'feature/admin'. Dependency is of type 'other'  boundaries/element-types
  16:30  error  No rule allowing this dependency was found. File is of type 'feature/admin'. Dependency is of type 'other'  boundaries/element-types
  22:8   error  No rule allowing this dependency was found. File is of type 'feature/admin'. Dependency is of type 'other'  boundaries/element-types
  23:32  error  No rule allowing this dependency was found. File is of type 'feature/admin'. Dependency is of type 'other'  boundaries/element-types
  24:36  error  No rule allowing this dependency was found. File is of type 'feature/admin'. Dependency is of type 'other'  boundaries/element-types

/Users/ryan/projects/metabase/frontend/src/metabase/admin/databases/containers/DatabaseListApp.tsx
   6:8   error  No rule allowing this dependency was found. File is of type 'feature/admin'. Dependency is of type 'other'  boundaries/element-types
  10:34  error  No rule allowing this dependency was found. File is of type 'feature/admin'. Dependency is of type 'other'  boundaries/element-types
  11:50  error  No rule allowing this dependency was found. File is of type 'feature/admin'. Dependency is of type 'other'  boundaries/element-types
  12:32  error  No rule allowing this dependency was found. File is of type 'feature/admin'. Dependency is of type 'other'  boundaries/element-types

/Users/ryan/projects/metabase/frontend/src/metabase/admin/databases/containers/DatabasePage.tsx
   7:28  error  No rule allowing this dependency was found. File is of type 'feature/admin'. Dependency is of type 'other'  boundaries/element-types
  18:8   error  No rule allowing this dependency was found. File is of type 'feature/admin'. Dependency is of type 'other'  boundaries/element-types

/Users/ryan/projects/metabase/frontend/src/metabase/admin/databases/containers/analytics.ts
  1:34  error  No rule allowing this dependency was found. File is of type 'feature/admin'. Dependency is of type 'other'  boundaries/element-types

/Users/ryan/projects/metabase/frontend/src/metabase/admin/databases/database.ts
  4:23  error  No rule allowing this dependency was found. File is of type 'feature/admin'. Dependency is of type 'other'  boundaries/element-types

/Users/ryan/projects/metabase/frontend/src/metabase/admin/databases/hooks/use-database-connection.ts
  4:48  error  No rule allowing this dependency was found. File is of type 'feature/admin'. Dependency is of type 'other'  boundaries/element-types
  5:37  error  No rule allowing this dependency was found. File is of type 'feature/admin'. Dependency is of type 'other'  boundaries/element-types
  7:35  error  No rule allowing this dependency was found. File is of type 'feature/admin'. Dependency is of type 'other'  boundaries/element-types

/Users/ryan/projects/metabase/frontend/src/metabase/admin/datamodel/components/FormInput/FormInput.tsx
  5:16  error  No rule allowing this dependency was found. File is of type 'feature/admin'. Dependency is of type 'other'  boundaries/element-types

/Users/ryan/projects/metabase/frontend/src/metabase/admin/datamodel/components/FormTextArea/FormTextArea.tsx
  5:16  error  No rule allowing this dependency was found. File is of type 'feature/admin'. Dependency is of type 'other'  boundaries/element-types

/Users/ryan/projects/metabase/frontend/src/metabase/admin/datamodel/components/QueryDefinition/QueryDefinition.tsx
  4:29  error  No rule allowing this dependency was found. File is of type 'feature/admin'. Dependency is of type 'other'  boundaries/element-types
  5:22  error  No rule allowing this dependency was found. File is of type 'feature/admin'. Dependency is of type 'other'  boundaries/element-types
  6:22  error  No rule allowing this dependency was found. File is of type 'feature/admin'. Dependency is of type 'other'  boundaries/element-types

/Users/ryan/projects/metabase/frontend/src/metabase/admin/datamodel/components/SegmentActionSelect.tsx
  5:40  error  No rule allowing this dependency was found. File is of type 'feature/admin'. Dependency is of type 'other'  boundaries/element-types

/Users/ryan/projects/metabase/frontend/src/metabase/admin/datamodel/components/SegmentForm/SegmentForm.styled.tsx
  8:8  error  No rule allowing this dependency was found. File is of type 'feature/admin'. Dependency is of type 'other'  boundaries/element-types

/Users/ryan/projects/metabase/frontend/src/metabase/admin/datamodel/components/SegmentForm/SegmentForm.tsx
  15:29  error  No rule allowing this dependency was found. File is of type 'feature/admin'. Dependency is of type 'other'  boundaries/element-types
  16:22  error  No rule allowing this dependency was found. File is of type 'feature/admin'. Dependency is of type 'other'  boundaries/element-types

/Users/ryan/projects/metabase/frontend/src/metabase/admin/datamodel/components/SegmentItem.tsx
  3:34  error  No rule allowing this dependency was found. File is of type 'feature/admin'. Dependency is of type 'other'  boundaries/element-types
  4:40  error  No rule allowing this dependency was found. File is of type 'feature/admin'. Dependency is of type 'other'  boundaries/element-types

/Users/ryan/projects/metabase/frontend/src/metabase/admin/datamodel/components/SegmentRetireModal.tsx
  3:43  error  No rule allowing this dependency was found. File is of type 'feature/admin'. Dependency is of type 'other'  boundaries/element-types

/Users/ryan/projects/metabase/frontend/src/metabase/admin/datamodel/components/revisions/QueryDiff.jsx
  5:16  error  No rule allowing this dependency was found. File is of type 'feature/admin'. Dependency is of type 'other'  boundaries/element-types

/Users/ryan/projects/metabase/frontend/src/metabase/admin/datamodel/components/revisions/Revision.jsx
  9:16  error  No rule allowing this dependency was found. File is of type 'feature/admin'. Dependency is of type 'other'  boundaries/element-types

/Users/ryan/projects/metabase/frontend/src/metabase/admin/datamodel/components/revisions/RevisionDiff.jsx
  5:16  error  No rule allowing this dependency was found. File is of type 'feature/admin'. Dependency is of type 'other'  boundaries/element-types

/Users/ryan/projects/metabase/frontend/src/metabase/admin/datamodel/components/revisions/RevisionDiff.styled.tsx
  4:22  error  No rule allowing this dependency was found. File is of type 'feature/admin'. Dependency is of type 'other'  boundaries/element-types

/Users/ryan/projects/metabase/frontend/src/metabase/admin/datamodel/components/revisions/RevisionHistory.jsx
   9:16  error  No rule allowing this dependency was found. File is of type 'feature/admin'. Dependency is of type 'other'  boundaries/element-types
  10:34  error  No rule allowing this dependency was found. File is of type 'feature/admin'. Dependency is of type 'other'  boundaries/element-types

/Users/ryan/projects/metabase/frontend/src/metabase/admin/datamodel/containers/RevisionHistoryApp.jsx
  5:22  error  No rule allowing this dependency was found. File is of type 'feature/admin'. Dependency is of type 'other'  boundaries/element-types
  6:20  error  No rule allowing this dependency was found. File is of type 'feature/admin'. Dependency is of type 'other'  boundaries/element-types

/Users/ryan/projects/metabase/frontend/src/metabase/admin/datamodel/containers/SegmentApp.jsx
  8:22  error  No rule allowing this dependency was found. File is of type 'feature/admin'. Dependency is of type 'other'  boundaries/element-types
  9:20  error  No rule allowing this dependency was found. File is of type 'feature/admin'. Dependency is of type 'other'  boundaries/element-types

/Users/ryan/projects/metabase/frontend/src/metabase/admin/datamodel/containers/SegmentListApp.jsx
  11:20  error  No rule allowing this dependency was found. File is of type 'feature/admin'. Dependency is of type 'other'  boundaries/element-types
  12:16  error  No rule allowing this dependency was found. File is of type 'feature/admin'. Dependency is of type 'other'  boundaries/element-types
  13:22  error  No rule allowing this dependency was found. File is of type 'feature/admin'. Dependency is of type 'other'  boundaries/element-types

/Users/ryan/projects/metabase/frontend/src/metabase/admin/datamodel/datamodel.js
  7:43  error  No rule allowing this dependency was found. File is of type 'feature/admin'. Dependency is of type 'other'  boundaries/element-types

/Users/ryan/projects/metabase/frontend/src/metabase/admin/datamodel/hoc/FilteredToUrlTable.jsx
   8:16  error  No rule allowing this dependency was found. File is of type 'feature/admin'. Dependency is of type 'other'                  boundaries/element-types
   9:20  error  No rule allowing this dependency was found. File is of type 'feature/admin'. Dependency is of type 'other'                  boundaries/element-types
  11:52  error  No rule allowing this dependency was found. File is of type 'feature/admin'. Dependency is of type 'feature/query_builder'  boundaries/element-types
  12:22  error  No rule allowing this dependency was found. File is of type 'feature/admin'. Dependency is of type 'other'                  boundaries/element-types

/Users/ryan/projects/metabase/frontend/src/metabase/admin/datamodel/utils/segments.ts
  1:22  error  No rule allowing this dependency was found. File is of type 'feature/admin'. Dependency is of type 'other'  boundaries/element-types

/Users/ryan/projects/metabase/frontend/src/metabase/admin/embedding/components/EmbeddingNav.tsx
  11:34  error  No rule allowing this dependency was found. File is of type 'feature/admin'. Dependency is of type 'other'  boundaries/element-types
  12:29  error  No rule allowing this dependency was found. File is of type 'feature/admin'. Dependency is of type 'other'  boundaries/element-types
  13:38  error  No rule allowing this dependency was found. File is of type 'feature/admin'. Dependency is of type 'other'  boundaries/element-types

/Users/ryan/projects/metabase/frontend/src/metabase/admin/people/components/AddMemberRow.tsx
  4:35  error  No rule allowing this dependency was found. File is of type 'feature/admin'. Dependency is of type 'other'  boundaries/element-types
  6:59  error  No rule allowing this dependency was found. File is of type 'feature/admin'. Dependency is of type 'other'  boundaries/element-types

/Users/ryan/projects/metabase/frontend/src/metabase/admin/people/components/AddRow.tsx
  4:37  error  No rule allowing this dependency was found. File is of type 'feature/admin'. Dependency is of type 'other'  boundaries/element-types

/Users/ryan/projects/metabase/frontend/src/metabase/admin/people/components/Alert.jsx
  5:22  error  No rule allowing this dependency was found. File is of type 'feature/admin'. Dependency is of type 'other'  boundaries/element-types
  6:16  error  No rule allowing this dependency was found. File is of type 'feature/admin'. Dependency is of type 'other'  boundaries/element-types
  7:38  error  No rule allowing this dependency was found. File is of type 'feature/admin'. Dependency is of type 'other'  boundaries/element-types

/Users/ryan/projects/metabase/frontend/src/metabase/admin/people/components/GroupDetail.tsx
   9:8   error  No rule allowing this dependency was found. File is of type 'feature/admin'. Dependency is of type 'other'  boundaries/element-types
  17:8   error  No rule allowing this dependency was found. File is of type 'feature/admin'. Dependency is of type 'other'  boundaries/element-types
  19:39  error  No rule allowing this dependency was found. File is of type 'feature/admin'. Dependency is of type 'other'  boundaries/element-types
  20:25  error  No rule allowing this dependency was found. File is of type 'feature/admin'. Dependency is of type 'other'  boundaries/element-types
  21:21  error  No rule allowing this dependency was found. File is of type 'feature/admin'. Dependency is of type 'other'  boundaries/element-types

/Users/ryan/projects/metabase/frontend/src/metabase/admin/people/components/GroupMembersTable/GroupMembersTable.tsx
  10:46  error  No rule allowing this dependency was found. File is of type 'feature/admin'. Dependency is of type 'other'  boundaries/element-types
  12:29  error  No rule allowing this dependency was found. File is of type 'feature/admin'. Dependency is of type 'other'  boundaries/element-types
  13:39  error  No rule allowing this dependency was found. File is of type 'feature/admin'. Dependency is of type 'other'  boundaries/element-types
  14:64  error  No rule allowing this dependency was found. File is of type 'feature/admin'. Dependency is of type 'other'  boundaries/element-types

/Users/ryan/projects/metabase/frontend/src/metabase/admin/people/components/GroupSummary.tsx
  3:36  error  No rule allowing this dependency was found. File is of type 'feature/admin'. Dependency is of type 'other'  boundaries/element-types
  4:46  error  No rule allowing this dependency was found. File is of type 'feature/admin'. Dependency is of type 'other'  boundaries/element-types
  5:36  error  No rule allowing this dependency was found. File is of type 'feature/admin'. Dependency is of type 'other'  boundaries/element-types

/Users/ryan/projects/metabase/frontend/src/metabase/admin/people/components/GroupsListing.tsx
   6:37  error  No rule allowing this dependency was found. File is of type 'feature/admin'. Dependency is of type 'other'  boundaries/element-types
  14:16  error  No rule allowing this dependency was found. File is of type 'feature/admin'. Dependency is of type 'other'  boundaries/element-types
  19:8   error  No rule allowing this dependency was found. File is of type 'feature/admin'. Dependency is of type 'other'  boundaries/element-types
  20:31  error  No rule allowing this dependency was found. File is of type 'feature/admin'. Dependency is of type 'other'  boundaries/element-types
  29:8   error  No rule allowing this dependency was found. File is of type 'feature/admin'. Dependency is of type 'other'  boundaries/element-types

/Users/ryan/projects/metabase/frontend/src/metabase/admin/people/components/MembershipSelect/MembershipSelect.tsx
  10:8   error  No rule allowing this dependency was found. File is of type 'feature/admin'. Dependency is of type 'other'  boundaries/element-types
  11:27  error  No rule allowing this dependency was found. File is of type 'feature/admin'. Dependency is of type 'other'  boundaries/element-types
  12:39  error  No rule allowing this dependency was found. File is of type 'feature/admin'. Dependency is of type 'other'  boundaries/element-types
  13:42  error  No rule allowing this dependency was found. File is of type 'feature/admin'. Dependency is of type 'other'  boundaries/element-types

/Users/ryan/projects/metabase/frontend/src/metabase/admin/people/components/PeopleList.tsx
  11:8   error  No rule allowing this dependency was found. File is of type 'feature/admin'. Dependency is of type 'other'  boundaries/element-types
  15:20  error  No rule allowing this dependency was found. File is of type 'feature/admin'. Dependency is of type 'other'  boundaries/element-types
  16:16  error  No rule allowing this dependency was found. File is of type 'feature/admin'. Dependency is of type 'other'  boundaries/element-types
  18:39  error  No rule allowing this dependency was found. File is of type 'feature/admin'. Dependency is of type 'other'  boundaries/element-types
  19:39  error  No rule allowing this dependency was found. File is of type 'feature/admin'. Dependency is of type 'other'  boundaries/element-types

/Users/ryan/projects/metabase/frontend/src/metabase/admin/people/components/PeopleListRow.tsx
   9:29  error  No rule allowing this dependency was found. File is of type 'feature/admin'. Dependency is of type 'other'  boundaries/element-types
  10:46  error  No rule allowing this dependency was found. File is of type 'feature/admin'. Dependency is of type 'other'  boundaries/element-types
  11:28  error  No rule allowing this dependency was found. File is of type 'feature/admin'. Dependency is of type 'other'  boundaries/element-types
  20:8   error  No rule allowing this dependency was found. File is of type 'feature/admin'. Dependency is of type 'other'  boundaries/element-types

/Users/ryan/projects/metabase/frontend/src/metabase/admin/people/components/PeopleNav.tsx
  11:29  error  No rule allowing this dependency was found. File is of type 'feature/admin'. Dependency is of type 'other'  boundaries/element-types
  12:23  error  No rule allowing this dependency was found. File is of type 'feature/admin'. Dependency is of type 'other'  boundaries/element-types

/Users/ryan/projects/metabase/frontend/src/metabase/admin/people/containers/EditUserModal/EditUserModal.tsx
   8:8   error  No rule allowing this dependency was found. File is of type 'feature/admin'. Dependency is of type 'other'  boundaries/element-types
  10:23  error  No rule allowing this dependency was found. File is of type 'feature/admin'. Dependency is of type 'other'  boundaries/element-types

/Users/ryan/projects/metabase/frontend/src/metabase/admin/people/containers/GroupDetailApp.tsx
   7:8   error  No rule allowing this dependency was found. File is of type 'feature/admin'. Dependency is of type 'other'  boundaries/element-types
  10:25  error  No rule allowing this dependency was found. File is of type 'feature/admin'. Dependency is of type 'other'  boundaries/element-types

/Users/ryan/projects/metabase/frontend/src/metabase/admin/people/containers/GroupsListingApp.tsx
  12:8   error  No rule allowing this dependency was found. File is of type 'feature/admin'. Dependency is of type 'other'  boundaries/element-types
  15:39  error  No rule allowing this dependency was found. File is of type 'feature/admin'. Dependency is of type 'other'  boundaries/element-types
  16:32  error  No rule allowing this dependency was found. File is of type 'feature/admin'. Dependency is of type 'other'  boundaries/element-types

/Users/ryan/projects/metabase/frontend/src/metabase/admin/people/containers/NewUserModal.tsx
  4:39  error  No rule allowing this dependency was found. File is of type 'feature/admin'. Dependency is of type 'other'  boundaries/element-types
  6:34  error  No rule allowing this dependency was found. File is of type 'feature/admin'. Dependency is of type 'other'  boundaries/element-types
  7:30  error  No rule allowing this dependency was found. File is of type 'feature/admin'. Dependency is of type 'other'  boundaries/element-types
  9:23  error  No rule allowing this dependency was found. File is of type 'feature/admin'. Dependency is of type 'other'  boundaries/element-types

/Users/ryan/projects/metabase/frontend/src/metabase/admin/people/containers/PeopleListingApp.tsx
   9:66  error  No rule allowing this dependency was found. File is of type 'feature/admin'. Dependency is of type 'other'  boundaries/element-types
  13:41  error  No rule allowing this dependency was found. File is of type 'feature/admin'. Dependency is of type 'other'  boundaries/element-types
  14:61  error  No rule allowing this dependency was found. File is of type 'feature/admin'. Dependency is of type 'other'  boundaries/element-types

/Users/ryan/projects/metabase/frontend/src/metabase/admin/people/containers/UserActivationModal.tsx
  8:8  error  No rule allowing this dependency was found. File is of type 'feature/admin'. Dependency is of type 'other'  boundaries/element-types

/Users/ryan/projects/metabase/frontend/src/metabase/admin/people/containers/UserPasswordResetModal.tsx
   8:8   error  No rule allowing this dependency was found. File is of type 'feature/admin'. Dependency is of type 'other'  boundaries/element-types
  14:34  error  No rule allowing this dependency was found. File is of type 'feature/admin'. Dependency is of type 'other'  boundaries/element-types
  15:30  error  No rule allowing this dependency was found. File is of type 'feature/admin'. Dependency is of type 'other'  boundaries/element-types
  16:22  error  No rule allowing this dependency was found. File is of type 'feature/admin'. Dependency is of type 'other'  boundaries/element-types

/Users/ryan/projects/metabase/frontend/src/metabase/admin/people/containers/UserSuccessModal.tsx
   6:33  error  No rule allowing this dependency was found. File is of type 'feature/admin'. Dependency is of type 'other'  boundaries/element-types
  11:16  error  No rule allowing this dependency was found. File is of type 'feature/admin'. Dependency is of type 'other'  boundaries/element-types
  13:42  error  No rule allowing this dependency was found. File is of type 'feature/admin'. Dependency is of type 'other'  boundaries/element-types
  14:21  error  No rule allowing this dependency was found. File is of type 'feature/admin'. Dependency is of type 'other'  boundaries/element-types

/Users/ryan/projects/metabase/frontend/src/metabase/admin/people/forms/UserForm.tsx
  12:8   error  No rule allowing this dependency was found. File is of type 'feature/admin'. Dependency is of type 'other'  boundaries/element-types
  14:47  error  No rule allowing this dependency was found. File is of type 'feature/admin'. Dependency is of type 'other'  boundaries/element-types
  15:24  error  No rule allowing this dependency was found. File is of type 'feature/admin'. Dependency is of type 'other'  boundaries/element-types

/Users/ryan/projects/metabase/frontend/src/metabase/admin/people/hooks/use-people-query.ts
  4:42  error  No rule allowing this dependency was found. File is of type 'feature/admin'. Dependency is of type 'other'  boundaries/element-types

/Users/ryan/projects/metabase/frontend/src/metabase/admin/people/selectors.js
  5:28  error  No rule allowing this dependency was found. File is of type 'feature/admin'. Dependency is of type 'other'  boundaries/element-types
  6:32  error  No rule allowing this dependency was found. File is of type 'feature/admin'. Dependency is of type 'other'  boundaries/element-types

/Users/ryan/projects/metabase/frontend/src/metabase/admin/performance/components/ModelPersistenceConfiguration.tsx
  15:37  error  No rule allowing this dependency was found. File is of type 'feature/admin'. Dependency is of type 'other'  boundaries/element-types
  19:8   error  No rule allowing this dependency was found. File is of type 'feature/admin'. Dependency is of type 'other'  boundaries/element-types
  20:36  error  No rule allowing this dependency was found. File is of type 'feature/admin'. Dependency is of type 'other'  boundaries/element-types
  21:30  error  No rule allowing this dependency was found. File is of type 'feature/admin'. Dependency is of type 'other'  boundaries/element-types

/Users/ryan/projects/metabase/frontend/src/metabase/admin/performance/components/PerformanceApp.tsx
  6:32  error  No rule allowing this dependency was found. File is of type 'feature/admin'. Dependency is of type 'other'  boundaries/element-types

/Users/ryan/projects/metabase/frontend/src/metabase/admin/performance/components/StrategyEditorForDatabases.tsx
   9:39  error  No rule allowing this dependency was found. File is of type 'feature/admin'. Dependency is of type 'other'  boundaries/element-types
  11:32  error  No rule allowing this dependency was found. File is of type 'feature/admin'. Dependency is of type 'other'  boundaries/element-types
  12:22  error  No rule allowing this dependency was found. File is of type 'feature/admin'. Dependency is of type 'other'  boundaries/element-types

/Users/ryan/projects/metabase/frontend/src/metabase/admin/performance/components/StrategyForm.styled.tsx
  4:46  error  No rule allowing this dependency was found. File is of type 'feature/admin'. Dependency is of type 'other'  boundaries/element-types

/Users/ryan/projects/metabase/frontend/src/metabase/admin/performance/components/StrategyForm.tsx
  10:41  error  No rule allowing this dependency was found. File is of type 'feature/admin'. Dependency is of type 'other'  boundaries/element-types
  18:8   error  No rule allowing this dependency was found. File is of type 'feature/admin'. Dependency is of type 'other'  boundaries/element-types
  20:32  error  No rule allowing this dependency was found. File is of type 'feature/admin'. Dependency is of type 'other'  boundaries/element-types
  21:28  error  No rule allowing this dependency was found. File is of type 'feature/admin'. Dependency is of type 'other'  boundaries/element-types
  33:8   error  No rule allowing this dependency was found. File is of type 'feature/admin'. Dependency is of type 'other'  boundaries/element-types

/Users/ryan/projects/metabase/frontend/src/metabase/admin/performance/hooks/useCacheConfigs.tsx
  5:32  error  No rule allowing this dependency was found. File is of type 'feature/admin'. Dependency is of type 'other'  boundaries/element-types

/Users/ryan/projects/metabase/frontend/src/metabase/admin/performance/hooks/useInvalidateTarget.tsx
  4:25  error  No rule allowing this dependency was found. File is of type 'feature/admin'. Dependency is of type 'other'  boundaries/element-types
  5:32  error  No rule allowing this dependency was found. File is of type 'feature/admin'. Dependency is of type 'other'  boundaries/element-types

/Users/ryan/projects/metabase/frontend/src/metabase/admin/performance/hooks/useIsFormPending.tsx
  1:32  error  No rule allowing this dependency was found. File is of type 'feature/admin'. Dependency is of type 'other'  boundaries/element-types

/Users/ryan/projects/metabase/frontend/src/metabase/admin/performance/hooks/useSaveStrategy.tsx
  5:32  error  No rule allowing this dependency was found. File is of type 'feature/admin'. Dependency is of type 'other'  boundaries/element-types
  6:32  error  No rule allowing this dependency was found. File is of type 'feature/admin'. Dependency is of type 'other'  boundaries/element-types

/Users/ryan/projects/metabase/frontend/src/metabase/admin/performance/utils.tsx
  10:35  error  No rule allowing this dependency was found. File is of type 'feature/admin'. Dependency is of type 'other'  boundaries/element-types
  11:32  error  No rule allowing this dependency was found. File is of type 'feature/admin'. Dependency is of type 'other'  boundaries/element-types

/Users/ryan/projects/metabase/frontend/src/metabase/admin/permissions/components/ApplicationPermissionsHelp/ApplicationPermissionsHelp.tsx
  5:47  error  No rule allowing this dependency was found. File is of type 'feature/admin'. Dependency is of type 'other'  boundaries/element-types

/Users/ryan/projects/metabase/frontend/src/metabase/admin/permissions/components/CollectionPermissionsHelp/CollectionPermissionsHelp.tsx
  6:47  error  No rule allowing this dependency was found. File is of type 'feature/admin'. Dependency is of type 'other'  boundaries/element-types

/Users/ryan/projects/metabase/frontend/src/metabase/admin/permissions/components/CollectionPermissionsModal/CollectionPermissionsModal.jsx
   6:43  error  No rule allowing this dependency was found. File is of type 'feature/admin'. Dependency is of type 'other'  boundaries/element-types
  10:16  error  No rule allowing this dependency was found. File is of type 'feature/admin'. Dependency is of type 'other'  boundaries/element-types
  11:25  error  No rule allowing this dependency was found. File is of type 'feature/admin'. Dependency is of type 'other'  boundaries/element-types
  12:20  error  No rule allowing this dependency was found. File is of type 'feature/admin'. Dependency is of type 'other'  boundaries/element-types

/Users/ryan/projects/metabase/frontend/src/metabase/admin/permissions/components/DataPermissionsHelp/DataPermissionsHelp.tsx
   9:28  error  No rule allowing this dependency was found. File is of type 'feature/admin'. Dependency is of type 'other'  boundaries/element-types
  20:8   error  No rule allowing this dependency was found. File is of type 'feature/admin'. Dependency is of type 'other'  boundaries/element-types

/Users/ryan/projects/metabase/frontend/src/metabase/admin/permissions/components/FilterableTree/FilterableTree.tsx
  10:42  error  No rule allowing this dependency was found. File is of type 'feature/admin'. Dependency is of type 'other'  boundaries/element-types
  11:31  error  No rule allowing this dependency was found. File is of type 'feature/admin'. Dependency is of type 'other'  boundaries/element-types

/Users/ryan/projects/metabase/frontend/src/metabase/admin/permissions/components/LegacyPermissionsModal/LegacyPermissionsModal.tsx
  6:28  error  No rule allowing this dependency was found. File is of type 'feature/admin'. Dependency is of type 'other'  boundaries/element-types
  7:43  error  No rule allowing this dependency was found. File is of type 'feature/admin'. Dependency is of type 'other'  boundaries/element-types

/Users/ryan/projects/metabase/frontend/src/metabase/admin/permissions/components/PermissionHelpDescription/PermissionHelpDescription.tsx
   8:31  error  No rule allowing this dependency was found. File is of type 'feature/admin'. Dependency is of type 'other'  boundaries/element-types
   9:31  error  No rule allowing this dependency was found. File is of type 'feature/admin'. Dependency is of type 'other'  boundaries/element-types
  10:41  error  No rule allowing this dependency was found. File is of type 'feature/admin'. Dependency is of type 'other'  boundaries/element-types

/Users/ryan/projects/metabase/frontend/src/metabase/admin/permissions/components/PermissionsConfirm.jsx
  5:16  error  No rule allowing this dependency was found. File is of type 'feature/admin'. Dependency is of type 'other'  boundaries/element-types
  6:25  error  No rule allowing this dependency was found. File is of type 'feature/admin'. Dependency is of type 'other'  boundaries/element-types

/Users/ryan/projects/metabase/frontend/src/metabase/admin/permissions/components/PermissionsEditor/PermissionsEditor.jsx
  5:21  error  No rule allowing this dependency was found. File is of type 'feature/admin'. Dependency is of type 'other'  boundaries/element-types

/Users/ryan/projects/metabase/frontend/src/metabase/admin/permissions/components/PermissionsEditor/PermissionsEditorBreadcrumbs.jsx
  4:28  error  No rule allowing this dependency was found. File is of type 'feature/admin'. Dependency is of type 'other'  boundaries/element-types

/Users/ryan/projects/metabase/frontend/src/metabase/admin/permissions/components/PermissionsEditor/PermissionsEditorContent.jsx
  10:42  error  No rule allowing this dependency was found. File is of type 'feature/admin'. Dependency is of type 'other'  boundaries/element-types

/Users/ryan/projects/metabase/frontend/src/metabase/admin/permissions/components/PermissionsEditor/PermissionsEditorLegacyWarning.tsx
  4:48  error  No rule allowing this dependency was found. File is of type 'feature/admin'. Dependency is of type 'other'  boundaries/element-types

/Users/ryan/projects/metabase/frontend/src/metabase/admin/permissions/components/PermissionsEditor/PermissionsEditorSplitPermsMessage.tsx
  4:35  error  No rule allowing this dependency was found. File is of type 'feature/admin'. Dependency is of type 'other'  boundaries/element-types
  5:28  error  No rule allowing this dependency was found. File is of type 'feature/admin'. Dependency is of type 'other'  boundaries/element-types
  6:48  error  No rule allowing this dependency was found. File is of type 'feature/admin'. Dependency is of type 'other'  boundaries/element-types

/Users/ryan/projects/metabase/frontend/src/metabase/admin/permissions/components/PermissionsPageLayout/PermissionsPageLayout.styled.tsx
  5:38  error  No rule allowing this dependency was found. File is of type 'feature/admin'. Dependency is of type 'other'  boundaries/element-types

/Users/ryan/projects/metabase/frontend/src/metabase/admin/permissions/components/PermissionsPageLayout/PermissionsPageLayout.tsx
  20:16  error  No rule allowing this dependency was found. File is of type 'feature/admin'. Dependency is of type 'other'  boundaries/element-types
  22:35  error  No rule allowing this dependency was found. File is of type 'feature/admin'. Dependency is of type 'other'  boundaries/element-types
  23:31  error  No rule allowing this dependency was found. File is of type 'feature/admin'. Dependency is of type 'other'  boundaries/element-types
  29:8   error  No rule allowing this dependency was found. File is of type 'feature/admin'. Dependency is of type 'other'  boundaries/element-types

/Users/ryan/projects/metabase/frontend/src/metabase/admin/permissions/components/PermissionsPageLayout/PermissionsTabs.jsx
  6:16  error  No rule allowing this dependency was found. File is of type 'feature/admin'. Dependency is of type 'other'  boundaries/element-types
  7:48  error  No rule allowing this dependency was found. File is of type 'feature/admin'. Dependency is of type 'other'  boundaries/element-types

/Users/ryan/projects/metabase/frontend/src/metabase/admin/permissions/components/PermissionsSelect/PermissionsSelect.jsx
  7:31  error  No rule allowing this dependency was found. File is of type 'feature/admin'. Dependency is of type 'other'  boundaries/element-types

/Users/ryan/projects/metabase/frontend/src/metabase/admin/permissions/components/PermissionsSelect/PermissionsSelect.styled.tsx
  6:38  error  No rule allowing this dependency was found. File is of type 'feature/admin'. Dependency is of type 'other'  boundaries/element-types

/Users/ryan/projects/metabase/frontend/src/metabase/admin/permissions/components/PermissionsSelect/PermissionsSelectOption.jsx
  4:31  error  No rule allowing this dependency was found. File is of type 'feature/admin'. Dependency is of type 'other'  boundaries/element-types

/Users/ryan/projects/metabase/frontend/src/metabase/admin/permissions/components/PermissionsSidebar/PermissionsSidebar.styled.tsx
  4:22  error  No rule allowing this dependency was found. File is of type 'feature/admin'. Dependency is of type 'other'  boundaries/element-types

/Users/ryan/projects/metabase/frontend/src/metabase/admin/permissions/components/PermissionsTable/PermissionsTable.jsx
  7:16  error  No rule allowing this dependency was found. File is of type 'feature/admin'. Dependency is of type 'other'  boundaries/element-types
  8:31  error  No rule allowing this dependency was found. File is of type 'feature/admin'. Dependency is of type 'other'  boundaries/element-types

/Users/ryan/projects/metabase/frontend/src/metabase/admin/permissions/components/PermissionsTable/PermissionsTable.styled.tsx
  10:38  error  No rule allowing this dependency was found. File is of type 'feature/admin'. Dependency is of type 'other'  boundaries/element-types

/Users/ryan/projects/metabase/frontend/src/metabase/admin/permissions/components/ToolbarButton/ToolbarButton.styled.tsx
  4:22  error  No rule allowing this dependency was found. File is of type 'feature/admin'. Dependency is of type 'other'  boundaries/element-types

/Users/ryan/projects/metabase/frontend/src/metabase/admin/permissions/components/ToolbarButton/ToolbarButton.tsx
  1:31  error  No rule allowing this dependency was found. File is of type 'feature/admin'. Dependency is of type 'other'  boundaries/element-types
  2:22  error  No rule allowing this dependency was found. File is of type 'feature/admin'. Dependency is of type 'other'  boundaries/element-types

/Users/ryan/projects/metabase/frontend/src/metabase/admin/permissions/pages/CollectionPermissionsPage/CollectionPermissionsPage.tsx
  8:25  error  No rule allowing this dependency was found. File is of type 'feature/admin'. Dependency is of type 'other'  boundaries/element-types
  9:20  error  No rule allowing this dependency was found. File is of type 'feature/admin'. Dependency is of type 'other'  boundaries/element-types

/Users/ryan/projects/metabase/frontend/src/metabase/admin/permissions/pages/DataPermissionsPage/DataPermissionsPage.tsx
   6:56  error  No rule allowing this dependency was found. File is of type 'feature/admin'. Dependency is of type 'other'  boundaries/element-types
   7:23  error  No rule allowing this dependency was found. File is of type 'feature/admin'. Dependency is of type 'other'  boundaries/element-types
   8:20  error  No rule allowing this dependency was found. File is of type 'feature/admin'. Dependency is of type 'other'  boundaries/element-types
   9:46  error  No rule allowing this dependency was found. File is of type 'feature/admin'. Dependency is of type 'other'  boundaries/element-types
  11:28  error  No rule allowing this dependency was found. File is of type 'feature/admin'. Dependency is of type 'other'  boundaries/element-types
  12:32  error  No rule allowing this dependency was found. File is of type 'feature/admin'. Dependency is of type 'other'  boundaries/element-types
  13:32  error  No rule allowing this dependency was found. File is of type 'feature/admin'. Dependency is of type 'other'  boundaries/element-types

/Users/ryan/projects/metabase/frontend/src/metabase/admin/permissions/pages/DatabasePermissionsPage/DatabasesPermissionsPage.jsx
  11:45  error  No rule allowing this dependency was found. File is of type 'feature/admin'. Dependency is of type 'other'  boundaries/element-types
  12:28  error  No rule allowing this dependency was found. File is of type 'feature/admin'. Dependency is of type 'other'  boundaries/element-types
  13:32  error  No rule allowing this dependency was found. File is of type 'feature/admin'. Dependency is of type 'other'  boundaries/element-types
  14:32  error  No rule allowing this dependency was found. File is of type 'feature/admin'. Dependency is of type 'other'  boundaries/element-types

/Users/ryan/projects/metabase/frontend/src/metabase/admin/permissions/pages/GroupDataPermissionsPage/GroupsPermissionsPage.jsx
  11:45  error  No rule allowing this dependency was found. File is of type 'feature/admin'. Dependency is of type 'other'  boundaries/element-types
  12:28  error  No rule allowing this dependency was found. File is of type 'feature/admin'. Dependency is of type 'other'  boundaries/element-types
  13:32  error  No rule allowing this dependency was found. File is of type 'feature/admin'. Dependency is of type 'other'  boundaries/element-types
  14:32  error  No rule allowing this dependency was found. File is of type 'feature/admin'. Dependency is of type 'other'  boundaries/element-types

/Users/ryan/projects/metabase/frontend/src/metabase/admin/permissions/permissions.js
  14:19  error  No rule allowing this dependency was found. File is of type 'feature/admin'. Dependency is of type 'other'  boundaries/element-types
  15:20  error  No rule allowing this dependency was found. File is of type 'feature/admin'. Dependency is of type 'other'  boundaries/element-types
  25:8   error  No rule allowing this dependency was found. File is of type 'feature/admin'. Dependency is of type 'other'  boundaries/element-types
  26:45  error  No rule allowing this dependency was found. File is of type 'feature/admin'. Dependency is of type 'other'  boundaries/element-types
  27:48  error  No rule allowing this dependency was found. File is of type 'feature/admin'. Dependency is of type 'other'  boundaries/element-types

/Users/ryan/projects/metabase/frontend/src/metabase/admin/permissions/routes.jsx
  9:8  error  No rule allowing this dependency was found. File is of type 'feature/admin'. Dependency is of type 'other'  boundaries/element-types

/Users/ryan/projects/metabase/frontend/src/metabase/admin/permissions/selectors/collection-permissions.ts
  10:8   error  No rule allowing this dependency was found. File is of type 'feature/admin'. Dependency is of type 'other'  boundaries/element-types
  14:8   error  No rule allowing this dependency was found. File is of type 'feature/admin'. Dependency is of type 'other'  boundaries/element-types
  15:19  error  No rule allowing this dependency was found. File is of type 'feature/admin'. Dependency is of type 'other'  boundaries/element-types
  16:32  error  No rule allowing this dependency was found. File is of type 'feature/admin'. Dependency is of type 'other'  boundaries/element-types
  21:8   error  No rule allowing this dependency was found. File is of type 'feature/admin'. Dependency is of type 'other'  boundaries/element-types
  22:36  error  No rule allowing this dependency was found. File is of type 'feature/admin'. Dependency is of type 'other'  boundaries/element-types

/Users/ryan/projects/metabase/frontend/src/metabase/admin/permissions/selectors/confirmations.tsx
  14:45  error  No rule allowing this dependency was found. File is of type 'feature/admin'. Dependency is of type 'other'  boundaries/element-types
  15:28  error  No rule allowing this dependency was found. File is of type 'feature/admin'. Dependency is of type 'other'  boundaries/element-types

/Users/ryan/projects/metabase/frontend/src/metabase/admin/permissions/selectors/data-permissions/breadcrumbs.ts
  3:28  error  No rule allowing this dependency was found. File is of type 'feature/admin'. Dependency is of type 'other'  boundaries/element-types

/Users/ryan/projects/metabase/frontend/src/metabase/admin/permissions/selectors/data-permissions/data-sidebar.ts
  6:27  error  No rule allowing this dependency was found. File is of type 'feature/admin'. Dependency is of type 'other'  boundaries/element-types
  7:30  error  No rule allowing this dependency was found. File is of type 'feature/admin'. Dependency is of type 'other'  boundaries/element-types
  8:45  error  No rule allowing this dependency was found. File is of type 'feature/admin'. Dependency is of type 'other'  boundaries/element-types

/Users/ryan/projects/metabase/frontend/src/metabase/admin/permissions/selectors/data-permissions/diff.ts
  5:41  error  No rule allowing this dependency was found. File is of type 'feature/admin'. Dependency is of type 'other'  boundaries/element-types

/Users/ryan/projects/metabase/frontend/src/metabase/admin/permissions/selectors/data-permissions/fields.ts
  16:8  error  No rule allowing this dependency was found. File is of type 'feature/admin'. Dependency is of type 'other'  boundaries/element-types

/Users/ryan/projects/metabase/frontend/src/metabase/admin/permissions/selectors/data-permissions/group-sidebar.ts
  4:39  error  No rule allowing this dependency was found. File is of type 'feature/admin'. Dependency is of type 'other'  boundaries/element-types

/Users/ryan/projects/metabase/frontend/src/metabase/admin/permissions/selectors/data-permissions/groups.ts
  4:20  error  No rule allowing this dependency was found. File is of type 'feature/admin'. Dependency is of type 'other'  boundaries/element-types
  5:46  error  No rule allowing this dependency was found. File is of type 'feature/admin'. Dependency is of type 'other'  boundaries/element-types

/Users/ryan/projects/metabase/frontend/src/metabase/admin/permissions/selectors/data-permissions/permission-editor.ts
   6:20  error  No rule allowing this dependency was found. File is of type 'feature/admin'. Dependency is of type 'other'  boundaries/element-types
   7:20  error  No rule allowing this dependency was found. File is of type 'feature/admin'. Dependency is of type 'other'  boundaries/element-types
   8:46  error  No rule allowing this dependency was found. File is of type 'feature/admin'. Dependency is of type 'other'  boundaries/element-types
  12:8   error  No rule allowing this dependency was found. File is of type 'feature/admin'. Dependency is of type 'other'  boundaries/element-types
  13:45  error  No rule allowing this dependency was found. File is of type 'feature/admin'. Dependency is of type 'other'  boundaries/element-types

/Users/ryan/projects/metabase/frontend/src/metabase/admin/permissions/selectors/data-permissions/schemas.ts
  10:8  error  No rule allowing this dependency was found. File is of type 'feature/admin'. Dependency is of type 'other'  boundaries/element-types

/Users/ryan/projects/metabase/frontend/src/metabase/admin/permissions/selectors/data-permissions/shared.ts
  7:45  error  No rule allowing this dependency was found. File is of type 'feature/admin'. Dependency is of type 'other'  boundaries/element-types

/Users/ryan/projects/metabase/frontend/src/metabase/admin/permissions/selectors/data-permissions/tables.ts
  12:8  error  No rule allowing this dependency was found. File is of type 'feature/admin'. Dependency is of type 'other'  boundaries/element-types

/Users/ryan/projects/metabase/frontend/src/metabase/admin/permissions/utils/data-entity-id.ts
  1:30  error  No rule allowing this dependency was found. File is of type 'feature/admin'. Dependency is of type 'other'  boundaries/element-types

/Users/ryan/projects/metabase/frontend/src/metabase/admin/permissions/utils/graph/data-permissions/get.ts
  13:45  error  No rule allowing this dependency was found. File is of type 'feature/admin'. Dependency is of type 'other'  boundaries/element-types

/Users/ryan/projects/metabase/frontend/src/metabase/admin/permissions/utils/graph/data-permissions/update.ts
  22:41  error  No rule allowing this dependency was found. File is of type 'feature/admin'. Dependency is of type 'other'  boundaries/element-types

/Users/ryan/projects/metabase/frontend/src/metabase/admin/permissions/utils/graph/data-permissions/utils.ts
  2:45  error  No rule allowing this dependency was found. File is of type 'feature/admin'. Dependency is of type 'other'  boundaries/element-types

/Users/ryan/projects/metabase/frontend/src/metabase/admin/routes.jsx
   5:22  error  No rule allowing this dependency was found. File is of type 'other'. Dependency is of type 'feature/admin'  boundaries/element-types
   6:33  error  No rule allowing this dependency was found. File is of type 'other'. Dependency is of type 'feature/admin'  boundaries/element-types
   7:33  error  No rule allowing this dependency was found. File is of type 'other'. Dependency is of type 'feature/admin'  boundaries/element-types
   8:30  error  No rule allowing this dependency was found. File is of type 'other'. Dependency is of type 'feature/admin'  boundaries/element-types
   9:32  error  No rule allowing this dependency was found. File is of type 'other'. Dependency is of type 'feature/admin'  boundaries/element-types
  10:24  error  No rule allowing this dependency was found. File is of type 'other'. Dependency is of type 'feature/admin'  boundaries/element-types
  11:28  error  No rule allowing this dependency was found. File is of type 'other'. Dependency is of type 'feature/admin'  boundaries/element-types
  12:35  error  No rule allowing this dependency was found. File is of type 'other'. Dependency is of type 'feature/admin'  boundaries/element-types
  13:32  error  No rule allowing this dependency was found. File is of type 'other'. Dependency is of type 'feature/admin'  boundaries/element-types
  14:31  error  No rule allowing this dependency was found. File is of type 'other'. Dependency is of type 'feature/admin'  boundaries/element-types
  15:32  error  No rule allowing this dependency was found. File is of type 'other'. Dependency is of type 'feature/admin'  boundaries/element-types
  16:34  error  No rule allowing this dependency was found. File is of type 'other'. Dependency is of type 'feature/admin'  boundaries/element-types
  17:30  error  No rule allowing this dependency was found. File is of type 'other'. Dependency is of type 'feature/admin'  boundaries/element-types
  18:34  error  No rule allowing this dependency was found. File is of type 'other'. Dependency is of type 'feature/admin'  boundaries/element-types
  19:37  error  No rule allowing this dependency was found. File is of type 'other'. Dependency is of type 'feature/admin'  boundaries/element-types
  20:40  error  No rule allowing this dependency was found. File is of type 'other'. Dependency is of type 'feature/admin'  boundaries/element-types
  21:34  error  No rule allowing this dependency was found. File is of type 'other'. Dependency is of type 'feature/admin'  boundaries/element-types
  22:32  error  No rule allowing this dependency was found. File is of type 'other'. Dependency is of type 'feature/admin'  boundaries/element-types
  23:39  error  No rule allowing this dependency was found. File is of type 'other'. Dependency is of type 'feature/admin'  boundaries/element-types
  28:8   error  No rule allowing this dependency was found. File is of type 'other'. Dependency is of type 'feature/admin'  boundaries/element-types
  29:22  error  No rule allowing this dependency was found. File is of type 'other'. Dependency is of type 'feature/admin'  boundaries/element-types
  30:28  error  No rule allowing this dependency was found. File is of type 'other'. Dependency is of type 'feature/admin'  boundaries/element-types
  31:34  error  No rule allowing this dependency was found. File is of type 'other'. Dependency is of type 'feature/admin'  boundaries/element-types
  32:32  error  No rule allowing this dependency was found. File is of type 'other'. Dependency is of type 'feature/admin'  boundaries/element-types
  33:22  error  No rule allowing this dependency was found. File is of type 'other'. Dependency is of type 'feature/admin'  boundaries/element-types
  37:8   error  No rule allowing this dependency was found. File is of type 'other'. Dependency is of type 'feature/admin'  boundaries/element-types
  38:27  error  No rule allowing this dependency was found. File is of type 'other'. Dependency is of type 'feature/admin'  boundaries/element-types
  39:26  error  No rule allowing this dependency was found. File is of type 'other'. Dependency is of type 'feature/admin'  boundaries/element-types
  40:26  error  No rule allowing this dependency was found. File is of type 'other'. Dependency is of type 'feature/admin'  boundaries/element-types
  55:47  error  No rule allowing this dependency was found. File is of type 'other'. Dependency is of type 'feature/admin'  boundaries/element-types
  56:44  error  No rule allowing this dependency was found. File is of type 'other'. Dependency is of type 'feature/admin'  boundaries/element-types
  57:34  error  No rule allowing this dependency was found. File is of type 'other'. Dependency is of type 'feature/admin'  boundaries/element-types
  58:48  error  No rule allowing this dependency was found. File is of type 'other'. Dependency is of type 'feature/admin'  boundaries/element-types
  60:29  error  No rule allowing this dependency was found. File is of type 'other'. Dependency is of type 'feature/admin'  boundaries/element-types

/Users/ryan/projects/metabase/frontend/src/metabase/admin/settings/analytics.ts
  1:34  error  No rule allowing this dependency was found. File is of type 'feature/admin'. Dependency is of type 'other'  boundaries/element-types

/Users/ryan/projects/metabase/frontend/src/metabase/admin/settings/auth/components/ApiKeysAuthCard.tsx
  3:38  error  No rule allowing this dependency was found. File is of type 'feature/admin'. Dependency is of type 'other'  boundaries/element-types

/Users/ryan/projects/metabase/frontend/src/metabase/admin/settings/auth/components/AuthCard/AuthCard.tsx
   9:27  error  No rule allowing this dependency was found. File is of type 'feature/admin'. Dependency is of type 'other'  boundaries/element-types
  10:38  error  No rule allowing this dependency was found. File is of type 'feature/admin'. Dependency is of type 'other'  boundaries/element-types

/Users/ryan/projects/metabase/frontend/src/metabase/admin/settings/auth/components/GoogleAuthForm/GoogleAuthForm.tsx
  12:8   error  No rule allowing this dependency was found. File is of type 'feature/admin'. Dependency is of type 'other'  boundaries/element-types
  25:8   error  No rule allowing this dependency was found. File is of type 'feature/admin'. Dependency is of type 'other'  boundaries/element-types
  26:42  error  No rule allowing this dependency was found. File is of type 'feature/admin'. Dependency is of type 'other'  boundaries/element-types

/Users/ryan/projects/metabase/frontend/src/metabase/admin/settings/components/ApiKeys/CreateApiKeyModal.tsx
   4:41  error  No rule allowing this dependency was found. File is of type 'feature/admin'. Dependency is of type 'other'  boundaries/element-types
  12:8   error  No rule allowing this dependency was found. File is of type 'feature/admin'. Dependency is of type 'other'  boundaries/element-types
  13:51  error  No rule allowing this dependency was found. File is of type 'feature/admin'. Dependency is of type 'other'  boundaries/element-types

/Users/ryan/projects/metabase/frontend/src/metabase/admin/settings/components/ApiKeys/DeleteApiKeyModal.tsx
   4:41  error  No rule allowing this dependency was found. File is of type 'feature/admin'. Dependency is of type 'other'  boundaries/element-types
  10:8   error  No rule allowing this dependency was found. File is of type 'feature/admin'. Dependency is of type 'other'  boundaries/element-types
  11:51  error  No rule allowing this dependency was found. File is of type 'feature/admin'. Dependency is of type 'other'  boundaries/element-types

/Users/ryan/projects/metabase/frontend/src/metabase/admin/settings/components/ApiKeys/EditApiKeyModal.tsx
   7:8   error  No rule allowing this dependency was found. File is of type 'feature/admin'. Dependency is of type 'other'  boundaries/element-types
  15:8   error  No rule allowing this dependency was found. File is of type 'feature/admin'. Dependency is of type 'other'  boundaries/element-types
  16:51  error  No rule allowing this dependency was found. File is of type 'feature/admin'. Dependency is of type 'other'  boundaries/element-types
  17:35  error  No rule allowing this dependency was found. File is of type 'feature/admin'. Dependency is of type 'other'  boundaries/element-types

/Users/ryan/projects/metabase/frontend/src/metabase/admin/settings/components/ApiKeys/ManageApiKeys.tsx
   8:37  error  No rule allowing this dependency was found. File is of type 'feature/admin'. Dependency is of type 'other'  boundaries/element-types
  12:16  error  No rule allowing this dependency was found. File is of type 'feature/admin'. Dependency is of type 'other'  boundaries/element-types
  14:57  error  No rule allowing this dependency was found. File is of type 'feature/admin'. Dependency is of type 'other'  boundaries/element-types
  15:35  error  No rule allowing this dependency was found. File is of type 'feature/admin'. Dependency is of type 'other'  boundaries/element-types

/Users/ryan/projects/metabase/frontend/src/metabase/admin/settings/components/ApiKeys/SecretKeyModal.tsx
  4:16  error  No rule allowing this dependency was found. File is of type 'feature/admin'. Dependency is of type 'other'  boundaries/element-types
  5:63  error  No rule allowing this dependency was found. File is of type 'feature/admin'. Dependency is of type 'other'  boundaries/element-types
  6:35  error  No rule allowing this dependency was found. File is of type 'feature/admin'. Dependency is of type 'other'  boundaries/element-types

/Users/ryan/projects/metabase/frontend/src/metabase/admin/settings/components/CloudPanel/CloudPanel.tsx
   6:8   error  No rule allowing this dependency was found. File is of type 'feature/admin'. Dependency is of type 'other'  boundaries/element-types
  10:37  error  No rule allowing this dependency was found. File is of type 'feature/admin'. Dependency is of type 'other'  boundaries/element-types
  11:21  error  No rule allowing this dependency was found. File is of type 'feature/admin'. Dependency is of type 'other'  boundaries/element-types

/Users/ryan/projects/metabase/frontend/src/metabase/admin/settings/components/CloudPanel/MigrationCreationError.tsx
  5:39  error  No rule allowing this dependency was found. File is of type 'feature/admin'. Dependency is of type 'other'  boundaries/element-types

/Users/ryan/projects/metabase/frontend/src/metabase/admin/settings/components/CloudPanel/MigrationError.tsx
  5:39  error  No rule allowing this dependency was found. File is of type 'feature/admin'. Dependency is of type 'other'  boundaries/element-types

/Users/ryan/projects/metabase/frontend/src/metabase/admin/settings/components/CloudPanel/MigrationInProgress.tsx
   4:49  error  No rule allowing this dependency was found. File is of type 'feature/admin'. Dependency is of type 'other'  boundaries/element-types
   9:25  error  No rule allowing this dependency was found. File is of type 'feature/admin'. Dependency is of type 'other'  boundaries/element-types
  19:8   error  No rule allowing this dependency was found. File is of type 'feature/admin'. Dependency is of type 'other'  boundaries/element-types

/Users/ryan/projects/metabase/frontend/src/metabase/admin/settings/components/CloudPanel/MigrationStart.tsx
  6:48  error  No rule allowing this dependency was found. File is of type 'feature/admin'. Dependency is of type 'other'  boundaries/element-types

/Users/ryan/projects/metabase/frontend/src/metabase/admin/settings/components/CloudPanel/MigrationSuccess.tsx
  5:47  error  No rule allowing this dependency was found. File is of type 'feature/admin'. Dependency is of type 'other'  boundaries/element-types

/Users/ryan/projects/metabase/frontend/src/metabase/admin/settings/components/Email/BaseSMTPConnectionForm.tsx
  10:8   error  No rule allowing this dependency was found. File is of type 'feature/admin'. Dependency is of type 'other'  boundaries/element-types
  19:8   error  No rule allowing this dependency was found. File is of type 'feature/admin'. Dependency is of type 'other'  boundaries/element-types
  21:55  error  No rule allowing this dependency was found. File is of type 'feature/admin'. Dependency is of type 'other'  boundaries/element-types

/Users/ryan/projects/metabase/frontend/src/metabase/admin/settings/components/Email/SMTPConnectionCard/SMTPConnectionCard.tsx
  2:38  error  No rule allowing this dependency was found. File is of type 'feature/admin'. Dependency is of type 'other'  boundaries/element-types

/Users/ryan/projects/metabase/frontend/src/metabase/admin/settings/components/Email/SelfHostedSMTPConnectionCard.tsx
  6:44  error  No rule allowing this dependency was found. File is of type 'feature/admin'. Dependency is of type 'other'  boundaries/element-types

/Users/ryan/projects/metabase/frontend/src/metabase/admin/settings/components/Email/SelfHostedSMTPConnectionForm.tsx
  6:8  error  No rule allowing this dependency was found. File is of type 'feature/admin'. Dependency is of type 'other'  boundaries/element-types

/Users/ryan/projects/metabase/frontend/src/metabase/admin/settings/components/Email/analytics.ts
  1:34  error  No rule allowing this dependency was found. File is of type 'feature/admin'. Dependency is of type 'other'  boundaries/element-types

/Users/ryan/projects/metabase/frontend/src/metabase/admin/settings/components/EmbeddingSettings/EmbeddingLegaleseModal/EmbeddingLegaleseModal.tsx
  5:43  error  No rule allowing this dependency was found. File is of type 'feature/admin'. Dependency is of type 'other'  boundaries/element-types
  6:67  error  No rule allowing this dependency was found. File is of type 'feature/admin'. Dependency is of type 'other'  boundaries/element-types

/Users/ryan/projects/metabase/frontend/src/metabase/admin/settings/components/EmbeddingSettings/EmbeddingSdkSettings/EmbeddingSdkSettings.tsx
  15:16  error  No rule allowing this dependency was found. File is of type 'feature/admin'. Dependency is of type 'other'  boundaries/element-types
  17:27  error  No rule allowing this dependency was found. File is of type 'feature/admin'. Dependency is of type 'other'  boundaries/element-types
  21:8   error  No rule allowing this dependency was found. File is of type 'feature/admin'. Dependency is of type 'other'  boundaries/element-types
  22:39  error  No rule allowing this dependency was found. File is of type 'feature/admin'. Dependency is of type 'other'  boundaries/element-types
  23:66  error  No rule allowing this dependency was found. File is of type 'feature/admin'. Dependency is of type 'other'  boundaries/element-types

/Users/ryan/projects/metabase/frontend/src/metabase/admin/settings/components/EmbeddingSettings/EmbeddingSecretKeyWidget.tsx
   9:25  error  No rule allowing this dependency was found. File is of type 'feature/admin'. Dependency is of type 'other'  boundaries/element-types
  10:35  error  No rule allowing this dependency was found. File is of type 'feature/admin'. Dependency is of type 'other'  boundaries/element-types

/Users/ryan/projects/metabase/frontend/src/metabase/admin/settings/components/EmbeddingSettings/EmbeddingSecuritySettings/EmbeddingAppSameSiteCookieDescription.tsx
  5:30  error  No rule allowing this dependency was found. File is of type 'feature/admin'. Dependency is of type 'other'  boundaries/element-types
  7:25  error  No rule allowing this dependency was found. File is of type 'feature/admin'. Dependency is of type 'other'  boundaries/element-types
  8:28  error  No rule allowing this dependency was found. File is of type 'feature/admin'. Dependency is of type 'other'  boundaries/element-types
  9:42  error  No rule allowing this dependency was found. File is of type 'feature/admin'. Dependency is of type 'other'  boundaries/element-types

/Users/ryan/projects/metabase/frontend/src/metabase/admin/settings/components/EmbeddingSettings/EmbeddingSecuritySettings/SameSiteSelectWidget.tsx
  7:61  error  No rule allowing this dependency was found. File is of type 'feature/admin'. Dependency is of type 'other'  boundaries/element-types

/Users/ryan/projects/metabase/frontend/src/metabase/admin/settings/components/EmbeddingSettings/EmbeddingSettingsCard.tsx
  11:8  error  No rule allowing this dependency was found. File is of type 'feature/admin'. Dependency is of type 'other'  boundaries/element-types

/Users/ryan/projects/metabase/frontend/src/metabase/admin/settings/components/EmbeddingSettings/EmbeddingToggle/EmbeddingToggle.tsx
  7:48  error  No rule allowing this dependency was found. File is of type 'feature/admin'. Dependency is of type 'other'  boundaries/element-types

/Users/ryan/projects/metabase/frontend/src/metabase/admin/settings/components/EmbeddingSettings/InteractiveEmbeddingUpsellPage/InteractiveEmbeddingUpsellPage.tsx
   9:40  error  No rule allowing this dependency was found. File is of type 'feature/admin'. Dependency is of type 'other'  boundaries/element-types
  10:53  error  No rule allowing this dependency was found. File is of type 'feature/admin'. Dependency is of type 'other'  boundaries/element-types

/Users/ryan/projects/metabase/frontend/src/metabase/admin/settings/components/EmbeddingSettings/LinkButton/LinkButton.tsx
  3:42  error  No rule allowing this dependency was found. File is of type 'feature/admin'. Dependency is of type 'other'  boundaries/element-types

/Users/ryan/projects/metabase/frontend/src/metabase/admin/settings/components/EmbeddingSettings/StaticEmbeddingSettings.tsx
  13:44  error  No rule allowing this dependency was found. File is of type 'feature/admin'. Dependency is of type 'other'  boundaries/element-types
  14:21  error  No rule allowing this dependency was found. File is of type 'feature/admin'. Dependency is of type 'other'  boundaries/element-types

/Users/ryan/projects/metabase/frontend/src/metabase/admin/settings/components/GeneralSettings/DevInstanceBanner.tsx
  4:43  error  No rule allowing this dependency was found. File is of type 'feature/admin'. Dependency is of type 'other'  boundaries/element-types

/Users/ryan/projects/metabase/frontend/src/metabase/admin/settings/components/LicenseInput/LicenseInput.tsx
  5:41  error  No rule allowing this dependency was found. File is of type 'feature/admin'. Dependency is of type 'other'  boundaries/element-types

/Users/ryan/projects/metabase/frontend/src/metabase/admin/settings/components/SettingHeader/SettingHeader.tsx
  3:42  error  No rule allowing this dependency was found. File is of type 'feature/admin'. Dependency is of type 'other'  boundaries/element-types
  4:27  error  No rule allowing this dependency was found. File is of type 'feature/admin'. Dependency is of type 'other'  boundaries/element-types

/Users/ryan/projects/metabase/frontend/src/metabase/admin/settings/components/SettingsLdapForm.tsx
  17:8   error  No rule allowing this dependency was found. File is of type 'feature/admin'. Dependency is of type 'other'  boundaries/element-types
  27:8   error  No rule allowing this dependency was found. File is of type 'feature/admin'. Dependency is of type 'other'  boundaries/element-types
  28:41  error  No rule allowing this dependency was found. File is of type 'feature/admin'. Dependency is of type 'other'  boundaries/element-types
  29:57  error  No rule allowing this dependency was found. File is of type 'feature/admin'. Dependency is of type 'other'  boundaries/element-types

/Users/ryan/projects/metabase/frontend/src/metabase/admin/settings/components/SettingsLicense/SettingsLicense.tsx
  6:31  error  No rule allowing this dependency was found. File is of type 'feature/admin'. Dependency is of type 'other'  boundaries/element-types
  7:50  error  No rule allowing this dependency was found. File is of type 'feature/admin'. Dependency is of type 'other'  boundaries/element-types

/Users/ryan/projects/metabase/frontend/src/metabase/admin/settings/components/SettingsNav/SettingsNav.tsx
  13:36  error  No rule allowing this dependency was found. File is of type 'feature/admin'. Dependency is of type 'other'  boundaries/element-types
  14:29  error  No rule allowing this dependency was found. File is of type 'feature/admin'. Dependency is of type 'other'  boundaries/element-types
  15:31  error  No rule allowing this dependency was found. File is of type 'feature/admin'. Dependency is of type 'other'  boundaries/element-types

/Users/ryan/projects/metabase/frontend/src/metabase/admin/settings/components/SettingsNav/UpdatesNavItem.tsx
  4:40  error  No rule allowing this dependency was found. File is of type 'feature/admin'. Dependency is of type 'other'  boundaries/element-types
  6:37  error  No rule allowing this dependency was found. File is of type 'feature/admin'. Dependency is of type 'other'  boundaries/element-types
  7:27  error  No rule allowing this dependency was found. File is of type 'feature/admin'. Dependency is of type 'other'  boundaries/element-types

/Users/ryan/projects/metabase/frontend/src/metabase/admin/settings/components/SettingsPages/AppearanceSettingsPage.tsx
  3:35  error  No rule allowing this dependency was found. File is of type 'feature/admin'. Dependency is of type 'other'  boundaries/element-types

/Users/ryan/projects/metabase/frontend/src/metabase/admin/settings/components/SettingsPages/AuthenticationSettingsPage.tsx
  5:37  error  No rule allowing this dependency was found. File is of type 'feature/admin'. Dependency is of type 'other'  boundaries/element-types
  7:39  error  No rule allowing this dependency was found. File is of type 'feature/admin'. Dependency is of type 'other'  boundaries/element-types
  8:34  error  No rule allowing this dependency was found. File is of type 'feature/admin'. Dependency is of type 'other'  boundaries/element-types

/Users/ryan/projects/metabase/frontend/src/metabase/admin/settings/components/SettingsPages/CloudSettingsPage.tsx
  9:27  error  No rule allowing this dependency was found. File is of type 'feature/admin'. Dependency is of type 'other'  boundaries/element-types

/Users/ryan/projects/metabase/frontend/src/metabase/admin/settings/components/SettingsPages/EmailSettingsPage.tsx
   8:37  error  No rule allowing this dependency was found. File is of type 'feature/admin'. Dependency is of type 'other'  boundaries/element-types
  11:24  error  No rule allowing this dependency was found. File is of type 'feature/admin'. Dependency is of type 'other'  boundaries/element-types

/Users/ryan/projects/metabase/frontend/src/metabase/admin/settings/components/SettingsPages/GeneralSettingsPage.tsx
  10:61  error  No rule allowing this dependency was found. File is of type 'feature/admin'. Dependency is of type 'other'  boundaries/element-types

/Users/ryan/projects/metabase/frontend/src/metabase/admin/settings/components/SettingsPages/LicenseSettingsPage.tsx
  1:27  error  No rule allowing this dependency was found. File is of type 'feature/admin'. Dependency is of type 'other'  boundaries/element-types
  2:39  error  No rule allowing this dependency was found. File is of type 'feature/admin'. Dependency is of type 'other'  boundaries/element-types

/Users/ryan/projects/metabase/frontend/src/metabase/admin/settings/components/SettingsPages/LocalizationSettingsPage.tsx
  11:36  error  No rule allowing this dependency was found. File is of type 'feature/admin'. Dependency is of type 'other'  boundaries/element-types
  12:23  error  No rule allowing this dependency was found. File is of type 'feature/admin'. Dependency is of type 'other'  boundaries/element-types

/Users/ryan/projects/metabase/frontend/src/metabase/admin/settings/components/SettingsPages/NotificationSettingsPage.tsx
   9:38  error  No rule allowing this dependency was found. File is of type 'feature/admin'. Dependency is of type 'other'  boundaries/element-types
  20:8   error  No rule allowing this dependency was found. File is of type 'feature/admin'. Dependency is of type 'other'  boundaries/element-types

/Users/ryan/projects/metabase/frontend/src/metabase/admin/settings/components/SettingsPages/PublicSharingSettingsPage.tsx
  8:39  error  No rule allowing this dependency was found. File is of type 'feature/admin'. Dependency is of type 'other'  boundaries/element-types

/Users/ryan/projects/metabase/frontend/src/metabase/admin/settings/components/SettingsPages/UpdatesSettingsPage.tsx
  11:16  error  No rule allowing this dependency was found. File is of type 'feature/admin'. Dependency is of type 'other'  boundaries/element-types

/Users/ryan/projects/metabase/frontend/src/metabase/admin/settings/components/SettingsPages/UploadSettingsPage.tsx
  8:42  error  No rule allowing this dependency was found. File is of type 'feature/admin'. Dependency is of type 'other'  boundaries/element-types
  9:27  error  No rule allowing this dependency was found. File is of type 'feature/admin'. Dependency is of type 'other'  boundaries/element-types

/Users/ryan/projects/metabase/frontend/src/metabase/admin/settings/components/UploadSettings/UploadSettingsForm.tsx
   9:8   error  No rule allowing this dependency was found. File is of type 'feature/admin'. Dependency is of type 'other'  boundaries/element-types
  17:16  error  No rule allowing this dependency was found. File is of type 'feature/admin'. Dependency is of type 'other'  boundaries/element-types
  29:8   error  No rule allowing this dependency was found. File is of type 'feature/admin'. Dependency is of type 'other'  boundaries/element-types

/Users/ryan/projects/metabase/frontend/src/metabase/admin/settings/components/widgets/AdminSettingInput.tsx
  17:8  error  No rule allowing this dependency was found. File is of type 'feature/admin'. Dependency is of type 'other'  boundaries/element-types

/Users/ryan/projects/metabase/frontend/src/metabase/admin/settings/components/widgets/AnonymousTrackingInput.tsx
  4:23  error  No rule allowing this dependency was found. File is of type 'feature/admin'. Dependency is of type 'other'  boundaries/element-types

/Users/ryan/projects/metabase/frontend/src/metabase/admin/settings/components/widgets/CustomGeoJSONWidget.tsx
   6:41  error  No rule allowing this dependency was found. File is of type 'feature/admin'. Dependency is of type 'other'  boundaries/element-types
  13:20  error  No rule allowing this dependency was found. File is of type 'feature/admin'. Dependency is of type 'other'  boundaries/element-types
  14:22  error  No rule allowing this dependency was found. File is of type 'feature/admin'. Dependency is of type 'other'  boundaries/element-types
  15:16  error  No rule allowing this dependency was found. File is of type 'feature/admin'. Dependency is of type 'other'  boundaries/element-types
  16:22  error  No rule allowing this dependency was found. File is of type 'feature/admin'. Dependency is of type 'other'  boundaries/element-types
  17:44  error  No rule allowing this dependency was found. File is of type 'feature/admin'. Dependency is of type 'other'  boundaries/element-types

/Users/ryan/projects/metabase/frontend/src/metabase/admin/settings/components/widgets/CustomHomepageDashboardSetting.tsx
  6:36  error  No rule allowing this dependency was found. File is of type 'feature/admin'. Dependency is of type 'other'  boundaries/element-types
  7:23  error  No rule allowing this dependency was found. File is of type 'feature/admin'. Dependency is of type 'other'  boundaries/element-types

/Users/ryan/projects/metabase/frontend/src/metabase/admin/settings/components/widgets/EmailFromAddressWidget.tsx
  6:38  error  No rule allowing this dependency was found. File is of type 'feature/admin'. Dependency is of type 'other'  boundaries/element-types

/Users/ryan/projects/metabase/frontend/src/metabase/admin/settings/components/widgets/EmailReplyToWidget.tsx
  5:23  error  No rule allowing this dependency was found. File is of type 'feature/admin'. Dependency is of type 'other'  boundaries/element-types

/Users/ryan/projects/metabase/frontend/src/metabase/admin/settings/components/widgets/FormattingWidget.tsx
  13:8   error  No rule allowing this dependency was found. File is of type 'feature/admin'. Dependency is of type 'other'  boundaries/element-types
  14:57  error  No rule allowing this dependency was found. File is of type 'feature/admin'. Dependency is of type 'other'  boundaries/element-types

/Users/ryan/projects/metabase/frontend/src/metabase/admin/settings/components/widgets/GroupMappingsWidget/AddMappingRow/AddMappingRow.tsx
  6:35  error  No rule allowing this dependency was found. File is of type 'feature/admin'. Dependency is of type 'other'  boundaries/element-types
  8:16  error  No rule allowing this dependency was found. File is of type 'feature/admin'. Dependency is of type 'other'  boundaries/element-types

/Users/ryan/projects/metabase/frontend/src/metabase/admin/settings/components/widgets/GroupMappingsWidget/DeleteGroupMappingModal/DeleteGroupMappingModal.tsx
   7:8   error  No rule allowing this dependency was found. File is of type 'feature/admin'. Dependency is of type 'other'  boundaries/element-types
  12:16  error  No rule allowing this dependency was found. File is of type 'feature/admin'. Dependency is of type 'other'  boundaries/element-types

/Users/ryan/projects/metabase/frontend/src/metabase/admin/settings/components/widgets/GroupMappingsWidget/GroupMappingsWidget.tsx
  4:19  error  No rule allowing this dependency was found. File is of type 'feature/admin'. Dependency is of type 'other'  boundaries/element-types
  6:28  error  No rule allowing this dependency was found. File is of type 'feature/admin'. Dependency is of type 'other'  boundaries/element-types

/Users/ryan/projects/metabase/frontend/src/metabase/admin/settings/components/widgets/GroupMappingsWidget/GroupMappingsWidgetView.jsx
   9:16  error  No rule allowing this dependency was found. File is of type 'feature/admin'. Dependency is of type 'other'  boundaries/element-types
  10:28  error  No rule allowing this dependency was found. File is of type 'feature/admin'. Dependency is of type 'other'  boundaries/element-types
  11:32  error  No rule allowing this dependency was found. File is of type 'feature/admin'. Dependency is of type 'other'  boundaries/element-types
  12:31  error  No rule allowing this dependency was found. File is of type 'feature/admin'. Dependency is of type 'other'  boundaries/element-types

/Users/ryan/projects/metabase/frontend/src/metabase/admin/settings/components/widgets/GroupMappingsWidget/GroupSelect/GroupSelect.tsx
   9:8   error  No rule allowing this dependency was found. File is of type 'feature/admin'. Dependency is of type 'other'  boundaries/element-types
  12:16  error  No rule allowing this dependency was found. File is of type 'feature/admin'. Dependency is of type 'other'  boundaries/element-types
  19:8   error  No rule allowing this dependency was found. File is of type 'feature/admin'. Dependency is of type 'other'  boundaries/element-types
  20:27  error  No rule allowing this dependency was found. File is of type 'feature/admin'. Dependency is of type 'other'  boundaries/element-types
  21:22  error  No rule allowing this dependency was found. File is of type 'feature/admin'. Dependency is of type 'other'  boundaries/element-types

/Users/ryan/projects/metabase/frontend/src/metabase/admin/settings/components/widgets/GroupMappingsWidget/MappingRow/MappingRow.tsx
  11:8   error  No rule allowing this dependency was found. File is of type 'feature/admin'. Dependency is of type 'other'  boundaries/element-types
  13:20  error  No rule allowing this dependency was found. File is of type 'feature/admin'. Dependency is of type 'other'  boundaries/element-types
  14:16  error  No rule allowing this dependency was found. File is of type 'feature/admin'. Dependency is of type 'other'  boundaries/element-types
  15:30  error  No rule allowing this dependency was found. File is of type 'feature/admin'. Dependency is of type 'other'  boundaries/element-types
  16:31  error  No rule allowing this dependency was found. File is of type 'feature/admin'. Dependency is of type 'other'  boundaries/element-types

/Users/ryan/projects/metabase/frontend/src/metabase/admin/settings/components/widgets/HttpsOnlyWidget.tsx
  6:34  error  No rule allowing this dependency was found. File is of type 'feature/admin'. Dependency is of type 'other'  boundaries/element-types

/Users/ryan/projects/metabase/frontend/src/metabase/admin/settings/components/widgets/ModelCachingScheduleWidget/ModelCachingScheduleWidget.tsx
  5:43  error  No rule allowing this dependency was found. File is of type 'feature/admin'. Dependency is of type 'other'  boundaries/element-types
  6:44  error  No rule allowing this dependency was found. File is of type 'feature/admin'. Dependency is of type 'other'  boundaries/element-types

/Users/ryan/projects/metabase/frontend/src/metabase/admin/settings/components/widgets/Notifications/CreateWebhookModal.tsx
  3:42  error  No rule allowing this dependency was found. File is of type 'feature/admin'. Dependency is of type 'other'  boundaries/element-types
  4:23  error  No rule allowing this dependency was found. File is of type 'feature/admin'. Dependency is of type 'other'  boundaries/element-types

/Users/ryan/projects/metabase/frontend/src/metabase/admin/settings/components/widgets/Notifications/EditWebhookModal.tsx
  7:8   error  No rule allowing this dependency was found. File is of type 'feature/admin'. Dependency is of type 'other'  boundaries/element-types
  8:23  error  No rule allowing this dependency was found. File is of type 'feature/admin'. Dependency is of type 'other'  boundaries/element-types

/Users/ryan/projects/metabase/frontend/src/metabase/admin/settings/components/widgets/Notifications/WebhookForm.tsx
   6:40  error  No rule allowing this dependency was found. File is of type 'feature/admin'. Dependency is of type 'other'  boundaries/element-types
  15:8   error  No rule allowing this dependency was found. File is of type 'feature/admin'. Dependency is of type 'other'  boundaries/element-types
  18:28  error  No rule allowing this dependency was found. File is of type 'feature/admin'. Dependency is of type 'other'  boundaries/element-types
  30:8   error  No rule allowing this dependency was found. File is of type 'feature/admin'. Dependency is of type 'other'  boundaries/element-types

/Users/ryan/projects/metabase/frontend/src/metabase/admin/settings/components/widgets/PublicLinksListing/EmbeddedResources.tsx
  6:8   error  No rule allowing this dependency was found. File is of type 'feature/admin'. Dependency is of type 'other'  boundaries/element-types
  8:23  error  No rule allowing this dependency was found. File is of type 'feature/admin'. Dependency is of type 'other'  boundaries/element-types

/Users/ryan/projects/metabase/frontend/src/metabase/admin/settings/components/widgets/PublicLinksListing/PublicLinksListing.tsx
   8:20  error  No rule allowing this dependency was found. File is of type 'feature/admin'. Dependency is of type 'other'  boundaries/element-types
   9:16  error  No rule allowing this dependency was found. File is of type 'feature/admin'. Dependency is of type 'other'  boundaries/element-types
  10:53  error  No rule allowing this dependency was found. File is of type 'feature/admin'. Dependency is of type 'other'  boundaries/element-types

/Users/ryan/projects/metabase/frontend/src/metabase/admin/settings/components/widgets/PublicLinksListing/PublicResources.tsx
  10:8  error  No rule allowing this dependency was found. File is of type 'feature/admin'. Dependency is of type 'other'  boundaries/element-types

/Users/ryan/projects/metabase/frontend/src/metabase/admin/settings/components/widgets/SendTestEmailWidget.tsx
  3:42  error  No rule allowing this dependency was found. File is of type 'feature/admin'. Dependency is of type 'other'  boundaries/element-types
  6:30  error  No rule allowing this dependency was found. File is of type 'feature/admin'. Dependency is of type 'other'  boundaries/element-types

/Users/ryan/projects/metabase/frontend/src/metabase/admin/settings/components/widgets/SiteUrlWidget.tsx
  8:27  error  No rule allowing this dependency was found. File is of type 'feature/admin'. Dependency is of type 'other'  boundaries/element-types

/Users/ryan/projects/metabase/frontend/src/metabase/admin/settings/components/widgets/VersionUpdateNotice/VersionUpdateNotice.tsx
   5:40  error  No rule allowing this dependency was found. File is of type 'feature/admin'. Dependency is of type 'other'  boundaries/element-types
   7:22  error  No rule allowing this dependency was found. File is of type 'feature/admin'. Dependency is of type 'other'  boundaries/element-types
   8:16  error  No rule allowing this dependency was found. File is of type 'feature/admin'. Dependency is of type 'other'  boundaries/element-types
  10:54  error  No rule allowing this dependency was found. File is of type 'feature/admin'. Dependency is of type 'other'  boundaries/element-types
  11:22  error  No rule allowing this dependency was found. File is of type 'feature/admin'. Dependency is of type 'other'  boundaries/element-types

/Users/ryan/projects/metabase/frontend/src/metabase/admin/settings/settings.js
  7:37  error  No rule allowing this dependency was found. File is of type 'feature/admin'. Dependency is of type 'other'  boundaries/element-types
  8:29  error  No rule allowing this dependency was found. File is of type 'feature/admin'. Dependency is of type 'other'  boundaries/element-types

/Users/ryan/projects/metabase/frontend/src/metabase/admin/settings/slack/SlackBadge.tsx
  3:35  error  No rule allowing this dependency was found. File is of type 'feature/admin'. Dependency is of type 'other'  boundaries/element-types

/Users/ryan/projects/metabase/frontend/src/metabase/admin/settings/slack/SlackSettingsModal.tsx
  5:23  error  No rule allowing this dependency was found. File is of type 'feature/admin'. Dependency is of type 'other'  boundaries/element-types

/Users/ryan/projects/metabase/frontend/src/metabase/admin/settings/slack/SlackSetup.tsx
  4:42  error  No rule allowing this dependency was found. File is of type 'feature/admin'. Dependency is of type 'other'  boundaries/element-types
  8:56  error  No rule allowing this dependency was found. File is of type 'feature/admin'. Dependency is of type 'other'  boundaries/element-types

/Users/ryan/projects/metabase/frontend/src/metabase/admin/settings/slack/SlackSetupForm.tsx
   4:48  error  No rule allowing this dependency was found. File is of type 'feature/admin'. Dependency is of type 'other'  boundaries/element-types
  12:8   error  No rule allowing this dependency was found. File is of type 'feature/admin'. Dependency is of type 'other'  boundaries/element-types
  14:29  error  No rule allowing this dependency was found. File is of type 'feature/admin'. Dependency is of type 'other'  boundaries/element-types

/Users/ryan/projects/metabase/frontend/src/metabase/admin/settings/slack/SlackStatus.tsx
   8:8   error  No rule allowing this dependency was found. File is of type 'feature/admin'. Dependency is of type 'other'  boundaries/element-types
  12:48  error  No rule allowing this dependency was found. File is of type 'feature/admin'. Dependency is of type 'other'  boundaries/element-types

/Users/ryan/projects/metabase/frontend/src/metabase/admin/settings/tests/setup.tsx
  21:35  error  No rule allowing this dependency was found. File is of type 'feature/admin'. Dependency is of type 'other'  boundaries/element-types

/Users/ryan/projects/metabase/frontend/src/metabase/admin/settingsRoutes.tsx
  11:32  error  No rule allowing this dependency was found. File is of type 'other'. Dependency is of type 'feature/admin'  boundaries/element-types
  12:34  error  No rule allowing this dependency was found. File is of type 'other'. Dependency is of type 'feature/admin'  boundaries/element-types
  13:29  error  No rule allowing this dependency was found. File is of type 'other'. Dependency is of type 'feature/admin'  boundaries/element-types
  14:40  error  No rule allowing this dependency was found. File is of type 'other'. Dependency is of type 'feature/admin'  boundaries/element-types
  15:44  error  No rule allowing this dependency was found. File is of type 'other'. Dependency is of type 'feature/admin'  boundaries/element-types
  16:35  error  No rule allowing this dependency was found. File is of type 'other'. Dependency is of type 'feature/admin'  boundaries/element-types
  17:35  error  No rule allowing this dependency was found. File is of type 'other'. Dependency is of type 'feature/admin'  boundaries/element-types
  18:37  error  No rule allowing this dependency was found. File is of type 'other'. Dependency is of type 'feature/admin'  boundaries/element-types
  19:37  error  No rule allowing this dependency was found. File is of type 'other'. Dependency is of type 'feature/admin'  boundaries/element-types
  20:42  error  No rule allowing this dependency was found. File is of type 'other'. Dependency is of type 'feature/admin'  boundaries/element-types
  21:34  error  No rule allowing this dependency was found. File is of type 'other'. Dependency is of type 'feature/admin'  boundaries/element-types
  22:42  error  No rule allowing this dependency was found. File is of type 'other'. Dependency is of type 'feature/admin'  boundaries/element-types
  23:43  error  No rule allowing this dependency was found. File is of type 'other'. Dependency is of type 'feature/admin'  boundaries/element-types
  24:37  error  No rule allowing this dependency was found. File is of type 'other'. Dependency is of type 'feature/admin'  boundaries/element-types
  25:36  error  No rule allowing this dependency was found. File is of type 'other'. Dependency is of type 'feature/admin'  boundaries/element-types

/Users/ryan/projects/metabase/frontend/src/metabase/admin/tools/components/Help/Help.tsx
  16:16  error  No rule allowing this dependency was found. File is of type 'feature/admin'. Dependency is of type 'other'  boundaries/element-types
  18:32  error  No rule allowing this dependency was found. File is of type 'feature/admin'. Dependency is of type 'other'  boundaries/element-types
  19:31  error  No rule allowing this dependency was found. File is of type 'feature/admin'. Dependency is of type 'other'  boundaries/element-types
  20:25  error  No rule allowing this dependency was found. File is of type 'feature/admin'. Dependency is of type 'other'  boundaries/element-types
  21:28  error  No rule allowing this dependency was found. File is of type 'feature/admin'. Dependency is of type 'other'  boundaries/element-types

/Users/ryan/projects/metabase/frontend/src/metabase/admin/tools/components/JobInfoApp.jsx
  10:38  error  No rule allowing this dependency was found. File is of type 'feature/admin'. Dependency is of type 'other'  boundaries/element-types
  13:20  error  No rule allowing this dependency was found. File is of type 'feature/admin'. Dependency is of type 'other'  boundaries/element-types
  14:16  error  No rule allowing this dependency was found. File is of type 'feature/admin'. Dependency is of type 'other'  boundaries/element-types
  16:29  error  No rule allowing this dependency was found. File is of type 'feature/admin'. Dependency is of type 'other'  boundaries/element-types

/Users/ryan/projects/metabase/frontend/src/metabase/admin/tools/components/JobTriggersModal.jsx
   6:38  error  No rule allowing this dependency was found. File is of type 'feature/admin'. Dependency is of type 'other'  boundaries/element-types
   9:20  error  No rule allowing this dependency was found. File is of type 'feature/admin'. Dependency is of type 'other'  boundaries/element-types
  10:16  error  No rule allowing this dependency was found. File is of type 'feature/admin'. Dependency is of type 'other'  boundaries/element-types

/Users/ryan/projects/metabase/frontend/src/metabase/admin/tools/components/LogLevelsModal/DurationInput.tsx
  4:45  error  No rule allowing this dependency was found. File is of type 'feature/admin'. Dependency is of type 'other'  boundaries/element-types
  5:35  error  No rule allowing this dependency was found. File is of type 'feature/admin'. Dependency is of type 'other'  boundaries/element-types

/Users/ryan/projects/metabase/frontend/src/metabase/admin/tools/components/LogLevelsModal/LogLevelsForm.tsx
  6:58  error  No rule allowing this dependency was found. File is of type 'feature/admin'. Dependency is of type 'other'  boundaries/element-types
  7:56  error  No rule allowing this dependency was found. File is of type 'feature/admin'. Dependency is of type 'other'  boundaries/element-types

/Users/ryan/projects/metabase/frontend/src/metabase/admin/tools/components/LogLevelsModal/LogLevelsModal.tsx
   8:8   error  No rule allowing this dependency was found. File is of type 'feature/admin'. Dependency is of type 'other'  boundaries/element-types
  11:30  error  No rule allowing this dependency was found. File is of type 'feature/admin'. Dependency is of type 'other'  boundaries/element-types

/Users/ryan/projects/metabase/frontend/src/metabase/admin/tools/components/LogLevelsModal/PresetPicker.tsx
  3:36  error  No rule allowing this dependency was found. File is of type 'feature/admin'. Dependency is of type 'other'  boundaries/element-types

/Users/ryan/projects/metabase/frontend/src/metabase/admin/tools/components/Logs/Logs.tsx
  15:32  error  No rule allowing this dependency was found. File is of type 'feature/admin'. Dependency is of type 'other'  boundaries/element-types
  16:47  error  No rule allowing this dependency was found. File is of type 'feature/admin'. Dependency is of type 'other'  boundaries/element-types

/Users/ryan/projects/metabase/frontend/src/metabase/admin/tools/components/Logs/hooks.ts
  6:25  error  No rule allowing this dependency was found. File is of type 'feature/admin'. Dependency is of type 'other'  boundaries/element-types

/Users/ryan/projects/metabase/frontend/src/metabase/admin/tools/components/ModelCacheRefreshJobs/ModelCacheRefreshJobModal.tsx
   9:22  error  No rule allowing this dependency was found. File is of type 'feature/admin'. Dependency is of type 'other'  boundaries/element-types
  10:29  error  No rule allowing this dependency was found. File is of type 'feature/admin'. Dependency is of type 'other'  boundaries/element-types

/Users/ryan/projects/metabase/frontend/src/metabase/admin/tools/components/ModelCacheRefreshJobs/ModelCacheRefreshJobs.tsx
  11:43  error  No rule allowing this dependency was found. File is of type 'feature/admin'. Dependency is of type 'other'  boundaries/element-types
  18:20  error  No rule allowing this dependency was found. File is of type 'feature/admin'. Dependency is of type 'other'  boundaries/element-types
  19:16  error  No rule allowing this dependency was found. File is of type 'feature/admin'. Dependency is of type 'other'  boundaries/element-types
  20:29  error  No rule allowing this dependency was found. File is of type 'feature/admin'. Dependency is of type 'other'  boundaries/element-types
  21:28  error  No rule allowing this dependency was found. File is of type 'feature/admin'. Dependency is of type 'other'  boundaries/element-types
  24:31  error  No rule allowing this dependency was found. File is of type 'feature/admin'. Dependency is of type 'other'  boundaries/element-types

/Users/ryan/projects/metabase/frontend/src/metabase/admin/tools/components/TaskModal/TaskModal.tsx
   5:33  error  No rule allowing this dependency was found. File is of type 'feature/admin'. Dependency is of type 'other'  boundaries/element-types
  10:32  error  No rule allowing this dependency was found. File is of type 'feature/admin'. Dependency is of type 'other'  boundaries/element-types
  11:41  error  No rule allowing this dependency was found. File is of type 'feature/admin'. Dependency is of type 'other'  boundaries/element-types

/Users/ryan/projects/metabase/frontend/src/metabase/admin/tools/components/TaskPicker/TaskPicker.tsx
  4:41  error  No rule allowing this dependency was found. File is of type 'feature/admin'. Dependency is of type 'other'  boundaries/element-types
  5:42  error  No rule allowing this dependency was found. File is of type 'feature/admin'. Dependency is of type 'other'  boundaries/element-types

/Users/ryan/projects/metabase/frontend/src/metabase/admin/tools/components/TaskStatusPicker/TaskStatusPicker.tsx
  4:42  error  No rule allowing this dependency was found. File is of type 'feature/admin'. Dependency is of type 'other'  boundaries/element-types

/Users/ryan/projects/metabase/frontend/src/metabase/admin/tools/components/TasksApp/TasksApp.tsx
  10:58  error  No rule allowing this dependency was found. File is of type 'feature/admin'. Dependency is of type 'other'  boundaries/element-types
  13:44  error  No rule allowing this dependency was found. File is of type 'feature/admin'. Dependency is of type 'other'  boundaries/element-types

/Users/ryan/projects/metabase/frontend/src/metabase/admin/tools/components/TasksApp/TasksTable.tsx
  10:20  error  No rule allowing this dependency was found. File is of type 'feature/admin'. Dependency is of type 'other'  boundaries/element-types
  11:16  error  No rule allowing this dependency was found. File is of type 'feature/admin'. Dependency is of type 'other'  boundaries/element-types
  13:27  error  No rule allowing this dependency was found. File is of type 'feature/admin'. Dependency is of type 'other'  boundaries/element-types

/Users/ryan/projects/metabase/frontend/src/metabase/admin/upsells/UpsellBetterSupport.tsx
  5:39  error  No rule allowing this dependency was found. File is of type 'feature/admin'. Dependency is of type 'other'  boundaries/element-types
  6:28  error  No rule allowing this dependency was found. File is of type 'feature/admin'. Dependency is of type 'other'  boundaries/element-types
  7:22  error  No rule allowing this dependency was found. File is of type 'feature/admin'. Dependency is of type 'other'  boundaries/element-types

/Users/ryan/projects/metabase/frontend/src/metabase/admin/upsells/UpsellCacheConfig.tsx
  4:39  error  No rule allowing this dependency was found. File is of type 'feature/admin'. Dependency is of type 'other'  boundaries/element-types
  5:21  error  No rule allowing this dependency was found. File is of type 'feature/admin'. Dependency is of type 'other'  boundaries/element-types

/Users/ryan/projects/metabase/frontend/src/metabase/admin/upsells/UpsellDevInstances.tsx
  4:22  error  No rule allowing this dependency was found. File is of type 'feature/admin'. Dependency is of type 'other'  boundaries/element-types

/Users/ryan/projects/metabase/frontend/src/metabase/admin/upsells/UpsellEmailWhitelabel.tsx
  5:29  error  No rule allowing this dependency was found. File is of type 'feature/admin'. Dependency is of type 'other'  boundaries/element-types

/Users/ryan/projects/metabase/frontend/src/metabase/admin/upsells/UpsellEmbedHomepage.tsx
  3:22  error  No rule allowing this dependency was found. File is of type 'feature/admin'. Dependency is of type 'other'  boundaries/element-types

/Users/ryan/projects/metabase/frontend/src/metabase/admin/upsells/UpsellEmbedJsCta.tsx
   5:27  error  No rule allowing this dependency was found. File is of type 'feature/admin'. Dependency is of type 'other'  boundaries/element-types
   9:8   error  No rule allowing this dependency was found. File is of type 'feature/admin'. Dependency is of type 'other'  boundaries/element-types
  13:8   error  No rule allowing this dependency was found. File is of type 'feature/admin'. Dependency is of type 'other'  boundaries/element-types
  14:39  error  No rule allowing this dependency was found. File is of type 'feature/admin'. Dependency is of type 'other'  boundaries/element-types
  15:21  error  No rule allowing this dependency was found. File is of type 'feature/admin'. Dependency is of type 'other'  boundaries/element-types

/Users/ryan/projects/metabase/frontend/src/metabase/admin/upsells/UpsellEmbeddingButton.tsx
  3:39  error  No rule allowing this dependency was found. File is of type 'feature/admin'. Dependency is of type 'other'  boundaries/element-types

/Users/ryan/projects/metabase/frontend/src/metabase/admin/upsells/UpsellHosting.tsx
  5:29  error  No rule allowing this dependency was found. File is of type 'feature/admin'. Dependency is of type 'other'  boundaries/element-types

/Users/ryan/projects/metabase/frontend/src/metabase/admin/upsells/UpsellMetabaseBanner.tsx
  4:39  error  No rule allowing this dependency was found. File is of type 'feature/admin'. Dependency is of type 'other'  boundaries/element-types

/Users/ryan/projects/metabase/frontend/src/metabase/admin/upsells/UpsellPerformanceTools.tsx
  4:39  error  No rule allowing this dependency was found. File is of type 'feature/admin'. Dependency is of type 'other'  boundaries/element-types

/Users/ryan/projects/metabase/frontend/src/metabase/admin/upsells/UpsellPermissions.tsx
  4:39  error  No rule allowing this dependency was found. File is of type 'feature/admin'. Dependency is of type 'other'  boundaries/element-types

/Users/ryan/projects/metabase/frontend/src/metabase/admin/upsells/UpsellSSO.tsx
  5:39  error  No rule allowing this dependency was found. File is of type 'feature/admin'. Dependency is of type 'other'  boundaries/element-types
  6:28  error  No rule allowing this dependency was found. File is of type 'feature/admin'. Dependency is of type 'other'  boundaries/element-types
  7:27  error  No rule allowing this dependency was found. File is of type 'feature/admin'. Dependency is of type 'other'  boundaries/element-types

/Users/ryan/projects/metabase/frontend/src/metabase/admin/upsells/UpsellSdkLink.tsx
   5:16  error  No rule allowing this dependency was found. File is of type 'feature/admin'. Dependency is of type 'other'  boundaries/element-types
   6:24  error  No rule allowing this dependency was found. File is of type 'feature/admin'. Dependency is of type 'other'  boundaries/element-types
   8:39  error  No rule allowing this dependency was found. File is of type 'feature/admin'. Dependency is of type 'other'  boundaries/element-types
   9:31  error  No rule allowing this dependency was found. File is of type 'feature/admin'. Dependency is of type 'other'  boundaries/element-types
  10:32  error  No rule allowing this dependency was found. File is of type 'feature/admin'. Dependency is of type 'other'  boundaries/element-types

/Users/ryan/projects/metabase/frontend/src/metabase/admin/upsells/UpsellStorage.tsx
  8:22  error  No rule allowing this dependency was found. File is of type 'feature/admin'. Dependency is of type 'other'  boundaries/element-types

/Users/ryan/projects/metabase/frontend/src/metabase/admin/upsells/UpsellUploads.tsx
  5:39  error  No rule allowing this dependency was found. File is of type 'feature/admin'. Dependency is of type 'other'  boundaries/element-types
  6:28  error  No rule allowing this dependency was found. File is of type 'feature/admin'. Dependency is of type 'other'  boundaries/element-types

/Users/ryan/projects/metabase/frontend/src/metabase/admin/upsells/UpsellUsageAnalytics.tsx
  5:39  error  No rule allowing this dependency was found. File is of type 'feature/admin'. Dependency is of type 'other'  boundaries/element-types
  6:28  error  No rule allowing this dependency was found. File is of type 'feature/admin'. Dependency is of type 'other'  boundaries/element-types
  7:42  error  No rule allowing this dependency was found. File is of type 'feature/admin'. Dependency is of type 'other'  boundaries/element-types

/Users/ryan/projects/metabase/frontend/src/metabase/admin/upsells/UpsellWhitelabel.tsx
  6:39  error  No rule allowing this dependency was found. File is of type 'feature/admin'. Dependency is of type 'other'  boundaries/element-types
  7:28  error  No rule allowing this dependency was found. File is of type 'feature/admin'. Dependency is of type 'other'  boundaries/element-types

/Users/ryan/projects/metabase/frontend/src/metabase/admin/upsells/components/UpsellBanner.stories.tsx
  6:21  error  No rule allowing this dependency was found. File is of type 'feature/admin'. Dependency is of type 'other'  boundaries/element-types

/Users/ryan/projects/metabase/frontend/src/metabase/admin/upsells/components/UpsellBanner.tsx
  13:8  error  No rule allowing this dependency was found. File is of type 'feature/admin'. Dependency is of type 'other'  boundaries/element-types

/Users/ryan/projects/metabase/frontend/src/metabase/admin/upsells/components/UpsellBigCard.stories.tsx
  5:28  error  No rule allowing this dependency was found. File is of type 'feature/admin'. Dependency is of type 'other'  boundaries/element-types

/Users/ryan/projects/metabase/frontend/src/metabase/admin/upsells/components/UpsellBigCard.tsx
  6:54  error  No rule allowing this dependency was found. File is of type 'feature/admin'. Dependency is of type 'other'  boundaries/element-types

/Users/ryan/projects/metabase/frontend/src/metabase/admin/upsells/components/UpsellCard.stories.tsx
  4:22  error  No rule allowing this dependency was found. File is of type 'feature/admin'. Dependency is of type 'other'  boundaries/element-types

/Users/ryan/projects/metabase/frontend/src/metabase/admin/upsells/components/UpsellCard.tsx
  4:54  error  No rule allowing this dependency was found. File is of type 'feature/admin'. Dependency is of type 'other'  boundaries/element-types

/Users/ryan/projects/metabase/frontend/src/metabase/admin/upsells/components/UpsellCta.tsx
  6:32  error  No rule allowing this dependency was found. File is of type 'feature/admin'. Dependency is of type 'other'  boundaries/element-types

/Users/ryan/projects/metabase/frontend/src/metabase/admin/upsells/components/UpsellGem.tsx
  1:38  error  No rule allowing this dependency was found. File is of type 'feature/admin'. Dependency is of type 'other'  boundaries/element-types

/Users/ryan/projects/metabase/frontend/src/metabase/admin/upsells/components/UpsellPill.stories.tsx
  5:21  error  No rule allowing this dependency was found. File is of type 'feature/admin'. Dependency is of type 'other'  boundaries/element-types

/Users/ryan/projects/metabase/frontend/src/metabase/admin/upsells/components/UpsellPill.tsx
  4:32  error  No rule allowing this dependency was found. File is of type 'feature/admin'. Dependency is of type 'other'  boundaries/element-types

/Users/ryan/projects/metabase/frontend/src/metabase/admin/upsells/components/UpsellWrapper.tsx
  2:32  error  No rule allowing this dependency was found. File is of type 'feature/admin'. Dependency is of type 'other'  boundaries/element-types

/Users/ryan/projects/metabase/frontend/src/metabase/admin/upsells/components/analytics.ts
  1:34  error  No rule allowing this dependency was found. File is of type 'feature/admin'. Dependency is of type 'other'  boundaries/element-types

/Users/ryan/projects/metabase/frontend/src/metabase/admin/utils.js
  5:31  error  No rule allowing this dependency was found. File is of type 'other'. Dependency is of type 'feature/admin'  boundaries/element-types

/Users/ryan/projects/metabase/frontend/src/metabase/api/tags/utils.ts
  3:35  error  No rule allowing this dependency was found. File is of type 'basic/api'. Dependency is of type 'other'  boundaries/element-types

/Users/ryan/projects/metabase/frontend/src/metabase/api/user.ts
  1:42  error  No rule allowing this dependency was found. File is of type 'other'. Dependency is of type 'feature/admin'  boundaries/element-types

/Users/ryan/projects/metabase/frontend/src/metabase/api/utils/settings.ts
   4:26  error  No rule allowing this dependency was found. File is of type 'basic/api'. Dependency is of type 'shared/common'  boundaries/element-types
  11:37  error  No rule allowing this dependency was found. File is of type 'basic/api'. Dependency is of type 'other'          boundaries/element-types
  16:8   error  No rule allowing this dependency was found. File is of type 'basic/api'. Dependency is of type 'other'          boundaries/element-types

/Users/ryan/projects/metabase/frontend/src/metabase/api/utils/use-token-refresh.ts
  3:42  error  No rule allowing this dependency was found. File is of type 'basic/api'. Dependency is of type 'other'      boundaries/element-types
  4:29  error  No rule allowing this dependency was found. File is of type 'basic/api'. Dependency is of type 'basic/lib'  boundaries/element-types

/Users/ryan/projects/metabase/frontend/src/metabase/archive/components/ArchivedEntityBanner/DashboardArchivedEntityBanner.tsx
  1:37  error  No rule allowing this dependency was found. File is of type 'other'. Dependency is of type 'feature/dashboard'  boundaries/element-types

/Users/ryan/projects/metabase/frontend/src/metabase/common/components/AccordionList/AccordionList.tsx
  11:21  error  No rule allowing this dependency was found. File is of type 'shared/common'. Dependency is of type 'other'  boundaries/element-types

/Users/ryan/projects/metabase/frontend/src/metabase/common/components/AccordionList/AccordionListCell.tsx
  16:19  error  No rule allowing this dependency was found. File is of type 'shared/common'. Dependency is of type 'other'  boundaries/element-types
  17:16  error  No rule allowing this dependency was found. File is of type 'shared/common'. Dependency is of type 'other'  boundaries/element-types
  19:37  error  No rule allowing this dependency was found. File is of type 'shared/common'. Dependency is of type 'other'  boundaries/element-types
  20:50  error  No rule allowing this dependency was found. File is of type 'shared/common'. Dependency is of type 'other'  boundaries/element-types

/Users/ryan/projects/metabase/frontend/src/metabase/common/components/AccordionList/types.ts
  3:31  error  No rule allowing this dependency was found. File is of type 'shared/common'. Dependency is of type 'other'  boundaries/element-types

/Users/ryan/projects/metabase/frontend/src/metabase/common/components/ActionButton/ActionButton.tsx
  13:22  error  No rule allowing this dependency was found. File is of type 'shared/common'. Dependency is of type 'other'  boundaries/element-types
  14:16  error  No rule allowing this dependency was found. File is of type 'shared/common'. Dependency is of type 'other'  boundaries/element-types
  15:45  error  No rule allowing this dependency was found. File is of type 'shared/common'. Dependency is of type 'other'  boundaries/element-types

/Users/ryan/projects/metabase/frontend/src/metabase/common/components/AdHocQuestionLoader.jsx
  4:40  error  No rule allowing this dependency was found. File is of type 'shared/common'. Dependency is of type 'other'  boundaries/element-types
  6:37  error  No rule allowing this dependency was found. File is of type 'shared/common'. Dependency is of type 'other'  boundaries/element-types
  7:29  error  No rule allowing this dependency was found. File is of type 'shared/common'. Dependency is of type 'other'  boundaries/element-types

/Users/ryan/projects/metabase/frontend/src/metabase/common/components/AdminAwareEmptyState/AdminAwareEmptyState.jsx
  6:25  error  No rule allowing this dependency was found. File is of type 'shared/common'. Dependency is of type 'other'  boundaries/element-types

/Users/ryan/projects/metabase/frontend/src/metabase/common/components/AdminContentTable/AdminContentTable.tsx
  3:20  error  No rule allowing this dependency was found. File is of type 'shared/common'. Dependency is of type 'other'  boundaries/element-types

/Users/ryan/projects/metabase/frontend/src/metabase/common/components/AdminLayout/AdminSettingsLayout.tsx
  3:27  error  No rule allowing this dependency was found. File is of type 'shared/common'. Dependency is of type 'other'  boundaries/element-types
  4:21  error  No rule allowing this dependency was found. File is of type 'shared/common'. Dependency is of type 'other'  boundaries/element-types

/Users/ryan/projects/metabase/frontend/src/metabase/common/components/AdminPaneLayout/AdminPaneTitle.tsx
  5:16  error  No rule allowing this dependency was found. File is of type 'shared/common'. Dependency is of type 'other'  boundaries/element-types
  6:33  error  No rule allowing this dependency was found. File is of type 'shared/common'. Dependency is of type 'other'  boundaries/element-types

/Users/ryan/projects/metabase/frontend/src/metabase/common/components/AggregationPicker/AggregationPicker.tsx
  20:8   error  No rule allowing this dependency was found. File is of type 'shared/common'. Dependency is of type 'feature/query_builder'  boundaries/element-types
  27:29  error  No rule allowing this dependency was found. File is of type 'shared/common'. Dependency is of type 'other'                  boundaries/element-types
  28:39  error  No rule allowing this dependency was found. File is of type 'shared/common'. Dependency is of type 'other'                  boundaries/element-types
  29:22  error  No rule allowing this dependency was found. File is of type 'shared/common'. Dependency is of type 'other'                  boundaries/element-types

/Users/ryan/projects/metabase/frontend/src/metabase/common/components/Alert/Alert.styled.tsx
  7:22  error  No rule allowing this dependency was found. File is of type 'shared/common'. Dependency is of type 'other'  boundaries/element-types

/Users/ryan/projects/metabase/frontend/src/metabase/common/components/Alert/Alert.tsx
  3:31  error  No rule allowing this dependency was found. File is of type 'shared/common'. Dependency is of type 'other'  boundaries/element-types

/Users/ryan/projects/metabase/frontend/src/metabase/common/components/AnsiLogs/AnsiLogs.tsx
  11:8  error  No rule allowing this dependency was found. File is of type 'shared/common'. Dependency is of type 'other'  boundaries/element-types

/Users/ryan/projects/metabase/frontend/src/metabase/common/components/AppBanner/AppBanner.tsx
   4:32  error  No rule allowing this dependency was found. File is of type 'shared/common'. Dependency is of type 'other'  boundaries/element-types
   6:31  error  No rule allowing this dependency was found. File is of type 'shared/common'. Dependency is of type 'other'  boundaries/element-types
  10:8   error  No rule allowing this dependency was found. File is of type 'shared/common'. Dependency is of type 'other'  boundaries/element-types
  11:31  error  No rule allowing this dependency was found. File is of type 'shared/common'. Dependency is of type 'other'  boundaries/element-types
  12:32  error  No rule allowing this dependency was found. File is of type 'shared/common'. Dependency is of type 'other'  boundaries/element-types
  13:29  error  No rule allowing this dependency was found. File is of type 'shared/common'. Dependency is of type 'other'  boundaries/element-types
  14:32  error  No rule allowing this dependency was found. File is of type 'shared/common'. Dependency is of type 'other'  boundaries/element-types
  15:29  error  No rule allowing this dependency was found. File is of type 'shared/common'. Dependency is of type 'other'  boundaries/element-types

/Users/ryan/projects/metabase/frontend/src/metabase/common/components/ArchiveModal/ArchiveModal.tsx
  4:33  error  No rule allowing this dependency was found. File is of type 'shared/common'. Dependency is of type 'other'  boundaries/element-types
  5:54  error  No rule allowing this dependency was found. File is of type 'shared/common'. Dependency is of type 'other'  boundaries/element-types
  6:56  error  No rule allowing this dependency was found. File is of type 'shared/common'. Dependency is of type 'other'  boundaries/element-types

/Users/ryan/projects/metabase/frontend/src/metabase/common/components/AutocompleteInput/AutocompleteInput.tsx
  7:38  error  No rule allowing this dependency was found. File is of type 'shared/common'. Dependency is of type 'other'  boundaries/element-types

/Users/ryan/projects/metabase/frontend/src/metabase/common/components/Badge/Badge.styled.tsx
  10:22  error  No rule allowing this dependency was found. File is of type 'shared/common'. Dependency is of type 'other'  boundaries/element-types

/Users/ryan/projects/metabase/frontend/src/metabase/common/components/Badge/Badge.tsx
  4:16  error  No rule allowing this dependency was found. File is of type 'shared/common'. Dependency is of type 'other'  boundaries/element-types
  5:42  error  No rule allowing this dependency was found. File is of type 'shared/common'. Dependency is of type 'other'  boundaries/element-types

/Users/ryan/projects/metabase/frontend/src/metabase/common/components/Banner/Banner.stories.tsx
  4:22  error  No rule allowing this dependency was found. File is of type 'shared/common'. Dependency is of type 'other'  boundaries/element-types

/Users/ryan/projects/metabase/frontend/src/metabase/common/components/Banner/Banner.tsx
  3:16  error  No rule allowing this dependency was found. File is of type 'shared/common'. Dependency is of type 'other'  boundaries/element-types
  4:42  error  No rule allowing this dependency was found. File is of type 'shared/common'. Dependency is of type 'other'  boundaries/element-types
  5:35  error  No rule allowing this dependency was found. File is of type 'shared/common'. Dependency is of type 'other'  boundaries/element-types

/Users/ryan/projects/metabase/frontend/src/metabase/common/components/BookmarkToggle/BookmarkToggle.tsx
  6:43  error  No rule allowing this dependency was found. File is of type 'shared/common'. Dependency is of type 'other'  boundaries/element-types

/Users/ryan/projects/metabase/frontend/src/metabase/common/components/Breadcrumbs/Breadcrumbs.jsx
  7:22  error  No rule allowing this dependency was found. File is of type 'shared/common'. Dependency is of type 'other'  boundaries/element-types

/Users/ryan/projects/metabase/frontend/src/metabase/common/components/BrowserCrumbs/BrowserCrumbs.tsx
  5:16  error  No rule allowing this dependency was found. File is of type 'shared/common'. Dependency is of type 'other'  boundaries/element-types
  6:22  error  No rule allowing this dependency was found. File is of type 'shared/common'. Dependency is of type 'other'  boundaries/element-types

/Users/ryan/projects/metabase/frontend/src/metabase/common/components/BulkActionBar/BulkActionBar.styled.tsx
  5:35  error  No rule allowing this dependency was found. File is of type 'shared/common'. Dependency is of type 'other'  boundaries/element-types

/Users/ryan/projects/metabase/frontend/src/metabase/common/components/BulkActionBar/BulkActionBar.tsx
  4:23  error  No rule allowing this dependency was found. File is of type 'shared/common'. Dependency is of type 'other'  boundaries/element-types
  6:33  error  No rule allowing this dependency was found. File is of type 'shared/common'. Dependency is of type 'other'  boundaries/element-types
  7:56  error  No rule allowing this dependency was found. File is of type 'shared/common'. Dependency is of type 'other'  boundaries/element-types

/Users/ryan/projects/metabase/frontend/src/metabase/common/components/BulkActionBar/BulkActionButton.tsx
  3:42  error  No rule allowing this dependency was found. File is of type 'shared/common'. Dependency is of type 'other'  boundaries/element-types

/Users/ryan/projects/metabase/frontend/src/metabase/common/components/Button/Button.tsx
   8:22  error  No rule allowing this dependency was found. File is of type 'shared/common'. Dependency is of type 'other'  boundaries/element-types
   9:16  error  No rule allowing this dependency was found. File is of type 'shared/common'. Dependency is of type 'other'  boundaries/element-types
  10:22  error  No rule allowing this dependency was found. File is of type 'shared/common'. Dependency is of type 'other'  boundaries/element-types
  11:27  error  No rule allowing this dependency was found. File is of type 'shared/common'. Dependency is of type 'other'  boundaries/element-types
  12:31  error  No rule allowing this dependency was found. File is of type 'shared/common'. Dependency is of type 'other'  boundaries/element-types
  13:22  error  No rule allowing this dependency was found. File is of type 'shared/common'. Dependency is of type 'other'  boundaries/element-types

/Users/ryan/projects/metabase/frontend/src/metabase/common/components/CheckBox/CheckBox.styled.tsx
  4:22  error  No rule allowing this dependency was found. File is of type 'shared/common'. Dependency is of type 'other'  boundaries/element-types

/Users/ryan/projects/metabase/frontend/src/metabase/common/components/CheckBox/CheckBox.tsx
  12:31  error  No rule allowing this dependency was found. File is of type 'shared/common'. Dependency is of type 'other'  boundaries/element-types

/Users/ryan/projects/metabase/frontend/src/metabase/common/components/Code/Code.jsx
  5:16  error  No rule allowing this dependency was found. File is of type 'shared/common'. Dependency is of type 'other'  boundaries/element-types
  6:22  error  No rule allowing this dependency was found. File is of type 'shared/common'. Dependency is of type 'other'  boundaries/element-types

/Users/ryan/projects/metabase/frontend/src/metabase/common/components/CodeMirror/utils.ts
  27:23  error  No rule allowing this dependency was found. File is of type 'shared/common'. Dependency is of type 'other'  boundaries/element-types
  28:27  error  No rule allowing this dependency was found. File is of type 'shared/common'. Dependency is of type 'other'  boundaries/element-types
  29:37  error  No rule allowing this dependency was found. File is of type 'shared/common'. Dependency is of type 'other'  boundaries/element-types

/Users/ryan/projects/metabase/frontend/src/metabase/common/components/CollapseSection/CollapseSection.styled.tsx
  7:42  error  No rule allowing this dependency was found. File is of type 'shared/common'. Dependency is of type 'other'  boundaries/element-types
  8:22  error  No rule allowing this dependency was found. File is of type 'shared/common'. Dependency is of type 'other'  boundaries/element-types

/Users/ryan/projects/metabase/frontend/src/metabase/common/components/CollectionName.jsx
  2:46  error  No rule allowing this dependency was found. File is of type 'shared/common'. Dependency is of type 'other'  boundaries/element-types

/Users/ryan/projects/metabase/frontend/src/metabase/common/components/ColorInput/ColorInput.tsx
  6:27  error  No rule allowing this dependency was found. File is of type 'shared/common'. Dependency is of type 'other'  boundaries/element-types

/Users/ryan/projects/metabase/frontend/src/metabase/common/components/ColorPicker/ColorPickerTrigger.tsx
  6:23  error  No rule allowing this dependency was found. File is of type 'shared/common'. Dependency is of type 'other'  boundaries/element-types

/Users/ryan/projects/metabase/frontend/src/metabase/common/components/ColorPicker/ColorPillPicker.tsx
  5:23  error  No rule allowing this dependency was found. File is of type 'shared/common'. Dependency is of type 'other'  boundaries/element-types

/Users/ryan/projects/metabase/frontend/src/metabase/common/components/ColorPill/ColorPill.tsx
  5:16  error  No rule allowing this dependency was found. File is of type 'shared/common'. Dependency is of type 'other'  boundaries/element-types
  6:29  error  No rule allowing this dependency was found. File is of type 'shared/common'. Dependency is of type 'other'  boundaries/element-types

/Users/ryan/projects/metabase/frontend/src/metabase/common/components/ColorRange/ColorRange.tsx
  6:16  error  No rule allowing this dependency was found. File is of type 'shared/common'. Dependency is of type 'other'  boundaries/element-types
  8:43  error  No rule allowing this dependency was found. File is of type 'shared/common'. Dependency is of type 'other'  boundaries/element-types

/Users/ryan/projects/metabase/frontend/src/metabase/common/components/ColorRangeSelector/ColorRangePopover.tsx
  6:56  error  No rule allowing this dependency was found. File is of type 'shared/common'. Dependency is of type 'other'  boundaries/element-types

/Users/ryan/projects/metabase/frontend/src/metabase/common/components/ColorRangeSelector/ColorRangeSelector.tsx
  6:49  error  No rule allowing this dependency was found. File is of type 'shared/common'. Dependency is of type 'other'  boundaries/element-types

/Users/ryan/projects/metabase/frontend/src/metabase/common/components/ColorRangeSelector/ColorRangeToggle.tsx
  1:16  error  No rule allowing this dependency was found. File is of type 'shared/common'. Dependency is of type 'other'  boundaries/element-types
  2:56  error  No rule allowing this dependency was found. File is of type 'shared/common'. Dependency is of type 'other'  boundaries/element-types

/Users/ryan/projects/metabase/frontend/src/metabase/common/components/ColorScheme/ColorSchemeSelect.tsx
  3:42  error  No rule allowing this dependency was found. File is of type 'shared/common'. Dependency is of type 'other'  boundaries/element-types

/Users/ryan/projects/metabase/frontend/src/metabase/common/components/ColorSelector/ColorSelector.tsx
  6:33  error  No rule allowing this dependency was found. File is of type 'shared/common'. Dependency is of type 'other'  boundaries/element-types

/Users/ryan/projects/metabase/frontend/src/metabase/common/components/CommunityLocalizationNotice/CommunityLocalizationNotice.tsx
  5:29  error  No rule allowing this dependency was found. File is of type 'shared/common'. Dependency is of type 'other'  boundaries/element-types
  9:8   error  No rule allowing this dependency was found. File is of type 'shared/common'. Dependency is of type 'other'  boundaries/element-types

/Users/ryan/projects/metabase/frontend/src/metabase/common/components/ConfirmModal/ConfirmModal.tsx
  12:8  error  No rule allowing this dependency was found. File is of type 'shared/common'. Dependency is of type 'other'  boundaries/element-types

/Users/ryan/projects/metabase/frontend/src/metabase/common/components/CopyButton/CopyButton.tsx
  7:20  error  No rule allowing this dependency was found. File is of type 'shared/common'. Dependency is of type 'other'  boundaries/element-types
  8:37  error  No rule allowing this dependency was found. File is of type 'shared/common'. Dependency is of type 'other'  boundaries/element-types

/Users/ryan/projects/metabase/frontend/src/metabase/common/components/CopyTextInput/CopyTextInput.tsx
  4:37  error  No rule allowing this dependency was found. File is of type 'shared/common'. Dependency is of type 'other'  boundaries/element-types
  5:27  error  No rule allowing this dependency was found. File is of type 'shared/common'. Dependency is of type 'other'  boundaries/element-types

/Users/ryan/projects/metabase/frontend/src/metabase/common/components/CopyWidget/CopyWidget.jsx
  5:19  error  No rule allowing this dependency was found. File is of type 'shared/common'. Dependency is of type 'other'  boundaries/element-types
  6:16  error  No rule allowing this dependency was found. File is of type 'shared/common'. Dependency is of type 'other'  boundaries/element-types

/Users/ryan/projects/metabase/frontend/src/metabase/common/components/CronExpressioInput/CronExpressionInput.tsx
   8:8  error  No rule allowing this dependency was found. File is of type 'shared/common'. Dependency is of type 'other'  boundaries/element-types
  17:8  error  No rule allowing this dependency was found. File is of type 'shared/common'. Dependency is of type 'other'  boundaries/element-types

/Users/ryan/projects/metabase/frontend/src/metabase/common/components/DashboardSelector/DashboardSelector.tsx
   4:49  error  No rule allowing this dependency was found. File is of type 'shared/common'. Dependency is of type 'other'  boundaries/element-types
  10:35  error  No rule allowing this dependency was found. File is of type 'shared/common'. Dependency is of type 'other'  boundaries/element-types

/Users/ryan/projects/metabase/frontend/src/metabase/common/components/DateTime/DateTime.tsx
  3:40  error  No rule allowing this dependency was found. File is of type 'shared/common'. Dependency is of type 'other'  boundaries/element-types
  5:30  error  No rule allowing this dependency was found. File is of type 'shared/common'. Dependency is of type 'other'  boundaries/element-types

/Users/ryan/projects/metabase/frontend/src/metabase/common/components/DebouncedFrame/DebouncedFrame.jsx
  7:16  error  No rule allowing this dependency was found. File is of type 'shared/common'. Dependency is of type 'other'  boundaries/element-types

/Users/ryan/projects/metabase/frontend/src/metabase/common/components/DisclosureTriangle/DisclosureTriangle.jsx
  2:22  error  No rule allowing this dependency was found. File is of type 'shared/common'. Dependency is of type 'other'  boundaries/element-types

/Users/ryan/projects/metabase/frontend/src/metabase/common/components/EditBar/EditBar.styled.tsx
  5:22  error  No rule allowing this dependency was found. File is of type 'shared/common'. Dependency is of type 'other'  boundaries/element-types
  7:36  error  No rule allowing this dependency was found. File is of type 'shared/common'. Dependency is of type 'other'  boundaries/element-types
  8:22  error  No rule allowing this dependency was found. File is of type 'shared/common'. Dependency is of type 'other'  boundaries/element-types

/Users/ryan/projects/metabase/frontend/src/metabase/common/components/EditBar/EditBar.tsx
  3:23  error  No rule allowing this dependency was found. File is of type 'shared/common'. Dependency is of type 'other'  boundaries/element-types

/Users/ryan/projects/metabase/frontend/src/metabase/common/components/EditableDescription/EditableDescription.tsx
  6:36  error  No rule allowing this dependency was found. File is of type 'shared/common'. Dependency is of type 'other'  boundaries/element-types

/Users/ryan/projects/metabase/frontend/src/metabase/common/components/EditableText/EditableText.tsx
  14:36  error  No rule allowing this dependency was found. File is of type 'shared/common'. Dependency is of type 'other'  boundaries/element-types

/Users/ryan/projects/metabase/frontend/src/metabase/common/components/Ellipsified/Ellipsified.tsx
  5:47  error  No rule allowing this dependency was found. File is of type 'shared/common'. Dependency is of type 'other'  boundaries/element-types

/Users/ryan/projects/metabase/frontend/src/metabase/common/components/EllipsifiedPath/EllipsifiedCollectionPath.tsx
  5:8  error  No rule allowing this dependency was found. File is of type 'shared/common'. Dependency is of type 'other'  boundaries/element-types

/Users/ryan/projects/metabase/frontend/src/metabase/common/components/EllipsifiedPath/EllipsifiedPath.tsx
  4:25  error  No rule allowing this dependency was found. File is of type 'shared/common'. Dependency is of type 'other'  boundaries/element-types

/Users/ryan/projects/metabase/frontend/src/metabase/common/components/EmojiPicker/EmojiPicker.tsx
  10:63  error  No rule allowing this dependency was found. File is of type 'shared/common'. Dependency is of type 'other'  boundaries/element-types

/Users/ryan/projects/metabase/frontend/src/metabase/common/components/EmptyState/EmptyState.styled.tsx
  4:36  error  No rule allowing this dependency was found. File is of type 'shared/common'. Dependency is of type 'other'  boundaries/element-types

/Users/ryan/projects/metabase/frontend/src/metabase/common/components/EmptyState/EmptyState.tsx
  3:16  error  No rule allowing this dependency was found. File is of type 'shared/common'. Dependency is of type 'other'  boundaries/element-types
  4:31  error  No rule allowing this dependency was found. File is of type 'shared/common'. Dependency is of type 'other'  boundaries/element-types
  5:51  error  No rule allowing this dependency was found. File is of type 'shared/common'. Dependency is of type 'other'  boundaries/element-types

/Users/ryan/projects/metabase/frontend/src/metabase/common/components/EntityCreationInfo/EntityCreationInfo.tsx
  4:29  error  No rule allowing this dependency was found. File is of type 'shared/common'. Dependency is of type 'other'  boundaries/element-types
  5:57  error  No rule allowing this dependency was found. File is of type 'shared/common'. Dependency is of type 'other'  boundaries/element-types

/Users/ryan/projects/metabase/frontend/src/metabase/common/components/EntityIdCard/EntityIdCard.tsx
  15:16  error  No rule allowing this dependency was found. File is of type 'shared/common'. Dependency is of type 'other'  boundaries/element-types
  25:8   error  No rule allowing this dependency was found. File is of type 'shared/common'. Dependency is of type 'other'  boundaries/element-types

/Users/ryan/projects/metabase/frontend/src/metabase/common/components/EntityItem/EntityItem.tsx
   6:33  error  No rule allowing this dependency was found. File is of type 'shared/common'. Dependency is of type 'other'  boundaries/element-types
  17:8   error  No rule allowing this dependency was found. File is of type 'shared/common'. Dependency is of type 'other'  boundaries/element-types
  23:8   error  No rule allowing this dependency was found. File is of type 'shared/common'. Dependency is of type 'other'  boundaries/element-types
  28:16  error  No rule allowing this dependency was found. File is of type 'shared/common'. Dependency is of type 'other'  boundaries/element-types
  30:42  error  No rule allowing this dependency was found. File is of type 'shared/common'. Dependency is of type 'other'  boundaries/element-types
  31:22  error  No rule allowing this dependency was found. File is of type 'shared/common'. Dependency is of type 'other'  boundaries/element-types

/Users/ryan/projects/metabase/frontend/src/metabase/common/components/EntityMenu/EntityMenu.jsx
  7:16  error  No rule allowing this dependency was found. File is of type 'shared/common'. Dependency is of type 'other'  boundaries/element-types
  8:34  error  No rule allowing this dependency was found. File is of type 'shared/common'. Dependency is of type 'other'  boundaries/element-types

/Users/ryan/projects/metabase/frontend/src/metabase/common/components/EntityMenuItem/EntityMenuItem.styled.tsx
  7:22  error  No rule allowing this dependency was found. File is of type 'shared/common'. Dependency is of type 'other'  boundaries/element-types

/Users/ryan/projects/metabase/frontend/src/metabase/common/components/EntityMenuItem/EntityMenuItem.tsx
  4:31  error  No rule allowing this dependency was found. File is of type 'shared/common'. Dependency is of type 'other'  boundaries/element-types
  5:25  error  No rule allowing this dependency was found. File is of type 'shared/common'. Dependency is of type 'other'  boundaries/element-types

/Users/ryan/projects/metabase/frontend/src/metabase/common/components/EntityMenuTrigger/EntityMenuTrigger.tsx
  3:25  error  No rule allowing this dependency was found. File is of type 'shared/common'. Dependency is of type 'other'  boundaries/element-types

/Users/ryan/projects/metabase/frontend/src/metabase/common/components/EntityPicker/components/AutoScrollBox/AutoScrollBox.styled.tsx
  5:31  error  No rule allowing this dependency was found. File is of type 'shared/common'. Dependency is of type 'other'  boundaries/element-types
  6:21  error  No rule allowing this dependency was found. File is of type 'shared/common'. Dependency is of type 'other'  boundaries/element-types

/Users/ryan/projects/metabase/frontend/src/metabase/common/components/EntityPicker/components/EntityPickerModal/ButtonBar.tsx
  5:36  error  No rule allowing this dependency was found. File is of type 'shared/common'. Dependency is of type 'other'  boundaries/element-types

/Users/ryan/projects/metabase/frontend/src/metabase/common/components/EntityPicker/components/EntityPickerModal/EntityPickerModal.tsx
  13:27  error  No rule allowing this dependency was found. File is of type 'shared/common'. Dependency is of type 'other'  boundaries/element-types
  14:53  error  No rule allowing this dependency was found. File is of type 'shared/common'. Dependency is of type 'other'  boundaries/element-types
  17:28  error  No rule allowing this dependency was found. File is of type 'shared/common'. Dependency is of type 'other'  boundaries/element-types
  26:8   error  No rule allowing this dependency was found. File is of type 'shared/common'. Dependency is of type 'other'  boundaries/element-types

/Users/ryan/projects/metabase/frontend/src/metabase/common/components/EntityPicker/components/EntityPickerModal/TabsView.tsx
  1:34  error  No rule allowing this dependency was found. File is of type 'shared/common'. Dependency is of type 'other'  boundaries/element-types

/Users/ryan/projects/metabase/frontend/src/metabase/common/components/EntityPicker/components/ItemList/ItemList.styled.tsx
  4:21  error  No rule allowing this dependency was found. File is of type 'shared/common'. Dependency is of type 'other'  boundaries/element-types

/Users/ryan/projects/metabase/frontend/src/metabase/common/components/EntityPicker/components/ItemList/ItemList.tsx
   6:35  error  No rule allowing this dependency was found. File is of type 'shared/common'. Dependency is of type 'other'  boundaries/element-types
   7:40  error  No rule allowing this dependency was found. File is of type 'shared/common'. Dependency is of type 'other'  boundaries/element-types
  16:8   error  No rule allowing this dependency was found. File is of type 'shared/common'. Dependency is of type 'other'  boundaries/element-types

/Users/ryan/projects/metabase/frontend/src/metabase/common/components/EntityPicker/components/LoadingSpinner/LoadingSpinner.tsx
  4:36  error  No rule allowing this dependency was found. File is of type 'shared/common'. Dependency is of type 'other'  boundaries/element-types

/Users/ryan/projects/metabase/frontend/src/metabase/common/components/EntityPicker/components/NestedItemPicker/NestedItemPicker.styled.tsx
  4:21  error  No rule allowing this dependency was found. File is of type 'shared/common'. Dependency is of type 'other'  boundaries/element-types

/Users/ryan/projects/metabase/frontend/src/metabase/common/components/EntityPicker/components/NestedItemPicker/NestedItemPicker.tsx
  4:27  error  No rule allowing this dependency was found. File is of type 'shared/common'. Dependency is of type 'other'  boundaries/element-types
  9:22  error  No rule allowing this dependency was found. File is of type 'shared/common'. Dependency is of type 'other'  boundaries/element-types

/Users/ryan/projects/metabase/frontend/src/metabase/common/components/EntityPicker/components/RecentsTab/GroupedRecentsList.tsx
  3:27  error  No rule allowing this dependency was found. File is of type 'shared/common'. Dependency is of type 'other'  boundaries/element-types

/Users/ryan/projects/metabase/frontend/src/metabase/common/components/EntityPicker/components/RecentsTab/RecentsTab.tsx
  5:38  error  No rule allowing this dependency was found. File is of type 'shared/common'. Dependency is of type 'other'  boundaries/element-types
  6:29  error  No rule allowing this dependency was found. File is of type 'shared/common'. Dependency is of type 'other'  boundaries/element-types

/Users/ryan/projects/metabase/frontend/src/metabase/common/components/EntityPicker/components/ResultItem/ResultItem.tsx
  4:36  error  No rule allowing this dependency was found. File is of type 'shared/common'. Dependency is of type 'other'  boundaries/element-types
  5:25  error  No rule allowing this dependency was found. File is of type 'shared/common'. Dependency is of type 'other'  boundaries/element-types
  6:25  error  No rule allowing this dependency was found. File is of type 'shared/common'. Dependency is of type 'other'  boundaries/element-types
  7:35  error  No rule allowing this dependency was found. File is of type 'shared/common'. Dependency is of type 'other'  boundaries/element-types
  8:46  error  No rule allowing this dependency was found. File is of type 'shared/common'. Dependency is of type 'other'  boundaries/element-types

/Users/ryan/projects/metabase/frontend/src/metabase/common/components/EntityPicker/components/SearchTab/SearchResults.tsx
  6:34  error  No rule allowing this dependency was found. File is of type 'shared/common'. Dependency is of type 'other'  boundaries/element-types
  7:34  error  No rule allowing this dependency was found. File is of type 'shared/common'. Dependency is of type 'other'  boundaries/element-types

/Users/ryan/projects/metabase/frontend/src/metabase/common/components/EntityPicker/components/SearchTab/SearchTab.tsx
  3:58  error  No rule allowing this dependency was found. File is of type 'shared/common'. Dependency is of type 'other'  boundaries/element-types

/Users/ryan/projects/metabase/frontend/src/metabase/common/components/EntityPicker/hooks/use-log-recent-item.tsx
  3:42  error  No rule allowing this dependency was found. File is of type 'shared/common'. Dependency is of type 'other'  boundaries/element-types

/Users/ryan/projects/metabase/frontend/src/metabase/common/components/EntityPicker/hooks/use-scoped-search-results.ts
   9:8   error  No rule allowing this dependency was found. File is of type 'shared/common'. Dependency is of type 'other'  boundaries/element-types
  10:38  error  No rule allowing this dependency was found. File is of type 'shared/common'. Dependency is of type 'other'  boundaries/element-types
  11:27  error  No rule allowing this dependency was found. File is of type 'shared/common'. Dependency is of type 'other'  boundaries/element-types

/Users/ryan/projects/metabase/frontend/src/metabase/common/components/EntityPicker/types.ts
  3:31  error  No rule allowing this dependency was found. File is of type 'shared/common'. Dependency is of type 'other'  boundaries/element-types

/Users/ryan/projects/metabase/frontend/src/metabase/common/components/EntityPicker/utils.ts
  3:38  error  No rule allowing this dependency was found. File is of type 'shared/common'. Dependency is of type 'other'  boundaries/element-types
  4:25  error  No rule allowing this dependency was found. File is of type 'shared/common'. Dependency is of type 'other'  boundaries/element-types

/Users/ryan/projects/metabase/frontend/src/metabase/common/components/ErrorDetails/ErrorDetails.tsx
  5:16  error  No rule allowing this dependency was found. File is of type 'shared/common'. Dependency is of type 'other'  boundaries/element-types

/Users/ryan/projects/metabase/frontend/src/metabase/common/components/ErrorMessage/ErrorMessage.tsx
  5:16  error  No rule allowing this dependency was found. File is of type 'shared/common'. Dependency is of type 'other'  boundaries/element-types
  6:27  error  No rule allowing this dependency was found. File is of type 'shared/common'. Dependency is of type 'other'  boundaries/element-types

/Users/ryan/projects/metabase/frontend/src/metabase/common/components/ErrorPages/BugReportModal.tsx
   5:54  error  No rule allowing this dependency was found. File is of type 'shared/common'. Dependency is of type 'other'  boundaries/element-types
  15:8   error  No rule allowing this dependency was found. File is of type 'shared/common'. Dependency is of type 'other'  boundaries/element-types

/Users/ryan/projects/metabase/frontend/src/metabase/common/components/ErrorPages/DiagnosticCheckboxes.tsx
  3:30  error  No rule allowing this dependency was found. File is of type 'shared/common'. Dependency is of type 'other'  boundaries/element-types
  4:28  error  No rule allowing this dependency was found. File is of type 'shared/common'. Dependency is of type 'other'  boundaries/element-types
  5:23  error  No rule allowing this dependency was found. File is of type 'shared/common'. Dependency is of type 'other'  boundaries/element-types

/Users/ryan/projects/metabase/frontend/src/metabase/common/components/ErrorPages/DownloadDiagnosticModal.tsx
  4:54  error  No rule allowing this dependency was found. File is of type 'shared/common'. Dependency is of type 'other'  boundaries/element-types
  5:29  error  No rule allowing this dependency was found. File is of type 'shared/common'. Dependency is of type 'other'  boundaries/element-types

/Users/ryan/projects/metabase/frontend/src/metabase/common/components/ErrorPages/ErrorDiagnosticModal.tsx
   5:27  error  No rule allowing this dependency was found. File is of type 'shared/common'. Dependency is of type 'other'  boundaries/element-types
   6:42  error  No rule allowing this dependency was found. File is of type 'shared/common'. Dependency is of type 'other'  boundaries/element-types
  10:38  error  No rule allowing this dependency was found. File is of type 'shared/common'. Dependency is of type 'other'  boundaries/element-types
  12:34  error  No rule allowing this dependency was found. File is of type 'shared/common'. Dependency is of type 'other'  boundaries/element-types
  13:25  error  No rule allowing this dependency was found. File is of type 'shared/common'. Dependency is of type 'other'  boundaries/element-types
  14:47  error  No rule allowing this dependency was found. File is of type 'shared/common'. Dependency is of type 'other'  boundaries/element-types
  15:38  error  No rule allowing this dependency was found. File is of type 'shared/common'. Dependency is of type 'other'  boundaries/element-types
  16:36  error  No rule allowing this dependency was found. File is of type 'shared/common'. Dependency is of type 'other'  boundaries/element-types
  17:64  error  No rule allowing this dependency was found. File is of type 'shared/common'. Dependency is of type 'other'  boundaries/element-types

/Users/ryan/projects/metabase/frontend/src/metabase/common/components/ErrorPages/ErrorPages.tsx
  10:16  error  No rule allowing this dependency was found. File is of type 'shared/common'. Dependency is of type 'other'  boundaries/element-types
  11:27  error  No rule allowing this dependency was found. File is of type 'shared/common'. Dependency is of type 'other'  boundaries/element-types
  12:38  error  No rule allowing this dependency was found. File is of type 'shared/common'. Dependency is of type 'other'  boundaries/element-types
  13:39  error  No rule allowing this dependency was found. File is of type 'shared/common'. Dependency is of type 'other'  boundaries/element-types

/Users/ryan/projects/metabase/frontend/src/metabase/common/components/ErrorPages/analytics.ts
  1:34  error  No rule allowing this dependency was found. File is of type 'shared/common'. Dependency is of type 'other'  boundaries/element-types

/Users/ryan/projects/metabase/frontend/src/metabase/common/components/ErrorPages/use-error-info.ts
  4:32  error  No rule allowing this dependency was found. File is of type 'shared/common'. Dependency is of type 'feature/admin'  boundaries/element-types
  6:32  error  No rule allowing this dependency was found. File is of type 'shared/common'. Dependency is of type 'other'          boundaries/element-types
  7:38  error  No rule allowing this dependency was found. File is of type 'shared/common'. Dependency is of type 'other'          boundaries/element-types

/Users/ryan/projects/metabase/frontend/src/metabase/common/components/ErrorPages/utils.ts
  3:32  error  No rule allowing this dependency was found. File is of type 'shared/common'. Dependency is of type 'other'  boundaries/element-types
  4:55  error  No rule allowing this dependency was found. File is of type 'shared/common'. Dependency is of type 'other'  boundaries/element-types

/Users/ryan/projects/metabase/frontend/src/metabase/common/components/ExpandingContent/ExpandingContent.jsx
  5:16  error  No rule allowing this dependency was found. File is of type 'shared/common'. Dependency is of type 'other'  boundaries/element-types
  6:42  error  No rule allowing this dependency was found. File is of type 'shared/common'. Dependency is of type 'other'  boundaries/element-types

/Users/ryan/projects/metabase/frontend/src/metabase/common/components/ExplicitSize/ExplicitSize.tsx
  13:16  error  No rule allowing this dependency was found. File is of type 'shared/common'. Dependency is of type 'other'  boundaries/element-types
  14:33  error  No rule allowing this dependency was found. File is of type 'shared/common'. Dependency is of type 'other'  boundaries/element-types
  15:23  error  No rule allowing this dependency was found. File is of type 'shared/common'. Dependency is of type 'other'  boundaries/element-types
  16:28  error  No rule allowing this dependency was found. File is of type 'shared/common'. Dependency is of type 'other'  boundaries/element-types

/Users/ryan/projects/metabase/frontend/src/metabase/common/components/ExportSettingsWidget/ExportSettingsWidget.tsx
  6:32  error  No rule allowing this dependency was found. File is of type 'shared/common'. Dependency is of type 'other'  boundaries/element-types
  8:36  error  No rule allowing this dependency was found. File is of type 'shared/common'. Dependency is of type 'other'  boundaries/element-types
  9:51  error  No rule allowing this dependency was found. File is of type 'shared/common'. Dependency is of type 'other'  boundaries/element-types

/Users/ryan/projects/metabase/frontend/src/metabase/common/components/ExternalLink/ExternalLink.tsx
  4:16  error  No rule allowing this dependency was found. File is of type 'shared/common'. Dependency is of type 'other'  boundaries/element-types
  5:30  error  No rule allowing this dependency was found. File is of type 'shared/common'. Dependency is of type 'other'  boundaries/element-types

/Users/ryan/projects/metabase/frontend/src/metabase/common/components/FieldSet.tsx
  4:16  error  No rule allowing this dependency was found. File is of type 'shared/common'. Dependency is of type 'other'  boundaries/element-types

/Users/ryan/projects/metabase/frontend/src/metabase/common/components/FormErrorMessage/FormErrorMessage.tsx
  4:37  error  No rule allowing this dependency was found. File is of type 'shared/common'. Dependency is of type 'other'  boundaries/element-types

/Users/ryan/projects/metabase/frontend/src/metabase/common/components/FormField/FormField.styled.tsx
  4:22  error  No rule allowing this dependency was found. File is of type 'shared/common'. Dependency is of type 'other'  boundaries/element-types

/Users/ryan/projects/metabase/frontend/src/metabase/common/components/FormField/FormField.tsx
  5:25  error  No rule allowing this dependency was found. File is of type 'shared/common'. Dependency is of type 'other'  boundaries/element-types

/Users/ryan/projects/metabase/frontend/src/metabase/common/components/FormFileInput/FormFileInput.stories.tsx
  3:36  error  No rule allowing this dependency was found. File is of type 'shared/common'. Dependency is of type 'other'  boundaries/element-types

/Users/ryan/projects/metabase/frontend/src/metabase/common/components/FormFooter/FormFooter.tsx
  4:16  error  No rule allowing this dependency was found. File is of type 'shared/common'. Dependency is of type 'other'  boundaries/element-types
  5:40  error  No rule allowing this dependency was found. File is of type 'shared/common'. Dependency is of type 'other'  boundaries/element-types

/Users/ryan/projects/metabase/frontend/src/metabase/common/components/FormInput/FormInput.stories.tsx
  4:36  error  No rule allowing this dependency was found. File is of type 'shared/common'. Dependency is of type 'other'  boundaries/element-types

/Users/ryan/projects/metabase/frontend/src/metabase/common/components/FormNumericInput/FormNumericInput.stories.tsx
  3:36  error  No rule allowing this dependency was found. File is of type 'shared/common'. Dependency is of type 'other'  boundaries/element-types

/Users/ryan/projects/metabase/frontend/src/metabase/common/components/FormSelect/FormSelect.stories.tsx
  3:36  error  No rule allowing this dependency was found. File is of type 'shared/common'. Dependency is of type 'other'  boundaries/element-types

/Users/ryan/projects/metabase/frontend/src/metabase/common/components/FormSubmitButton/FormSubmitButton.tsx
  7:33  error  No rule allowing this dependency was found. File is of type 'shared/common'. Dependency is of type 'other'  boundaries/element-types
  8:37  error  No rule allowing this dependency was found. File is of type 'shared/common'. Dependency is of type 'other'  boundaries/element-types

/Users/ryan/projects/metabase/frontend/src/metabase/common/components/FormTextArea/FormTextArea.stories.tsx
  3:36  error  No rule allowing this dependency was found. File is of type 'shared/common'. Dependency is of type 'other'  boundaries/element-types

/Users/ryan/projects/metabase/frontend/src/metabase/common/components/FormToggle/FormToggle.stories.tsx
  3:36  error  No rule allowing this dependency was found. File is of type 'shared/common'. Dependency is of type 'other'  boundaries/element-types

/Users/ryan/projects/metabase/frontend/src/metabase/common/components/HelpCard/HelpCard.styled.tsx
  7:22  error  No rule allowing this dependency was found. File is of type 'shared/common'. Dependency is of type 'other'  boundaries/element-types

/Users/ryan/projects/metabase/frontend/src/metabase/common/components/IconBorder/IconBorder.jsx
  6:16  error  No rule allowing this dependency was found. File is of type 'shared/common'. Dependency is of type 'other'  boundaries/element-types

/Users/ryan/projects/metabase/frontend/src/metabase/common/components/Input/Input.styled.tsx
  14:37  error  No rule allowing this dependency was found. File is of type 'shared/common'. Dependency is of type 'other'  boundaries/element-types

/Users/ryan/projects/metabase/frontend/src/metabase/common/components/Input/Input.tsx
  5:31  error  No rule allowing this dependency was found. File is of type 'shared/common'. Dependency is of type 'other'  boundaries/element-types
  6:31  error  No rule allowing this dependency was found. File is of type 'shared/common'. Dependency is of type 'other'  boundaries/element-types

/Users/ryan/projects/metabase/frontend/src/metabase/common/components/InputBlurChange/InputBlurChange.tsx
  6:48  error  No rule allowing this dependency was found. File is of type 'shared/common'. Dependency is of type 'other'  boundaries/element-types

/Users/ryan/projects/metabase/frontend/src/metabase/common/components/InputWithSelectPrefix/InputWithSelectPrefix.tsx
  3:16  error  No rule allowing this dependency was found. File is of type 'shared/common'. Dependency is of type 'other'  boundaries/element-types
  4:37  error  No rule allowing this dependency was found. File is of type 'shared/common'. Dependency is of type 'other'  boundaries/element-types

/Users/ryan/projects/metabase/frontend/src/metabase/common/components/ItemsTable/BaseItemsTable.styled.tsx
  15:20  error  No rule allowing this dependency was found. File is of type 'shared/common'. Dependency is of type 'other'  boundaries/element-types
  16:43  error  No rule allowing this dependency was found. File is of type 'shared/common'. Dependency is of type 'other'  boundaries/element-types
  17:37  error  No rule allowing this dependency was found. File is of type 'shared/common'. Dependency is of type 'other'  boundaries/element-types

/Users/ryan/projects/metabase/frontend/src/metabase/common/components/ItemsTable/BaseItemsTable/BaseItemsTable.tsx
   4:55  error  No rule allowing this dependency was found. File is of type 'shared/common'. Dependency is of type 'other'  boundaries/element-types
  11:8   error  No rule allowing this dependency was found. File is of type 'shared/common'. Dependency is of type 'other'  boundaries/element-types
  15:8   error  No rule allowing this dependency was found. File is of type 'shared/common'. Dependency is of type 'other'  boundaries/element-types

/Users/ryan/projects/metabase/frontend/src/metabase/common/components/ItemsTable/BaseItemsTableBody/BaseItemsTableBody.tsx
  8:35  error  No rule allowing this dependency was found. File is of type 'shared/common'. Dependency is of type 'other'  boundaries/element-types

/Users/ryan/projects/metabase/frontend/src/metabase/common/components/ItemsTable/Columns.tsx
   4:38  error  No rule allowing this dependency was found. File is of type 'shared/common'. Dependency is of type 'other'  boundaries/element-types
   5:24  error  No rule allowing this dependency was found. File is of type 'shared/common'. Dependency is of type 'other'  boundaries/element-types
  11:31  error  No rule allowing this dependency was found. File is of type 'shared/common'. Dependency is of type 'other'  boundaries/element-types
  12:32  error  No rule allowing this dependency was found. File is of type 'shared/common'. Dependency is of type 'other'  boundaries/element-types
  13:29  error  No rule allowing this dependency was found. File is of type 'shared/common'. Dependency is of type 'other'  boundaries/element-types
  14:35  error  No rule allowing this dependency was found. File is of type 'shared/common'. Dependency is of type 'other'  boundaries/element-types
  15:32  error  No rule allowing this dependency was found. File is of type 'shared/common'. Dependency is of type 'other'  boundaries/element-types
  16:25  error  No rule allowing this dependency was found. File is of type 'shared/common'. Dependency is of type 'other'  boundaries/element-types

/Users/ryan/projects/metabase/frontend/src/metabase/common/components/ItemsTable/DefaultItemRenderer.tsx
  3:38  error  No rule allowing this dependency was found. File is of type 'shared/common'. Dependency is of type 'other'  boundaries/element-types
  4:47  error  No rule allowing this dependency was found. File is of type 'shared/common'. Dependency is of type 'other'  boundaries/element-types
  5:39  error  No rule allowing this dependency was found. File is of type 'shared/common'. Dependency is of type 'other'  boundaries/element-types
  8:25  error  No rule allowing this dependency was found. File is of type 'shared/common'. Dependency is of type 'other'  boundaries/element-types

/Users/ryan/projects/metabase/frontend/src/metabase/common/components/ItemsTable/ItemsTable.tsx
  1:25  error  No rule allowing this dependency was found. File is of type 'shared/common'. Dependency is of type 'other'  boundaries/element-types
  3:16  error  No rule allowing this dependency was found. File is of type 'shared/common'. Dependency is of type 'other'  boundaries/element-types

/Users/ryan/projects/metabase/frontend/src/metabase/common/components/ItemsTable/utils.ts
  4:8   error  No rule allowing this dependency was found. File is of type 'shared/common'. Dependency is of type 'other'  boundaries/element-types
  5:50  error  No rule allowing this dependency was found. File is of type 'shared/common'. Dependency is of type 'other'  boundaries/element-types

/Users/ryan/projects/metabase/frontend/src/metabase/common/components/LabelIcon/LabelIcon.jsx
  5:22  error  No rule allowing this dependency was found. File is of type 'shared/common'. Dependency is of type 'other'  boundaries/element-types

/Users/ryan/projects/metabase/frontend/src/metabase/common/components/LastEditInfoLabel/LastEditInfoLabel.tsx
   7:32  error  No rule allowing this dependency was found. File is of type 'shared/common'. Dependency is of type 'other'  boundaries/element-types
   8:29  error  No rule allowing this dependency was found. File is of type 'shared/common'. Dependency is of type 'other'  boundaries/element-types
   9:25  error  No rule allowing this dependency was found. File is of type 'shared/common'. Dependency is of type 'other'  boundaries/element-types
  10:35  error  No rule allowing this dependency was found. File is of type 'shared/common'. Dependency is of type 'other'  boundaries/element-types
  11:47  error  No rule allowing this dependency was found. File is of type 'shared/common'. Dependency is of type 'other'  boundaries/element-types

/Users/ryan/projects/metabase/frontend/src/metabase/common/components/LighthouseIllustration/LighthouseIllustration.tsx
  4:21  error  No rule allowing this dependency was found. File is of type 'shared/common'. Dependency is of type 'other'  boundaries/element-types

/Users/ryan/projects/metabase/frontend/src/metabase/common/components/Link/Link.tsx
  1:25  error  No rule allowing this dependency was found. File is of type 'shared/common'. Dependency is of type 'other'  boundaries/element-types

/Users/ryan/projects/metabase/frontend/src/metabase/common/components/Link/types.ts
  3:35  error  No rule allowing this dependency was found. File is of type 'shared/common'. Dependency is of type 'other'  boundaries/element-types

/Users/ryan/projects/metabase/frontend/src/metabase/common/components/ListItem/ListItem.jsx
   9:16  error  No rule allowing this dependency was found. File is of type 'shared/common'. Dependency is of type 'other'  boundaries/element-types
  10:22  error  No rule allowing this dependency was found. File is of type 'shared/common'. Dependency is of type 'other'  boundaries/element-types

/Users/ryan/projects/metabase/frontend/src/metabase/common/components/ListSearchField/ListSearchField.tsx
  3:66  error  No rule allowing this dependency was found. File is of type 'shared/common'. Dependency is of type 'other'  boundaries/element-types

/Users/ryan/projects/metabase/frontend/src/metabase/common/components/LoadingAndErrorWrapper/LoadingAndErrorWrapper.tsx
  14:16  error  No rule allowing this dependency was found. File is of type 'shared/common'. Dependency is of type 'other'  boundaries/element-types

/Users/ryan/projects/metabase/frontend/src/metabase/common/components/LoadingSpinner/LoadingSpinner.tsx
  1:42  error  No rule allowing this dependency was found. File is of type 'shared/common'. Dependency is of type 'other'  boundaries/element-types
  2:22  error  No rule allowing this dependency was found. File is of type 'shared/common'. Dependency is of type 'other'  boundaries/element-types

/Users/ryan/projects/metabase/frontend/src/metabase/common/components/LogoIcon/LogoIcon.jsx
  5:16  error  No rule allowing this dependency was found. File is of type 'shared/common'. Dependency is of type 'other'  boundaries/element-types
  6:45  error  No rule allowing this dependency was found. File is of type 'shared/common'. Dependency is of type 'other'  boundaries/element-types

/Users/ryan/projects/metabase/frontend/src/metabase/common/components/MarkdownPreview/MarkdownPreview.stories.tsx
  3:21  error  No rule allowing this dependency was found. File is of type 'shared/common'. Dependency is of type 'other'  boundaries/element-types

/Users/ryan/projects/metabase/frontend/src/metabase/common/components/MarkdownPreview/MarkdownPreview.tsx
  5:25  error  No rule allowing this dependency was found. File is of type 'shared/common'. Dependency is of type 'other'  boundaries/element-types

/Users/ryan/projects/metabase/frontend/src/metabase/common/components/MetadataInfo/ColumnFingerprintInfo/ColumnFingerprintInfo.tsx
  1:22  error  No rule allowing this dependency was found. File is of type 'shared/common'. Dependency is of type 'other'  boundaries/element-types

/Users/ryan/projects/metabase/frontend/src/metabase/common/components/MetadataInfo/ColumnFingerprintInfo/DateTimeFingerprint.tsx
  3:40  error  No rule allowing this dependency was found. File is of type 'shared/common'. Dependency is of type 'other'  boundaries/element-types
  4:27  error  No rule allowing this dependency was found. File is of type 'shared/common'. Dependency is of type 'other'  boundaries/element-types

/Users/ryan/projects/metabase/frontend/src/metabase/common/components/MetadataInfo/ColumnFingerprintInfo/GlobalFingerprint.jsx
  4:40  error  No rule allowing this dependency was found. File is of type 'shared/common'. Dependency is of type 'other'  boundaries/element-types
  5:30  error  No rule allowing this dependency was found. File is of type 'shared/common'. Dependency is of type 'other'  boundaries/element-types
  7:29  error  No rule allowing this dependency was found. File is of type 'shared/common'. Dependency is of type 'other'  boundaries/element-types

/Users/ryan/projects/metabase/frontend/src/metabase/common/components/MetadataInfo/ColumnFingerprintInfo/GlobalFingerprint.styled.tsx
  6:42  error  No rule allowing this dependency was found. File is of type 'shared/common'. Dependency is of type 'other'  boundaries/element-types

/Users/ryan/projects/metabase/frontend/src/metabase/common/components/MetadataInfo/ColumnFingerprintInfo/NumberFingerprint.tsx
  3:27  error  No rule allowing this dependency was found. File is of type 'shared/common'. Dependency is of type 'other'  boundaries/element-types

/Users/ryan/projects/metabase/frontend/src/metabase/common/components/MetadataInfo/ColumnInfo/ColumnInfo.tsx
  3:22  error  No rule allowing this dependency was found. File is of type 'shared/common'. Dependency is of type 'other'  boundaries/element-types

/Users/ryan/projects/metabase/frontend/src/metabase/common/components/MetadataInfo/ColumnInfoIcon/ColumnInfoIcon.tsx
  4:31  error  No rule allowing this dependency was found. File is of type 'shared/common'. Dependency is of type 'other'  boundaries/element-types

/Users/ryan/projects/metabase/frontend/src/metabase/common/components/MetadataInfo/InfoIcon/InfoIcon.styled.tsx
  4:22  error  No rule allowing this dependency was found. File is of type 'shared/common'. Dependency is of type 'other'  boundaries/element-types

/Users/ryan/projects/metabase/frontend/src/metabase/common/components/MetadataInfo/MetadataInfo.styled.tsx
  6:42  error  No rule allowing this dependency was found. File is of type 'shared/common'. Dependency is of type 'other'  boundaries/element-types
  7:22  error  No rule allowing this dependency was found. File is of type 'shared/common'. Dependency is of type 'other'  boundaries/element-types

/Users/ryan/projects/metabase/frontend/src/metabase/common/components/MetadataInfo/MetadataInfo.tsx
  3:36  error  No rule allowing this dependency was found. File is of type 'shared/common'. Dependency is of type 'other'  boundaries/element-types

/Users/ryan/projects/metabase/frontend/src/metabase/common/components/MetadataInfo/Popover/Popover.styled.tsx
  4:27  error  No rule allowing this dependency was found. File is of type 'shared/common'. Dependency is of type 'other'  boundaries/element-types

/Users/ryan/projects/metabase/frontend/src/metabase/common/components/MetadataInfo/Popover/Popover.tsx
  5:23  error  No rule allowing this dependency was found. File is of type 'shared/common'. Dependency is of type 'other'  boundaries/element-types
  6:37  error  No rule allowing this dependency was found. File is of type 'shared/common'. Dependency is of type 'other'  boundaries/element-types
  7:42  error  No rule allowing this dependency was found. File is of type 'shared/common'. Dependency is of type 'other'  boundaries/element-types

/Users/ryan/projects/metabase/frontend/src/metabase/common/components/MetadataInfo/SemanticTypeLabel/SemanticTypeLabel.tsx
  6:8  error  No rule allowing this dependency was found. File is of type 'shared/common'. Dependency is of type 'other'  boundaries/element-types

/Users/ryan/projects/metabase/frontend/src/metabase/common/components/MetadataInfo/TableInfo/TableInfo.tsx
  5:20  error  No rule allowing this dependency was found. File is of type 'shared/common'. Dependency is of type 'other'  boundaries/element-types

/Users/ryan/projects/metabase/frontend/src/metabase/common/components/MetadataInfo/TableInfoIcon/TableInfoIcon.tsx
  3:31  error  No rule allowing this dependency was found. File is of type 'shared/common'. Dependency is of type 'other'  boundaries/element-types

/Users/ryan/projects/metabase/frontend/src/metabase/common/components/Modal/Modal.tsx
  3:42  error  No rule allowing this dependency was found. File is of type 'shared/common'. Dependency is of type 'other'  boundaries/element-types

/Users/ryan/projects/metabase/frontend/src/metabase/common/components/Modal/WindowModal.tsx
  16:20  error  No rule allowing this dependency was found. File is of type 'shared/common'. Dependency is of type 'other'  boundaries/element-types
  17:16  error  No rule allowing this dependency was found. File is of type 'shared/common'. Dependency is of type 'other'  boundaries/element-types
  18:38  error  No rule allowing this dependency was found. File is of type 'shared/common'. Dependency is of type 'other'  boundaries/element-types
  19:20  error  No rule allowing this dependency was found. File is of type 'shared/common'. Dependency is of type 'other'  boundaries/element-types
  20:27  error  No rule allowing this dependency was found. File is of type 'shared/common'. Dependency is of type 'other'  boundaries/element-types

/Users/ryan/projects/metabase/frontend/src/metabase/common/components/ModalContent/ModalContent.styled.ts
  4:22  error  No rule allowing this dependency was found. File is of type 'shared/common'. Dependency is of type 'other'  boundaries/element-types

/Users/ryan/projects/metabase/frontend/src/metabase/common/components/ModalContent/ModalContent.tsx
  5:16  error  No rule allowing this dependency was found. File is of type 'shared/common'. Dependency is of type 'other'  boundaries/element-types
  6:20  error  No rule allowing this dependency was found. File is of type 'shared/common'. Dependency is of type 'other'  boundaries/element-types

/Users/ryan/projects/metabase/frontend/src/metabase/common/components/ModalContent/ModalHeader.tsx
  4:29  error  No rule allowing this dependency was found. File is of type 'shared/common'. Dependency is of type 'other'  boundaries/element-types

/Users/ryan/projects/metabase/frontend/src/metabase/common/components/MoveModal.tsx
   9:8  error  No rule allowing this dependency was found. File is of type 'shared/common'. Dependency is of type 'other'  boundaries/element-types
  15:8  error  No rule allowing this dependency was found. File is of type 'shared/common'. Dependency is of type 'other'  boundaries/element-types

/Users/ryan/projects/metabase/frontend/src/metabase/common/components/MoveQuestionsIntoDashboardsModal/ConfirmMoveDashboardQuestionCandidatesModal.tsx
  5:57  error  No rule allowing this dependency was found. File is of type 'shared/common'. Dependency is of type 'other'  boundaries/element-types

/Users/ryan/projects/metabase/frontend/src/metabase/common/components/MoveQuestionsIntoDashboardsModal/MoveQuestionsIntoDashboardsInfoModal.tsx
  3:49  error  No rule allowing this dependency was found. File is of type 'shared/common'. Dependency is of type 'other'  boundaries/element-types

/Users/ryan/projects/metabase/frontend/src/metabase/common/components/MoveQuestionsIntoDashboardsModal/MoveQuestionsIntoDashboardsModal.tsx
  12:8   error  No rule allowing this dependency was found. File is of type 'shared/common'. Dependency is of type 'other'  boundaries/element-types
  16:25  error  No rule allowing this dependency was found. File is of type 'shared/common'. Dependency is of type 'other'  boundaries/element-types
  17:32  error  No rule allowing this dependency was found. File is of type 'shared/common'. Dependency is of type 'other'  boundaries/element-types

/Users/ryan/projects/metabase/frontend/src/metabase/common/components/MoveQuestionsIntoDashboardsModal/hooks.ts
  4:8   error  No rule allowing this dependency was found. File is of type 'shared/common'. Dependency is of type 'other'  boundaries/element-types
  6:32  error  No rule allowing this dependency was found. File is of type 'shared/common'. Dependency is of type 'other'  boundaries/element-types

/Users/ryan/projects/metabase/frontend/src/metabase/common/components/NewItemMenu/NewItemMenu.tsx
   4:23  error  No rule allowing this dependency was found. File is of type 'shared/common'. Dependency is of type 'other'  boundaries/element-types
   6:29  error  No rule allowing this dependency was found. File is of type 'shared/common'. Dependency is of type 'other'  boundaries/element-types
  11:8   error  No rule allowing this dependency was found. File is of type 'shared/common'. Dependency is of type 'other'  boundaries/element-types

/Users/ryan/projects/metabase/frontend/src/metabase/common/components/NewItemMenu/NewItemMenuView.tsx
   8:34  error  No rule allowing this dependency was found. File is of type 'shared/common'. Dependency is of type 'other'  boundaries/element-types
   9:30  error  No rule allowing this dependency was found. File is of type 'shared/common'. Dependency is of type 'other'  boundaries/element-types
  10:28  error  No rule allowing this dependency was found. File is of type 'shared/common'. Dependency is of type 'other'  boundaries/element-types
  11:33  error  No rule allowing this dependency was found. File is of type 'shared/common'. Dependency is of type 'other'  boundaries/element-types

/Users/ryan/projects/metabase/frontend/src/metabase/common/components/NewItemMenu/analytics.ts
  1:34  error  No rule allowing this dependency was found. File is of type 'shared/common'. Dependency is of type 'other'  boundaries/element-types

/Users/ryan/projects/metabase/frontend/src/metabase/common/components/NotFoundFallbackPage.tsx
  7:36  error  No rule allowing this dependency was found. File is of type 'shared/common'. Dependency is of type 'other'  boundaries/element-types

/Users/ryan/projects/metabase/frontend/src/metabase/common/components/OnClickOutsideWrapper/OnClickOutsideWrapper.jsx
  9:21  error  No rule allowing this dependency was found. File is of type 'shared/common'. Dependency is of type 'other'  boundaries/element-types

/Users/ryan/projects/metabase/frontend/src/metabase/common/components/OnboardingIllustration/OnboardingIllustration.tsx
  4:21  error  No rule allowing this dependency was found. File is of type 'shared/common'. Dependency is of type 'other'  boundaries/element-types

/Users/ryan/projects/metabase/frontend/src/metabase/common/components/PaginationControls/PaginationControls.tsx
  4:29  error  No rule allowing this dependency was found. File is of type 'shared/common'. Dependency is of type 'other'  boundaries/element-types

/Users/ryan/projects/metabase/frontend/src/metabase/common/components/PasswordReveal/PasswordReveal.jsx
  7:16  error  No rule allowing this dependency was found. File is of type 'shared/common'. Dependency is of type 'other'  boundaries/element-types

/Users/ryan/projects/metabase/frontend/src/metabase/common/components/Pickers/CollectionPicker/components/CollectionItemList.tsx
  1:56  error  No rule allowing this dependency was found. File is of type 'shared/common'. Dependency is of type 'other'  boundaries/element-types

/Users/ryan/projects/metabase/frontend/src/metabase/common/components/Pickers/CollectionPicker/components/CollectionItemPickerResolver.tsx
  4:38  error  No rule allowing this dependency was found. File is of type 'shared/common'. Dependency is of type 'other'  boundaries/element-types

/Users/ryan/projects/metabase/frontend/src/metabase/common/components/Pickers/CollectionPicker/components/CollectionPicker.tsx
  7:45  error  No rule allowing this dependency was found. File is of type 'shared/common'. Dependency is of type 'other'  boundaries/element-types

/Users/ryan/projects/metabase/frontend/src/metabase/common/components/Pickers/CollectionPicker/components/CollectionPickerModal.tsx
   9:8   error  No rule allowing this dependency was found. File is of type 'shared/common'. Dependency is of type 'other'  boundaries/element-types
  11:30  error  No rule allowing this dependency was found. File is of type 'shared/common'. Dependency is of type 'other'  boundaries/element-types

/Users/ryan/projects/metabase/frontend/src/metabase/common/components/Pickers/CollectionPicker/components/DashboardItemList.tsx
  1:55  error  No rule allowing this dependency was found. File is of type 'shared/common'. Dependency is of type 'other'  boundaries/element-types

/Users/ryan/projects/metabase/frontend/src/metabase/common/components/Pickers/CollectionPicker/components/NewCollectionDialog.tsx
   3:45  error  No rule allowing this dependency was found. File is of type 'shared/common'. Dependency is of type 'other'  boundaries/element-types
  12:8   error  No rule allowing this dependency was found. File is of type 'shared/common'. Dependency is of type 'other'  boundaries/element-types
  13:37  error  No rule allowing this dependency was found. File is of type 'shared/common'. Dependency is of type 'other'  boundaries/element-types

/Users/ryan/projects/metabase/frontend/src/metabase/common/components/Pickers/CollectionPicker/components/PersonalCollectionItemList.tsx
  3:41  error  No rule allowing this dependency was found. File is of type 'shared/common'. Dependency is of type 'other'  boundaries/element-types

/Users/ryan/projects/metabase/frontend/src/metabase/common/components/Pickers/CollectionPicker/hooks.ts
   8:8   error  No rule allowing this dependency was found. File is of type 'shared/common'. Dependency is of type 'other'  boundaries/element-types
   9:34  error  No rule allowing this dependency was found. File is of type 'shared/common'. Dependency is of type 'other'  boundaries/element-types
  10:38  error  No rule allowing this dependency was found. File is of type 'shared/common'. Dependency is of type 'other'  boundaries/element-types
  12:36  error  No rule allowing this dependency was found. File is of type 'shared/common'. Dependency is of type 'other'  boundaries/element-types
  13:41  error  No rule allowing this dependency was found. File is of type 'shared/common'. Dependency is of type 'other'  boundaries/element-types

/Users/ryan/projects/metabase/frontend/src/metabase/common/components/Pickers/DashboardPicker/components/DashboardPicker.tsx
  7:45  error  No rule allowing this dependency was found. File is of type 'shared/common'. Dependency is of type 'other'  boundaries/element-types

/Users/ryan/projects/metabase/frontend/src/metabase/common/components/Pickers/DashboardPicker/components/DashboardPickerModal.tsx
  6:30  error  No rule allowing this dependency was found. File is of type 'shared/common'. Dependency is of type 'other'  boundaries/element-types

/Users/ryan/projects/metabase/frontend/src/metabase/common/components/Pickers/DashboardPicker/components/NewDashboardDialog.tsx
   3:44  error  No rule allowing this dependency was found. File is of type 'shared/common'. Dependency is of type 'other'  boundaries/element-types
  12:8   error  No rule allowing this dependency was found. File is of type 'shared/common'. Dependency is of type 'other'  boundaries/element-types
  13:37  error  No rule allowing this dependency was found. File is of type 'shared/common'. Dependency is of type 'other'  boundaries/element-types

/Users/ryan/projects/metabase/frontend/src/metabase/common/components/Pickers/DataPicker/components/DataPickerModal.tsx
  5:49  error  No rule allowing this dependency was found. File is of type 'shared/common'. Dependency is of type 'other'  boundaries/element-types

/Users/ryan/projects/metabase/frontend/src/metabase/common/components/Pickers/DataPicker/hooks/useAvailableData.ts
  1:32  error  No rule allowing this dependency was found. File is of type 'shared/common'. Dependency is of type 'other'  boundaries/element-types

/Users/ryan/projects/metabase/frontend/src/metabase/common/components/Pickers/DataPicker/utils.ts
  1:35  error  No rule allowing this dependency was found. File is of type 'shared/common'. Dependency is of type 'other'  boundaries/element-types
  2:22  error  No rule allowing this dependency was found. File is of type 'shared/common'. Dependency is of type 'other'  boundaries/element-types

/Users/ryan/projects/metabase/frontend/src/metabase/common/components/Pickers/MiniPicker/components/MiniPicker/MiniPicker.tsx
  3:36  error  No rule allowing this dependency was found. File is of type 'shared/common'. Dependency is of type 'other'  boundaries/element-types
  4:27  error  No rule allowing this dependency was found. File is of type 'shared/common'. Dependency is of type 'other'  boundaries/element-types

/Users/ryan/projects/metabase/frontend/src/metabase/common/components/Pickers/MiniPicker/components/MiniPickerFooter.tsx
  3:28  error  No rule allowing this dependency was found. File is of type 'shared/common'. Dependency is of type 'other'  boundaries/element-types

/Users/ryan/projects/metabase/frontend/src/metabase/common/components/Pickers/MiniPicker/components/MiniPickerHeader.tsx
  1:22  error  No rule allowing this dependency was found. File is of type 'shared/common'. Dependency is of type 'other'  boundaries/element-types

/Users/ryan/projects/metabase/frontend/src/metabase/common/components/Pickers/MiniPicker/components/MiniPickerItem.tsx
  2:25  error  No rule allowing this dependency was found. File is of type 'shared/common'. Dependency is of type 'other'  boundaries/element-types
  3:53  error  No rule allowing this dependency was found. File is of type 'shared/common'. Dependency is of type 'other'  boundaries/element-types

/Users/ryan/projects/metabase/frontend/src/metabase/common/components/Pickers/MiniPicker/components/MiniPickerItemList.tsx
  11:8   error  No rule allowing this dependency was found. File is of type 'shared/common'. Dependency is of type 'other'  boundaries/element-types
  15:36  error  No rule allowing this dependency was found. File is of type 'shared/common'. Dependency is of type 'other'  boundaries/element-types
  16:27  error  No rule allowing this dependency was found. File is of type 'shared/common'. Dependency is of type 'other'  boundaries/element-types

/Users/ryan/projects/metabase/frontend/src/metabase/common/components/Pickers/MiniPicker/components/MiniPickerPane.tsx
  1:23  error  No rule allowing this dependency was found. File is of type 'shared/common'. Dependency is of type 'other'  boundaries/element-types

/Users/ryan/projects/metabase/frontend/src/metabase/common/components/Pickers/MiniPicker/utils.ts
  5:53  error  No rule allowing this dependency was found. File is of type 'shared/common'. Dependency is of type 'other'  boundaries/element-types

/Users/ryan/projects/metabase/frontend/src/metabase/common/components/Pickers/QuestionPicker/components/QuestionPicker.tsx
  5:45  error  No rule allowing this dependency was found. File is of type 'shared/common'. Dependency is of type 'other'  boundaries/element-types

/Users/ryan/projects/metabase/frontend/src/metabase/common/components/Pickers/TablePicker/TablePicker.tsx
   9:8   error  No rule allowing this dependency was found. File is of type 'shared/common'. Dependency is of type 'other'  boundaries/element-types
  10:27  error  No rule allowing this dependency was found. File is of type 'shared/common'. Dependency is of type 'other'  boundaries/element-types
  11:22  error  No rule allowing this dependency was found. File is of type 'shared/common'. Dependency is of type 'other'  boundaries/element-types

/Users/ryan/projects/metabase/frontend/src/metabase/common/components/Pickers/hooks.ts
  6:8   error  No rule allowing this dependency was found. File is of type 'shared/common'. Dependency is of type 'other'  boundaries/element-types
  7:37  error  No rule allowing this dependency was found. File is of type 'shared/common'. Dependency is of type 'other'  boundaries/element-types
  8:38  error  No rule allowing this dependency was found. File is of type 'shared/common'. Dependency is of type 'other'  boundaries/element-types

/Users/ryan/projects/metabase/frontend/src/metabase/common/components/Pickers/utils.ts
  1:38  error  No rule allowing this dependency was found. File is of type 'shared/common'. Dependency is of type 'other'  boundaries/element-types
  2:35  error  No rule allowing this dependency was found. File is of type 'shared/common'. Dependency is of type 'other'  boundaries/element-types

/Users/ryan/projects/metabase/frontend/src/metabase/common/components/Popover/Popover.jsx
   8:16  error  No rule allowing this dependency was found. File is of type 'shared/common'. Dependency is of type 'other'  boundaries/element-types
   9:38  error  No rule allowing this dependency was found. File is of type 'shared/common'. Dependency is of type 'other'  boundaries/element-types
  10:20  error  No rule allowing this dependency was found. File is of type 'shared/common'. Dependency is of type 'other'  boundaries/element-types
  11:33  error  No rule allowing this dependency was found. File is of type 'shared/common'. Dependency is of type 'other'  boundaries/element-types

/Users/ryan/projects/metabase/frontend/src/metabase/common/components/Popover/TippyPopover.tsx
   9:38  error  No rule allowing this dependency was found. File is of type 'shared/common'. Dependency is of type 'other'  boundaries/element-types
  10:20  error  No rule allowing this dependency was found. File is of type 'shared/common'. Dependency is of type 'other'  boundaries/element-types
  11:33  error  No rule allowing this dependency was found. File is of type 'shared/common'. Dependency is of type 'other'  boundaries/element-types
  12:42  error  No rule allowing this dependency was found. File is of type 'shared/common'. Dependency is of type 'other'  boundaries/element-types

/Users/ryan/projects/metabase/frontend/src/metabase/common/components/QueryButton/QueryButton.jsx
  6:16  error  No rule allowing this dependency was found. File is of type 'shared/common'. Dependency is of type 'other'  boundaries/element-types
  7:22  error  No rule allowing this dependency was found. File is of type 'shared/common'. Dependency is of type 'other'  boundaries/element-types

/Users/ryan/projects/metabase/frontend/src/metabase/common/components/QueryColumnPicker/BucketPickerPopover/BaseBucketPickerPopover.styled.tsx
  6:48  error  No rule allowing this dependency was found. File is of type 'shared/common'. Dependency is of type 'other'  boundaries/element-types

/Users/ryan/projects/metabase/frontend/src/metabase/common/components/QueryColumnPicker/BucketPickerPopover/BaseBucketPickerPopover.tsx
   9:51  error  No rule allowing this dependency was found. File is of type 'shared/common'. Dependency is of type 'other'  boundaries/element-types
  10:22  error  No rule allowing this dependency was found. File is of type 'shared/common'. Dependency is of type 'other'  boundaries/element-types

/Users/ryan/projects/metabase/frontend/src/metabase/common/components/QueryColumnPicker/BucketPickerPopover/BinningStrategyPickerPopover.tsx
  4:22  error  No rule allowing this dependency was found. File is of type 'shared/common'. Dependency is of type 'other'  boundaries/element-types

/Users/ryan/projects/metabase/frontend/src/metabase/common/components/QueryColumnPicker/BucketPickerPopover/BucketPickerPopover.tsx
  1:22  error  No rule allowing this dependency was found. File is of type 'shared/common'. Dependency is of type 'other'  boundaries/element-types

/Users/ryan/projects/metabase/frontend/src/metabase/common/components/QueryColumnPicker/BucketPickerPopover/TemporalBucketPickerPopover.tsx
  4:22  error  No rule allowing this dependency was found. File is of type 'shared/common'. Dependency is of type 'other'  boundaries/element-types

/Users/ryan/projects/metabase/frontend/src/metabase/common/components/QueryColumnPicker/BucketPickerPopover/types.ts
  1:27  error  No rule allowing this dependency was found. File is of type 'shared/common'. Dependency is of type 'other'  boundaries/element-types

/Users/ryan/projects/metabase/frontend/src/metabase/common/components/QueryColumnPicker/QueryColumnPicker.tsx
  15:27  error  No rule allowing this dependency was found. File is of type 'shared/common'. Dependency is of type 'other'  boundaries/element-types
  21:31  error  No rule allowing this dependency was found. File is of type 'shared/common'. Dependency is of type 'other'  boundaries/element-types
  22:34  error  No rule allowing this dependency was found. File is of type 'shared/common'. Dependency is of type 'other'  boundaries/element-types
  24:22  error  No rule allowing this dependency was found. File is of type 'shared/common'. Dependency is of type 'other'  boundaries/element-types

/Users/ryan/projects/metabase/frontend/src/metabase/common/components/QuestionLoader.jsx
  5:29  error  No rule allowing this dependency was found. File is of type 'shared/common'. Dependency is of type 'other'  boundaries/element-types
  6:37  error  No rule allowing this dependency was found. File is of type 'shared/common'. Dependency is of type 'other'  boundaries/element-types

/Users/ryan/projects/metabase/frontend/src/metabase/common/components/QuestionResultLoader.jsx
  5:23  error  No rule allowing this dependency was found. File is of type 'shared/common'. Dependency is of type 'other'  boundaries/element-types
  6:34  error  No rule allowing this dependency was found. File is of type 'shared/common'. Dependency is of type 'other'  boundaries/element-types

/Users/ryan/projects/metabase/frontend/src/metabase/common/components/ReorderableTagsInput/ReorderableTagsInput.stories.tsx
  16:43  error  No rule allowing this dependency was found. File is of type 'shared/common'. Dependency is of type 'other'  boundaries/element-types

/Users/ryan/projects/metabase/frontend/src/metabase/common/components/ReorderableTagsInput/ReorderableTagsInput.tsx
  29:8  error  No rule allowing this dependency was found. File is of type 'shared/common'. Dependency is of type 'other'  boundaries/element-types

/Users/ryan/projects/metabase/frontend/src/metabase/common/components/ReorderableTagsInput/test-utils.tsx
  2:34  error  No rule allowing this dependency was found. File is of type 'shared/common'. Dependency is of type 'other'  boundaries/element-types

/Users/ryan/projects/metabase/frontend/src/metabase/common/components/SaveQuestionForm/SaveQuestionForm.tsx
   4:50  error  No rule allowing this dependency was found. File is of type 'shared/common'. Dependency is of type 'other'              boundaries/element-types
   5:43  error  No rule allowing this dependency was found. File is of type 'shared/common'. Dependency is of type 'other'              boundaries/element-types
   9:40  error  No rule allowing this dependency was found. File is of type 'shared/common'. Dependency is of type 'feature/dashboard'  boundaries/element-types
  17:8   error  No rule allowing this dependency was found. File is of type 'shared/common'. Dependency is of type 'other'              boundaries/element-types
  18:43  error  No rule allowing this dependency was found. File is of type 'shared/common'. Dependency is of type 'other'              boundaries/element-types

/Users/ryan/projects/metabase/frontend/src/metabase/common/components/SaveQuestionForm/context.tsx
  11:32  error  No rule allowing this dependency was found. File is of type 'shared/common'. Dependency is of type 'feature/admin'  boundaries/element-types
  12:37  error  No rule allowing this dependency was found. File is of type 'shared/common'. Dependency is of type 'other'          boundaries/element-types
  13:43  error  No rule allowing this dependency was found. File is of type 'shared/common'. Dependency is of type 'other'          boundaries/element-types
  18:8   error  No rule allowing this dependency was found. File is of type 'shared/common'. Dependency is of type 'other'          boundaries/element-types
  19:30  error  No rule allowing this dependency was found. File is of type 'shared/common'. Dependency is of type 'other'          boundaries/element-types
  21:27  error  No rule allowing this dependency was found. File is of type 'shared/common'. Dependency is of type 'other'          boundaries/element-types

/Users/ryan/projects/metabase/frontend/src/metabase/common/components/SaveQuestionForm/schema.ts
  4:42  error  No rule allowing this dependency was found. File is of type 'shared/common'. Dependency is of type 'other'  boundaries/element-types

/Users/ryan/projects/metabase/frontend/src/metabase/common/components/SaveQuestionForm/util.ts
  7:8   error  No rule allowing this dependency was found. File is of type 'shared/common'. Dependency is of type 'other'  boundaries/element-types
  8:35  error  No rule allowing this dependency was found. File is of type 'shared/common'. Dependency is of type 'other'  boundaries/element-types

/Users/ryan/projects/metabase/frontend/src/metabase/common/components/SaveQuestionModal/SaveQuestionModal.tsx
  8:37  error  No rule allowing this dependency was found. File is of type 'shared/common'. Dependency is of type 'other'  boundaries/element-types
  9:46  error  No rule allowing this dependency was found. File is of type 'shared/common'. Dependency is of type 'other'  boundaries/element-types

/Users/ryan/projects/metabase/frontend/src/metabase/common/components/SavedQuestionLoader.jsx
  6:23  error  No rule allowing this dependency was found. File is of type 'shared/common'. Dependency is of type 'other'  boundaries/element-types
  8:37  error  No rule allowing this dependency was found. File is of type 'shared/common'. Dependency is of type 'other'  boundaries/element-types
  9:29  error  No rule allowing this dependency was found. File is of type 'shared/common'. Dependency is of type 'other'  boundaries/element-types

/Users/ryan/projects/metabase/frontend/src/metabase/common/components/Schedule/AutoWidthSelect.tsx
  4:28  error  No rule allowing this dependency was found. File is of type 'shared/common'. Dependency is of type 'other'  boundaries/element-types
  5:34  error  No rule allowing this dependency was found. File is of type 'shared/common'. Dependency is of type 'other'  boundaries/element-types
  6:24  error  No rule allowing this dependency was found. File is of type 'shared/common'. Dependency is of type 'other'  boundaries/element-types

/Users/ryan/projects/metabase/frontend/src/metabase/common/components/Schedule/GroupControlsTogether.tsx
  3:22  error  No rule allowing this dependency was found. File is of type 'shared/common'. Dependency is of type 'other'  boundaries/element-types

/Users/ryan/projects/metabase/frontend/src/metabase/common/components/Schedule/Schedule.stories.tsx
  10:21  error  No rule allowing this dependency was found. File is of type 'shared/common'. Dependency is of type 'other'  boundaries/element-types
  12:32  error  No rule allowing this dependency was found. File is of type 'shared/common'. Dependency is of type 'other'  boundaries/element-types
  13:32  error  No rule allowing this dependency was found. File is of type 'shared/common'. Dependency is of type 'other'  boundaries/element-types

/Users/ryan/projects/metabase/frontend/src/metabase/common/components/Schedule/Schedule.tsx
  10:8   error  No rule allowing this dependency was found. File is of type 'shared/common'. Dependency is of type 'feature/admin'  boundaries/element-types
  12:43  error  No rule allowing this dependency was found. File is of type 'shared/common'. Dependency is of type 'other'          boundaries/element-types
  13:46  error  No rule allowing this dependency was found. File is of type 'shared/common'. Dependency is of type 'other'          boundaries/element-types
  14:43  error  No rule allowing this dependency was found. File is of type 'shared/common'. Dependency is of type 'other'          boundaries/element-types

/Users/ryan/projects/metabase/frontend/src/metabase/common/components/Schedule/components.tsx
   7:8   error  No rule allowing this dependency was found. File is of type 'shared/common'. Dependency is of type 'feature/admin'  boundaries/element-types
  10:38  error  No rule allowing this dependency was found. File is of type 'shared/common'. Dependency is of type 'other'          boundaries/element-types
  11:36  error  No rule allowing this dependency was found. File is of type 'shared/common'. Dependency is of type 'other'          boundaries/element-types
  12:55  error  No rule allowing this dependency was found. File is of type 'shared/common'. Dependency is of type 'other'          boundaries/element-types

/Users/ryan/projects/metabase/frontend/src/metabase/common/components/Schedule/strings.ts
  4:38  error  No rule allowing this dependency was found. File is of type 'shared/common'. Dependency is of type 'other'  boundaries/element-types

/Users/ryan/projects/metabase/frontend/src/metabase/common/components/Schedule/utils.tsx
  5:34  error  No rule allowing this dependency was found. File is of type 'shared/common'. Dependency is of type 'other'  boundaries/element-types
  6:34  error  No rule allowing this dependency was found. File is of type 'shared/common'. Dependency is of type 'other'  boundaries/element-types

/Users/ryan/projects/metabase/frontend/src/metabase/common/components/SchedulePicker/SchedulePickerView.tsx
   7:16  error  No rule allowing this dependency was found. File is of type 'shared/common'. Dependency is of type 'other'  boundaries/element-types
  14:8   error  No rule allowing this dependency was found. File is of type 'shared/common'. Dependency is of type 'other'  boundaries/element-types
  17:36  error  No rule allowing this dependency was found. File is of type 'shared/common'. Dependency is of type 'other'  boundaries/element-types
  18:54  error  No rule allowing this dependency was found. File is of type 'shared/common'. Dependency is of type 'other'  boundaries/element-types

/Users/ryan/projects/metabase/frontend/src/metabase/common/components/SegmentedControl/SegmentedControl.styled.tsx
  8:32  error  No rule allowing this dependency was found. File is of type 'shared/common'. Dependency is of type 'other'  boundaries/element-types
  9:22  error  No rule allowing this dependency was found. File is of type 'shared/common'. Dependency is of type 'other'  boundaries/element-types

/Users/ryan/projects/metabase/frontend/src/metabase/common/components/SegmentedControl/SegmentedControl.tsx
  5:31  error  No rule allowing this dependency was found. File is of type 'shared/common'. Dependency is of type 'other'  boundaries/element-types

/Users/ryan/projects/metabase/frontend/src/metabase/common/components/Select/Select.tsx
  20:16  error  No rule allowing this dependency was found. File is of type 'shared/common'. Dependency is of type 'other'  boundaries/element-types
  21:28  error  No rule allowing this dependency was found. File is of type 'shared/common'. Dependency is of type 'other'  boundaries/element-types
  22:38  error  No rule allowing this dependency was found. File is of type 'shared/common'. Dependency is of type 'other'  boundaries/element-types
  23:31  error  No rule allowing this dependency was found. File is of type 'shared/common'. Dependency is of type 'other'  boundaries/element-types
  24:22  error  No rule allowing this dependency was found. File is of type 'shared/common'. Dependency is of type 'other'  boundaries/element-types

/Users/ryan/projects/metabase/frontend/src/metabase/common/components/SelectButton/SelectButton.styled.tsx
  6:22  error  No rule allowing this dependency was found. File is of type 'shared/common'. Dependency is of type 'other'  boundaries/element-types

/Users/ryan/projects/metabase/frontend/src/metabase/common/components/SelectList/SelectList.tsx
  3:36  error  No rule allowing this dependency was found. File is of type 'shared/common'. Dependency is of type 'other'  boundaries/element-types

/Users/ryan/projects/metabase/frontend/src/metabase/common/components/SelectList/SelectListItem.styled.tsx
  7:44  error  No rule allowing this dependency was found. File is of type 'shared/common'. Dependency is of type 'other'  boundaries/element-types

/Users/ryan/projects/metabase/frontend/src/metabase/common/components/SelectList/SelectListItem.tsx
  6:32  error  No rule allowing this dependency was found. File is of type 'shared/common'. Dependency is of type 'other'  boundaries/element-types

/Users/ryan/projects/metabase/frontend/src/metabase/common/components/SendTestPulse/SendTestPulse.jsx
  6:28  error  No rule allowing this dependency was found. File is of type 'shared/common'. Dependency is of type 'other'  boundaries/element-types

/Users/ryan/projects/metabase/frontend/src/metabase/common/components/SidebarLayout/SidebarLayout.jsx
  6:16  error  No rule allowing this dependency was found. File is of type 'shared/common'. Dependency is of type 'other'  boundaries/element-types

/Users/ryan/projects/metabase/frontend/src/metabase/common/components/Sidesheet/Sidesheet.samples.tsx
  8:49  error  No rule allowing this dependency was found. File is of type 'shared/common'. Dependency is of type 'other'  boundaries/element-types

/Users/ryan/projects/metabase/frontend/src/metabase/common/components/Sidesheet/Sidesheet.stories.tsx
  3:22  error  No rule allowing this dependency was found. File is of type 'shared/common'. Dependency is of type 'other'  boundaries/element-types

/Users/ryan/projects/metabase/frontend/src/metabase/common/components/Sidesheet/Sidesheet.tsx
  7:23  error  No rule allowing this dependency was found. File is of type 'shared/common'. Dependency is of type 'other'  boundaries/element-types
  8:30  error  No rule allowing this dependency was found. File is of type 'shared/common'. Dependency is of type 'other'  boundaries/element-types

/Users/ryan/projects/metabase/frontend/src/metabase/common/components/Sidesheet/SidesheetButton.tsx
  1:54  error  No rule allowing this dependency was found. File is of type 'shared/common'. Dependency is of type 'other'  boundaries/element-types

/Users/ryan/projects/metabase/frontend/src/metabase/common/components/Sidesheet/SidesheetCard.tsx
   4:16  error  No rule allowing this dependency was found. File is of type 'shared/common'. Dependency is of type 'other'  boundaries/element-types
  12:8   error  No rule allowing this dependency was found. File is of type 'shared/common'. Dependency is of type 'other'  boundaries/element-types

/Users/ryan/projects/metabase/frontend/src/metabase/common/components/Sidesheet/SidesheetCardSection.tsx
  3:16  error  No rule allowing this dependency was found. File is of type 'shared/common'. Dependency is of type 'other'  boundaries/element-types
  4:52  error  No rule allowing this dependency was found. File is of type 'shared/common'. Dependency is of type 'other'  boundaries/element-types

/Users/ryan/projects/metabase/frontend/src/metabase/common/components/Sidesheet/SidesheetSubPage.tsx
  3:43  error  No rule allowing this dependency was found. File is of type 'shared/common'. Dependency is of type 'other'  boundaries/element-types

/Users/ryan/projects/metabase/frontend/src/metabase/common/components/Sidesheet/SidesheetTabPanelContainer.tsx
  3:45  error  No rule allowing this dependency was found. File is of type 'shared/common'. Dependency is of type 'other'  boundaries/element-types

/Users/ryan/projects/metabase/frontend/src/metabase/common/components/Sidesheet/components/InsightsTab/InsightsTab.tsx
  3:31  error  No rule allowing this dependency was found. File is of type 'shared/common'. Dependency is of type 'feature/admin'  boundaries/element-types
  4:22  error  No rule allowing this dependency was found. File is of type 'shared/common'. Dependency is of type 'other'          boundaries/element-types

/Users/ryan/projects/metabase/frontend/src/metabase/common/components/Sidesheet/components/InsightsTabOrLink/InsightsTabOrLink.tsx
  2:54  error  No rule allowing this dependency was found. File is of type 'shared/common'. Dependency is of type 'other'  boundaries/element-types

/Users/ryan/projects/metabase/frontend/src/metabase/common/components/Sidesheet/components/InsightsTabOrLink/tests/setup.tsx
  8:22  error  No rule allowing this dependency was found. File is of type 'shared/common'. Dependency is of type 'other'  boundaries/element-types

/Users/ryan/projects/metabase/frontend/src/metabase/common/components/SnippetCollectionName.tsx
  3:34  error  No rule allowing this dependency was found. File is of type 'shared/common'. Dependency is of type 'other'  boundaries/element-types
  4:32  error  No rule allowing this dependency was found. File is of type 'shared/common'. Dependency is of type 'other'  boundaries/element-types

/Users/ryan/projects/metabase/frontend/src/metabase/common/components/Sortable/SortableList.tsx
  13:22  error  No rule allowing this dependency was found. File is of type 'shared/common'. Dependency is of type 'other'  boundaries/element-types
  14:38  error  No rule allowing this dependency was found. File is of type 'shared/common'. Dependency is of type 'other'  boundaries/element-types
  15:27  error  No rule allowing this dependency was found. File is of type 'shared/common'. Dependency is of type 'other'  boundaries/element-types

/Users/ryan/projects/metabase/frontend/src/metabase/common/components/Tab/Tab.styled.tsx
  6:22  error  No rule allowing this dependency was found. File is of type 'shared/common'. Dependency is of type 'other'  boundaries/element-types

/Users/ryan/projects/metabase/frontend/src/metabase/common/components/Tab/Tab.tsx
  4:31  error  No rule allowing this dependency was found. File is of type 'shared/common'. Dependency is of type 'other'  boundaries/element-types

/Users/ryan/projects/metabase/frontend/src/metabase/common/components/TabButton/TabButton.tsx
  25:37  error  No rule allowing this dependency was found. File is of type 'shared/common'. Dependency is of type 'other'  boundaries/element-types

/Users/ryan/projects/metabase/frontend/src/metabase/common/components/TabRow/TabRow.tsx
  30:22  error  No rule allowing this dependency was found. File is of type 'shared/common'. Dependency is of type 'other'  boundaries/element-types

/Users/ryan/projects/metabase/frontend/src/metabase/common/components/Table/Table.tsx
  8:49  error  No rule allowing this dependency was found. File is of type 'shared/common'. Dependency is of type 'other'  boundaries/element-types

/Users/ryan/projects/metabase/frontend/src/metabase/common/components/Timeline/Timeline.tsx
  6:33  error  No rule allowing this dependency was found. File is of type 'shared/common'. Dependency is of type 'other'  boundaries/element-types
  7:48  error  No rule allowing this dependency was found. File is of type 'shared/common'. Dependency is of type 'other'  boundaries/element-types
  8:31  error  No rule allowing this dependency was found. File is of type 'shared/common'. Dependency is of type 'other'  boundaries/element-types

/Users/ryan/projects/metabase/frontend/src/metabase/common/components/Timeline/analytics.ts
  1:34  error  No rule allowing this dependency was found. File is of type 'shared/common'. Dependency is of type 'other'  boundaries/element-types

/Users/ryan/projects/metabase/frontend/src/metabase/common/components/TitleAndDescription/TitleAndDescription.tsx
  3:37  error  No rule allowing this dependency was found. File is of type 'shared/common'. Dependency is of type 'other'  boundaries/element-types
  4:65  error  No rule allowing this dependency was found. File is of type 'shared/common'. Dependency is of type 'other'  boundaries/element-types

/Users/ryan/projects/metabase/frontend/src/metabase/common/components/TitleAndDescription/i18n-tests/utils.spec.tsx
  4:8  error  No rule allowing this dependency was found. File is of type 'shared/common'. Dependency is of type 'other'  boundaries/element-types

/Users/ryan/projects/metabase/frontend/src/metabase/common/components/Toaster/Toaster.tsx
  5:30  error  No rule allowing this dependency was found. File is of type 'shared/common'. Dependency is of type 'other'  boundaries/element-types

/Users/ryan/projects/metabase/frontend/src/metabase/common/components/TokenField/TokenField.tsx
   7:19  error  No rule allowing this dependency was found. File is of type 'shared/common'. Dependency is of type 'other'  boundaries/element-types
   8:16  error  No rule allowing this dependency was found. File is of type 'shared/common'. Dependency is of type 'other'  boundaries/element-types
   9:28  error  No rule allowing this dependency was found. File is of type 'shared/common'. Dependency is of type 'other'  boundaries/element-types
  20:8   error  No rule allowing this dependency was found. File is of type 'shared/common'. Dependency is of type 'other'  boundaries/element-types
  21:22  error  No rule allowing this dependency was found. File is of type 'shared/common'. Dependency is of type 'other'  boundaries/element-types

/Users/ryan/projects/metabase/frontend/src/metabase/common/components/TokenFieldItem/TokenFieldItem.stories.tsx
  5:16  error  No rule allowing this dependency was found. File is of type 'shared/common'. Dependency is of type 'other'  boundaries/element-types
  6:22  error  No rule allowing this dependency was found. File is of type 'shared/common'. Dependency is of type 'other'  boundaries/element-types

/Users/ryan/projects/metabase/frontend/src/metabase/common/components/ToolbarButton/ToolbarButton.tsx
  4:62  error  No rule allowing this dependency was found. File is of type 'shared/common'. Dependency is of type 'other'  boundaries/element-types
  5:48  error  No rule allowing this dependency was found. File is of type 'shared/common'. Dependency is of type 'other'  boundaries/element-types

/Users/ryan/projects/metabase/frontend/src/metabase/common/components/Tooltip/Tooltip.tsx
  7:20  error  No rule allowing this dependency was found. File is of type 'shared/common'. Dependency is of type 'other'  boundaries/element-types
  8:54  error  No rule allowing this dependency was found. File is of type 'shared/common'. Dependency is of type 'other'  boundaries/element-types
  9:42  error  No rule allowing this dependency was found. File is of type 'shared/common'. Dependency is of type 'other'  boundaries/element-types

/Users/ryan/projects/metabase/frontend/src/metabase/common/components/Triggerable/Triggerable.jsx
  7:16  error  No rule allowing this dependency was found. File is of type 'shared/common'. Dependency is of type 'other'  boundaries/element-types
  8:28  error  No rule allowing this dependency was found. File is of type 'shared/common'. Dependency is of type 'other'  boundaries/element-types
  9:25  error  No rule allowing this dependency was found. File is of type 'shared/common'. Dependency is of type 'other'  boundaries/element-types

/Users/ryan/projects/metabase/frontend/src/metabase/common/components/UndoListing.styled.tsx
   9:31  error  No rule allowing this dependency was found. File is of type 'shared/common'. Dependency is of type 'other'  boundaries/element-types
  10:27  error  No rule allowing this dependency was found. File is of type 'shared/common'. Dependency is of type 'other'  boundaries/element-types

/Users/ryan/projects/metabase/frontend/src/metabase/common/components/UndoListing.tsx
  18:20  error  No rule allowing this dependency was found. File is of type 'shared/common'. Dependency is of type 'other'  boundaries/element-types
  19:37  error  No rule allowing this dependency was found. File is of type 'shared/common'. Dependency is of type 'other'  boundaries/element-types
  26:8   error  No rule allowing this dependency was found. File is of type 'shared/common'. Dependency is of type 'other'  boundaries/element-types
  27:34  error  No rule allowing this dependency was found. File is of type 'shared/common'. Dependency is of type 'other'  boundaries/element-types

/Users/ryan/projects/metabase/frontend/src/metabase/common/components/Unsubscribe.styled.tsx
  6:36  error  No rule allowing this dependency was found. File is of type 'shared/common'. Dependency is of type 'other'  boundaries/element-types
  7:22  error  No rule allowing this dependency was found. File is of type 'shared/common'. Dependency is of type 'other'  boundaries/element-types

/Users/ryan/projects/metabase/frontend/src/metabase/common/components/Unsubscribe.tsx
  13:42  error  No rule allowing this dependency was found. File is of type 'shared/common'. Dependency is of type 'other'  boundaries/element-types
  17:8   error  No rule allowing this dependency was found. File is of type 'shared/common'. Dependency is of type 'other'  boundaries/element-types
  18:37  error  No rule allowing this dependency was found. File is of type 'shared/common'. Dependency is of type 'other'  boundaries/element-types

/Users/ryan/projects/metabase/frontend/src/metabase/common/components/UserAvatar/UserAvatar.tsx
  1:25  error  No rule allowing this dependency was found. File is of type 'shared/common'. Dependency is of type 'other'  boundaries/element-types

/Users/ryan/projects/metabase/frontend/src/metabase/common/components/UserCollectionList.tsx
   4:8   error  No rule allowing this dependency was found. File is of type 'shared/common'. Dependency is of type 'other'  boundaries/element-types
  11:16  error  No rule allowing this dependency was found. File is of type 'shared/common'. Dependency is of type 'other'  boundaries/element-types
  15:8   error  No rule allowing this dependency was found. File is of type 'shared/common'. Dependency is of type 'other'  boundaries/element-types
  17:41  error  No rule allowing this dependency was found. File is of type 'shared/common'. Dependency is of type 'other'  boundaries/element-types

/Users/ryan/projects/metabase/frontend/src/metabase/common/components/ViewFooterButton/ViewFooterButton.tsx
  10:8  error  No rule allowing this dependency was found. File is of type 'shared/common'. Dependency is of type 'other'  boundaries/element-types

/Users/ryan/projects/metabase/frontend/src/metabase/common/components/VirtualizedList/VariableHeightVirtualizedList.tsx
  5:21  error  No rule allowing this dependency was found. File is of type 'shared/common'. Dependency is of type 'other'  boundaries/element-types

/Users/ryan/projects/metabase/frontend/src/metabase/common/components/dnd/CollectionDropTarget.jsx
  6:8  error  No rule allowing this dependency was found. File is of type 'shared/common'. Dependency is of type 'other'  boundaries/element-types

/Users/ryan/projects/metabase/frontend/src/metabase/common/components/dnd/DropArea.jsx
  5:16  error  No rule allowing this dependency was found. File is of type 'shared/common'. Dependency is of type 'other'  boundaries/element-types

/Users/ryan/projects/metabase/frontend/src/metabase/common/components/dnd/ItemDragSource.jsx
  6:39  error  No rule allowing this dependency was found. File is of type 'shared/common'. Dependency is of type 'other'  boundaries/element-types

/Users/ryan/projects/metabase/frontend/src/metabase/common/components/dnd/ItemsDragLayer.jsx
  6:28  error  No rule allowing this dependency was found. File is of type 'shared/common'. Dependency is of type 'other'  boundaries/element-types
  8:29  error  No rule allowing this dependency was found. File is of type 'shared/common'. Dependency is of type 'other'  boundaries/element-types

/Users/ryan/projects/metabase/frontend/src/metabase/common/components/dnd/PinDropTarget.jsx
  4:30  error  No rule allowing this dependency was found. File is of type 'shared/common'. Dependency is of type 'other'  boundaries/element-types

/Users/ryan/projects/metabase/frontend/src/metabase/common/components/dnd/PinnedItemSortDropTarget.jsx
  4:30  error  No rule allowing this dependency was found. File is of type 'shared/common'. Dependency is of type 'other'  boundaries/element-types

/Users/ryan/projects/metabase/frontend/src/metabase/common/components/errors/NoDataError.tsx
  4:39  error  No rule allowing this dependency was found. File is of type 'shared/common'. Dependency is of type 'other'  boundaries/element-types
  5:33  error  No rule allowing this dependency was found. File is of type 'shared/common'. Dependency is of type 'other'  boundaries/element-types
  6:23  error  No rule allowing this dependency was found. File is of type 'shared/common'. Dependency is of type 'other'  boundaries/element-types

/Users/ryan/projects/metabase/frontend/src/metabase/common/components/errors/NoObjectError.tsx
  4:41  error  No rule allowing this dependency was found. File is of type 'shared/common'. Dependency is of type 'other'  boundaries/element-types
  5:33  error  No rule allowing this dependency was found. File is of type 'shared/common'. Dependency is of type 'other'  boundaries/element-types
  6:23  error  No rule allowing this dependency was found. File is of type 'shared/common'. Dependency is of type 'other'  boundaries/element-types

/Users/ryan/projects/metabase/frontend/src/metabase/common/components/tree/Tree.tsx
  6:31  error  No rule allowing this dependency was found. File is of type 'shared/common'. Dependency is of type 'other'  boundaries/element-types

/Users/ryan/projects/metabase/frontend/src/metabase/common/components/tree/TreeNode.styled.tsx
  7:32  error  No rule allowing this dependency was found. File is of type 'shared/common'. Dependency is of type 'other'  boundaries/element-types
  8:22  error  No rule allowing this dependency was found. File is of type 'shared/common'. Dependency is of type 'other'  boundaries/element-types

/Users/ryan/projects/metabase/frontend/src/metabase/common/components/tree/TreeNode.tsx
  4:22  error  No rule allowing this dependency was found. File is of type 'shared/common'. Dependency is of type 'other'  boundaries/element-types

/Users/ryan/projects/metabase/frontend/src/metabase/common/components/tree/TreeNodeList.tsx
  4:31  error  No rule allowing this dependency was found. File is of type 'shared/common'. Dependency is of type 'other'  boundaries/element-types
  5:21  error  No rule allowing this dependency was found. File is of type 'shared/common'. Dependency is of type 'other'  boundaries/element-types

/Users/ryan/projects/metabase/frontend/src/metabase/common/components/tree/VirtualizedTree.tsx
  7:31  error  No rule allowing this dependency was found. File is of type 'shared/common'. Dependency is of type 'other'  boundaries/element-types
  8:21  error  No rule allowing this dependency was found. File is of type 'shared/common'. Dependency is of type 'other'  boundaries/element-types

/Users/ryan/projects/metabase/frontend/src/metabase/common/components/tree/types.ts
  3:42  error  No rule allowing this dependency was found. File is of type 'shared/common'. Dependency is of type 'other'  boundaries/element-types

/Users/ryan/projects/metabase/frontend/src/metabase/common/components/type/Label.jsx
  3:16  error  No rule allowing this dependency was found. File is of type 'shared/common'. Dependency is of type 'other'  boundaries/element-types

/Users/ryan/projects/metabase/frontend/src/metabase/common/components/upload/UploadTooltip.tsx
  7:8   error  No rule allowing this dependency was found. File is of type 'shared/common'. Dependency is of type 'other'  boundaries/element-types
  8:36  error  No rule allowing this dependency was found. File is of type 'shared/common'. Dependency is of type 'other'  boundaries/element-types

/Users/ryan/projects/metabase/frontend/src/metabase/common/hooks/entity-framework/use-bookmark-list-query/use-bookmark-list-query.ts
  1:23  error  No rule allowing this dependency was found. File is of type 'shared/common'. Dependency is of type 'other'  boundaries/element-types

/Users/ryan/projects/metabase/frontend/src/metabase/common/hooks/entity-framework/use-collection-query/use-collection-query.ts
  1:25  error  No rule allowing this dependency was found. File is of type 'shared/common'. Dependency is of type 'other'  boundaries/element-types

/Users/ryan/projects/metabase/frontend/src/metabase/common/hooks/entity-framework/use-dashboard-query/use-dashboard-query.ts
  6:24  error  No rule allowing this dependency was found. File is of type 'shared/common'. Dependency is of type 'other'  boundaries/element-types

/Users/ryan/projects/metabase/frontend/src/metabase/common/hooks/entity-framework/use-database-list-query/use-database-list-query.ts
  6:23  error  No rule allowing this dependency was found. File is of type 'shared/common'. Dependency is of type 'other'  boundaries/element-types

/Users/ryan/projects/metabase/frontend/src/metabase/common/hooks/entity-framework/use-database-query/use-database-query.ts
  6:23  error  No rule allowing this dependency was found. File is of type 'shared/common'. Dependency is of type 'other'  boundaries/element-types

/Users/ryan/projects/metabase/frontend/src/metabase/common/hooks/entity-framework/use-group-list-query/use-group-list-query.ts
  6:20  error  No rule allowing this dependency was found. File is of type 'shared/common'. Dependency is of type 'other'  boundaries/element-types

/Users/ryan/projects/metabase/frontend/src/metabase/common/hooks/entity-framework/use-question-list-query/use-question-list-query.ts
  6:23  error  No rule allowing this dependency was found. File is of type 'shared/common'. Dependency is of type 'other'  boundaries/element-types

/Users/ryan/projects/metabase/frontend/src/metabase/common/hooks/entity-framework/use-question-query/use-question-query.ts
  6:23  error  No rule allowing this dependency was found. File is of type 'shared/common'. Dependency is of type 'other'  boundaries/element-types

/Users/ryan/projects/metabase/frontend/src/metabase/common/hooks/entity-framework/use-search-list-query/use-search-list-query.ts
  1:20  error  No rule allowing this dependency was found. File is of type 'shared/common'. Dependency is of type 'other'  boundaries/element-types

/Users/ryan/projects/metabase/frontend/src/metabase/common/hooks/entity-framework/use-table-query/use-table-query.ts
  6:20  error  No rule allowing this dependency was found. File is of type 'shared/common'. Dependency is of type 'other'  boundaries/element-types

/Users/ryan/projects/metabase/frontend/src/metabase/common/hooks/use-close-navbar-on-mount.tsx
  4:29  error  No rule allowing this dependency was found. File is of type 'shared/common'. Dependency is of type 'other'  boundaries/element-types

/Users/ryan/projects/metabase/frontend/src/metabase/common/hooks/use-confirmation.tsx
  5:47  error  No rule allowing this dependency was found. File is of type 'shared/common'. Dependency is of type 'other'  boundaries/element-types

/Users/ryan/projects/metabase/frontend/src/metabase/common/hooks/use-docs-url/use-docs-url.ts
  6:8   error  No rule allowing this dependency was found. File is of type 'shared/common'. Dependency is of type 'other'  boundaries/element-types
  7:38  error  No rule allowing this dependency was found. File is of type 'shared/common'. Dependency is of type 'other'  boundaries/element-types

/Users/ryan/projects/metabase/frontend/src/metabase/common/hooks/use-fetch-metrics.tsx
  1:43  error  No rule allowing this dependency was found. File is of type 'shared/common'. Dependency is of type 'other'  boundaries/element-types

/Users/ryan/projects/metabase/frontend/src/metabase/common/hooks/use-fetch-models.tsx
  1:43  error  No rule allowing this dependency was found. File is of type 'shared/common'. Dependency is of type 'other'  boundaries/element-types

/Users/ryan/projects/metabase/frontend/src/metabase/common/hooks/use-has-token-feature/use-has-token-feature.ts
  2:33  error  No rule allowing this dependency was found. File is of type 'shared/common'. Dependency is of type 'other'  boundaries/element-types

/Users/ryan/projects/metabase/frontend/src/metabase/common/hooks/use-homepage-dashboard.tsx
  1:49  error  No rule allowing this dependency was found. File is of type 'shared/common'. Dependency is of type 'other'  boundaries/element-types
  3:46  error  No rule allowing this dependency was found. File is of type 'shared/common'. Dependency is of type 'other'  boundaries/element-types
  4:36  error  No rule allowing this dependency was found. File is of type 'shared/common'. Dependency is of type 'other'  boundaries/element-types

/Users/ryan/projects/metabase/frontend/src/metabase/common/hooks/use-instance-locale/use-instance-locale.ts
  2:28  error  No rule allowing this dependency was found. File is of type 'shared/common'. Dependency is of type 'other'  boundaries/element-types

/Users/ryan/projects/metabase/frontend/src/metabase/common/hooks/use-is-at-homepage-dashboard.ts
  4:46  error  No rule allowing this dependency was found. File is of type 'shared/common'. Dependency is of type 'other'  boundaries/element-types

/Users/ryan/projects/metabase/frontend/src/metabase/common/hooks/use-is-truncated.ts
  4:28  error  No rule allowing this dependency was found. File is of type 'shared/common'. Dependency is of type 'other'  boundaries/element-types

/Users/ryan/projects/metabase/frontend/src/metabase/common/hooks/use-locale/use-locale.ts
  3:32  error  No rule allowing this dependency was found. File is of type 'shared/common'. Dependency is of type 'feature/admin'  boundaries/element-types
  6:39  error  No rule allowing this dependency was found. File is of type 'shared/common'. Dependency is of type 'other'          boundaries/element-types

/Users/ryan/projects/metabase/frontend/src/metabase/common/hooks/use-notification-channels/use-notification-channels.ts
  1:40  error  No rule allowing this dependency was found. File is of type 'shared/common'. Dependency is of type 'other'  boundaries/element-types

/Users/ryan/projects/metabase/frontend/src/metabase/common/hooks/use-palette.ts
  4:33  error  No rule allowing this dependency was found. File is of type 'shared/common'. Dependency is of type 'other'  boundaries/element-types

/Users/ryan/projects/metabase/frontend/src/metabase/common/hooks/use-setting/use-setting.ts
  5:35  error  No rule allowing this dependency was found. File is of type 'shared/common'. Dependency is of type 'other'  boundaries/element-types
  6:28  error  No rule allowing this dependency was found. File is of type 'shared/common'. Dependency is of type 'other'  boundaries/element-types

/Users/ryan/projects/metabase/frontend/src/metabase/common/hooks/use-store-url/use-store-url.ts
  2:46  error  No rule allowing this dependency was found. File is of type 'shared/common'. Dependency is of type 'other'  boundaries/element-types

/Users/ryan/projects/metabase/frontend/src/metabase/common/hooks/use-temp-storage/use-temp-storage.ts
  4:32  error  No rule allowing this dependency was found. File is of type 'shared/common'. Dependency is of type 'other'  boundaries/element-types

/Users/ryan/projects/metabase/frontend/src/metabase/common/hooks/use-toast/use-toast.ts
  4:38  error  No rule allowing this dependency was found. File is of type 'shared/common'. Dependency is of type 'other'  boundaries/element-types

/Users/ryan/projects/metabase/frontend/src/metabase/common/hooks/use-url-with-utm/use-url-with-utm.ts
  2:46  error  No rule allowing this dependency was found. File is of type 'shared/common'. Dependency is of type 'other'  boundaries/element-types

/Users/ryan/projects/metabase/frontend/src/metabase/common/hooks/use-user-key-value.ts
   8:8   error  No rule allowing this dependency was found. File is of type 'shared/common'. Dependency is of type 'other'  boundaries/element-types
  10:25  error  No rule allowing this dependency was found. File is of type 'shared/common'. Dependency is of type 'other'  boundaries/element-types

/Users/ryan/projects/metabase/frontend/src/metabase/common/utils/column-groups.ts
  1:31  error  No rule allowing this dependency was found. File is of type 'shared/common'. Dependency is of type 'other'  boundaries/element-types
  2:45  error  No rule allowing this dependency was found. File is of type 'shared/common'. Dependency is of type 'other'  boundaries/element-types

/Users/ryan/projects/metabase/frontend/src/metabase/common/utils/columns.ts
  1:31  error  No rule allowing this dependency was found. File is of type 'shared/common'. Dependency is of type 'other'  boundaries/element-types
  2:22  error  No rule allowing this dependency was found. File is of type 'shared/common'. Dependency is of type 'other'  boundaries/element-types

/Users/ryan/projects/metabase/frontend/src/metabase/dashboard/actions/actions.ts
   4:8   error  No rule allowing this dependency was found. File is of type 'feature/dashboard'. Dependency is of type 'other'  boundaries/element-types
   5:30  error  No rule allowing this dependency was found. File is of type 'feature/dashboard'. Dependency is of type 'other'  boundaries/element-types
   6:25  error  No rule allowing this dependency was found. File is of type 'feature/dashboard'. Dependency is of type 'other'  boundaries/element-types
   7:39  error  No rule allowing this dependency was found. File is of type 'feature/dashboard'. Dependency is of type 'other'  boundaries/element-types
  17:34  error  No rule allowing this dependency was found. File is of type 'feature/dashboard'. Dependency is of type 'other'  boundaries/element-types

/Users/ryan/projects/metabase/frontend/src/metabase/dashboard/actions/auto-wire-parameters/actions.ts
  21:8  error  No rule allowing this dependency was found. File is of type 'feature/dashboard'. Dependency is of type 'other'  boundaries/element-types
  25:8  error  No rule allowing this dependency was found. File is of type 'feature/dashboard'. Dependency is of type 'other'  boundaries/element-types
  29:8  error  No rule allowing this dependency was found. File is of type 'feature/dashboard'. Dependency is of type 'other'  boundaries/element-types

/Users/ryan/projects/metabase/frontend/src/metabase/dashboard/actions/auto-wire-parameters/toasts.ts
  9:38  error  No rule allowing this dependency was found. File is of type 'feature/dashboard'. Dependency is of type 'other'  boundaries/element-types

/Users/ryan/projects/metabase/frontend/src/metabase/dashboard/actions/auto-wire-parameters/utils.ts
   3:34  error  No rule allowing this dependency was found. File is of type 'feature/dashboard'. Dependency is of type 'other'  boundaries/element-types
   9:8   error  No rule allowing this dependency was found. File is of type 'feature/dashboard'. Dependency is of type 'other'  boundaries/element-types
  14:8   error  No rule allowing this dependency was found. File is of type 'feature/dashboard'. Dependency is of type 'other'  boundaries/element-types

/Users/ryan/projects/metabase/frontend/src/metabase/dashboard/actions/cards-typed.ts
   5:23  error  No rule allowing this dependency was found. File is of type 'feature/dashboard'. Dependency is of type 'other'  boundaries/element-types
  10:8   error  No rule allowing this dependency was found. File is of type 'feature/dashboard'. Dependency is of type 'other'  boundaries/element-types
  12:30  error  No rule allowing this dependency was found. File is of type 'feature/dashboard'. Dependency is of type 'other'  boundaries/element-types
  13:37  error  No rule allowing this dependency was found. File is of type 'feature/dashboard'. Dependency is of type 'other'  boundaries/element-types
  14:25  error  No rule allowing this dependency was found. File is of type 'feature/dashboard'. Dependency is of type 'other'  boundaries/element-types
  15:32  error  No rule allowing this dependency was found. File is of type 'feature/dashboard'. Dependency is of type 'other'  boundaries/element-types
  19:8   error  No rule allowing this dependency was found. File is of type 'feature/dashboard'. Dependency is of type 'other'  boundaries/element-types
  37:8   error  No rule allowing this dependency was found. File is of type 'feature/dashboard'. Dependency is of type 'other'  boundaries/element-types
  38:36  error  No rule allowing this dependency was found. File is of type 'feature/dashboard'. Dependency is of type 'other'  boundaries/element-types
  47:8   error  No rule allowing this dependency was found. File is of type 'feature/dashboard'. Dependency is of type 'other'  boundaries/element-types
  56:8   error  No rule allowing this dependency was found. File is of type 'feature/dashboard'. Dependency is of type 'other'  boundaries/element-types

/Users/ryan/projects/metabase/frontend/src/metabase/dashboard/actions/cards.js
  3:28  error  No rule allowing this dependency was found. File is of type 'feature/dashboard'. Dependency is of type 'other'  boundaries/element-types
  5:34  error  No rule allowing this dependency was found. File is of type 'feature/dashboard'. Dependency is of type 'other'  boundaries/element-types

/Users/ryan/projects/metabase/frontend/src/metabase/dashboard/actions/core.ts
  4:29  error  No rule allowing this dependency was found. File is of type 'feature/dashboard'. Dependency is of type 'other'  boundaries/element-types

/Users/ryan/projects/metabase/frontend/src/metabase/dashboard/actions/data-fetching.ts
   6:54  error  No rule allowing this dependency was found. File is of type 'feature/dashboard'. Dependency is of type 'other'  boundaries/element-types
   8:40  error  No rule allowing this dependency was found. File is of type 'feature/dashboard'. Dependency is of type 'other'  boundaries/element-types
  18:8   error  No rule allowing this dependency was found. File is of type 'feature/dashboard'. Dependency is of type 'other'  boundaries/element-types
  27:8   error  No rule allowing this dependency was found. File is of type 'feature/dashboard'. Dependency is of type 'other'  boundaries/element-types
  28:39  error  No rule allowing this dependency was found. File is of type 'feature/dashboard'. Dependency is of type 'other'  boundaries/element-types
  29:31  error  No rule allowing this dependency was found. File is of type 'feature/dashboard'. Dependency is of type 'other'  boundaries/element-types
  30:23  error  No rule allowing this dependency was found. File is of type 'feature/dashboard'. Dependency is of type 'other'  boundaries/element-types
  32:24  error  No rule allowing this dependency was found. File is of type 'feature/dashboard'. Dependency is of type 'other'  boundaries/element-types
  33:22  error  No rule allowing this dependency was found. File is of type 'feature/dashboard'. Dependency is of type 'other'  boundaries/element-types
  34:47  error  No rule allowing this dependency was found. File is of type 'feature/dashboard'. Dependency is of type 'other'  boundaries/element-types
  35:27  error  No rule allowing this dependency was found. File is of type 'feature/dashboard'. Dependency is of type 'other'  boundaries/element-types
  36:29  error  No rule allowing this dependency was found. File is of type 'feature/dashboard'. Dependency is of type 'other'  boundaries/element-types
  45:8   error  No rule allowing this dependency was found. File is of type 'feature/dashboard'. Dependency is of type 'other'  boundaries/element-types
  46:43  error  No rule allowing this dependency was found. File is of type 'feature/dashboard'. Dependency is of type 'other'  boundaries/element-types

/Users/ryan/projects/metabase/frontend/src/metabase/dashboard/actions/getNewCardUrl.ts
  4:22  error  No rule allowing this dependency was found. File is of type 'feature/dashboard'. Dependency is of type 'other'  boundaries/element-types

/Users/ryan/projects/metabase/frontend/src/metabase/dashboard/actions/navigation.js
  3:25  error  No rule allowing this dependency was found. File is of type 'feature/dashboard'. Dependency is of type 'other'  boundaries/element-types
  4:29  error  No rule allowing this dependency was found. File is of type 'feature/dashboard'. Dependency is of type 'other'  boundaries/element-types
  5:22  error  No rule allowing this dependency was found. File is of type 'feature/dashboard'. Dependency is of type 'other'  boundaries/element-types

/Users/ryan/projects/metabase/frontend/src/metabase/dashboard/actions/parameters.tsx
   6:16  error  No rule allowing this dependency was found. File is of type 'feature/dashboard'. Dependency is of type 'other'  boundaries/element-types
  14:30  error  No rule allowing this dependency was found. File is of type 'feature/dashboard'. Dependency is of type 'other'  boundaries/element-types
  22:8   error  No rule allowing this dependency was found. File is of type 'feature/dashboard'. Dependency is of type 'other'  boundaries/element-types
  23:38  error  No rule allowing this dependency was found. File is of type 'feature/dashboard'. Dependency is of type 'other'  boundaries/element-types
  24:22  error  No rule allowing this dependency was found. File is of type 'feature/dashboard'. Dependency is of type 'other'  boundaries/element-types
  25:22  error  No rule allowing this dependency was found. File is of type 'feature/dashboard'. Dependency is of type 'other'  boundaries/element-types
  52:8   error  No rule allowing this dependency was found. File is of type 'feature/dashboard'. Dependency is of type 'other'  boundaries/element-types
  71:8   error  No rule allowing this dependency was found. File is of type 'feature/dashboard'. Dependency is of type 'other'  boundaries/element-types
  79:8   error  No rule allowing this dependency was found. File is of type 'feature/dashboard'. Dependency is of type 'other'  boundaries/element-types

/Users/ryan/projects/metabase/frontend/src/metabase/dashboard/actions/revisions.js
  1:29  error  No rule allowing this dependency was found. File is of type 'feature/dashboard'. Dependency is of type 'other'  boundaries/element-types
  6:39  error  No rule allowing this dependency was found. File is of type 'feature/dashboard'. Dependency is of type 'other'  boundaries/element-types

/Users/ryan/projects/metabase/frontend/src/metabase/dashboard/actions/save.js
   8:24  error  No rule allowing this dependency was found. File is of type 'feature/dashboard'. Dependency is of type 'other'  boundaries/element-types
  10:25  error  No rule allowing this dependency was found. File is of type 'feature/dashboard'. Dependency is of type 'other'  boundaries/element-types
  13:37  error  No rule allowing this dependency was found. File is of type 'feature/dashboard'. Dependency is of type 'other'  boundaries/element-types
  14:43  error  No rule allowing this dependency was found. File is of type 'feature/dashboard'. Dependency is of type 'other'  boundaries/element-types
  15:42  error  No rule allowing this dependency was found. File is of type 'feature/dashboard'. Dependency is of type 'other'  boundaries/element-types

/Users/ryan/projects/metabase/frontend/src/metabase/dashboard/actions/sharing.ts
  1:30  error  No rule allowing this dependency was found. File is of type 'feature/dashboard'. Dependency is of type 'other'  boundaries/element-types

/Users/ryan/projects/metabase/frontend/src/metabase/dashboard/actions/tabs.ts
  10:24  error  No rule allowing this dependency was found. File is of type 'feature/dashboard'. Dependency is of type 'other'  boundaries/element-types
  11:43  error  No rule allowing this dependency was found. File is of type 'feature/dashboard'. Dependency is of type 'other'  boundaries/element-types
  12:30  error  No rule allowing this dependency was found. File is of type 'feature/dashboard'. Dependency is of type 'other'  boundaries/element-types
  13:25  error  No rule allowing this dependency was found. File is of type 'feature/dashboard'. Dependency is of type 'other'  boundaries/element-types
  28:32  error  No rule allowing this dependency was found. File is of type 'feature/dashboard'. Dependency is of type 'other'  boundaries/element-types
  29:41  error  No rule allowing this dependency was found. File is of type 'feature/dashboard'. Dependency is of type 'other'  boundaries/element-types
  30:33  error  No rule allowing this dependency was found. File is of type 'feature/dashboard'. Dependency is of type 'other'  boundaries/element-types
  35:8   error  No rule allowing this dependency was found. File is of type 'feature/dashboard'. Dependency is of type 'other'  boundaries/element-types

/Users/ryan/projects/metabase/frontend/src/metabase/dashboard/actions/trash.ts
   4:37  error  No rule allowing this dependency was found. File is of type 'feature/dashboard'. Dependency is of type 'other'  boundaries/element-types
   5:39  error  No rule allowing this dependency was found. File is of type 'feature/dashboard'. Dependency is of type 'other'  boundaries/element-types
   7:24  error  No rule allowing this dependency was found. File is of type 'feature/dashboard'. Dependency is of type 'other'  boundaries/element-types
   8:23  error  No rule allowing this dependency was found. File is of type 'feature/dashboard'. Dependency is of type 'other'  boundaries/element-types
  10:25  error  No rule allowing this dependency was found. File is of type 'feature/dashboard'. Dependency is of type 'other'  boundaries/element-types

/Users/ryan/projects/metabase/frontend/src/metabase/dashboard/actions/ui.ts
   1:30  error  No rule allowing this dependency was found. File is of type 'feature/dashboard'. Dependency is of type 'other'  boundaries/element-types
  10:28  error  No rule allowing this dependency was found. File is of type 'feature/dashboard'. Dependency is of type 'other'  boundaries/element-types

/Users/ryan/projects/metabase/frontend/src/metabase/dashboard/actions/utils.ts
  14:43  error  No rule allowing this dependency was found. File is of type 'feature/dashboard'. Dependency is of type 'other'  boundaries/element-types
  15:52  error  No rule allowing this dependency was found. File is of type 'feature/dashboard'. Dependency is of type 'other'  boundaries/element-types

/Users/ryan/projects/metabase/frontend/src/metabase/dashboard/components/ActionSidebar/ActionSidebar.tsx
   5:23  error  No rule allowing this dependency was found. File is of type 'feature/dashboard'. Dependency is of type 'other'  boundaries/element-types
   6:49  error  No rule allowing this dependency was found. File is of type 'feature/dashboard'. Dependency is of type 'other'  boundaries/element-types
   7:34  error  No rule allowing this dependency was found. File is of type 'feature/dashboard'. Dependency is of type 'other'  boundaries/element-types
  10:16  error  No rule allowing this dependency was found. File is of type 'feature/dashboard'. Dependency is of type 'other'  boundaries/element-types
  13:63  error  No rule allowing this dependency was found. File is of type 'feature/dashboard'. Dependency is of type 'other'  boundaries/element-types
  14:65  error  No rule allowing this dependency was found. File is of type 'feature/dashboard'. Dependency is of type 'other'  boundaries/element-types

/Users/ryan/projects/metabase/frontend/src/metabase/dashboard/components/AddFilterParameterMenu/AddFilterParameterMenu.tsx
   8:8   error  No rule allowing this dependency was found. File is of type 'feature/dashboard'. Dependency is of type 'other'  boundaries/element-types
   9:39  error  No rule allowing this dependency was found. File is of type 'feature/dashboard'. Dependency is of type 'other'  boundaries/element-types
  10:38  error  No rule allowing this dependency was found. File is of type 'feature/dashboard'. Dependency is of type 'other'  boundaries/element-types
  11:50  error  No rule allowing this dependency was found. File is of type 'feature/dashboard'. Dependency is of type 'other'  boundaries/element-types

/Users/ryan/projects/metabase/frontend/src/metabase/dashboard/components/ClickBehaviorSidebar/ClickBehaviorSidebar.tsx
  11:32  error  No rule allowing this dependency was found. File is of type 'feature/dashboard'. Dependency is of type 'other'  boundaries/element-types

/Users/ryan/projects/metabase/frontend/src/metabase/dashboard/components/ClickBehaviorSidebar/ClickBehaviorSidebarComponents.tsx
  3:60  error  No rule allowing this dependency was found. File is of type 'feature/dashboard'. Dependency is of type 'other'  boundaries/element-types

/Users/ryan/projects/metabase/frontend/src/metabase/dashboard/components/ClickBehaviorSidebar/ClickBehaviorSidebarContent.tsx
  4:33  error  No rule allowing this dependency was found. File is of type 'feature/dashboard'. Dependency is of type 'other'  boundaries/element-types
  5:32  error  No rule allowing this dependency was found. File is of type 'feature/dashboard'. Dependency is of type 'other'  boundaries/element-types

/Users/ryan/projects/metabase/frontend/src/metabase/dashboard/components/ClickBehaviorSidebar/ClickBehaviorSidebarHeader/ClickBehaviorSidebarHeader.tsx
  4:32  error  No rule allowing this dependency was found. File is of type 'feature/dashboard'. Dependency is of type 'other'  boundaries/element-types
  5:27  error  No rule allowing this dependency was found. File is of type 'feature/dashboard'. Dependency is of type 'other'  boundaries/element-types

/Users/ryan/projects/metabase/frontend/src/metabase/dashboard/components/ClickBehaviorSidebar/ClickBehaviorSidebarMainView/ClickBehaviorSidebarMainView.tsx
  1:30  error  No rule allowing this dependency was found. File is of type 'feature/dashboard'. Dependency is of type 'other'  boundaries/element-types

/Users/ryan/projects/metabase/frontend/src/metabase/dashboard/components/ClickBehaviorSidebar/CrossfilterOptions.tsx
  3:16  error  No rule allowing this dependency was found. File is of type 'feature/dashboard'. Dependency is of type 'other'  boundaries/element-types

/Users/ryan/projects/metabase/frontend/src/metabase/dashboard/components/ClickBehaviorSidebar/LinkOptions/CustomLinkText.tsx
  6:16  error  No rule allowing this dependency was found. File is of type 'feature/dashboard'. Dependency is of type 'other'  boundaries/element-types

/Users/ryan/projects/metabase/frontend/src/metabase/dashboard/components/ClickBehaviorSidebar/LinkOptions/CustomURLPicker.tsx
  7:16  error  No rule allowing this dependency was found. File is of type 'feature/dashboard'. Dependency is of type 'other'  boundaries/element-types
  8:32  error  No rule allowing this dependency was found. File is of type 'feature/dashboard'. Dependency is of type 'other'  boundaries/element-types
  9:49  error  No rule allowing this dependency was found. File is of type 'feature/dashboard'. Dependency is of type 'other'  boundaries/element-types

/Users/ryan/projects/metabase/frontend/src/metabase/dashboard/components/ClickBehaviorSidebar/LinkOptions/LinkOption.tsx
  1:31  error  No rule allowing this dependency was found. File is of type 'feature/dashboard'. Dependency is of type 'other'  boundaries/element-types

/Users/ryan/projects/metabase/frontend/src/metabase/dashboard/components/ClickBehaviorSidebar/LinkOptions/LinkOptions.tsx
  5:16  error  No rule allowing this dependency was found. File is of type 'feature/dashboard'. Dependency is of type 'other'  boundaries/element-types
  6:32  error  No rule allowing this dependency was found. File is of type 'feature/dashboard'. Dependency is of type 'other'  boundaries/element-types
  7:31  error  No rule allowing this dependency was found. File is of type 'feature/dashboard'. Dependency is of type 'other'  boundaries/element-types

/Users/ryan/projects/metabase/frontend/src/metabase/dashboard/components/ClickBehaviorSidebar/LinkOptions/LinkedEntityPicker/LinkedEntityPicker.tsx
   4:66  error  No rule allowing this dependency was found. File is of type 'feature/dashboard'. Dependency is of type 'other'  boundaries/element-types
   5:36  error  No rule allowing this dependency was found. File is of type 'feature/dashboard'. Dependency is of type 'other'  boundaries/element-types
  10:16  error  No rule allowing this dependency was found. File is of type 'feature/dashboard'. Dependency is of type 'other'  boundaries/element-types
  15:30  error  No rule allowing this dependency was found. File is of type 'feature/dashboard'. Dependency is of type 'other'  boundaries/element-types
  16:33  error  No rule allowing this dependency was found. File is of type 'feature/dashboard'. Dependency is of type 'other'  boundaries/element-types
  17:24  error  No rule allowing this dependency was found. File is of type 'feature/dashboard'. Dependency is of type 'other'  boundaries/element-types
  18:23  error  No rule allowing this dependency was found. File is of type 'feature/dashboard'. Dependency is of type 'other'  boundaries/element-types
  20:30  error  No rule allowing this dependency was found. File is of type 'feature/dashboard'. Dependency is of type 'other'  boundaries/element-types
  21:29  error  No rule allowing this dependency was found. File is of type 'feature/dashboard'. Dependency is of type 'other'  boundaries/element-types
  22:38  error  No rule allowing this dependency was found. File is of type 'feature/dashboard'. Dependency is of type 'other'  boundaries/element-types

/Users/ryan/projects/metabase/frontend/src/metabase/dashboard/components/ClickBehaviorSidebar/LinkOptions/ValuesYouCanReference.tsx
  9:53  error  No rule allowing this dependency was found. File is of type 'feature/dashboard'. Dependency is of type 'other'  boundaries/element-types

/Users/ryan/projects/metabase/frontend/src/metabase/dashboard/components/ClickBehaviorSidebar/SidebarItem/SidebarItem.tsx
  4:32  error  No rule allowing this dependency was found. File is of type 'feature/dashboard'. Dependency is of type 'other'  boundaries/element-types
  5:33  error  No rule allowing this dependency was found. File is of type 'feature/dashboard'. Dependency is of type 'other'  boundaries/element-types

/Users/ryan/projects/metabase/frontend/src/metabase/dashboard/components/ClickBehaviorSidebar/SidebarItem/SidebarItemComponents.tsx
  3:62  error  No rule allowing this dependency was found. File is of type 'feature/dashboard'. Dependency is of type 'other'  boundaries/element-types

/Users/ryan/projects/metabase/frontend/src/metabase/dashboard/components/ClickBehaviorSidebar/TableClickBehaviorView/Column.tsx
  4:24  error  No rule allowing this dependency was found. File is of type 'feature/dashboard'. Dependency is of type 'other'  boundaries/element-types
  5:23  error  No rule allowing this dependency was found. File is of type 'feature/dashboard'. Dependency is of type 'other'  boundaries/element-types
  6:31  error  No rule allowing this dependency was found. File is of type 'feature/dashboard'. Dependency is of type 'other'  boundaries/element-types

/Users/ryan/projects/metabase/frontend/src/metabase/dashboard/components/ClickBehaviorSidebar/TableClickBehaviorView/TableClickBehaviorView.tsx
  6:16  error  No rule allowing this dependency was found. File is of type 'feature/dashboard'. Dependency is of type 'other'  boundaries/element-types
  7:32  error  No rule allowing this dependency was found. File is of type 'feature/dashboard'. Dependency is of type 'other'  boundaries/element-types

/Users/ryan/projects/metabase/frontend/src/metabase/dashboard/components/ClickBehaviorSidebar/TypeSelector/TypeSelector.tsx
  4:16  error  No rule allowing this dependency was found. File is of type 'feature/dashboard'. Dependency is of type 'other'  boundaries/element-types
  5:31  error  No rule allowing this dependency was found. File is of type 'feature/dashboard'. Dependency is of type 'other'  boundaries/element-types
  6:22  error  No rule allowing this dependency was found. File is of type 'feature/dashboard'. Dependency is of type 'other'  boundaries/element-types

/Users/ryan/projects/metabase/frontend/src/metabase/dashboard/components/ClickBehaviorSidebar/hooks.ts
  3:32  error  No rule allowing this dependency was found. File is of type 'feature/dashboard'. Dependency is of type 'other'  boundaries/element-types
  5:36  error  No rule allowing this dependency was found. File is of type 'feature/dashboard'. Dependency is of type 'other'  boundaries/element-types

/Users/ryan/projects/metabase/frontend/src/metabase/dashboard/components/ClickBehaviorSidebar/utils.ts
  1:31  error  No rule allowing this dependency was found. File is of type 'feature/dashboard'. Dependency is of type 'other'  boundaries/element-types

/Users/ryan/projects/metabase/frontend/src/metabase/dashboard/components/ClickMappings.jsx
   9:16  error  No rule allowing this dependency was found. File is of type 'feature/dashboard'. Dependency is of type 'other'  boundaries/element-types
  10:48  error  No rule allowing this dependency was found. File is of type 'feature/dashboard'. Dependency is of type 'other'  boundaries/element-types
  11:36  error  No rule allowing this dependency was found. File is of type 'feature/dashboard'. Dependency is of type 'other'  boundaries/element-types
  13:30  error  No rule allowing this dependency was found. File is of type 'feature/dashboard'. Dependency is of type 'other'  boundaries/element-types
  14:37  error  No rule allowing this dependency was found. File is of type 'feature/dashboard'. Dependency is of type 'other'  boundaries/element-types
  15:29  error  No rule allowing this dependency was found. File is of type 'feature/dashboard'. Dependency is of type 'other'  boundaries/element-types
  16:25  error  No rule allowing this dependency was found. File is of type 'feature/dashboard'. Dependency is of type 'other'  boundaries/element-types
  17:28  error  No rule allowing this dependency was found. File is of type 'feature/dashboard'. Dependency is of type 'other'  boundaries/element-types
  18:22  error  No rule allowing this dependency was found. File is of type 'feature/dashboard'. Dependency is of type 'other'  boundaries/element-types

/Users/ryan/projects/metabase/frontend/src/metabase/dashboard/components/CollapsibleDashboardParameterList/CollapsibleDashboardParameterList.tsx
   7:16  error  No rule allowing this dependency was found. File is of type 'feature/dashboard'. Dependency is of type 'other'  boundaries/element-types
  10:28  error  No rule allowing this dependency was found. File is of type 'feature/dashboard'. Dependency is of type 'other'  boundaries/element-types

/Users/ryan/projects/metabase/frontend/src/metabase/dashboard/components/DashCard/ClickBehaviorSidebarOverlay/ClickBehaviorSidebarOverlay.tsx
  5:45  error  No rule allowing this dependency was found. File is of type 'feature/dashboard'. Dependency is of type 'other'  boundaries/element-types
  6:33  error  No rule allowing this dependency was found. File is of type 'feature/dashboard'. Dependency is of type 'other'  boundaries/element-types

/Users/ryan/projects/metabase/frontend/src/metabase/dashboard/components/DashCard/DashCard.tsx
   6:27  error  No rule allowing this dependency was found. File is of type 'feature/dashboard'. Dependency is of type 'other'  boundaries/element-types
   7:30  error  No rule allowing this dependency was found. File is of type 'feature/dashboard'. Dependency is of type 'other'  boundaries/element-types
   8:16  error  No rule allowing this dependency was found. File is of type 'feature/dashboard'. Dependency is of type 'other'  boundaries/element-types
   9:24  error  No rule allowing this dependency was found. File is of type 'feature/dashboard'. Dependency is of type 'other'  boundaries/element-types
  11:40  error  No rule allowing this dependency was found. File is of type 'feature/dashboard'. Dependency is of type 'other'  boundaries/element-types
  13:50  error  No rule allowing this dependency was found. File is of type 'feature/dashboard'. Dependency is of type 'other'  boundaries/element-types
  19:8   error  No rule allowing this dependency was found. File is of type 'feature/dashboard'. Dependency is of type 'other'  boundaries/element-types
  20:32  error  No rule allowing this dependency was found. File is of type 'feature/dashboard'. Dependency is of type 'other'  boundaries/element-types
  22:39  error  No rule allowing this dependency was found. File is of type 'feature/dashboard'. Dependency is of type 'other'  boundaries/element-types
  23:36  error  No rule allowing this dependency was found. File is of type 'feature/dashboard'. Dependency is of type 'other'  boundaries/element-types
  24:25  error  No rule allowing this dependency was found. File is of type 'feature/dashboard'. Dependency is of type 'other'  boundaries/element-types
  25:29  error  No rule allowing this dependency was found. File is of type 'feature/dashboard'. Dependency is of type 'other'  boundaries/element-types
  26:21  error  No rule allowing this dependency was found. File is of type 'feature/dashboard'. Dependency is of type 'other'  boundaries/element-types
  28:37  error  No rule allowing this dependency was found. File is of type 'feature/dashboard'. Dependency is of type 'other'  boundaries/element-types
  35:8   error  No rule allowing this dependency was found. File is of type 'feature/dashboard'. Dependency is of type 'other'  boundaries/element-types

/Users/ryan/projects/metabase/frontend/src/metabase/dashboard/components/DashCard/DashCardActionsPanel/ChartSettingsButton/ChartSettingsButton.tsx
  4:23  error  No rule allowing this dependency was found. File is of type 'feature/dashboard'. Dependency is of type 'other'  boundaries/element-types

/Users/ryan/projects/metabase/frontend/src/metabase/dashboard/components/DashCard/DashCardActionsPanel/DashCardActionButton/DashCardActionButton.tsx
  5:38  error  No rule allowing this dependency was found. File is of type 'feature/dashboard'. Dependency is of type 'other'  boundaries/element-types
  6:25  error  No rule allowing this dependency was found. File is of type 'feature/dashboard'. Dependency is of type 'other'  boundaries/element-types

/Users/ryan/projects/metabase/frontend/src/metabase/dashboard/components/DashCard/DashCardActionsPanel/DashCardActionsPanel.tsx
   6:34  error  No rule allowing this dependency was found. File is of type 'feature/dashboard'. Dependency is of type 'other'  boundaries/element-types
  14:8   error  No rule allowing this dependency was found. File is of type 'feature/dashboard'. Dependency is of type 'other'  boundaries/element-types
  15:34  error  No rule allowing this dependency was found. File is of type 'feature/dashboard'. Dependency is of type 'other'  boundaries/element-types
  16:39  error  No rule allowing this dependency was found. File is of type 'feature/dashboard'. Dependency is of type 'other'  boundaries/element-types
  17:27  error  No rule allowing this dependency was found. File is of type 'feature/dashboard'. Dependency is of type 'other'  boundaries/element-types
  18:37  error  No rule allowing this dependency was found. File is of type 'feature/dashboard'. Dependency is of type 'other'  boundaries/element-types
  22:8   error  No rule allowing this dependency was found. File is of type 'feature/dashboard'. Dependency is of type 'other'  boundaries/element-types

/Users/ryan/projects/metabase/frontend/src/metabase/dashboard/components/DashCard/DashCardActionsPanel/DashCardTabMenu/DashCardTabMenu.tsx
  5:43  error  No rule allowing this dependency was found. File is of type 'feature/dashboard'. Dependency is of type 'other'  boundaries/element-types
  7:31  error  No rule allowing this dependency was found. File is of type 'feature/dashboard'. Dependency is of type 'other'  boundaries/element-types

/Users/ryan/projects/metabase/frontend/src/metabase/dashboard/components/DashCard/DashCardMenu/DashCardMenu.tsx
  14:45  error  No rule allowing this dependency was found. File is of type 'feature/dashboard'. Dependency is of type 'other'                  boundaries/element-types
  15:38  error  No rule allowing this dependency was found. File is of type 'feature/dashboard'. Dependency is of type 'other'                  boundaries/element-types
  17:30  error  No rule allowing this dependency was found. File is of type 'feature/dashboard'. Dependency is of type 'other'                  boundaries/element-types
  18:40  error  No rule allowing this dependency was found. File is of type 'feature/dashboard'. Dependency is of type 'feature/query_builder'  boundaries/element-types
  19:33  error  No rule allowing this dependency was found. File is of type 'feature/dashboard'. Dependency is of type 'feature/query_builder'  boundaries/element-types
  20:56  error  No rule allowing this dependency was found. File is of type 'feature/dashboard'. Dependency is of type 'other'                  boundaries/element-types

/Users/ryan/projects/metabase/frontend/src/metabase/dashboard/components/DashCard/DashCardMenu/DashCardMenuItems.tsx
   4:40  error  No rule allowing this dependency was found. File is of type 'feature/dashboard'. Dependency is of type 'other'  boundaries/element-types
   7:38  error  No rule allowing this dependency was found. File is of type 'feature/dashboard'. Dependency is of type 'other'  boundaries/element-types
   8:50  error  No rule allowing this dependency was found. File is of type 'feature/dashboard'. Dependency is of type 'other'  boundaries/element-types
  10:27  error  No rule allowing this dependency was found. File is of type 'feature/dashboard'. Dependency is of type 'other'  boundaries/element-types
  11:38  error  No rule allowing this dependency was found. File is of type 'feature/dashboard'. Dependency is of type 'other'  boundaries/element-types
  12:28  error  No rule allowing this dependency was found. File is of type 'feature/dashboard'. Dependency is of type 'other'  boundaries/element-types

/Users/ryan/projects/metabase/frontend/src/metabase/dashboard/components/DashCard/DashCardMenu/dashcard-menu.ts
  4:39  error  No rule allowing this dependency was found. File is of type 'feature/dashboard'. Dependency is of type 'other'  boundaries/element-types
  6:31  error  No rule allowing this dependency was found. File is of type 'feature/dashboard'. Dependency is of type 'other'  boundaries/element-types

/Users/ryan/projects/metabase/frontend/src/metabase/dashboard/components/DashCard/DashCardMenu/utils.ts
  1:50  error  No rule allowing this dependency was found. File is of type 'feature/dashboard'. Dependency is of type 'other'  boundaries/element-types
  2:22  error  No rule allowing this dependency was found. File is of type 'feature/dashboard'. Dependency is of type 'other'  boundaries/element-types

/Users/ryan/projects/metabase/frontend/src/metabase/dashboard/components/DashCard/DashCardParameterMapper/DashCardCardParameterMapper.tsx
   3:34  error  No rule allowing this dependency was found. File is of type 'feature/dashboard'. Dependency is of type 'other'  boundaries/element-types
  10:8   error  No rule allowing this dependency was found. File is of type 'feature/dashboard'. Dependency is of type 'other'  boundaries/element-types
  11:54  error  No rule allowing this dependency was found. File is of type 'feature/dashboard'. Dependency is of type 'other'  boundaries/element-types
  16:8   error  No rule allowing this dependency was found. File is of type 'feature/dashboard'. Dependency is of type 'other'  boundaries/element-types
  17:52  error  No rule allowing this dependency was found. File is of type 'feature/dashboard'. Dependency is of type 'other'  boundaries/element-types
  18:51  error  No rule allowing this dependency was found. File is of type 'feature/dashboard'. Dependency is of type 'other'  boundaries/element-types

/Users/ryan/projects/metabase/frontend/src/metabase/dashboard/components/DashCard/DashCardParameterMapper/DashCardCardParameterMapperButton.tsx
   7:37  error  No rule allowing this dependency was found. File is of type 'feature/dashboard'. Dependency is of type 'other'  boundaries/element-types
   8:45  error  No rule allowing this dependency was found. File is of type 'feature/dashboard'. Dependency is of type 'other'  boundaries/element-types
   9:51  error  No rule allowing this dependency was found. File is of type 'feature/dashboard'. Dependency is of type 'other'  boundaries/element-types
  10:22  error  No rule allowing this dependency was found. File is of type 'feature/dashboard'. Dependency is of type 'other'  boundaries/element-types

/Users/ryan/projects/metabase/frontend/src/metabase/dashboard/components/DashCard/DashCardParameterMapper/DashCardCardParameterMapperContent.tsx
   7:16  error  No rule allowing this dependency was found. File is of type 'feature/dashboard'. Dependency is of type 'other'  boundaries/element-types
  14:8   error  No rule allowing this dependency was found. File is of type 'feature/dashboard'. Dependency is of type 'other'  boundaries/element-types
  16:45  error  No rule allowing this dependency was found. File is of type 'feature/dashboard'. Dependency is of type 'other'  boundaries/element-types
  25:8   error  No rule allowing this dependency was found. File is of type 'feature/dashboard'. Dependency is of type 'other'  boundaries/element-types

/Users/ryan/projects/metabase/frontend/src/metabase/dashboard/components/DashCard/DashCardParameterMapper/DashCardParameterMapper.jsx
  5:16  error  No rule allowing this dependency was found. File is of type 'feature/dashboard'. Dependency is of type 'other'  boundaries/element-types
  6:22  error  No rule allowing this dependency was found. File is of type 'feature/dashboard'. Dependency is of type 'other'  boundaries/element-types

/Users/ryan/projects/metabase/frontend/src/metabase/dashboard/components/DashCard/DashCardParameterMapper/DisabledNativeCardHelpText/DisabledNativeCardHelpText.tsx
  4:41  error  No rule allowing this dependency was found. File is of type 'feature/dashboard'. Dependency is of type 'other'  boundaries/element-types
  5:38  error  No rule allowing this dependency was found. File is of type 'feature/dashboard'. Dependency is of type 'other'  boundaries/element-types

/Users/ryan/projects/metabase/frontend/src/metabase/dashboard/components/DashCard/DashCardParameterMapper/DisabledNativeCardHelpText/DisabledNativeCardHelpTextComponents.tsx
  11:8  error  No rule allowing this dependency was found. File is of type 'feature/dashboard'. Dependency is of type 'other'  boundaries/element-types

/Users/ryan/projects/metabase/frontend/src/metabase/dashboard/components/DashCard/DashCardParameterMapper/DisabledNativeCardHelpText/tests/setup.tsx
  4:33  error  No rule allowing this dependency was found. File is of type 'feature/dashboard'. Dependency is of type 'other'  boundaries/element-types

/Users/ryan/projects/metabase/frontend/src/metabase/dashboard/components/DashCard/DashCardVisualization.tsx
   8:16  error  No rule allowing this dependency was found. File is of type 'feature/dashboard'. Dependency is of type 'other'  boundaries/element-types
  15:8   error  No rule allowing this dependency was found. File is of type 'feature/dashboard'. Dependency is of type 'other'  boundaries/element-types
  19:8   error  No rule allowing this dependency was found. File is of type 'feature/dashboard'. Dependency is of type 'other'  boundaries/element-types
  20:26  error  No rule allowing this dependency was found. File is of type 'feature/dashboard'. Dependency is of type 'other'  boundaries/element-types
  21:34  error  No rule allowing this dependency was found. File is of type 'feature/dashboard'. Dependency is of type 'other'  boundaries/element-types
  23:44  error  No rule allowing this dependency was found. File is of type 'feature/dashboard'. Dependency is of type 'other'  boundaries/element-types
  24:28  error  No rule allowing this dependency was found. File is of type 'feature/dashboard'. Dependency is of type 'other'  boundaries/element-types
  38:8   error  No rule allowing this dependency was found. File is of type 'feature/dashboard'. Dependency is of type 'other'  boundaries/element-types
  39:55  error  No rule allowing this dependency was found. File is of type 'feature/dashboard'. Dependency is of type 'other'  boundaries/element-types
  56:8   error  No rule allowing this dependency was found. File is of type 'feature/dashboard'. Dependency is of type 'other'  boundaries/element-types
  57:41  error  No rule allowing this dependency was found. File is of type 'feature/dashboard'. Dependency is of type 'other'  boundaries/element-types

/Users/ryan/projects/metabase/frontend/src/metabase/dashboard/components/DashCard/PublicOrEmbeddedDashCardMenu.tsx
   7:45  error  No rule allowing this dependency was found. File is of type 'feature/dashboard'. Dependency is of type 'other'                  boundaries/element-types
   9:30  error  No rule allowing this dependency was found. File is of type 'feature/dashboard'. Dependency is of type 'other'                  boundaries/element-types
  10:40  error  No rule allowing this dependency was found. File is of type 'feature/dashboard'. Dependency is of type 'feature/query_builder'  boundaries/element-types
  11:33  error  No rule allowing this dependency was found. File is of type 'feature/dashboard'. Dependency is of type 'feature/query_builder'  boundaries/element-types
  12:29  error  No rule allowing this dependency was found. File is of type 'feature/dashboard'. Dependency is of type 'other'                  boundaries/element-types
  13:40  error  No rule allowing this dependency was found. File is of type 'feature/dashboard'. Dependency is of type 'other'                  boundaries/element-types

/Users/ryan/projects/metabase/frontend/src/metabase/dashboard/components/DashCard/dashcard-ids.ts
  1:23  error  No rule allowing this dependency was found. File is of type 'feature/dashboard'. Dependency is of type 'other'  boundaries/element-types
  2:24  error  No rule allowing this dependency was found. File is of type 'feature/dashboard'. Dependency is of type 'other'  boundaries/element-types

/Users/ryan/projects/metabase/frontend/src/metabase/dashboard/components/DashCard/utils.ts
  1:36  error  No rule allowing this dependency was found. File is of type 'feature/dashboard'. Dependency is of type 'other'  boundaries/element-types

/Users/ryan/projects/metabase/frontend/src/metabase/dashboard/components/Dashboard/Dashboard.tsx
   5:47  error  No rule allowing this dependency was found. File is of type 'feature/dashboard'. Dependency is of type 'other'  boundaries/element-types
   6:24  error  No rule allowing this dependency was found. File is of type 'feature/dashboard'. Dependency is of type 'other'  boundaries/element-types
   9:36  error  No rule allowing this dependency was found. File is of type 'feature/dashboard'. Dependency is of type 'other'  boundaries/element-types
  10:32  error  No rule allowing this dependency was found. File is of type 'feature/dashboard'. Dependency is of type 'other'  boundaries/element-types
  12:34  error  No rule allowing this dependency was found. File is of type 'feature/dashboard'. Dependency is of type 'other'  boundaries/element-types
  13:25  error  No rule allowing this dependency was found. File is of type 'feature/dashboard'. Dependency is of type 'other'  boundaries/element-types
  14:36  error  No rule allowing this dependency was found. File is of type 'feature/dashboard'. Dependency is of type 'other'  boundaries/element-types
  15:48  error  No rule allowing this dependency was found. File is of type 'feature/dashboard'. Dependency is of type 'other'  boundaries/element-types
  18:46  error  No rule allowing this dependency was found. File is of type 'feature/dashboard'. Dependency is of type 'other'  boundaries/element-types

/Users/ryan/projects/metabase/frontend/src/metabase/dashboard/components/Dashboard/DashboardComponents.tsx
  3:36  error  No rule allowing this dependency was found. File is of type 'feature/dashboard'. Dependency is of type 'other'  boundaries/element-types

/Users/ryan/projects/metabase/frontend/src/metabase/dashboard/components/Dashboard/DashboardEmptyState/DashboardEmptyState.tsx
  5:16  error  No rule allowing this dependency was found. File is of type 'feature/dashboard'. Dependency is of type 'other'  boundaries/element-types
  6:65  error  No rule allowing this dependency was found. File is of type 'feature/dashboard'. Dependency is of type 'other'  boundaries/element-types

/Users/ryan/projects/metabase/frontend/src/metabase/dashboard/components/Dashboard/components/Grid.tsx
  4:50  error  No rule allowing this dependency was found. File is of type 'feature/dashboard'. Dependency is of type 'other'  boundaries/element-types
  7:53  error  No rule allowing this dependency was found. File is of type 'feature/dashboard'. Dependency is of type 'other'  boundaries/element-types
  8:25  error  No rule allowing this dependency was found. File is of type 'feature/dashboard'. Dependency is of type 'other'  boundaries/element-types
  9:37  error  No rule allowing this dependency was found. File is of type 'feature/dashboard'. Dependency is of type 'other'  boundaries/element-types

/Users/ryan/projects/metabase/frontend/src/metabase/dashboard/components/Dashboard/components/ParametersList.tsx
  1:60  error  No rule allowing this dependency was found. File is of type 'feature/dashboard'. Dependency is of type 'other'  boundaries/element-types

/Users/ryan/projects/metabase/frontend/src/metabase/dashboard/components/Dashboard/use-set-dashboard-attribute.ts
  4:38  error  No rule allowing this dependency was found. File is of type 'feature/dashboard'. Dependency is of type 'other'  boundaries/element-types

/Users/ryan/projects/metabase/frontend/src/metabase/dashboard/components/DashboardBookmark.tsx
  4:22  error  No rule allowing this dependency was found. File is of type 'feature/dashboard'. Dependency is of type 'other'  boundaries/element-types
  6:37  error  No rule allowing this dependency was found. File is of type 'feature/dashboard'. Dependency is of type 'other'  boundaries/element-types
  9:42  error  No rule allowing this dependency was found. File is of type 'feature/dashboard'. Dependency is of type 'other'  boundaries/element-types

/Users/ryan/projects/metabase/frontend/src/metabase/dashboard/components/DashboardCopyModal.jsx
   9:25  error  No rule allowing this dependency was found. File is of type 'feature/dashboard'. Dependency is of type 'other'  boundaries/element-types
  10:29  error  No rule allowing this dependency was found. File is of type 'feature/dashboard'. Dependency is of type 'other'  boundaries/element-types
  11:24  error  No rule allowing this dependency was found. File is of type 'feature/dashboard'. Dependency is of type 'other'  boundaries/element-types
  15:38  error  No rule allowing this dependency was found. File is of type 'feature/dashboard'. Dependency is of type 'other'  boundaries/element-types

/Users/ryan/projects/metabase/frontend/src/metabase/dashboard/components/DashboardGrid.tsx
  15:24  error  No rule allowing this dependency was found. File is of type 'feature/dashboard'. Dependency is of type 'other'  boundaries/element-types
  19:8   error  No rule allowing this dependency was found. File is of type 'feature/dashboard'. Dependency is of type 'other'  boundaries/element-types
  26:8   error  No rule allowing this dependency was found. File is of type 'feature/dashboard'. Dependency is of type 'other'  boundaries/element-types
  28:25  error  No rule allowing this dependency was found. File is of type 'feature/dashboard'. Dependency is of type 'other'  boundaries/element-types
  29:25  error  No rule allowing this dependency was found. File is of type 'feature/dashboard'. Dependency is of type 'other'  boundaries/element-types
  30:43  error  No rule allowing this dependency was found. File is of type 'feature/dashboard'. Dependency is of type 'other'  boundaries/element-types
  32:33  error  No rule allowing this dependency was found. File is of type 'feature/dashboard'. Dependency is of type 'other'  boundaries/element-types
  36:8   error  No rule allowing this dependency was found. File is of type 'feature/dashboard'. Dependency is of type 'other'  boundaries/element-types
  68:8   error  No rule allowing this dependency was found. File is of type 'feature/dashboard'. Dependency is of type 'other'  boundaries/element-types
  69:50  error  No rule allowing this dependency was found. File is of type 'feature/dashboard'. Dependency is of type 'other'  boundaries/element-types

/Users/ryan/projects/metabase/frontend/src/metabase/dashboard/components/DashboardHeader/DashboardHeader.tsx
   5:39  error  No rule allowing this dependency was found. File is of type 'feature/dashboard'. Dependency is of type 'other'  boundaries/element-types
  17:8   error  No rule allowing this dependency was found. File is of type 'feature/dashboard'. Dependency is of type 'other'  boundaries/element-types
  18:32  error  No rule allowing this dependency was found. File is of type 'feature/dashboard'. Dependency is of type 'other'  boundaries/element-types
  20:37  error  No rule allowing this dependency was found. File is of type 'feature/dashboard'. Dependency is of type 'other'  boundaries/element-types
  21:28  error  No rule allowing this dependency was found. File is of type 'feature/dashboard'. Dependency is of type 'other'  boundaries/element-types
  22:30  error  No rule allowing this dependency was found. File is of type 'feature/dashboard'. Dependency is of type 'other'  boundaries/element-types
  25:30  error  No rule allowing this dependency was found. File is of type 'feature/dashboard'. Dependency is of type 'other'  boundaries/element-types

/Users/ryan/projects/metabase/frontend/src/metabase/dashboard/components/DashboardHeader/DashboardHeaderButtonRow/DashboardHeaderButtonRow.tsx
  10:30  error  No rule allowing this dependency was found. File is of type 'feature/dashboard'. Dependency is of type 'other'  boundaries/element-types
  16:8   error  No rule allowing this dependency was found. File is of type 'feature/dashboard'. Dependency is of type 'other'  boundaries/element-types
  18:35  error  No rule allowing this dependency was found. File is of type 'feature/dashboard'. Dependency is of type 'other'  boundaries/element-types
  22:8   error  No rule allowing this dependency was found. File is of type 'feature/dashboard'. Dependency is of type 'other'  boundaries/element-types
  23:21  error  No rule allowing this dependency was found. File is of type 'feature/dashboard'. Dependency is of type 'other'  boundaries/element-types

/Users/ryan/projects/metabase/frontend/src/metabase/dashboard/components/DashboardHeader/DashboardHeaderButtonRow/action-buttons.tsx
  1:38  error  No rule allowing this dependency was found. File is of type 'feature/dashboard'. Dependency is of type 'other'  boundaries/element-types
  2:33  error  No rule allowing this dependency was found. File is of type 'feature/dashboard'. Dependency is of type 'other'  boundaries/element-types

/Users/ryan/projects/metabase/frontend/src/metabase/dashboard/components/DashboardHeader/DashboardHeaderView.tsx
   5:47  error  No rule allowing this dependency was found. File is of type 'feature/dashboard'. Dependency is of type 'other'  boundaries/element-types
   8:16  error  No rule allowing this dependency was found. File is of type 'feature/dashboard'. Dependency is of type 'other'  boundaries/element-types
  22:8   error  No rule allowing this dependency was found. File is of type 'feature/dashboard'. Dependency is of type 'other'  boundaries/element-types
  27:8   error  No rule allowing this dependency was found. File is of type 'feature/dashboard'. Dependency is of type 'other'  boundaries/element-types
  28:33  error  No rule allowing this dependency was found. File is of type 'feature/dashboard'. Dependency is of type 'other'  boundaries/element-types
  29:36  error  No rule allowing this dependency was found. File is of type 'feature/dashboard'. Dependency is of type 'other'  boundaries/element-types
  30:27  error  No rule allowing this dependency was found. File is of type 'feature/dashboard'. Dependency is of type 'other'  boundaries/element-types

/Users/ryan/projects/metabase/frontend/src/metabase/dashboard/components/DashboardHeader/SectionLayoutPreview.tsx
  4:36  error  No rule allowing this dependency was found. File is of type 'feature/dashboard'. Dependency is of type 'other'  boundaries/element-types
  5:27  error  No rule allowing this dependency was found. File is of type 'feature/dashboard'. Dependency is of type 'other'  boundaries/element-types

/Users/ryan/projects/metabase/frontend/src/metabase/dashboard/components/DashboardHeader/buttons/AddFilterParameterButton/AddFilterParameterButton.tsx
  6:37  error  No rule allowing this dependency was found. File is of type 'feature/dashboard'. Dependency is of type 'other'  boundaries/element-types
  7:39  error  No rule allowing this dependency was found. File is of type 'feature/dashboard'. Dependency is of type 'other'  boundaries/element-types

/Users/ryan/projects/metabase/frontend/src/metabase/dashboard/components/DashboardHeader/buttons/AddHeadingOrTextButton.tsx
  5:35  error  No rule allowing this dependency was found. File is of type 'feature/dashboard'. Dependency is of type 'other'  boundaries/element-types

/Users/ryan/projects/metabase/frontend/src/metabase/dashboard/components/DashboardHeader/buttons/AddLinkOrEmbedButton.tsx
   8:48  error  No rule allowing this dependency was found. File is of type 'feature/dashboard'. Dependency is of type 'other'  boundaries/element-types
  10:35  error  No rule allowing this dependency was found. File is of type 'feature/dashboard'. Dependency is of type 'other'  boundaries/element-types

/Users/ryan/projects/metabase/frontend/src/metabase/dashboard/components/DashboardHeader/buttons/AddQuestionButton.tsx
  4:30  error  No rule allowing this dependency was found. File is of type 'feature/dashboard'. Dependency is of type 'other'  boundaries/element-types
  6:37  error  No rule allowing this dependency was found. File is of type 'feature/dashboard'. Dependency is of type 'other'  boundaries/element-types

/Users/ryan/projects/metabase/frontend/src/metabase/dashboard/components/DashboardHeader/buttons/AddSectionButton/AddSectionButton.tsx
  7:51  error  No rule allowing this dependency was found. File is of type 'feature/dashboard'. Dependency is of type 'other'  boundaries/element-types
  9:28  error  No rule allowing this dependency was found. File is of type 'feature/dashboard'. Dependency is of type 'other'  boundaries/element-types

/Users/ryan/projects/metabase/frontend/src/metabase/dashboard/components/DashboardHeader/buttons/CancelEditButton.tsx
  5:22  error  No rule allowing this dependency was found. File is of type 'feature/dashboard'. Dependency is of type 'other'  boundaries/element-types
  6:16  error  No rule allowing this dependency was found. File is of type 'feature/dashboard'. Dependency is of type 'other'  boundaries/element-types
  7:37  error  No rule allowing this dependency was found. File is of type 'feature/dashboard'. Dependency is of type 'other'  boundaries/element-types

/Users/ryan/projects/metabase/frontend/src/metabase/dashboard/components/DashboardHeader/buttons/DashboardActionMenu.tsx
   9:37  error  No rule allowing this dependency was found. File is of type 'feature/dashboard'. Dependency is of type 'other'  boundaries/element-types
  10:35  error  No rule allowing this dependency was found. File is of type 'feature/dashboard'. Dependency is of type 'other'  boundaries/element-types
  11:28  error  No rule allowing this dependency was found. File is of type 'feature/dashboard'. Dependency is of type 'other'  boundaries/element-types

/Users/ryan/projects/metabase/frontend/src/metabase/dashboard/components/DashboardHeader/buttons/DashboardInfoButton.tsx
   5:30  error  No rule allowing this dependency was found. File is of type 'feature/dashboard'. Dependency is of type 'other'  boundaries/element-types
   7:47  error  No rule allowing this dependency was found. File is of type 'feature/dashboard'. Dependency is of type 'other'  boundaries/element-types
   9:37  error  No rule allowing this dependency was found. File is of type 'feature/dashboard'. Dependency is of type 'other'  boundaries/element-types
  10:38  error  No rule allowing this dependency was found. File is of type 'feature/dashboard'. Dependency is of type 'other'  boundaries/element-types

/Users/ryan/projects/metabase/frontend/src/metabase/dashboard/components/DashboardHeader/buttons/EditDashboardButton.tsx
  5:37  error  No rule allowing this dependency was found. File is of type 'feature/dashboard'. Dependency is of type 'other'  boundaries/element-types

/Users/ryan/projects/metabase/frontend/src/metabase/dashboard/components/DashboardHeader/buttons/ExportAsPdfButton.tsx
   8:8   error  No rule allowing this dependency was found. File is of type 'feature/dashboard'. Dependency is of type 'other'  boundaries/element-types
   9:46  error  No rule allowing this dependency was found. File is of type 'feature/dashboard'. Dependency is of type 'other'  boundaries/element-types
  11:23  error  No rule allowing this dependency was found. File is of type 'feature/dashboard'. Dependency is of type 'other'  boundaries/element-types
  12:24  error  No rule allowing this dependency was found. File is of type 'feature/dashboard'. Dependency is of type 'other'  boundaries/element-types
  13:65  error  No rule allowing this dependency was found. File is of type 'feature/dashboard'. Dependency is of type 'other'  boundaries/element-types

/Users/ryan/projects/metabase/frontend/src/metabase/dashboard/components/DashboardHeader/buttons/FullscreenAnalyticsDashboard.tsx
  4:16  error  No rule allowing this dependency was found. File is of type 'feature/dashboard'. Dependency is of type 'other'  boundaries/element-types

/Users/ryan/projects/metabase/frontend/src/metabase/dashboard/components/DashboardHeader/buttons/SaveEditButton.tsx
   5:22  error  No rule allowing this dependency was found. File is of type 'feature/dashboard'. Dependency is of type 'other'  boundaries/element-types
   7:46  error  No rule allowing this dependency was found. File is of type 'feature/dashboard'. Dependency is of type 'other'  boundaries/element-types
   9:37  error  No rule allowing this dependency was found. File is of type 'feature/dashboard'. Dependency is of type 'other'  boundaries/element-types
  10:32  error  No rule allowing this dependency was found. File is of type 'feature/dashboard'. Dependency is of type 'other'  boundaries/element-types
  11:25  error  No rule allowing this dependency was found. File is of type 'feature/dashboard'. Dependency is of type 'other'  boundaries/element-types

/Users/ryan/projects/metabase/frontend/src/metabase/dashboard/components/DashboardHeader/tests/setup.tsx
  14:38  error  No rule allowing this dependency was found. File is of type 'feature/dashboard'. Dependency is of type 'other'  boundaries/element-types

/Users/ryan/projects/metabase/frontend/src/metabase/dashboard/components/DashboardInfoSidebar/DashboardDetails.tsx
   5:44  error  No rule allowing this dependency was found. File is of type 'feature/dashboard'. Dependency is of type 'other'  boundaries/element-types
   9:20  error  No rule allowing this dependency was found. File is of type 'feature/dashboard'. Dependency is of type 'other'  boundaries/element-types
  10:44  error  No rule allowing this dependency was found. File is of type 'feature/dashboard'. Dependency is of type 'other'  boundaries/element-types
  12:29  error  No rule allowing this dependency was found. File is of type 'feature/dashboard'. Dependency is of type 'other'  boundaries/element-types
  13:48  error  No rule allowing this dependency was found. File is of type 'feature/dashboard'. Dependency is of type 'other'  boundaries/element-types

/Users/ryan/projects/metabase/frontend/src/metabase/dashboard/components/DashboardInfoSidebar/DashboardEntityIdCard/DashboardEntityIdCard.tsx
  13:32  error  No rule allowing this dependency was found. File is of type 'feature/dashboard'. Dependency is of type 'other'  boundaries/element-types
  14:61  error  No rule allowing this dependency was found. File is of type 'feature/dashboard'. Dependency is of type 'other'  boundaries/element-types

/Users/ryan/projects/metabase/frontend/src/metabase/dashboard/components/DashboardInfoSidebar/DashboardInfoSidebar.tsx
   7:27  error  No rule allowing this dependency was found. File is of type 'feature/dashboard'. Dependency is of type 'other'  boundaries/element-types
   8:50  error  No rule allowing this dependency was found. File is of type 'feature/dashboard'. Dependency is of type 'other'  boundaries/element-types
   9:47  error  No rule allowing this dependency was found. File is of type 'feature/dashboard'. Dependency is of type 'other'  boundaries/element-types
  21:50  error  No rule allowing this dependency was found. File is of type 'feature/dashboard'. Dependency is of type 'other'  boundaries/element-types
  27:35  error  No rule allowing this dependency was found. File is of type 'feature/dashboard'. Dependency is of type 'other'  boundaries/element-types
  28:25  error  No rule allowing this dependency was found. File is of type 'feature/dashboard'. Dependency is of type 'other'  boundaries/element-types
  29:35  error  No rule allowing this dependency was found. File is of type 'feature/dashboard'. Dependency is of type 'other'  boundaries/element-types

/Users/ryan/projects/metabase/frontend/src/metabase/dashboard/components/DashboardInfoSidebar/components/InsightsUpsellTab.tsx
  1:38  error  No rule allowing this dependency was found. File is of type 'feature/dashboard'. Dependency is of type 'feature/admin'  boundaries/element-types
  2:22  error  No rule allowing this dependency was found. File is of type 'feature/dashboard'. Dependency is of type 'other'          boundaries/element-types

/Users/ryan/projects/metabase/frontend/src/metabase/dashboard/components/DashboardInfoSidebar/tests/setup.tsx
  14:38  error  No rule allowing this dependency was found. File is of type 'feature/dashboard'. Dependency is of type 'other'  boundaries/element-types

/Users/ryan/projects/metabase/frontend/src/metabase/dashboard/components/DashboardLeaveConfirmationModal/DashboardLeaveConfirmationModal.tsx
  6:42  error  No rule allowing this dependency was found. File is of type 'feature/dashboard'. Dependency is of type 'other'  boundaries/element-types
  8:32  error  No rule allowing this dependency was found. File is of type 'feature/dashboard'. Dependency is of type 'other'  boundaries/element-types
  9:48  error  No rule allowing this dependency was found. File is of type 'feature/dashboard'. Dependency is of type 'other'  boundaries/element-types

/Users/ryan/projects/metabase/frontend/src/metabase/dashboard/components/DashboardLeaveConfirmationModal/utils.ts
  3:44  error  No rule allowing this dependency was found. File is of type 'feature/dashboard'. Dependency is of type 'feature/query_builder'  boundaries/element-types

/Users/ryan/projects/metabase/frontend/src/metabase/dashboard/components/DashboardMoveModal.tsx
   4:39  error  No rule allowing this dependency was found. File is of type 'feature/dashboard'. Dependency is of type 'other'  boundaries/element-types
   8:33  error  No rule allowing this dependency was found. File is of type 'feature/dashboard'. Dependency is of type 'other'  boundaries/element-types
   9:24  error  No rule allowing this dependency was found. File is of type 'feature/dashboard'. Dependency is of type 'other'  boundaries/element-types
  12:28  error  No rule allowing this dependency was found. File is of type 'feature/dashboard'. Dependency is of type 'other'  boundaries/element-types

/Users/ryan/projects/metabase/frontend/src/metabase/dashboard/components/DashboardParameterList/DashboardParameterList.tsx
  10:64  error  No rule allowing this dependency was found. File is of type 'feature/dashboard'. Dependency is of type 'other'  boundaries/element-types
  13:32  error  No rule allowing this dependency was found. File is of type 'feature/dashboard'. Dependency is of type 'other'  boundaries/element-types

/Users/ryan/projects/metabase/frontend/src/metabase/dashboard/components/DashboardParameterPanel/DashboardParameterPanel.tsx
   4:25  error  No rule allowing this dependency was found. File is of type 'feature/dashboard'. Dependency is of type 'other'  boundaries/element-types
   5:64  error  No rule allowing this dependency was found. File is of type 'feature/dashboard'. Dependency is of type 'other'  boundaries/element-types
   8:60  error  No rule allowing this dependency was found. File is of type 'feature/dashboard'. Dependency is of type 'other'  boundaries/element-types
   9:32  error  No rule allowing this dependency was found. File is of type 'feature/dashboard'. Dependency is of type 'other'  boundaries/element-types
  10:31  error  No rule allowing this dependency was found. File is of type 'feature/dashboard'. Dependency is of type 'other'  boundaries/element-types
  12:38  error  No rule allowing this dependency was found. File is of type 'feature/dashboard'. Dependency is of type 'other'  boundaries/element-types
  13:36  error  No rule allowing this dependency was found. File is of type 'feature/dashboard'. Dependency is of type 'other'  boundaries/element-types

/Users/ryan/projects/metabase/frontend/src/metabase/dashboard/components/DashboardSettingsSidebar/DashboardSettingsSidebar.tsx
   6:27  error  No rule allowing this dependency was found. File is of type 'feature/dashboard'. Dependency is of type 'other'  boundaries/element-types
  11:38  error  No rule allowing this dependency was found. File is of type 'feature/dashboard'. Dependency is of type 'other'  boundaries/element-types
  13:32  error  No rule allowing this dependency was found. File is of type 'feature/dashboard'. Dependency is of type 'other'  boundaries/element-types
  14:24  error  No rule allowing this dependency was found. File is of type 'feature/dashboard'. Dependency is of type 'other'  boundaries/element-types

/Users/ryan/projects/metabase/frontend/src/metabase/dashboard/components/DashboardSettingsSidebar/tests/setup.tsx
  11:38  error  No rule allowing this dependency was found. File is of type 'feature/dashboard'. Dependency is of type 'other'  boundaries/element-types

/Users/ryan/projects/metabase/frontend/src/metabase/dashboard/components/DashboardSidebars.tsx
  1:30  error  No rule allowing this dependency was found. File is of type 'feature/dashboard'. Dependency is of type 'other'  boundaries/element-types
  3:43  error  No rule allowing this dependency was found. File is of type 'feature/dashboard'. Dependency is of type 'other'  boundaries/element-types
  4:34  error  No rule allowing this dependency was found. File is of type 'feature/dashboard'. Dependency is of type 'other'  boundaries/element-types
  5:43  error  No rule allowing this dependency was found. File is of type 'feature/dashboard'. Dependency is of type 'other'  boundaries/element-types

/Users/ryan/projects/metabase/frontend/src/metabase/dashboard/components/DashboardTabs/DashboardTabs.tsx
  11:16  error  No rule allowing this dependency was found. File is of type 'feature/dashboard'. Dependency is of type 'other'  boundaries/element-types
  13:35  error  No rule allowing this dependency was found. File is of type 'feature/dashboard'. Dependency is of type 'other'  boundaries/element-types
  14:37  error  No rule allowing this dependency was found. File is of type 'feature/dashboard'. Dependency is of type 'other'  boundaries/element-types
  15:28  error  No rule allowing this dependency was found. File is of type 'feature/dashboard'. Dependency is of type 'other'  boundaries/element-types

/Users/ryan/projects/metabase/frontend/src/metabase/dashboard/components/DashboardTabs/test-utils.ts
  2:41  error  No rule allowing this dependency was found. File is of type 'feature/dashboard'. Dependency is of type 'other'  boundaries/element-types

/Users/ryan/projects/metabase/frontend/src/metabase/dashboard/components/DashboardTabs/use-dashboard-tabs.ts
  4:36  error  No rule allowing this dependency was found. File is of type 'feature/dashboard'. Dependency is of type 'other'  boundaries/element-types
  7:25  error  No rule allowing this dependency was found. File is of type 'feature/dashboard'. Dependency is of type 'other'  boundaries/element-types

/Users/ryan/projects/metabase/frontend/src/metabase/dashboard/components/DashboardTitle/DashboardTitle.tsx
  4:43  error  No rule allowing this dependency was found. File is of type 'feature/dashboard'. Dependency is of type 'other'  boundaries/element-types

/Users/ryan/projects/metabase/frontend/src/metabase/dashboard/components/ExtraEditButtonsMenu/ExtraEditButtonsMenu.tsx
  5:43  error  No rule allowing this dependency was found. File is of type 'feature/dashboard'. Dependency is of type 'other'  boundaries/element-types
  6:46  error  No rule allowing this dependency was found. File is of type 'feature/dashboard'. Dependency is of type 'other'  boundaries/element-types
  8:45  error  No rule allowing this dependency was found. File is of type 'feature/dashboard'. Dependency is of type 'other'  boundaries/element-types

/Users/ryan/projects/metabase/frontend/src/metabase/dashboard/components/FormDashboardTabSelect/FormDashboardTabSelect.tsx
  4:49  error  No rule allowing this dependency was found. File is of type 'feature/dashboard'. Dependency is of type 'other'  boundaries/element-types
  5:50  error  No rule allowing this dependency was found. File is of type 'feature/dashboard'. Dependency is of type 'other'  boundaries/element-types

/Users/ryan/projects/metabase/frontend/src/metabase/dashboard/components/QuestionPicker/QuestionList.tsx
   9:8   error  No rule allowing this dependency was found. File is of type 'feature/dashboard'. Dependency is of type 'other'  boundaries/element-types
  17:34  error  No rule allowing this dependency was found. File is of type 'feature/dashboard'. Dependency is of type 'other'  boundaries/element-types
  18:32  error  No rule allowing this dependency was found. File is of type 'feature/dashboard'. Dependency is of type 'other'  boundaries/element-types
  19:20  error  No rule allowing this dependency was found. File is of type 'feature/dashboard'. Dependency is of type 'other'  boundaries/element-types
  20:34  error  No rule allowing this dependency was found. File is of type 'feature/dashboard'. Dependency is of type 'other'  boundaries/element-types
  21:38  error  No rule allowing this dependency was found. File is of type 'feature/dashboard'. Dependency is of type 'other'  boundaries/element-types
  22:25  error  No rule allowing this dependency was found. File is of type 'feature/dashboard'. Dependency is of type 'other'  boundaries/element-types
  24:35  error  No rule allowing this dependency was found. File is of type 'feature/dashboard'. Dependency is of type 'other'  boundaries/element-types
  25:54  error  No rule allowing this dependency was found. File is of type 'feature/dashboard'. Dependency is of type 'other'  boundaries/element-types
  26:33  error  No rule allowing this dependency was found. File is of type 'feature/dashboard'. Dependency is of type 'other'  boundaries/element-types

/Users/ryan/projects/metabase/frontend/src/metabase/dashboard/components/QuestionPicker/QuestionPicker.tsx
   5:39  error  No rule allowing this dependency was found. File is of type 'feature/dashboard'. Dependency is of type 'other'  boundaries/element-types
   6:36  error  No rule allowing this dependency was found. File is of type 'feature/dashboard'. Dependency is of type 'other'  boundaries/element-types
  13:30  error  No rule allowing this dependency was found. File is of type 'feature/dashboard'. Dependency is of type 'other'  boundaries/element-types
  14:32  error  No rule allowing this dependency was found. File is of type 'feature/dashboard'. Dependency is of type 'other'  boundaries/element-types
  15:46  error  No rule allowing this dependency was found. File is of type 'feature/dashboard'. Dependency is of type 'other'  boundaries/element-types
  16:27  error  No rule allowing this dependency was found. File is of type 'feature/dashboard'. Dependency is of type 'other'  boundaries/element-types
  17:42  error  No rule allowing this dependency was found. File is of type 'feature/dashboard'. Dependency is of type 'other'  boundaries/element-types
  19:36  error  No rule allowing this dependency was found. File is of type 'feature/dashboard'. Dependency is of type 'other'  boundaries/element-types
  20:53  error  No rule allowing this dependency was found. File is of type 'feature/dashboard'. Dependency is of type 'other'  boundaries/element-types
  21:52  error  No rule allowing this dependency was found. File is of type 'feature/dashboard'. Dependency is of type 'other'  boundaries/element-types

/Users/ryan/projects/metabase/frontend/src/metabase/dashboard/components/QuestionPicker/actions.ts
  3:30  error  No rule allowing this dependency was found. File is of type 'feature/dashboard'. Dependency is of type 'other'  boundaries/element-types

/Users/ryan/projects/metabase/frontend/src/metabase/dashboard/components/RefreshWidget/RefreshOption/RefreshOption.tsx
  3:22  error  No rule allowing this dependency was found. File is of type 'feature/dashboard'. Dependency is of type 'other'  boundaries/element-types

/Users/ryan/projects/metabase/frontend/src/metabase/dashboard/components/RefreshWidget/RefreshWidget.tsx
  5:52  error  No rule allowing this dependency was found. File is of type 'feature/dashboard'. Dependency is of type 'other'  boundaries/element-types

/Users/ryan/projects/metabase/frontend/src/metabase/dashboard/components/RefreshWidget/RefreshWidgetTarget.tsx
  6:27  error  No rule allowing this dependency was found. File is of type 'feature/dashboard'. Dependency is of type 'other'  boundaries/element-types
  7:38  error  No rule allowing this dependency was found. File is of type 'feature/dashboard'. Dependency is of type 'other'  boundaries/element-types

/Users/ryan/projects/metabase/frontend/src/metabase/dashboard/components/Sidebar.tsx
  4:50  error  No rule allowing this dependency was found. File is of type 'feature/dashboard'. Dependency is of type 'other'  boundaries/element-types

/Users/ryan/projects/metabase/frontend/src/metabase/dashboard/components/grid/GridLayout.tsx
  7:33  error  No rule allowing this dependency was found. File is of type 'feature/dashboard'. Dependency is of type 'other'  boundaries/element-types

/Users/ryan/projects/metabase/frontend/src/metabase/dashboard/constants.ts
  6:41  error  No rule allowing this dependency was found. File is of type 'other'. Dependency is of type 'feature/dashboard'  boundaries/element-types

/Users/ryan/projects/metabase/frontend/src/metabase/dashboard/containers/ArchiveDashboardModal.jsx
  11:25  error  No rule allowing this dependency was found. File is of type 'feature/dashboard'. Dependency is of type 'other'  boundaries/element-types
  12:24  error  No rule allowing this dependency was found. File is of type 'feature/dashboard'. Dependency is of type 'other'  boundaries/element-types

/Users/ryan/projects/metabase/frontend/src/metabase/dashboard/containers/AutomaticDashboardApp/AutomaticDashboardApp.tsx
   7:30  error  No rule allowing this dependency was found. File is of type 'feature/dashboard'. Dependency is of type 'other'  boundaries/element-types
  12:16  error  No rule allowing this dependency was found. File is of type 'feature/dashboard'. Dependency is of type 'other'  boundaries/element-types
  15:64  error  No rule allowing this dependency was found. File is of type 'feature/dashboard'. Dependency is of type 'other'  boundaries/element-types
  21:30  error  No rule allowing this dependency was found. File is of type 'feature/dashboard'. Dependency is of type 'other'  boundaries/element-types
  24:25  error  No rule allowing this dependency was found. File is of type 'feature/dashboard'. Dependency is of type 'other'  boundaries/element-types
  25:34  error  No rule allowing this dependency was found. File is of type 'feature/dashboard'. Dependency is of type 'other'  boundaries/element-types

/Users/ryan/projects/metabase/frontend/src/metabase/dashboard/containers/AutomaticDashboardApp/SuggestionsSidebar.tsx
  8:16  error  No rule allowing this dependency was found. File is of type 'feature/dashboard'. Dependency is of type 'other'  boundaries/element-types
  9:64  error  No rule allowing this dependency was found. File is of type 'feature/dashboard'. Dependency is of type 'other'  boundaries/element-types

/Users/ryan/projects/metabase/frontend/src/metabase/dashboard/containers/AutomaticDashboardApp/analytics.ts
  1:34  error  No rule allowing this dependency was found. File is of type 'feature/dashboard'. Dependency is of type 'other'  boundaries/element-types

/Users/ryan/projects/metabase/frontend/src/metabase/dashboard/containers/CopyDashboardForm.tsx
   6:38  error  No rule allowing this dependency was found. File is of type 'feature/dashboard'. Dependency is of type 'other'  boundaries/element-types
   7:34  error  No rule allowing this dependency was found. File is of type 'feature/dashboard'. Dependency is of type 'other'  boundaries/element-types
  11:24  error  No rule allowing this dependency was found. File is of type 'feature/dashboard'. Dependency is of type 'other'  boundaries/element-types
  21:8   error  No rule allowing this dependency was found. File is of type 'feature/dashboard'. Dependency is of type 'other'  boundaries/element-types
  23:38  error  No rule allowing this dependency was found. File is of type 'feature/dashboard'. Dependency is of type 'other'  boundaries/element-types
  29:8   error  No rule allowing this dependency was found. File is of type 'feature/dashboard'. Dependency is of type 'other'  boundaries/element-types
  30:35  error  No rule allowing this dependency was found. File is of type 'feature/dashboard'. Dependency is of type 'other'  boundaries/element-types

/Users/ryan/projects/metabase/frontend/src/metabase/dashboard/containers/CreateDashboardForm.tsx
   5:44  error  No rule allowing this dependency was found. File is of type 'feature/dashboard'. Dependency is of type 'other'  boundaries/element-types
   6:34  error  No rule allowing this dependency was found. File is of type 'feature/dashboard'. Dependency is of type 'other'  boundaries/element-types
   9:25  error  No rule allowing this dependency was found. File is of type 'feature/dashboard'. Dependency is of type 'other'  boundaries/element-types
  17:8   error  No rule allowing this dependency was found. File is of type 'feature/dashboard'. Dependency is of type 'other'  boundaries/element-types
  20:31  error  No rule allowing this dependency was found. File is of type 'feature/dashboard'. Dependency is of type 'other'  boundaries/element-types
  26:8   error  No rule allowing this dependency was found. File is of type 'feature/dashboard'. Dependency is of type 'other'  boundaries/element-types

/Users/ryan/projects/metabase/frontend/src/metabase/dashboard/containers/CreateDashboardModal.tsx
  8:40  error  No rule allowing this dependency was found. File is of type 'feature/dashboard'. Dependency is of type 'other'  boundaries/element-types

/Users/ryan/projects/metabase/frontend/src/metabase/dashboard/containers/DashboardApp/DashboardApp.tsx
   7:27  error  No rule allowing this dependency was found. File is of type 'feature/dashboard'. Dependency is of type 'other'  boundaries/element-types
   9:16  error  No rule allowing this dependency was found. File is of type 'feature/dashboard'. Dependency is of type 'other'  boundaries/element-types
  23:30  error  No rule allowing this dependency was found. File is of type 'feature/dashboard'. Dependency is of type 'other'  boundaries/element-types
  33:8   error  No rule allowing this dependency was found. File is of type 'feature/dashboard'. Dependency is of type 'other'  boundaries/element-types
  34:56  error  No rule allowing this dependency was found. File is of type 'feature/dashboard'. Dependency is of type 'other'  boundaries/element-types
  35:32  error  No rule allowing this dependency was found. File is of type 'feature/dashboard'. Dependency is of type 'other'  boundaries/element-types
  38:30  error  No rule allowing this dependency was found. File is of type 'feature/dashboard'. Dependency is of type 'other'  boundaries/element-types
  42:46  error  No rule allowing this dependency was found. File is of type 'feature/dashboard'. Dependency is of type 'other'  boundaries/element-types

/Users/ryan/projects/metabase/frontend/src/metabase/dashboard/containers/DashboardApp/use-slow-card-notification.ts
   7:40  error  No rule allowing this dependency was found. File is of type 'feature/dashboard'. Dependency is of type 'other'  boundaries/element-types
  10:38  error  No rule allowing this dependency was found. File is of type 'feature/dashboard'. Dependency is of type 'other'  boundaries/element-types

/Users/ryan/projects/metabase/frontend/src/metabase/dashboard/containers/DashboardSharingEmbeddingModal/DashboardSharingEmbeddingModal.tsx
   6:8   error  No rule allowing this dependency was found. File is of type 'feature/dashboard'. Dependency is of type 'other'  boundaries/element-types
   7:31  error  No rule allowing this dependency was found. File is of type 'feature/dashboard'. Dependency is of type 'other'  boundaries/element-types
   8:46  error  No rule allowing this dependency was found. File is of type 'feature/dashboard'. Dependency is of type 'other'  boundaries/element-types
  14:8   error  No rule allowing this dependency was found. File is of type 'feature/dashboard'. Dependency is of type 'other'  boundaries/element-types

/Users/ryan/projects/metabase/frontend/src/metabase/dashboard/containers/XrayIcon.tsx
  1:39  error  No rule allowing this dependency was found. File is of type 'feature/dashboard'. Dependency is of type 'other'  boundaries/element-types

/Users/ryan/projects/metabase/frontend/src/metabase/dashboard/context/context.redux.ts
   4:35  error  No rule allowing this dependency was found. File is of type 'feature/dashboard'. Dependency is of type 'other'  boundaries/element-types
  58:38  error  No rule allowing this dependency was found. File is of type 'feature/dashboard'. Dependency is of type 'other'  boundaries/element-types
  62:8   error  No rule allowing this dependency was found. File is of type 'feature/dashboard'. Dependency is of type 'other'  boundaries/element-types
  91:8   error  No rule allowing this dependency was found. File is of type 'feature/dashboard'. Dependency is of type 'other'  boundaries/element-types

/Users/ryan/projects/metabase/frontend/src/metabase/dashboard/context/context.tsx
  16:44  error  No rule allowing this dependency was found. File is of type 'feature/dashboard'. Dependency is of type 'other'  boundaries/element-types

/Users/ryan/projects/metabase/frontend/src/metabase/dashboard/grid-utils.ts
  10:38  error  No rule allowing this dependency was found. File is of type 'other'. Dependency is of type 'feature/dashboard'  boundaries/element-types

/Users/ryan/projects/metabase/frontend/src/metabase/dashboard/hooks/use-auto-scroll-to-dashcard.ts
  5:56  error  No rule allowing this dependency was found. File is of type 'feature/dashboard'. Dependency is of type 'other'  boundaries/element-types

/Users/ryan/projects/metabase/frontend/src/metabase/dashboard/hooks/use-click-behavior-data.js
   9:8   error  No rule allowing this dependency was found. File is of type 'feature/dashboard'. Dependency is of type 'other'  boundaries/element-types
  10:32  error  No rule allowing this dependency was found. File is of type 'feature/dashboard'. Dependency is of type 'other'  boundaries/element-types
  12:35  error  No rule allowing this dependency was found. File is of type 'feature/dashboard'. Dependency is of type 'other'  boundaries/element-types

/Users/ryan/projects/metabase/frontend/src/metabase/dashboard/hooks/use-dashboard-url-query.ts
   9:34  error  No rule allowing this dependency was found. File is of type 'feature/dashboard'. Dependency is of type 'other'  boundaries/element-types
  20:8   error  No rule allowing this dependency was found. File is of type 'feature/dashboard'. Dependency is of type 'other'  boundaries/element-types
  21:31  error  No rule allowing this dependency was found. File is of type 'feature/dashboard'. Dependency is of type 'other'  boundaries/element-types

/Users/ryan/projects/metabase/frontend/src/metabase/dashboard/hooks/use-location-sync.ts
  7:56  error  No rule allowing this dependency was found. File is of type 'feature/dashboard'. Dependency is of type 'other'  boundaries/element-types
  9:35  error  No rule allowing this dependency was found. File is of type 'feature/dashboard'. Dependency is of type 'other'  boundaries/element-types

/Users/ryan/projects/metabase/frontend/src/metabase/dashboard/hooks/use-register-dashboard-metabot-context.ts
  1:51  error  No rule allowing this dependency was found. File is of type 'feature/dashboard'. Dependency is of type 'other'  boundaries/element-types
  3:30  error  No rule allowing this dependency was found. File is of type 'feature/dashboard'. Dependency is of type 'other'  boundaries/element-types

/Users/ryan/projects/metabase/frontend/src/metabase/dashboard/hooks/use-responsive-parameter-list.ts
  4:28  error  No rule allowing this dependency was found. File is of type 'feature/dashboard'. Dependency is of type 'other'  boundaries/element-types

/Users/ryan/projects/metabase/frontend/src/metabase/dashboard/reducers-typed.ts
  17:8  error  No rule allowing this dependency was found. File is of type 'other'. Dependency is of type 'feature/query_builder'  boundaries/element-types
  60:8  error  No rule allowing this dependency was found. File is of type 'other'. Dependency is of type 'feature/dashboard'      boundaries/element-types

/Users/ryan/projects/metabase/frontend/src/metabase/dashboard/reducers.js
  26:8  error  No rule allowing this dependency was found. File is of type 'other'. Dependency is of type 'feature/dashboard'  boundaries/element-types

/Users/ryan/projects/metabase/frontend/src/metabase/dashboard/selectors.ts
  51:31  error  No rule allowing this dependency was found. File is of type 'other'. Dependency is of type 'feature/dashboard'  boundaries/element-types

/Users/ryan/projects/metabase/frontend/src/metabase/dashboard/types/display-options.ts
  1:51  error  No rule allowing this dependency was found. File is of type 'feature/dashboard'. Dependency is of type 'other'  boundaries/element-types

/Users/ryan/projects/metabase/frontend/src/metabase/dashboard/types/embed-display-options.ts
  4:8  error  No rule allowing this dependency was found. File is of type 'feature/dashboard'. Dependency is of type 'other'  boundaries/element-types

/Users/ryan/projects/metabase/frontend/src/metabase/dashboard/types/hash-options.ts
  4:8  error  No rule allowing this dependency was found. File is of type 'feature/dashboard'. Dependency is of type 'other'  boundaries/element-types

/Users/ryan/projects/metabase/frontend/src/metabase/detail-view/components/DetailViewSidesheet/DetailViewSidesheet.tsx
  29:34  error  No rule allowing this dependency was found. File is of type 'other'. Dependency is of type 'feature/query_builder'  boundaries/element-types

/Users/ryan/projects/metabase/frontend/src/metabase/detail-view/components/DetailViewSidesheet/utils.ts
  7:35  error  No rule allowing this dependency was found. File is of type 'other'. Dependency is of type 'feature/admin'  boundaries/element-types

/Users/ryan/projects/metabase/frontend/src/metabase/embedding-sdk/types/plugins.ts
  3:39  error  No rule allowing this dependency was found. File is of type 'other'. Dependency is of type 'feature/dashboard'  boundaries/element-types

/Users/ryan/projects/metabase/frontend/src/metabase/embedding/components/SharingMenu/DashboardSharingMenu.tsx
  4:67  error  No rule allowing this dependency was found. File is of type 'other'. Dependency is of type 'feature/dashboard'  boundaries/element-types

/Users/ryan/projects/metabase/frontend/src/metabase/embedding/components/SharingMenu/QuestionSharingMenu.tsx
  7:31  error  No rule allowing this dependency was found. File is of type 'other'. Dependency is of type 'feature/query_builder'  boundaries/element-types

/Users/ryan/projects/metabase/frontend/src/metabase/embedding/components/SharingMenu/SharingModals.tsx
  3:48  error  No rule allowing this dependency was found. File is of type 'other'. Dependency is of type 'feature/dashboard'      boundaries/element-types
  4:37  error  No rule allowing this dependency was found. File is of type 'other'. Dependency is of type 'feature/query_builder'  boundaries/element-types

/Users/ryan/projects/metabase/frontend/src/metabase/embedding/embedding-hub/components/EmbeddingHub.tsx
  4:38  error  No rule allowing this dependency was found. File is of type 'other'. Dependency is of type 'feature/dashboard'  boundaries/element-types

/Users/ryan/projects/metabase/frontend/src/metabase/embedding/embedding-hub/components/EmbeddingHubAdminSettingsPage.tsx
  6:8  error  No rule allowing this dependency was found. File is of type 'other'. Dependency is of type 'feature/admin'  boundaries/element-types

/Users/ryan/projects/metabase/frontend/src/metabase/embedding/embedding-iframe-sdk-setup/hooks/use-get-current-resource.ts
  4:32  error  No rule allowing this dependency was found. File is of type 'other'. Dependency is of type 'feature/dashboard'  boundaries/element-types

/Users/ryan/projects/metabase/frontend/src/metabase/entities/containers/EntityCopyModal.tsx
  9:8  error  No rule allowing this dependency was found. File is of type 'other'. Dependency is of type 'feature/dashboard'  boundaries/element-types

/Users/ryan/projects/metabase/frontend/src/metabase/entities/groups.js
  3:35  error  No rule allowing this dependency was found. File is of type 'other'. Dependency is of type 'feature/admin'  boundaries/element-types

/Users/ryan/projects/metabase/frontend/src/metabase/entities/questions.js
  23:8  error  No rule allowing this dependency was found. File is of type 'other'. Dependency is of type 'feature/query_builder'  boundaries/element-types

/Users/ryan/projects/metabase/frontend/src/metabase/forms/components/FormGroupsWidget/FormGroupsWidget.tsx
  6:34  error  No rule allowing this dependency was found. File is of type 'other'. Dependency is of type 'feature/admin'  boundaries/element-types

/Users/ryan/projects/metabase/frontend/src/metabase/home/components/CustomHomePageModal/CustomHomePageModal.tsx
  4:53  error  No rule allowing this dependency was found. File is of type 'other'. Dependency is of type 'feature/admin'  boundaries/element-types
  5:32  error  No rule allowing this dependency was found. File is of type 'other'. Dependency is of type 'feature/admin'  boundaries/element-types

/Users/ryan/projects/metabase/frontend/src/metabase/home/components/EmbedHomepage/EmbedHomepageView.tsx
  4:37  error  No rule allowing this dependency was found. File is of type 'other'. Dependency is of type 'feature/admin'  boundaries/element-types

/Users/ryan/projects/metabase/frontend/src/metabase/home/components/EmbedHomepage/actions.ts
  1:31  error  No rule allowing this dependency was found. File is of type 'other'. Dependency is of type 'feature/admin'  boundaries/element-types

/Users/ryan/projects/metabase/frontend/src/metabase/lib/colors/palette.ts
  3:34  error  No rule allowing this dependency was found. File is of type 'basic/lib'. Dependency is of type 'shared/visualizations'  boundaries/element-types

/Users/ryan/projects/metabase/frontend/src/metabase/lib/formatting/column.ts
  1:36  error  No rule allowing this dependency was found. File is of type 'basic/lib'. Dependency is of type 'other'  boundaries/element-types

/Users/ryan/projects/metabase/frontend/src/metabase/lib/formatting/date.tsx
   5:16  error  No rule allowing this dependency was found. File is of type 'basic/lib'. Dependency is of type 'other'       boundaries/element-types
   6:35  error  No rule allowing this dependency was found. File is of type 'basic/lib'. Dependency is of type 'basic/mlv2'  boundaries/element-types
  10:32  error  No rule allowing this dependency was found. File is of type 'basic/lib'. Dependency is of type 'other'       boundaries/element-types

/Users/ryan/projects/metabase/frontend/src/metabase/lib/formatting/email.tsx
  1:26  error  No rule allowing this dependency was found. File is of type 'basic/lib'. Dependency is of type 'shared/common'  boundaries/element-types
  2:25  error  No rule allowing this dependency was found. File is of type 'basic/lib'. Dependency is of type 'other'          boundaries/element-types
  3:36  error  No rule allowing this dependency was found. File is of type 'basic/lib'. Dependency is of type 'basic/mlv2'     boundaries/element-types

/Users/ryan/projects/metabase/frontend/src/metabase/lib/formatting/geography.ts
  3:30  error  No rule allowing this dependency was found. File is of type 'basic/lib'. Dependency is of type 'shared/visualizations'  boundaries/element-types
  4:41  error  No rule allowing this dependency was found. File is of type 'basic/lib'. Dependency is of type 'basic/mlv2'             boundaries/element-types

/Users/ryan/projects/metabase/frontend/src/metabase/lib/formatting/link.ts
   1:39  error  No rule allowing this dependency was found. File is of type 'basic/lib'. Dependency is of type 'other'       boundaries/element-types
   6:8   error  No rule allowing this dependency was found. File is of type 'basic/lib'. Dependency is of type 'other'       boundaries/element-types
   7:24  error  No rule allowing this dependency was found. File is of type 'basic/lib'. Dependency is of type 'basic/mlv2'  boundaries/element-types
  11:36  error  No rule allowing this dependency was found. File is of type 'basic/lib'. Dependency is of type 'other'       boundaries/element-types

/Users/ryan/projects/metabase/frontend/src/metabase/lib/formatting/nullable.ts
  1:36  error  No rule allowing this dependency was found. File is of type 'basic/lib'. Dependency is of type 'other'  boundaries/element-types

/Users/ryan/projects/metabase/frontend/src/metabase/lib/formatting/time.ts
  5:43  error  No rule allowing this dependency was found. File is of type 'basic/lib'. Dependency is of type 'other'  boundaries/element-types

/Users/ryan/projects/metabase/frontend/src/metabase/lib/formatting/url.tsx
   3:37  error  No rule allowing this dependency was found. File is of type 'basic/lib'. Dependency is of type 'other'          boundaries/element-types
   4:26  error  No rule allowing this dependency was found. File is of type 'basic/lib'. Dependency is of type 'shared/common'  boundaries/element-types
   5:18  error  No rule allowing this dependency was found. File is of type 'basic/lib'. Dependency is of type 'shared/common'  boundaries/element-types
   6:16  error  No rule allowing this dependency was found. File is of type 'basic/lib'. Dependency is of type 'other'          boundaries/element-types
   7:32  error  No rule allowing this dependency was found. File is of type 'basic/lib'. Dependency is of type 'other'          boundaries/element-types
   8:39  error  No rule allowing this dependency was found. File is of type 'basic/lib'. Dependency is of type 'other'          boundaries/element-types
   9:36  error  No rule allowing this dependency was found. File is of type 'basic/lib'. Dependency is of type 'basic/mlv2'     boundaries/element-types
  10:23  error  No rule allowing this dependency was found. File is of type 'basic/lib'. Dependency is of type 'basic/mlv2'     boundaries/element-types

/Users/ryan/projects/metabase/frontend/src/metabase/lib/formatting/value.tsx
   6:26  error  No rule allowing this dependency was found. File is of type 'basic/lib'. Dependency is of type 'shared/common'  boundaries/element-types
   7:16  error  No rule allowing this dependency was found. File is of type 'basic/lib'. Dependency is of type 'other'          boundaries/element-types
   8:36  error  No rule allowing this dependency was found. File is of type 'basic/lib'. Dependency is of type 'other'          boundaries/element-types
  10:29  error  No rule allowing this dependency was found. File is of type 'basic/lib'. Dependency is of type 'other'          boundaries/element-types
  14:8   error  No rule allowing this dependency was found. File is of type 'basic/lib'. Dependency is of type 'basic/mlv2'     boundaries/element-types
  15:31  error  No rule allowing this dependency was found. File is of type 'basic/lib'. Dependency is of type 'basic/mlv2'     boundaries/element-types
  24:8   error  No rule allowing this dependency was found. File is of type 'basic/lib'. Dependency is of type 'basic/mlv2'     boundaries/element-types

/Users/ryan/projects/metabase/frontend/src/metabase/lib/notifications.ts
  5:40  error  No rule allowing this dependency was found. File is of type 'other'. Dependency is of type 'feature/admin'  boundaries/element-types

/Users/ryan/projects/metabase/frontend/src/metabase/lib/redux/utils.js
   6:23  error  No rule allowing this dependency was found. File is of type 'basic/lib'. Dependency is of type 'other'  boundaries/element-types
  13:8   error  No rule allowing this dependency was found. File is of type 'basic/lib'. Dependency is of type 'other'  boundaries/element-types

/Users/ryan/projects/metabase/frontend/src/metabase/lib/schema/schema.js
  1:33  error  No rule allowing this dependency was found. File is of type 'basic/lib'. Dependency is of type 'other'  boundaries/element-types

/Users/ryan/projects/metabase/frontend/src/metabase/lib/urls/browse.ts
  3:29  error  No rule allowing this dependency was found. File is of type 'basic/lib'. Dependency is of type 'basic/mlv2'  boundaries/element-types
  4:24  error  No rule allowing this dependency was found. File is of type 'basic/lib'. Dependency is of type 'basic/mlv2'  boundaries/element-types
  5:47  error  No rule allowing this dependency was found. File is of type 'basic/lib'. Dependency is of type 'basic/mlv2'  boundaries/element-types

/Users/ryan/projects/metabase/frontend/src/metabase/lib/urls/collections.ts
  6:8  error  No rule allowing this dependency was found. File is of type 'basic/lib'. Dependency is of type 'other'  boundaries/element-types

/Users/ryan/projects/metabase/frontend/src/metabase/lib/urls/dashboards.ts
  3:38  error  No rule allowing this dependency was found. File is of type 'basic/lib'. Dependency is of type 'other'  boundaries/element-types
  4:30  error  No rule allowing this dependency was found. File is of type 'basic/lib'. Dependency is of type 'other'  boundaries/element-types

/Users/ryan/projects/metabase/frontend/src/metabase/lib/urls/documents.ts
  1:30  error  No rule allowing this dependency was found. File is of type 'basic/lib'. Dependency is of type 'other'  boundaries/element-types

/Users/ryan/projects/metabase/frontend/src/metabase/lib/urls/misc.ts
  4:8  error  No rule allowing this dependency was found. File is of type 'basic/lib'. Dependency is of type 'shared/common'  boundaries/element-types

/Users/ryan/projects/metabase/frontend/src/metabase/lib/urls/questions.ts
  3:37  error  No rule allowing this dependency was found. File is of type 'basic/lib'. Dependency is of type 'other'       boundaries/element-types
  4:30  error  No rule allowing this dependency was found. File is of type 'basic/lib'. Dependency is of type 'other'       boundaries/element-types
  5:42  error  No rule allowing this dependency was found. File is of type 'basic/lib'. Dependency is of type 'basic/mlv2'  boundaries/element-types
  6:22  error  No rule allowing this dependency was found. File is of type 'basic/lib'. Dependency is of type 'basic/mlv2'  boundaries/element-types
  7:26  error  No rule allowing this dependency was found. File is of type 'basic/lib'. Dependency is of type 'basic/mlv2'  boundaries/element-types

/Users/ryan/projects/metabase/frontend/src/metabase/lib/urls/utils.ts
  1:17  error  No rule allowing this dependency was found. File is of type 'basic/lib'. Dependency is of type 'other'  boundaries/element-types

/Users/ryan/projects/metabase/frontend/src/metabase/list-view/components/ListView/ListViewConfiguration.tsx
  19:34  error  No rule allowing this dependency was found. File is of type 'other'. Dependency is of type 'feature/query_builder'  boundaries/element-types

/Users/ryan/projects/metabase/frontend/src/metabase/list-view/components/ListViz/ListViz.tsx
  8:32  error  No rule allowing this dependency was found. File is of type 'other'. Dependency is of type 'feature/query_builder'  boundaries/element-types

/Users/ryan/projects/metabase/frontend/src/metabase/metadata/pages/shared/FieldSection/BehaviorSection/RemappingPicker/RemappingPicker.tsx
  17:35  error  No rule allowing this dependency was found. File is of type 'other'. Dependency is of type 'feature/query_builder'  boundaries/element-types

/Users/ryan/projects/metabase/frontend/src/metabase/nav/components/ProfileLink/ProfileLink.tsx
  6:31  error  No rule allowing this dependency was found. File is of type 'other'. Dependency is of type 'feature/admin'  boundaries/element-types

/Users/ryan/projects/metabase/frontend/src/metabase/nav/components/WhatsNewNotification/WhatsNewNotification.tsx
  4:31  error  No rule allowing this dependency was found. File is of type 'other'. Dependency is of type 'feature/admin'  boundaries/element-types

/Users/ryan/projects/metabase/frontend/src/metabase/nav/components/search/SearchBar/SearchBar.tsx
  21:27  error  No rule allowing this dependency was found. File is of type 'other'. Dependency is of type 'feature/query_builder'  boundaries/element-types

/Users/ryan/projects/metabase/frontend/src/metabase/nav/containers/MainNavbar/MainNavbarContainer/AddDataModal/Panels/CSVPanel.tsx
  3:31  error  No rule allowing this dependency was found. File is of type 'other'. Dependency is of type 'feature/admin'  boundaries/element-types

/Users/ryan/projects/metabase/frontend/src/metabase/nav/containers/Navbar.tsx
  6:31  error  No rule allowing this dependency was found. File is of type 'other'. Dependency is of type 'feature/admin'  boundaries/element-types

/Users/ryan/projects/metabase/frontend/src/metabase/new/components/NewModals/NewModals.tsx
  10:38  error  No rule allowing this dependency was found. File is of type 'other'. Dependency is of type 'feature/dashboard'  boundaries/element-types

/Users/ryan/projects/metabase/frontend/src/metabase/notifications/AddEditSidebar/AddEditEmailSidebar.tsx
  11:25  error  No rule allowing this dependency was found. File is of type 'other'. Dependency is of type 'feature/dashboard'  boundaries/element-types

/Users/ryan/projects/metabase/frontend/src/metabase/notifications/AddEditSidebar/AddEditSlackSidebar.tsx
  11:25  error  No rule allowing this dependency was found. File is of type 'other'. Dependency is of type 'feature/dashboard'  boundaries/element-types

/Users/ryan/projects/metabase/frontend/src/metabase/notifications/DashboardSubscriptionsSidebar/DashboardSubscriptionsSidebar.jsx
  8:25  error  No rule allowing this dependency was found. File is of type 'other'. Dependency is of type 'feature/dashboard'  boundaries/element-types
  9:37  error  No rule allowing this dependency was found. File is of type 'other'. Dependency is of type 'feature/dashboard'  boundaries/element-types

/Users/ryan/projects/metabase/frontend/src/metabase/notifications/NewPulseSidebar.tsx
  4:25  error  No rule allowing this dependency was found. File is of type 'other'. Dependency is of type 'feature/dashboard'  boundaries/element-types

/Users/ryan/projects/metabase/frontend/src/metabase/notifications/PulsesListSidebar.jsx
  11:25  error  No rule allowing this dependency was found. File is of type 'other'. Dependency is of type 'feature/dashboard'  boundaries/element-types

/Users/ryan/projects/metabase/frontend/src/metabase/notifications/modals/CreateOrEditQuestionAlertModal/CreateOrEditQuestionAlertModal.tsx
  25:27  error  No rule allowing this dependency was found. File is of type 'other'. Dependency is of type 'feature/query_builder'  boundaries/element-types

/Users/ryan/projects/metabase/frontend/src/metabase/notifications/modals/CreateOrEditQuestionAlertModal/components/NotificationSchedule/NotificationSchedule.tsx
  8:8  error  No rule allowing this dependency was found. File is of type 'other'. Dependency is of type 'feature/admin'  boundaries/element-types

/Users/ryan/projects/metabase/frontend/src/metabase/palette/components/test/PaletteResults/setup.tsx
  14:31  error  No rule allowing this dependency was found. File is of type 'other'. Dependency is of type 'feature/admin'  boundaries/element-types

/Users/ryan/projects/metabase/frontend/src/metabase/palette/hooks/useCommandPalette.tsx
  7:31  error  No rule allowing this dependency was found. File is of type 'other'. Dependency is of type 'feature/admin'  boundaries/element-types
  8:42  error  No rule allowing this dependency was found. File is of type 'other'. Dependency is of type 'feature/admin'  boundaries/element-types

/Users/ryan/projects/metabase/frontend/src/metabase/parameters/components/FilterApplyToast/FilterApplyToast.tsx
  5:43  error  No rule allowing this dependency was found. File is of type 'other'. Dependency is of type 'feature/dashboard'  boundaries/element-types
  6:36  error  No rule allowing this dependency was found. File is of type 'other'. Dependency is of type 'feature/dashboard'  boundaries/element-types
  7:37  error  No rule allowing this dependency was found. File is of type 'other'. Dependency is of type 'feature/dashboard'  boundaries/element-types

/Users/ryan/projects/metabase/frontend/src/metabase/parameters/components/ParameterLinkedFilters/ParameterLinkedFilters.tsx
  12:41  error  No rule allowing this dependency was found. File is of type 'other'. Dependency is of type 'feature/dashboard'  boundaries/element-types

/Users/ryan/projects/metabase/frontend/src/metabase/parameters/components/ParameterSettings/MoveParameterMenu/MoveParameterMenu.tsx
  7:31  error  No rule allowing this dependency was found. File is of type 'other'. Dependency is of type 'feature/dashboard'  boundaries/element-types

/Users/ryan/projects/metabase/frontend/src/metabase/parameters/components/ParameterSettings/ParameterSettings.tsx
  10:39  error  No rule allowing this dependency was found. File is of type 'other'. Dependency is of type 'feature/dashboard'  boundaries/element-types

/Users/ryan/projects/metabase/frontend/src/metabase/parameters/components/ParameterSidebar/ParameterSidebar.tsx
  5:25  error  No rule allowing this dependency was found. File is of type 'other'. Dependency is of type 'feature/dashboard'  boundaries/element-types
  6:37  error  No rule allowing this dependency was found. File is of type 'other'. Dependency is of type 'feature/dashboard'  boundaries/element-types

/Users/ryan/projects/metabase/frontend/src/metabase/parameters/components/ParameterWidget/ParameterWidget.tsx
  14:50  error  No rule allowing this dependency was found. File is of type 'other'. Dependency is of type 'feature/dashboard'  boundaries/element-types

/Users/ryan/projects/metabase/frontend/src/metabase/parameters/components/ParametersList/types.ts
  4:8  error  No rule allowing this dependency was found. File is of type 'other'. Dependency is of type 'feature/dashboard'  boundaries/element-types

/Users/ryan/projects/metabase/frontend/src/metabase/parameters/reducers.ts
   7:8  error  No rule allowing this dependency was found. File is of type 'other'. Dependency is of type 'feature/dashboard'      boundaries/element-types
  12:8  error  No rule allowing this dependency was found. File is of type 'other'. Dependency is of type 'feature/query_builder'  boundaries/element-types

/Users/ryan/projects/metabase/frontend/src/metabase/plugins/oss/caching.ts
  6:8   error  No rule allowing this dependency was found. File is of type 'other'. Dependency is of type 'feature/admin'  boundaries/element-types
  7:46  error  No rule allowing this dependency was found. File is of type 'other'. Dependency is of type 'feature/admin'  boundaries/element-types

/Users/ryan/projects/metabase/frontend/src/metabase/plugins/oss/collections.ts
  5:52  error  No rule allowing this dependency was found. File is of type 'other'. Dependency is of type 'feature/admin'  boundaries/element-types

/Users/ryan/projects/metabase/frontend/src/metabase/plugins/oss/dashcard-menu.ts
  1:39  error  No rule allowing this dependency was found. File is of type 'other'. Dependency is of type 'feature/dashboard'  boundaries/element-types

/Users/ryan/projects/metabase/frontend/src/metabase/plugins/oss/permissions.ts
  9:8  error  No rule allowing this dependency was found. File is of type 'other'. Dependency is of type 'feature/admin'  boundaries/element-types

/Users/ryan/projects/metabase/frontend/src/metabase/public/components/EmbedFrame/EmbedFrame.styled.tsx
  7:37  error  No rule allowing this dependency was found. File is of type 'other'. Dependency is of type 'feature/dashboard'  boundaries/element-types

/Users/ryan/projects/metabase/frontend/src/metabase/public/components/EmbedFrame/EmbedFrame.tsx
   9:24  error  No rule allowing this dependency was found. File is of type 'other'. Dependency is of type 'feature/dashboard'      boundaries/element-types
  10:37  error  No rule allowing this dependency was found. File is of type 'other'. Dependency is of type 'feature/dashboard'      boundaries/element-types
  11:35  error  No rule allowing this dependency was found. File is of type 'other'. Dependency is of type 'feature/dashboard'      boundaries/element-types
  16:43  error  No rule allowing this dependency was found. File is of type 'other'. Dependency is of type 'feature/dashboard'      boundaries/element-types
  24:38  error  No rule allowing this dependency was found. File is of type 'other'. Dependency is of type 'feature/query_builder'  boundaries/element-types
  25:38  error  No rule allowing this dependency was found. File is of type 'other'. Dependency is of type 'feature/query_builder'  boundaries/element-types
  39:46  error  No rule allowing this dependency was found. File is of type 'other'. Dependency is of type 'feature/dashboard'      boundaries/element-types

/Users/ryan/projects/metabase/frontend/src/metabase/public/components/EmbedModal/SelectEmbedTypePane/SelectEmbedTypePane.tsx
   9:8   error  No rule allowing this dependency was found. File is of type 'other'. Dependency is of type 'feature/admin'  boundaries/element-types
  10:27  error  No rule allowing this dependency was found. File is of type 'other'. Dependency is of type 'feature/admin'  boundaries/element-types

/Users/ryan/projects/metabase/frontend/src/metabase/public/components/EmbedModal/StaticEmbedSetupPane/LookAndFeelSettings.tsx
  4:38  error  No rule allowing this dependency was found. File is of type 'other'. Dependency is of type 'feature/admin'  boundaries/element-types

/Users/ryan/projects/metabase/frontend/src/metabase/public/components/widgets/LegaleseStep/LegaleseStep.tsx
  3:31  error  No rule allowing this dependency was found. File is of type 'other'. Dependency is of type 'feature/admin'  boundaries/element-types

/Users/ryan/projects/metabase/frontend/src/metabase/public/containers/PublicOrEmbeddedDashboard/PublicOrEmbeddedDashboard.tsx
  1:46  error  No rule allowing this dependency was found. File is of type 'other'. Dependency is of type 'feature/dashboard'  boundaries/element-types
  2:43  error  No rule allowing this dependency was found. File is of type 'other'. Dependency is of type 'feature/dashboard'  boundaries/element-types
  3:34  error  No rule allowing this dependency was found. File is of type 'other'. Dependency is of type 'feature/dashboard'  boundaries/element-types
  7:8   error  No rule allowing this dependency was found. File is of type 'other'. Dependency is of type 'feature/dashboard'  boundaries/element-types

/Users/ryan/projects/metabase/frontend/src/metabase/public/containers/PublicOrEmbeddedDashboard/PublicOrEmbeddedDashboardPage/PublicOrEmbeddedDashboardPage.tsx
  3:46  error  No rule allowing this dependency was found. File is of type 'other'. Dependency is of type 'feature/dashboard'  boundaries/element-types
  4:43  error  No rule allowing this dependency was found. File is of type 'other'. Dependency is of type 'feature/dashboard'  boundaries/element-types
  5:42  error  No rule allowing this dependency was found. File is of type 'other'. Dependency is of type 'feature/dashboard'  boundaries/element-types
  6:42  error  No rule allowing this dependency was found. File is of type 'other'. Dependency is of type 'feature/dashboard'  boundaries/element-types
  7:38  error  No rule allowing this dependency was found. File is of type 'other'. Dependency is of type 'feature/dashboard'  boundaries/element-types

/Users/ryan/projects/metabase/frontend/src/metabase/public/containers/PublicOrEmbeddedDashboard/PublicOrEmbeddedDashboardView-filters.stories.tsx
  12:43  error  No rule allowing this dependency was found. File is of type 'other'. Dependency is of type 'feature/dashboard'  boundaries/element-types

/Users/ryan/projects/metabase/frontend/src/metabase/public/containers/PublicOrEmbeddedDashboard/PublicOrEmbeddedDashboardView.stories.tsx
  13:43  error  No rule allowing this dependency was found. File is of type 'other'. Dependency is of type 'feature/dashboard'  boundaries/element-types

/Users/ryan/projects/metabase/frontend/src/metabase/public/containers/PublicOrEmbeddedDashboard/PublicOrEmbeddedDashboardView.tsx
  6:27  error  No rule allowing this dependency was found. File is of type 'other'. Dependency is of type 'feature/dashboard'  boundaries/element-types
  7:42  error  No rule allowing this dependency was found. File is of type 'other'. Dependency is of type 'feature/dashboard'  boundaries/element-types
  8:37  error  No rule allowing this dependency was found. File is of type 'other'. Dependency is of type 'feature/dashboard'  boundaries/element-types

/Users/ryan/projects/metabase/frontend/src/metabase/public/containers/PublicOrEmbeddedDashboard/mock-context.tsx
   8:8  error  No rule allowing this dependency was found. File is of type 'other'. Dependency is of type 'feature/dashboard'  boundaries/element-types
  12:8  error  No rule allowing this dependency was found. File is of type 'other'. Dependency is of type 'feature/dashboard'  boundaries/element-types

/Users/ryan/projects/metabase/frontend/src/metabase/public/containers/PublicOrEmbeddedQuestion/PublicOrEmbeddedQuestionView.tsx
  13:57  error  No rule allowing this dependency was found. File is of type 'other'. Dependency is of type 'feature/query_builder'  boundaries/element-types

/Users/ryan/projects/metabase/frontend/src/metabase/query_builder/actions/core/card.ts
  1:23  error  No rule allowing this dependency was found. File is of type 'feature/query_builder'. Dependency is of type 'other'  boundaries/element-types

/Users/ryan/projects/metabase/frontend/src/metabase/query_builder/actions/core/core.ts
   4:62  error  No rule allowing this dependency was found. File is of type 'feature/query_builder'. Dependency is of type 'other'  boundaries/element-types
   5:23  error  No rule allowing this dependency was found. File is of type 'feature/query_builder'. Dependency is of type 'other'  boundaries/element-types
   6:36  error  No rule allowing this dependency was found. File is of type 'feature/query_builder'. Dependency is of type 'other'  boundaries/element-types
   7:23  error  No rule allowing this dependency was found. File is of type 'feature/query_builder'. Dependency is of type 'other'  boundaries/element-types
   8:41  error  No rule allowing this dependency was found. File is of type 'feature/query_builder'. Dependency is of type 'other'  boundaries/element-types
   9:39  error  No rule allowing this dependency was found. File is of type 'feature/query_builder'. Dependency is of type 'other'  boundaries/element-types
  11:27  error  No rule allowing this dependency was found. File is of type 'feature/query_builder'. Dependency is of type 'other'  boundaries/element-types
  13:22  error  No rule allowing this dependency was found. File is of type 'feature/query_builder'. Dependency is of type 'other'  boundaries/element-types
  14:37  error  No rule allowing this dependency was found. File is of type 'feature/query_builder'. Dependency is of type 'other'  boundaries/element-types
  15:25  error  No rule allowing this dependency was found. File is of type 'feature/query_builder'. Dependency is of type 'other'  boundaries/element-types
  16:29  error  No rule allowing this dependency was found. File is of type 'feature/query_builder'. Dependency is of type 'other'  boundaries/element-types
  18:22  error  No rule allowing this dependency was found. File is of type 'feature/query_builder'. Dependency is of type 'other'  boundaries/element-types
  36:39  error  No rule allowing this dependency was found. File is of type 'feature/query_builder'. Dependency is of type 'other'  boundaries/element-types
  46:8   error  No rule allowing this dependency was found. File is of type 'feature/query_builder'. Dependency is of type 'other'  boundaries/element-types

/Users/ryan/projects/metabase/frontend/src/metabase/query_builder/actions/core/initializeQB.ts
   5:29  error  No rule allowing this dependency was found. File is of type 'feature/query_builder'. Dependency is of type 'other'  boundaries/element-types
   6:23  error  No rule allowing this dependency was found. File is of type 'feature/query_builder'. Dependency is of type 'other'  boundaries/element-types
   7:22  error  No rule allowing this dependency was found. File is of type 'feature/query_builder'. Dependency is of type 'other'  boundaries/element-types
   8:40  error  No rule allowing this dependency was found. File is of type 'feature/query_builder'. Dependency is of type 'other'  boundaries/element-types
   9:27  error  No rule allowing this dependency was found. File is of type 'feature/query_builder'. Dependency is of type 'other'  boundaries/element-types
  15:8   error  No rule allowing this dependency was found. File is of type 'feature/query_builder'. Dependency is of type 'other'  boundaries/element-types
  16:37  error  No rule allowing this dependency was found. File is of type 'feature/query_builder'. Dependency is of type 'other'  boundaries/element-types
  17:30  error  No rule allowing this dependency was found. File is of type 'feature/query_builder'. Dependency is of type 'other'  boundaries/element-types
  18:34  error  No rule allowing this dependency was found. File is of type 'feature/query_builder'. Dependency is of type 'other'  boundaries/element-types
  19:29  error  No rule allowing this dependency was found. File is of type 'feature/query_builder'. Dependency is of type 'other'  boundaries/element-types
  20:25  error  No rule allowing this dependency was found. File is of type 'feature/query_builder'. Dependency is of type 'other'  boundaries/element-types
  21:22  error  No rule allowing this dependency was found. File is of type 'feature/query_builder'. Dependency is of type 'other'  boundaries/element-types
  36:49  error  No rule allowing this dependency was found. File is of type 'feature/query_builder'. Dependency is of type 'other'  boundaries/element-types

/Users/ryan/projects/metabase/frontend/src/metabase/query_builder/actions/core/parameterUtils.ts
  1:39  error  No rule allowing this dependency was found. File is of type 'feature/query_builder'. Dependency is of type 'other'  boundaries/element-types
  2:30  error  No rule allowing this dependency was found. File is of type 'feature/query_builder'. Dependency is of type 'other'  boundaries/element-types
  3:30  error  No rule allowing this dependency was found. File is of type 'feature/query_builder'. Dependency is of type 'other'  boundaries/element-types

/Users/ryan/projects/metabase/frontend/src/metabase/query_builder/actions/core/pivot-table.ts
  4:22  error  No rule allowing this dependency was found. File is of type 'feature/query_builder'. Dependency is of type 'other'  boundaries/element-types

/Users/ryan/projects/metabase/frontend/src/metabase/query_builder/actions/core/updateQuestion.ts
   4:37  error  No rule allowing this dependency was found. File is of type 'feature/query_builder'. Dependency is of type 'other'  boundaries/element-types
   5:22  error  No rule allowing this dependency was found. File is of type 'feature/query_builder'. Dependency is of type 'other'  boundaries/element-types
  20:8   error  No rule allowing this dependency was found. File is of type 'feature/query_builder'. Dependency is of type 'other'  boundaries/element-types

/Users/ryan/projects/metabase/frontend/src/metabase/query_builder/actions/core/utils.ts
  5:22  error  No rule allowing this dependency was found. File is of type 'feature/query_builder'. Dependency is of type 'other'  boundaries/element-types

/Users/ryan/projects/metabase/frontend/src/metabase/query_builder/actions/modal.ts
  2:30  error  No rule allowing this dependency was found. File is of type 'feature/query_builder'. Dependency is of type 'other'  boundaries/element-types
  3:25  error  No rule allowing this dependency was found. File is of type 'feature/query_builder'. Dependency is of type 'other'  boundaries/element-types

/Users/ryan/projects/metabase/frontend/src/metabase/query_builder/actions/models.ts
   5:25  error  No rule allowing this dependency was found. File is of type 'feature/query_builder'. Dependency is of type 'other'  boundaries/element-types
  12:29  error  No rule allowing this dependency was found. File is of type 'feature/query_builder'. Dependency is of type 'other'  boundaries/element-types

/Users/ryan/projects/metabase/frontend/src/metabase/query_builder/actions/native.ts
   3:23  error  No rule allowing this dependency was found. File is of type 'feature/query_builder'. Dependency is of type 'other'  boundaries/element-types
   5:35  error  No rule allowing this dependency was found. File is of type 'feature/query_builder'. Dependency is of type 'other'  boundaries/element-types
   6:29  error  No rule allowing this dependency was found. File is of type 'feature/query_builder'. Dependency is of type 'other'  boundaries/element-types
  23:8   error  No rule allowing this dependency was found. File is of type 'feature/query_builder'. Dependency is of type 'other'  boundaries/element-types

/Users/ryan/projects/metabase/frontend/src/metabase/query_builder/actions/navigation.ts
   4:24  error  No rule allowing this dependency was found. File is of type 'feature/query_builder'. Dependency is of type 'other'  boundaries/element-types
   5:29  error  No rule allowing this dependency was found. File is of type 'feature/query_builder'. Dependency is of type 'other'  boundaries/element-types
  13:8   error  No rule allowing this dependency was found. File is of type 'feature/query_builder'. Dependency is of type 'other'  boundaries/element-types
  14:49  error  No rule allowing this dependency was found. File is of type 'feature/query_builder'. Dependency is of type 'other'  boundaries/element-types

/Users/ryan/projects/metabase/frontend/src/metabase/query_builder/actions/object-detail.ts
   4:29  error  No rule allowing this dependency was found. File is of type 'feature/query_builder'. Dependency is of type 'other'  boundaries/element-types
   5:29  error  No rule allowing this dependency was found. File is of type 'feature/query_builder'. Dependency is of type 'other'  boundaries/element-types
   7:22  error  No rule allowing this dependency was found. File is of type 'feature/query_builder'. Dependency is of type 'other'  boundaries/element-types
  22:8   error  No rule allowing this dependency was found. File is of type 'feature/query_builder'. Dependency is of type 'other'  boundaries/element-types

/Users/ryan/projects/metabase/frontend/src/metabase/query_builder/actions/query-updates.ts
  1:28  error  No rule allowing this dependency was found. File is of type 'feature/query_builder'. Dependency is of type 'other'  boundaries/element-types
  2:22  error  No rule allowing this dependency was found. File is of type 'feature/query_builder'. Dependency is of type 'other'  boundaries/element-types
  5:29  error  No rule allowing this dependency was found. File is of type 'feature/query_builder'. Dependency is of type 'other'  boundaries/element-types

/Users/ryan/projects/metabase/frontend/src/metabase/query_builder/actions/querying.ts
   4:23  error  No rule allowing this dependency was found. File is of type 'feature/query_builder'. Dependency is of type 'other'  boundaries/element-types
   7:54  error  No rule allowing this dependency was found. File is of type 'feature/query_builder'. Dependency is of type 'other'  boundaries/element-types
   8:57  error  No rule allowing this dependency was found. File is of type 'feature/query_builder'. Dependency is of type 'other'  boundaries/element-types
   9:37  error  No rule allowing this dependency was found. File is of type 'feature/query_builder'. Dependency is of type 'other'  boundaries/element-types
  10:22  error  No rule allowing this dependency was found. File is of type 'feature/query_builder'. Dependency is of type 'other'  boundaries/element-types
  27:8   error  No rule allowing this dependency was found. File is of type 'feature/query_builder'. Dependency is of type 'other'  boundaries/element-types

/Users/ryan/projects/metabase/frontend/src/metabase/query_builder/actions/timelines.ts
  6:37  error  No rule allowing this dependency was found. File is of type 'feature/query_builder'. Dependency is of type 'other'  boundaries/element-types

/Users/ryan/projects/metabase/frontend/src/metabase/query_builder/actions/ui.ts
   3:31  error  No rule allowing this dependency was found. File is of type 'feature/query_builder'. Dependency is of type 'feature/admin'  boundaries/element-types
   4:33  error  No rule allowing this dependency was found. File is of type 'feature/query_builder'. Dependency is of type 'other'          boundaries/element-types
   5:35  error  No rule allowing this dependency was found. File is of type 'feature/query_builder'. Dependency is of type 'other'          boundaries/element-types
  14:50  error  No rule allowing this dependency was found. File is of type 'feature/query_builder'. Dependency is of type 'other'          boundaries/element-types

/Users/ryan/projects/metabase/frontend/src/metabase/query_builder/actions/url.ts
   5:29  error  No rule allowing this dependency was found. File is of type 'feature/query_builder'. Dependency is of type 'other'  boundaries/element-types
   7:22  error  No rule allowing this dependency was found. File is of type 'feature/query_builder'. Dependency is of type 'other'  boundaries/element-types
  18:8   error  No rule allowing this dependency was found. File is of type 'feature/query_builder'. Dependency is of type 'other'  boundaries/element-types
  19:49  error  No rule allowing this dependency was found. File is of type 'feature/query_builder'. Dependency is of type 'other'  boundaries/element-types

/Users/ryan/projects/metabase/frontend/src/metabase/query_builder/actions/visualization-settings.ts
   1:22  error  No rule allowing this dependency was found. File is of type 'feature/query_builder'. Dependency is of type 'other'  boundaries/element-types
  11:8   error  No rule allowing this dependency was found. File is of type 'feature/query_builder'. Dependency is of type 'other'  boundaries/element-types

/Users/ryan/projects/metabase/frontend/src/metabase/query_builder/actions/zoom.ts
  4:34  error  No rule allowing this dependency was found. File is of type 'feature/query_builder'. Dependency is of type 'other'  boundaries/element-types

/Users/ryan/projects/metabase/frontend/src/metabase/query_builder/components/AddToDashSelectDashModal/AddToDashSelectDashModal.tsx
  6:33  error  No rule allowing this dependency was found. File is of type 'feature/query_builder'. Dependency is of type 'other'  boundaries/element-types
  9:45  error  No rule allowing this dependency was found. File is of type 'feature/query_builder'. Dependency is of type 'other'  boundaries/element-types

/Users/ryan/projects/metabase/frontend/src/metabase/query_builder/components/AddToDashSelectDashModal/hooks.ts
  3:29  error  No rule allowing this dependency was found. File is of type 'feature/query_builder'. Dependency is of type 'other'  boundaries/element-types

/Users/ryan/projects/metabase/frontend/src/metabase/query_builder/components/AddToDashSelectDashModal/utils.ts
  4:8   error  No rule allowing this dependency was found. File is of type 'feature/query_builder'. Dependency is of type 'other'  boundaries/element-types
  6:33  error  No rule allowing this dependency was found. File is of type 'feature/query_builder'. Dependency is of type 'other'  boundaries/element-types

/Users/ryan/projects/metabase/frontend/src/metabase/query_builder/components/DataSelector/DataSelector.jsx
  10:16  error  No rule allowing this dependency was found. File is of type 'feature/query_builder'. Dependency is of type 'other'  boundaries/element-types
  11:23  error  No rule allowing this dependency was found. File is of type 'feature/query_builder'. Dependency is of type 'other'  boundaries/element-types
  12:23  error  No rule allowing this dependency was found. File is of type 'feature/query_builder'. Dependency is of type 'other'  boundaries/element-types
  13:21  error  No rule allowing this dependency was found. File is of type 'feature/query_builder'. Dependency is of type 'other'  boundaries/element-types
  14:20  error  No rule allowing this dependency was found. File is of type 'feature/query_builder'. Dependency is of type 'other'  boundaries/element-types
  15:20  error  No rule allowing this dependency was found. File is of type 'feature/query_builder'. Dependency is of type 'other'  boundaries/element-types
  17:34  error  No rule allowing this dependency was found. File is of type 'feature/query_builder'. Dependency is of type 'other'  boundaries/element-types
  18:29  error  No rule allowing this dependency was found. File is of type 'feature/query_builder'. Dependency is of type 'other'  boundaries/element-types
  19:28  error  No rule allowing this dependency was found. File is of type 'feature/query_builder'. Dependency is of type 'other'  boundaries/element-types
  20:30  error  No rule allowing this dependency was found. File is of type 'feature/query_builder'. Dependency is of type 'other'  boundaries/element-types

/Users/ryan/projects/metabase/frontend/src/metabase/query_builder/components/DataSelector/DataSelectorDataBucketPicker/DataSelectorDataBucketPicker.tsx
  2:33  error  No rule allowing this dependency was found. File is of type 'feature/query_builder'. Dependency is of type 'other'  boundaries/element-types

/Users/ryan/projects/metabase/frontend/src/metabase/query_builder/components/DataSelector/DataSelectorDatabasePicker/DataSelectorDatabasePicker.tsx
  8:16  error  No rule allowing this dependency was found. File is of type 'feature/query_builder'. Dependency is of type 'other'  boundaries/element-types
  9:22  error  No rule allowing this dependency was found. File is of type 'feature/query_builder'. Dependency is of type 'other'  boundaries/element-types

/Users/ryan/projects/metabase/frontend/src/metabase/query_builder/components/DataSelector/DataSelectorDatabaseSchemaPicker/DataSelectorDatabaseSchemaPicker.tsx
   8:16  error  No rule allowing this dependency was found. File is of type 'feature/query_builder'. Dependency is of type 'other'  boundaries/element-types
   9:33  error  No rule allowing this dependency was found. File is of type 'feature/query_builder'. Dependency is of type 'other'  boundaries/element-types
  10:22  error  No rule allowing this dependency was found. File is of type 'feature/query_builder'. Dependency is of type 'other'  boundaries/element-types

/Users/ryan/projects/metabase/frontend/src/metabase/query_builder/components/DataSelector/DataSelectorFieldPicker/DataSelectorFieldPicker.tsx
   9:16  error  No rule allowing this dependency was found. File is of type 'feature/query_builder'. Dependency is of type 'other'  boundaries/element-types
  10:31  error  No rule allowing this dependency was found. File is of type 'feature/query_builder'. Dependency is of type 'other'  boundaries/element-types
  11:39  error  No rule allowing this dependency was found. File is of type 'feature/query_builder'. Dependency is of type 'other'  boundaries/element-types

/Users/ryan/projects/metabase/frontend/src/metabase/query_builder/components/DataSelector/DataSelectorLoading/DataSelectorLoading.tsx
  2:21  error  No rule allowing this dependency was found. File is of type 'feature/query_builder'. Dependency is of type 'other'  boundaries/element-types

/Users/ryan/projects/metabase/frontend/src/metabase/query_builder/components/DataSelector/DataSelectorSchemaPicker/DataSelectorSchemaPicker.tsx
  2:16  error  No rule allowing this dependency was found. File is of type 'feature/query_builder'. Dependency is of type 'other'  boundaries/element-types
  3:27  error  No rule allowing this dependency was found. File is of type 'feature/query_builder'. Dependency is of type 'other'  boundaries/element-types

/Users/ryan/projects/metabase/frontend/src/metabase/query_builder/components/DataSelector/DataSelectorSectionHeader/DataSelectorSectionHeader.tsx
  3:27  error  No rule allowing this dependency was found. File is of type 'feature/query_builder'. Dependency is of type 'other'  boundaries/element-types

/Users/ryan/projects/metabase/frontend/src/metabase/query_builder/components/DataSelector/DataSelectorTablePicker/DataSelectorTablePicker.tsx
  15:16  error  No rule allowing this dependency was found. File is of type 'feature/query_builder'. Dependency is of type 'other'  boundaries/element-types
  16:33  error  No rule allowing this dependency was found. File is of type 'feature/query_builder'. Dependency is of type 'other'  boundaries/element-types
  17:27  error  No rule allowing this dependency was found. File is of type 'feature/query_builder'. Dependency is of type 'other'  boundaries/element-types
  18:50  error  No rule allowing this dependency was found. File is of type 'feature/query_builder'. Dependency is of type 'other'  boundaries/element-types

/Users/ryan/projects/metabase/frontend/src/metabase/query_builder/components/DataSelector/RawDataBackButton.tsx
  3:16  error  No rule allowing this dependency was found. File is of type 'feature/query_builder'. Dependency is of type 'other'  boundaries/element-types
  4:33  error  No rule allowing this dependency was found. File is of type 'feature/query_builder'. Dependency is of type 'other'  boundaries/element-types

/Users/ryan/projects/metabase/frontend/src/metabase/query_builder/components/DataSelector/TriggerComponents.tsx
  6:16  error  No rule allowing this dependency was found. File is of type 'feature/query_builder'. Dependency is of type 'other'  boundaries/element-types
  7:39  error  No rule allowing this dependency was found. File is of type 'feature/query_builder'. Dependency is of type 'other'  boundaries/element-types

/Users/ryan/projects/metabase/frontend/src/metabase/query_builder/components/DataSelector/saved-entity-picker/SavedEntityList.tsx
   4:56  error  No rule allowing this dependency was found. File is of type 'feature/query_builder'. Dependency is of type 'other'  boundaries/element-types
   8:38  error  No rule allowing this dependency was found. File is of type 'feature/query_builder'. Dependency is of type 'other'  boundaries/element-types
   9:35  error  No rule allowing this dependency was found. File is of type 'feature/query_builder'. Dependency is of type 'other'  boundaries/element-types
  10:21  error  No rule allowing this dependency was found. File is of type 'feature/query_builder'. Dependency is of type 'other'  boundaries/element-types

/Users/ryan/projects/metabase/frontend/src/metabase/query_builder/components/DataSelector/saved-entity-picker/SavedEntityPicker.jsx
   9:8   error  No rule allowing this dependency was found. File is of type 'feature/query_builder'. Dependency is of type 'other'  boundaries/element-types
  12:16  error  No rule allowing this dependency was found. File is of type 'feature/query_builder'. Dependency is of type 'other'  boundaries/element-types
  16:8   error  No rule allowing this dependency was found. File is of type 'feature/query_builder'. Dependency is of type 'other'  boundaries/element-types
  18:27  error  No rule allowing this dependency was found. File is of type 'feature/query_builder'. Dependency is of type 'other'  boundaries/element-types

/Users/ryan/projects/metabase/frontend/src/metabase/query_builder/components/DataSelector/types.ts
  1:31  error  No rule allowing this dependency was found. File is of type 'feature/query_builder'. Dependency is of type 'other'  boundaries/element-types

/Users/ryan/projects/metabase/frontend/src/metabase/query_builder/components/DatasetEditor/DatasetEditorInner.tsx
  16:42  error  No rule allowing this dependency was found. File is of type 'feature/query_builder'. Dependency is of type 'other'  boundaries/element-types
  24:22  error  No rule allowing this dependency was found. File is of type 'feature/query_builder'. Dependency is of type 'other'  boundaries/element-types
  25:16  error  No rule allowing this dependency was found. File is of type 'feature/query_builder'. Dependency is of type 'other'  boundaries/element-types
  27:37  error  No rule allowing this dependency was found. File is of type 'feature/query_builder'. Dependency is of type 'other'  boundaries/element-types
  28:37  error  No rule allowing this dependency was found. File is of type 'feature/query_builder'. Dependency is of type 'other'  boundaries/element-types
  40:29  error  No rule allowing this dependency was found. File is of type 'feature/query_builder'. Dependency is of type 'other'  boundaries/element-types
  49:8   error  No rule allowing this dependency was found. File is of type 'feature/query_builder'. Dependency is of type 'other'  boundaries/element-types
  51:29  error  No rule allowing this dependency was found. File is of type 'feature/query_builder'. Dependency is of type 'other'  boundaries/element-types
  52:42  error  No rule allowing this dependency was found. File is of type 'feature/query_builder'. Dependency is of type 'other'  boundaries/element-types
  56:8   error  No rule allowing this dependency was found. File is of type 'feature/query_builder'. Dependency is of type 'other'  boundaries/element-types
  59:22  error  No rule allowing this dependency was found. File is of type 'feature/query_builder'. Dependency is of type 'other'  boundaries/element-types

/Users/ryan/projects/metabase/frontend/src/metabase/query_builder/components/DatasetEditor/DatasetEditorSettingsSidebar/DatasetEditorSettingsSidebar.tsx
  8:8   error  No rule allowing this dependency was found. File is of type 'feature/query_builder'. Dependency is of type 'other'  boundaries/element-types
  9:62  error  No rule allowing this dependency was found. File is of type 'feature/query_builder'. Dependency is of type 'other'  boundaries/element-types

/Users/ryan/projects/metabase/frontend/src/metabase/query_builder/components/DatasetEditor/DatasetEditorSettingsSidebar/ListViewColumnsSidebar.tsx
   4:32  error  No rule allowing this dependency was found. File is of type 'feature/query_builder'. Dependency is of type 'other'  boundaries/element-types
  13:8   error  No rule allowing this dependency was found. File is of type 'feature/query_builder'. Dependency is of type 'other'  boundaries/element-types

/Users/ryan/projects/metabase/frontend/src/metabase/query_builder/components/DatasetEditor/DatasetFieldMetadataSidebar/DatasetFieldMetadataCurrencyPicker.tsx
  3:32  error  No rule allowing this dependency was found. File is of type 'feature/query_builder'. Dependency is of type 'other'  boundaries/element-types
  4:34  error  No rule allowing this dependency was found. File is of type 'feature/query_builder'. Dependency is of type 'other'  boundaries/element-types

/Users/ryan/projects/metabase/frontend/src/metabase/query_builder/components/DatasetEditor/DatasetFieldMetadataSidebar/DatasetFieldMetadataFkTargetPicker.tsx
  3:46  error  No rule allowing this dependency was found. File is of type 'feature/query_builder'. Dependency is of type 'other'  boundaries/element-types
  4:32  error  No rule allowing this dependency was found. File is of type 'feature/query_builder'. Dependency is of type 'other'  boundaries/element-types

/Users/ryan/projects/metabase/frontend/src/metabase/query_builder/components/DatasetEditor/DatasetFieldMetadataSidebar/DatasetFieldMetadataSemanticTypePicker.tsx
  5:36  error  No rule allowing this dependency was found. File is of type 'feature/query_builder'. Dependency is of type 'other'  boundaries/element-types

/Users/ryan/projects/metabase/frontend/src/metabase/query_builder/components/DatasetEditor/DatasetFieldMetadataSidebar/DatasetFieldMetadataSidebar.jsx
   9:8   error  No rule allowing this dependency was found. File is of type 'feature/query_builder'. Dependency is of type 'other'  boundaries/element-types
  17:8   error  No rule allowing this dependency was found. File is of type 'feature/query_builder'. Dependency is of type 'other'  boundaries/element-types
  19:40  error  No rule allowing this dependency was found. File is of type 'feature/query_builder'. Dependency is of type 'other'  boundaries/element-types
  21:41  error  No rule allowing this dependency was found. File is of type 'feature/query_builder'. Dependency is of type 'other'  boundaries/element-types
  26:22  error  No rule allowing this dependency was found. File is of type 'feature/query_builder'. Dependency is of type 'other'  boundaries/element-types

/Users/ryan/projects/metabase/frontend/src/metabase/query_builder/components/DatasetEditor/DatasetFieldMetadataSidebar/MappedFieldPicker/MappedFieldPicker.tsx
   6:34  error  No rule allowing this dependency was found. File is of type 'feature/query_builder'. Dependency is of type 'other'  boundaries/element-types
   8:16  error  No rule allowing this dependency was found. File is of type 'feature/query_builder'. Dependency is of type 'other'  boundaries/element-types
  10:22  error  No rule allowing this dependency was found. File is of type 'feature/query_builder'. Dependency is of type 'other'  boundaries/element-types

/Users/ryan/projects/metabase/frontend/src/metabase/query_builder/components/DatasetEditor/DatasetNotebook/DatasetNotebook.jsx
   7:16  error  No rule allowing this dependency was found. File is of type 'feature/query_builder'. Dependency is of type 'other'  boundaries/element-types
  10:32  error  No rule allowing this dependency was found. File is of type 'feature/query_builder'. Dependency is of type 'other'  boundaries/element-types

/Users/ryan/projects/metabase/frontend/src/metabase/query_builder/components/DatasetEditor/DatasetQueryEditor.jsx
  5:42  error  No rule allowing this dependency was found. File is of type 'feature/query_builder'. Dependency is of type 'other'  boundaries/element-types
  7:21  error  No rule allowing this dependency was found. File is of type 'feature/query_builder'. Dependency is of type 'other'  boundaries/element-types
  8:22  error  No rule allowing this dependency was found. File is of type 'feature/query_builder'. Dependency is of type 'other'  boundaries/element-types

/Users/ryan/projects/metabase/frontend/src/metabase/query_builder/components/DatasetEditor/EditorTabs/EditorTabs.tsx
  6:39  error  No rule allowing this dependency was found. File is of type 'feature/query_builder'. Dependency is of type 'other'  boundaries/element-types

/Users/ryan/projects/metabase/frontend/src/metabase/query_builder/components/ExpandableString.jsx
  7:16  error  No rule allowing this dependency was found. File is of type 'feature/query_builder'. Dependency is of type 'other'  boundaries/element-types

/Users/ryan/projects/metabase/frontend/src/metabase/query_builder/components/ImpossibleToCreateModelModal/ImpossibleToCreateModelModal.tsx
   7:16  error  No rule allowing this dependency was found. File is of type 'feature/query_builder'. Dependency is of type 'other'  boundaries/element-types
   9:28  error  No rule allowing this dependency was found. File is of type 'feature/query_builder'. Dependency is of type 'other'  boundaries/element-types
  10:38  error  No rule allowing this dependency was found. File is of type 'feature/query_builder'. Dependency is of type 'other'  boundaries/element-types

/Users/ryan/projects/metabase/frontend/src/metabase/query_builder/components/LimitInput.tsx
  4:22  error  No rule allowing this dependency was found. File is of type 'feature/query_builder'. Dependency is of type 'other'  boundaries/element-types
  5:16  error  No rule allowing this dependency was found. File is of type 'feature/query_builder'. Dependency is of type 'other'  boundaries/element-types

/Users/ryan/projects/metabase/frontend/src/metabase/query_builder/components/LimitPopover.jsx
  6:16  error  No rule allowing this dependency was found. File is of type 'feature/query_builder'. Dependency is of type 'other'  boundaries/element-types
  7:30  error  No rule allowing this dependency was found. File is of type 'feature/query_builder'. Dependency is of type 'other'  boundaries/element-types

/Users/ryan/projects/metabase/frontend/src/metabase/query_builder/components/NativeQueryEditor/CodeMirrorEditor/CodeMirrorEditor.tsx
  16:36  error  No rule allowing this dependency was found. File is of type 'feature/query_builder'. Dependency is of type 'other'  boundaries/element-types
  17:22  error  No rule allowing this dependency was found. File is of type 'feature/query_builder'. Dependency is of type 'other'  boundaries/element-types

/Users/ryan/projects/metabase/frontend/src/metabase/query_builder/components/NativeQueryEditor/CodeMirrorEditor/completers.tsx
  11:8   error  No rule allowing this dependency was found. File is of type 'feature/query_builder'. Dependency is of type 'other'  boundaries/element-types
  13:27  error  No rule allowing this dependency was found. File is of type 'feature/query_builder'. Dependency is of type 'other'  boundaries/element-types

/Users/ryan/projects/metabase/frontend/src/metabase/query_builder/components/NativeQueryEditor/CodeMirrorEditor/extensions.tsx
  13:27  error  No rule allowing this dependency was found. File is of type 'feature/query_builder'. Dependency is of type 'other'  boundaries/element-types
  14:22  error  No rule allowing this dependency was found. File is of type 'feature/query_builder'. Dependency is of type 'other'  boundaries/element-types

/Users/ryan/projects/metabase/frontend/src/metabase/query_builder/components/NativeQueryEditor/CodeMirrorEditor/util.tsx
  6:37  error  No rule allowing this dependency was found. File is of type 'feature/query_builder'. Dependency is of type 'other'  boundaries/element-types
  7:27  error  No rule allowing this dependency was found. File is of type 'feature/query_builder'. Dependency is of type 'other'  boundaries/element-types
  8:32  error  No rule allowing this dependency was found. File is of type 'feature/query_builder'. Dependency is of type 'other'  boundaries/element-types
  9:22  error  No rule allowing this dependency was found. File is of type 'feature/query_builder'. Dependency is of type 'other'  boundaries/element-types

/Users/ryan/projects/metabase/frontend/src/metabase/query_builder/components/NativeQueryEditor/DataSourceSelectors/DataSourceSelectors.jsx
   6:16  error  No rule allowing this dependency was found. File is of type 'feature/query_builder'. Dependency is of type 'other'  boundaries/element-types
   7:27  error  No rule allowing this dependency was found. File is of type 'feature/query_builder'. Dependency is of type 'other'  boundaries/element-types
   8:40  error  No rule allowing this dependency was found. File is of type 'feature/query_builder'. Dependency is of type 'other'  boundaries/element-types
  13:22  error  No rule allowing this dependency was found. File is of type 'feature/query_builder'. Dependency is of type 'other'  boundaries/element-types

/Users/ryan/projects/metabase/frontend/src/metabase/query_builder/components/NativeQueryEditor/NativeQueryEditor.tsx
  14:23  error  No rule allowing this dependency was found. File is of type 'feature/query_builder'. Dependency is of type 'other'  boundaries/element-types
  15:32  error  No rule allowing this dependency was found. File is of type 'feature/query_builder'. Dependency is of type 'other'  boundaries/element-types
  16:22  error  No rule allowing this dependency was found. File is of type 'feature/query_builder'. Dependency is of type 'other'  boundaries/element-types
  24:37  error  No rule allowing this dependency was found. File is of type 'feature/query_builder'. Dependency is of type 'other'  boundaries/element-types
  26:52  error  No rule allowing this dependency was found. File is of type 'feature/query_builder'. Dependency is of type 'other'  boundaries/element-types
  27:22  error  No rule allowing this dependency was found. File is of type 'feature/query_builder'. Dependency is of type 'other'  boundaries/element-types

/Users/ryan/projects/metabase/frontend/src/metabase/query_builder/components/NativeQueryEditor/NativeQueryEditorActionButtons/NativeQueryEditorActionButtons.tsx
  3:32  error  No rule allowing this dependency was found. File is of type 'feature/query_builder'. Dependency is of type 'other'  boundaries/element-types
  8:37  error  No rule allowing this dependency was found. File is of type 'feature/query_builder'. Dependency is of type 'other'  boundaries/element-types
  9:45  error  No rule allowing this dependency was found. File is of type 'feature/query_builder'. Dependency is of type 'other'  boundaries/element-types

/Users/ryan/projects/metabase/frontend/src/metabase/query_builder/components/NativeQueryEditor/NativeQueryEditorRunButton/NativeQueryEditorRunButton.tsx
  3:25  error  No rule allowing this dependency was found. File is of type 'feature/query_builder'. Dependency is of type 'other'  boundaries/element-types

/Users/ryan/projects/metabase/frontend/src/metabase/query_builder/components/NativeQueryEditor/NativeQueryEditorTopBar/NativeQueryEditorTopBar.tsx
  3:37  error  No rule allowing this dependency was found. File is of type 'feature/query_builder'. Dependency is of type 'other'  boundaries/element-types
  4:22  error  No rule allowing this dependency was found. File is of type 'feature/query_builder'. Dependency is of type 'other'  boundaries/element-types

/Users/ryan/projects/metabase/frontend/src/metabase/query_builder/components/NativeQueryEditor/RightClickPopover/RightClickPopover.tsx
  4:28  error  No rule allowing this dependency was found. File is of type 'feature/query_builder'. Dependency is of type 'other'  boundaries/element-types

/Users/ryan/projects/metabase/frontend/src/metabase/query_builder/components/NativeQueryEditor/VisibilityToggler/VisibilityToggler.tsx
  4:34  error  No rule allowing this dependency was found. File is of type 'feature/query_builder'. Dependency is of type 'other'  boundaries/element-types

/Users/ryan/projects/metabase/frontend/src/metabase/query_builder/components/NativeQueryEditor/__mocks__/NativeQueryEditor.jsx
  2:16  error  No rule allowing this dependency was found. File is of type 'feature/query_builder'. Dependency is of type 'other'  boundaries/element-types

/Users/ryan/projects/metabase/frontend/src/metabase/query_builder/components/NativeQueryEditor/utils.ts
  3:37  error  No rule allowing this dependency was found. File is of type 'feature/query_builder'. Dependency is of type 'other'  boundaries/element-types

/Users/ryan/projects/metabase/frontend/src/metabase/query_builder/components/NewDatasetModal/NewDatasetModal.tsx
  8:35  error  No rule allowing this dependency was found. File is of type 'feature/query_builder'. Dependency is of type 'other'  boundaries/element-types

/Users/ryan/projects/metabase/frontend/src/metabase/query_builder/components/QueryModals/QueryModals.tsx
   6:30  error  No rule allowing this dependency was found. File is of type 'feature/query_builder'. Dependency is of type 'other'  boundaries/element-types
   7:43  error  No rule allowing this dependency was found. File is of type 'feature/query_builder'. Dependency is of type 'other'  boundaries/element-types
  11:29  error  No rule allowing this dependency was found. File is of type 'feature/query_builder'. Dependency is of type 'other'  boundaries/element-types
  14:40  error  No rule allowing this dependency was found. File is of type 'feature/query_builder'. Dependency is of type 'other'  boundaries/element-types
  20:37  error  No rule allowing this dependency was found. File is of type 'feature/query_builder'. Dependency is of type 'other'  boundaries/element-types
  21:29  error  No rule allowing this dependency was found. File is of type 'feature/query_builder'. Dependency is of type 'other'  boundaries/element-types
  22:45  error  No rule allowing this dependency was found. File is of type 'feature/query_builder'. Dependency is of type 'other'  boundaries/element-types
  23:34  error  No rule allowing this dependency was found. File is of type 'feature/query_builder'. Dependency is of type 'other'  boundaries/element-types
  24:31  error  No rule allowing this dependency was found. File is of type 'feature/query_builder'. Dependency is of type 'other'  boundaries/element-types
  25:28  error  No rule allowing this dependency was found. File is of type 'feature/query_builder'. Dependency is of type 'other'  boundaries/element-types
  26:28  error  No rule allowing this dependency was found. File is of type 'feature/query_builder'. Dependency is of type 'other'  boundaries/element-types
  27:27  error  No rule allowing this dependency was found. File is of type 'feature/query_builder'. Dependency is of type 'other'  boundaries/element-types
  28:22  error  No rule allowing this dependency was found. File is of type 'feature/query_builder'. Dependency is of type 'other'  boundaries/element-types

/Users/ryan/projects/metabase/frontend/src/metabase/query_builder/components/QueryVisualization.jsx
   9:16  error  No rule allowing this dependency was found. File is of type 'feature/query_builder'. Dependency is of type 'other'  boundaries/element-types
  10:27  error  No rule allowing this dependency was found. File is of type 'feature/query_builder'. Dependency is of type 'other'  boundaries/element-types
  11:23  error  No rule allowing this dependency was found. File is of type 'feature/query_builder'. Dependency is of type 'other'  boundaries/element-types
  14:54  error  No rule allowing this dependency was found. File is of type 'feature/query_builder'. Dependency is of type 'other'  boundaries/element-types
  15:47  error  No rule allowing this dependency was found. File is of type 'feature/query_builder'. Dependency is of type 'other'  boundaries/element-types
  16:22  error  No rule allowing this dependency was found. File is of type 'feature/query_builder'. Dependency is of type 'other'  boundaries/element-types

/Users/ryan/projects/metabase/frontend/src/metabase/query_builder/components/QuestionActivityTimeline.tsx
   3:39  error  No rule allowing this dependency was found. File is of type 'feature/query_builder'. Dependency is of type 'other'  boundaries/element-types
   8:35  error  No rule allowing this dependency was found. File is of type 'feature/query_builder'. Dependency is of type 'other'  boundaries/element-types
  10:25  error  No rule allowing this dependency was found. File is of type 'feature/query_builder'. Dependency is of type 'other'  boundaries/element-types

/Users/ryan/projects/metabase/frontend/src/metabase/query_builder/components/QuestionDownloadPopover/QuestionDownloadPopover.tsx
   9:50  error  No rule allowing this dependency was found. File is of type 'feature/query_builder'. Dependency is of type 'other'  boundaries/element-types
  17:8   error  No rule allowing this dependency was found. File is of type 'feature/query_builder'. Dependency is of type 'other'  boundaries/element-types

/Users/ryan/projects/metabase/frontend/src/metabase/query_builder/components/QuestionDownloadWidget/QuestionDownloadWidget.tsx
  12:16  error  No rule allowing this dependency was found. File is of type 'feature/query_builder'. Dependency is of type 'other'  boundaries/element-types
  14:50  error  No rule allowing this dependency was found. File is of type 'feature/query_builder'. Dependency is of type 'other'  boundaries/element-types
  24:8   error  No rule allowing this dependency was found. File is of type 'feature/query_builder'. Dependency is of type 'other'  boundaries/element-types
  25:28  error  No rule allowing this dependency was found. File is of type 'feature/query_builder'. Dependency is of type 'other'  boundaries/element-types

/Users/ryan/projects/metabase/frontend/src/metabase/query_builder/components/QuestionDownloadWidget/use-download-data.ts
  8:8  error  No rule allowing this dependency was found. File is of type 'feature/query_builder'. Dependency is of type 'other'  boundaries/element-types

/Users/ryan/projects/metabase/frontend/src/metabase/query_builder/components/QuestionEmbedWidget/QuestionEmbedWidget.tsx
   6:8   error  No rule allowing this dependency was found. File is of type 'feature/query_builder'. Dependency is of type 'other'  boundaries/element-types
   7:39  error  No rule allowing this dependency was found. File is of type 'feature/query_builder'. Dependency is of type 'other'  boundaries/element-types
   8:46  error  No rule allowing this dependency was found. File is of type 'feature/query_builder'. Dependency is of type 'other'  boundaries/element-types
  14:8   error  No rule allowing this dependency was found. File is of type 'feature/query_builder'. Dependency is of type 'other'  boundaries/element-types
  15:29  error  No rule allowing this dependency was found. File is of type 'feature/query_builder'. Dependency is of type 'other'  boundaries/element-types

/Users/ryan/projects/metabase/frontend/src/metabase/query_builder/components/ResponsiveParametersList.tsx
  7:27  error  No rule allowing this dependency was found. File is of type 'feature/query_builder'. Dependency is of type 'other'  boundaries/element-types

/Users/ryan/projects/metabase/frontend/src/metabase/query_builder/components/RunButton.tsx
  7:16  error  No rule allowing this dependency was found. File is of type 'feature/query_builder'. Dependency is of type 'other'  boundaries/element-types
  8:27  error  No rule allowing this dependency was found. File is of type 'feature/query_builder'. Dependency is of type 'other'  boundaries/element-types

/Users/ryan/projects/metabase/frontend/src/metabase/query_builder/components/RunButtonWithTooltip.jsx
  4:26  error  No rule allowing this dependency was found. File is of type 'feature/query_builder'. Dependency is of type 'other'  boundaries/element-types
  5:25  error  No rule allowing this dependency was found. File is of type 'feature/query_builder'. Dependency is of type 'other'  boundaries/element-types

/Users/ryan/projects/metabase/frontend/src/metabase/query_builder/components/SavedQuestionHeaderButton/CollectionIcon.tsx
  4:8  error  No rule allowing this dependency was found. File is of type 'feature/query_builder'. Dependency is of type 'other'  boundaries/element-types

/Users/ryan/projects/metabase/frontend/src/metabase/query_builder/components/SavedQuestionHeaderButton/SavedQuestionHeaderButton.tsx
  4:42  error  No rule allowing this dependency was found. File is of type 'feature/query_builder'. Dependency is of type 'other'  boundaries/element-types
  5:22  error  No rule allowing this dependency was found. File is of type 'feature/query_builder'. Dependency is of type 'other'  boundaries/element-types

/Users/ryan/projects/metabase/frontend/src/metabase/query_builder/components/SavedQuestionIntroModal.tsx
  6:49  error  No rule allowing this dependency was found. File is of type 'feature/query_builder'. Dependency is of type 'other'  boundaries/element-types

/Users/ryan/projects/metabase/frontend/src/metabase/query_builder/components/SidebarContent/SidebarContent.tsx
  12:8  error  No rule allowing this dependency was found. File is of type 'feature/query_builder'. Dependency is of type 'other'  boundaries/element-types

/Users/ryan/projects/metabase/frontend/src/metabase/query_builder/components/SidebarHeader/SidebarHeader.tsx
  5:31  error  No rule allowing this dependency was found. File is of type 'feature/query_builder'. Dependency is of type 'other'  boundaries/element-types
  6:33  error  No rule allowing this dependency was found. File is of type 'feature/query_builder'. Dependency is of type 'other'  boundaries/element-types

/Users/ryan/projects/metabase/frontend/src/metabase/query_builder/components/SyncedParametersList.tsx
  7:8  error  No rule allowing this dependency was found. File is of type 'feature/query_builder'. Dependency is of type 'other'  boundaries/element-types

/Users/ryan/projects/metabase/frontend/src/metabase/query_builder/components/VisualizationError/VisualizationError.tsx
   9:16  error  No rule allowing this dependency was found. File is of type 'feature/query_builder'. Dependency is of type 'other'  boundaries/element-types
  10:27  error  No rule allowing this dependency was found. File is of type 'feature/query_builder'. Dependency is of type 'other'  boundaries/element-types
  11:37  error  No rule allowing this dependency was found. File is of type 'feature/query_builder'. Dependency is of type 'other'  boundaries/element-types
  13:37  error  No rule allowing this dependency was found. File is of type 'feature/query_builder'. Dependency is of type 'other'  boundaries/element-types
  14:34  error  No rule allowing this dependency was found. File is of type 'feature/query_builder'. Dependency is of type 'other'  boundaries/element-types
  15:29  error  No rule allowing this dependency was found. File is of type 'feature/query_builder'. Dependency is of type 'other'  boundaries/element-types
  16:38  error  No rule allowing this dependency was found. File is of type 'feature/query_builder'. Dependency is of type 'other'  boundaries/element-types
  17:41  error  No rule allowing this dependency was found. File is of type 'feature/query_builder'. Dependency is of type 'other'  boundaries/element-types
  18:22  error  No rule allowing this dependency was found. File is of type 'feature/query_builder'. Dependency is of type 'other'  boundaries/element-types
  22:44  error  No rule allowing this dependency was found. File is of type 'feature/query_builder'. Dependency is of type 'other'  boundaries/element-types

/Users/ryan/projects/metabase/frontend/src/metabase/query_builder/components/VisualizationError/components/AdminEmail/AdminEmail.tsx
  2:16  error  No rule allowing this dependency was found. File is of type 'feature/query_builder'. Dependency is of type 'other'  boundaries/element-types
  3:27  error  No rule allowing this dependency was found. File is of type 'feature/query_builder'. Dependency is of type 'other'  boundaries/element-types

/Users/ryan/projects/metabase/frontend/src/metabase/query_builder/components/VisualizationError/tests/setup.tsx
  6:30  error  No rule allowing this dependency was found. File is of type 'feature/query_builder'. Dependency is of type 'other'  boundaries/element-types

/Users/ryan/projects/metabase/frontend/src/metabase/query_builder/components/VisualizationResult.jsx
   8:22  error  No rule allowing this dependency was found. File is of type 'feature/query_builder'. Dependency is of type 'other'  boundaries/element-types
   9:16  error  No rule allowing this dependency was found. File is of type 'feature/query_builder'. Dependency is of type 'other'  boundaries/element-types
  10:32  error  No rule allowing this dependency was found. File is of type 'feature/query_builder'. Dependency is of type 'other'  boundaries/element-types
  11:48  error  No rule allowing this dependency was found. File is of type 'feature/query_builder'. Dependency is of type 'other'  boundaries/element-types
  13:22  error  No rule allowing this dependency was found. File is of type 'feature/query_builder'. Dependency is of type 'other'  boundaries/element-types

/Users/ryan/projects/metabase/frontend/src/metabase/query_builder/components/Warnings.jsx
  4:16  error  No rule allowing this dependency was found. File is of type 'feature/query_builder'. Dependency is of type 'other'  boundaries/element-types
  5:31  error  No rule allowing this dependency was found. File is of type 'feature/query_builder'. Dependency is of type 'other'  boundaries/element-types

/Users/ryan/projects/metabase/frontend/src/metabase/query_builder/components/chart-type-selector/ChartTypeList/ChartTypeList.tsx
  1:22  error  No rule allowing this dependency was found. File is of type 'feature/query_builder'. Dependency is of type 'other'  boundaries/element-types

/Users/ryan/projects/metabase/frontend/src/metabase/query_builder/components/chart-type-selector/ChartTypeOption/ChartTypeOption.tsx
  3:30  error  No rule allowing this dependency was found. File is of type 'feature/query_builder'. Dependency is of type 'other'  boundaries/element-types
  4:55  error  No rule allowing this dependency was found. File is of type 'feature/query_builder'. Dependency is of type 'other'  boundaries/element-types
  5:28  error  No rule allowing this dependency was found. File is of type 'feature/query_builder'. Dependency is of type 'other'  boundaries/element-types

/Users/ryan/projects/metabase/frontend/src/metabase/query_builder/components/chart-type-selector/ChartTypeSettings/ChartTypeSettings.tsx
  3:53  error  No rule allowing this dependency was found. File is of type 'feature/query_builder'. Dependency is of type 'other'  boundaries/element-types

/Users/ryan/projects/metabase/frontend/src/metabase/query_builder/components/chart-type-selector/use-question-visualization-state.ts
  4:28  error  No rule allowing this dependency was found. File is of type 'feature/query_builder'. Dependency is of type 'other'  boundaries/element-types

/Users/ryan/projects/metabase/frontend/src/metabase/query_builder/components/dataref/DatabasePane.jsx
  5:23  error  No rule allowing this dependency was found. File is of type 'feature/query_builder'. Dependency is of type 'other'  boundaries/element-types
  6:21  error  No rule allowing this dependency was found. File is of type 'feature/query_builder'. Dependency is of type 'other'  boundaries/element-types

/Users/ryan/projects/metabase/frontend/src/metabase/query_builder/components/dataref/DatabaseSchemasPane.tsx
  4:20  error  No rule allowing this dependency was found. File is of type 'feature/query_builder'. Dependency is of type 'other'  boundaries/element-types

/Users/ryan/projects/metabase/frontend/src/metabase/query_builder/components/dataref/DatabaseTablesPane.tsx
  5:20  error  No rule allowing this dependency was found. File is of type 'feature/query_builder'. Dependency is of type 'other'  boundaries/element-types

/Users/ryan/projects/metabase/frontend/src/metabase/query_builder/components/dataref/FieldList.tsx
  7:31  error  No rule allowing this dependency was found. File is of type 'feature/query_builder'. Dependency is of type 'other'  boundaries/element-types
  8:28  error  No rule allowing this dependency was found. File is of type 'feature/query_builder'. Dependency is of type 'other'  boundaries/element-types

/Users/ryan/projects/metabase/frontend/src/metabase/query_builder/components/dataref/MainPane.jsx
  6:16  error  No rule allowing this dependency was found. File is of type 'feature/query_builder'. Dependency is of type 'other'  boundaries/element-types
  7:23  error  No rule allowing this dependency was found. File is of type 'feature/query_builder'. Dependency is of type 'other'  boundaries/element-types

/Users/ryan/projects/metabase/frontend/src/metabase/query_builder/components/dataref/NodeList.tsx
  12:8  error  No rule allowing this dependency was found. File is of type 'feature/query_builder'. Dependency is of type 'other'  boundaries/element-types

/Users/ryan/projects/metabase/frontend/src/metabase/query_builder/components/dataref/QuestionPane/QuestionPane.tsx
   9:8   error  No rule allowing this dependency was found. File is of type 'feature/query_builder'. Dependency is of type 'other'  boundaries/element-types
  18:29  error  No rule allowing this dependency was found. File is of type 'feature/query_builder'. Dependency is of type 'other'  boundaries/element-types
  19:48  error  No rule allowing this dependency was found. File is of type 'feature/query_builder'. Dependency is of type 'other'  boundaries/element-types

/Users/ryan/projects/metabase/frontend/src/metabase/query_builder/components/dataref/SchemaPane.tsx
  4:21  error  No rule allowing this dependency was found. File is of type 'feature/query_builder'. Dependency is of type 'other'  boundaries/element-types

/Users/ryan/projects/metabase/frontend/src/metabase/query_builder/components/dataref/TableInfoLoader.tsx
  4:20  error  No rule allowing this dependency was found. File is of type 'feature/query_builder'. Dependency is of type 'other'  boundaries/element-types

/Users/ryan/projects/metabase/frontend/src/metabase/query_builder/components/dataref/TablePane.tsx
   3:34  error  No rule allowing this dependency was found. File is of type 'feature/query_builder'. Dependency is of type 'other'  boundaries/element-types
   9:16  error  No rule allowing this dependency was found. File is of type 'feature/query_builder'. Dependency is of type 'other'  boundaries/element-types
  13:29  error  No rule allowing this dependency was found. File is of type 'feature/query_builder'. Dependency is of type 'other'  boundaries/element-types

/Users/ryan/projects/metabase/frontend/src/metabase/query_builder/components/expressions/CombineColumns/ColumnAndSeparatorRow/ColumnAndSeparatorRow.tsx
  5:58  error  No rule allowing this dependency was found. File is of type 'feature/query_builder'. Dependency is of type 'other'  boundaries/element-types
  6:35  error  No rule allowing this dependency was found. File is of type 'feature/query_builder'. Dependency is of type 'other'  boundaries/element-types
  7:27  error  No rule allowing this dependency was found. File is of type 'feature/query_builder'. Dependency is of type 'other'  boundaries/element-types

/Users/ryan/projects/metabase/frontend/src/metabase/query_builder/components/expressions/CombineColumns/ColumnAndSeparatorRow/ColumnInput.tsx
   8:57  error  No rule allowing this dependency was found. File is of type 'feature/query_builder'. Dependency is of type 'other'  boundaries/element-types
   9:35  error  No rule allowing this dependency was found. File is of type 'feature/query_builder'. Dependency is of type 'other'  boundaries/element-types
  10:22  error  No rule allowing this dependency was found. File is of type 'feature/query_builder'. Dependency is of type 'other'  boundaries/element-types

/Users/ryan/projects/metabase/frontend/src/metabase/query_builder/components/expressions/CombineColumns/CombineColumns.tsx
  5:27  error  No rule allowing this dependency was found. File is of type 'feature/query_builder'. Dependency is of type 'other'  boundaries/element-types
  6:48  error  No rule allowing this dependency was found. File is of type 'feature/query_builder'. Dependency is of type 'other'  boundaries/element-types
  7:22  error  No rule allowing this dependency was found. File is of type 'feature/query_builder'. Dependency is of type 'other'  boundaries/element-types

/Users/ryan/projects/metabase/frontend/src/metabase/query_builder/components/expressions/CombineColumns/Example.tsx
  3:47  error  No rule allowing this dependency was found. File is of type 'feature/query_builder'. Dependency is of type 'other'  boundaries/element-types

/Users/ryan/projects/metabase/frontend/src/metabase/query_builder/components/expressions/CombineColumns/util.ts
  3:27  error  No rule allowing this dependency was found. File is of type 'feature/query_builder'. Dependency is of type 'other'  boundaries/element-types
  4:22  error  No rule allowing this dependency was found. File is of type 'feature/query_builder'. Dependency is of type 'other'  boundaries/element-types

/Users/ryan/projects/metabase/frontend/src/metabase/query_builder/components/expressions/Editor/Editor.tsx
  24:29  error  No rule allowing this dependency was found. File is of type 'feature/query_builder'. Dependency is of type 'other'  boundaries/element-types
  25:62  error  No rule allowing this dependency was found. File is of type 'feature/query_builder'. Dependency is of type 'other'  boundaries/element-types
  26:27  error  No rule allowing this dependency was found. File is of type 'feature/query_builder'. Dependency is of type 'other'  boundaries/element-types

/Users/ryan/projects/metabase/frontend/src/metabase/query_builder/components/expressions/Editor/Errors/Errors.tsx
  2:28  error  No rule allowing this dependency was found. File is of type 'feature/query_builder'. Dependency is of type 'other'  boundaries/element-types

/Users/ryan/projects/metabase/frontend/src/metabase/query_builder/components/expressions/Editor/HelpText/HelpText.stories.tsx
  5:29  error  No rule allowing this dependency was found. File is of type 'feature/query_builder'. Dependency is of type 'other'  boundaries/element-types

/Users/ryan/projects/metabase/frontend/src/metabase/query_builder/components/expressions/Editor/HelpText/HelpText.tsx
  20:49  error  No rule allowing this dependency was found. File is of type 'feature/query_builder'. Dependency is of type 'other'  boundaries/element-types
  21:22  error  No rule allowing this dependency was found. File is of type 'feature/query_builder'. Dependency is of type 'other'  boundaries/element-types

/Users/ryan/projects/metabase/frontend/src/metabase/query_builder/components/expressions/Editor/HelpText/tests/setup.tsx
  5:30  error  No rule allowing this dependency was found. File is of type 'feature/query_builder'. Dependency is of type 'other'  boundaries/element-types
  7:27  error  No rule allowing this dependency was found. File is of type 'feature/query_builder'. Dependency is of type 'other'  boundaries/element-types
  8:29  error  No rule allowing this dependency was found. File is of type 'feature/query_builder'. Dependency is of type 'other'  boundaries/element-types

/Users/ryan/projects/metabase/frontend/src/metabase/query_builder/components/expressions/Editor/Listbox/Listbox.tsx
  19:54  error  No rule allowing this dependency was found. File is of type 'feature/query_builder'. Dependency is of type 'other'  boundaries/element-types
  20:27  error  No rule allowing this dependency was found. File is of type 'feature/query_builder'. Dependency is of type 'other'  boundaries/element-types

/Users/ryan/projects/metabase/frontend/src/metabase/query_builder/components/expressions/Editor/Shortcuts/Shortcuts.tsx
  1:51  error  No rule allowing this dependency was found. File is of type 'feature/query_builder'. Dependency is of type 'other'  boundaries/element-types

/Users/ryan/projects/metabase/frontend/src/metabase/query_builder/components/expressions/Editor/Tooltip/Tooltip.tsx
  12:25  error  No rule allowing this dependency was found. File is of type 'feature/query_builder'. Dependency is of type 'other'  boundaries/element-types
  13:27  error  No rule allowing this dependency was found. File is of type 'feature/query_builder'. Dependency is of type 'other'  boundaries/element-types

/Users/ryan/projects/metabase/frontend/src/metabase/query_builder/components/expressions/Editor/extensions.ts
  5:27  error  No rule allowing this dependency was found. File is of type 'feature/query_builder'. Dependency is of type 'other'  boundaries/element-types
  7:27  error  No rule allowing this dependency was found. File is of type 'feature/query_builder'. Dependency is of type 'other'  boundaries/element-types

/Users/ryan/projects/metabase/frontend/src/metabase/query_builder/components/expressions/Editor/language.ts
  10:27  error  No rule allowing this dependency was found. File is of type 'feature/query_builder'. Dependency is of type 'other'  boundaries/element-types

/Users/ryan/projects/metabase/frontend/src/metabase/query_builder/components/expressions/ExpressionWidget/ExpressionWidget.tsx
   5:27  error  No rule allowing this dependency was found. File is of type 'feature/query_builder'. Dependency is of type 'other'  boundaries/element-types
  10:35  error  No rule allowing this dependency was found. File is of type 'feature/query_builder'. Dependency is of type 'other'  boundaries/element-types
  11:27  error  No rule allowing this dependency was found. File is of type 'feature/query_builder'. Dependency is of type 'other'  boundaries/element-types
  16:8   error  No rule allowing this dependency was found. File is of type 'feature/query_builder'. Dependency is of type 'other'  boundaries/element-types

/Users/ryan/projects/metabase/frontend/src/metabase/query_builder/components/expressions/ExpressionWidget/ExpressionWidgetHeader.tsx
  4:22  error  No rule allowing this dependency was found. File is of type 'feature/query_builder'. Dependency is of type 'other'  boundaries/element-types

/Users/ryan/projects/metabase/frontend/src/metabase/query_builder/components/expressions/ExtractColumn/ExtractColumn.tsx
  6:55  error  No rule allowing this dependency was found. File is of type 'feature/query_builder'. Dependency is of type 'other'  boundaries/element-types
  7:22  error  No rule allowing this dependency was found. File is of type 'feature/query_builder'. Dependency is of type 'other'  boundaries/element-types

/Users/ryan/projects/metabase/frontend/src/metabase/query_builder/components/expressions/ExtractColumn/util.ts
  1:22  error  No rule allowing this dependency was found. File is of type 'feature/query_builder'. Dependency is of type 'other'  boundaries/element-types

/Users/ryan/projects/metabase/frontend/src/metabase/query_builder/components/expressions/FunctionBrowser/FunctionBrowser.tsx
  16:29  error  No rule allowing this dependency was found. File is of type 'feature/query_builder'. Dependency is of type 'other'  boundaries/element-types
  17:46  error  No rule allowing this dependency was found. File is of type 'feature/query_builder'. Dependency is of type 'other'  boundaries/element-types
  18:27  error  No rule allowing this dependency was found. File is of type 'feature/query_builder'. Dependency is of type 'other'  boundaries/element-types

/Users/ryan/projects/metabase/frontend/src/metabase/query_builder/components/expressions/FunctionBrowser/utils.ts
  3:27  error  No rule allowing this dependency was found. File is of type 'feature/query_builder'. Dependency is of type 'other'  boundaries/element-types
  9:22  error  No rule allowing this dependency was found. File is of type 'feature/query_builder'. Dependency is of type 'other'  boundaries/element-types

/Users/ryan/projects/metabase/frontend/src/metabase/query_builder/components/expressions/HighlightExpression/HighlightExpression.tsx
  6:27  error  No rule allowing this dependency was found. File is of type 'feature/query_builder'. Dependency is of type 'other'  boundaries/element-types

/Users/ryan/projects/metabase/frontend/src/metabase/query_builder/components/expressions/Layout/Layout.tsx
  4:36  error  No rule allowing this dependency was found. File is of type 'feature/query_builder'. Dependency is of type 'other'  boundaries/element-types

/Users/ryan/projects/metabase/frontend/src/metabase/query_builder/components/expressions/NameInput/NameInput.tsx
  3:27  error  No rule allowing this dependency was found. File is of type 'feature/query_builder'. Dependency is of type 'other'  boundaries/element-types
  4:27  error  No rule allowing this dependency was found. File is of type 'feature/query_builder'. Dependency is of type 'other'  boundaries/element-types

/Users/ryan/projects/metabase/frontend/src/metabase/query_builder/components/expressions/NameInput/utils.ts
  3:27  error  No rule allowing this dependency was found. File is of type 'feature/query_builder'. Dependency is of type 'other'  boundaries/element-types

/Users/ryan/projects/metabase/frontend/src/metabase/query_builder/components/template_tags/SnippetForm/SnippetForm.tsx
   6:34  error  No rule allowing this dependency was found. File is of type 'feature/query_builder'. Dependency is of type 'other'  boundaries/element-types
  12:32  error  No rule allowing this dependency was found. File is of type 'feature/query_builder'. Dependency is of type 'other'  boundaries/element-types
  13:36  error  No rule allowing this dependency was found. File is of type 'feature/query_builder'. Dependency is of type 'other'  boundaries/element-types
  15:22  error  No rule allowing this dependency was found. File is of type 'feature/query_builder'. Dependency is of type 'other'  boundaries/element-types

/Users/ryan/projects/metabase/frontend/src/metabase/query_builder/components/template_tags/SnippetFormModal/SnippetFormModal.tsx
  4:22  error  No rule allowing this dependency was found. File is of type 'feature/query_builder'. Dependency is of type 'other'  boundaries/element-types
  6:37  error  No rule allowing this dependency was found. File is of type 'feature/query_builder'. Dependency is of type 'other'  boundaries/element-types
  7:29  error  No rule allowing this dependency was found. File is of type 'feature/query_builder'. Dependency is of type 'other'  boundaries/element-types

/Users/ryan/projects/metabase/frontend/src/metabase/query_builder/components/template_tags/SnippetRow/SnippetRow.jsx
   8:16  error  No rule allowing this dependency was found. File is of type 'feature/query_builder'. Dependency is of type 'other'  boundaries/element-types
   9:22  error  No rule allowing this dependency was found. File is of type 'feature/query_builder'. Dependency is of type 'other'  boundaries/element-types
  10:28  error  No rule allowing this dependency was found. File is of type 'feature/query_builder'. Dependency is of type 'other'  boundaries/element-types

/Users/ryan/projects/metabase/frontend/src/metabase/query_builder/components/template_tags/SnippetSidebar/SnippetSidebar.jsx
   7:39  error  No rule allowing this dependency was found. File is of type 'feature/query_builder'. Dependency is of type 'other'  boundaries/element-types
   8:16  error  No rule allowing this dependency was found. File is of type 'feature/query_builder'. Dependency is of type 'other'  boundaries/element-types
   9:20  error  No rule allowing this dependency was found. File is of type 'feature/query_builder'. Dependency is of type 'other'  boundaries/element-types
  10:32  error  No rule allowing this dependency was found. File is of type 'feature/query_builder'. Dependency is of type 'other'  boundaries/element-types
  11:22  error  No rule allowing this dependency was found. File is of type 'feature/query_builder'. Dependency is of type 'other'  boundaries/element-types
  18:8   error  No rule allowing this dependency was found. File is of type 'feature/query_builder'. Dependency is of type 'other'  boundaries/element-types
  21:47  error  No rule allowing this dependency was found. File is of type 'feature/query_builder'. Dependency is of type 'other'  boundaries/element-types

/Users/ryan/projects/metabase/frontend/src/metabase/query_builder/components/template_tags/SnippetSidebar/SnippetSidebarEmptyState.tsx
  4:55  error  No rule allowing this dependency was found. File is of type 'feature/query_builder'. Dependency is of type 'other'  boundaries/element-types

/Users/ryan/projects/metabase/frontend/src/metabase/query_builder/components/template_tags/TagEditorHelp/TagEditorHelp.tsx
  8:16  error  No rule allowing this dependency was found. File is of type 'feature/query_builder'. Dependency is of type 'other'  boundaries/element-types
  9:22  error  No rule allowing this dependency was found. File is of type 'feature/query_builder'. Dependency is of type 'other'  boundaries/element-types

/Users/ryan/projects/metabase/frontend/src/metabase/query_builder/components/template_tags/TagEditorParam.tsx
   6:38  error  No rule allowing this dependency was found. File is of type 'feature/query_builder'. Dependency is of type 'other'  boundaries/element-types
   7:38  error  No rule allowing this dependency was found. File is of type 'feature/query_builder'. Dependency is of type 'other'  boundaries/element-types
   8:43  error  No rule allowing this dependency was found. File is of type 'feature/query_builder'. Dependency is of type 'other'  boundaries/element-types
   9:51  error  No rule allowing this dependency was found. File is of type 'feature/query_builder'. Dependency is of type 'other'  boundaries/element-types
  11:37  error  No rule allowing this dependency was found. File is of type 'feature/query_builder'. Dependency is of type 'other'  boundaries/element-types
  12:28  error  No rule allowing this dependency was found. File is of type 'feature/query_builder'. Dependency is of type 'other'  boundaries/element-types
  13:29  error  No rule allowing this dependency was found. File is of type 'feature/query_builder'. Dependency is of type 'other'  boundaries/element-types
  14:21  error  No rule allowing this dependency was found. File is of type 'feature/query_builder'. Dependency is of type 'other'  boundaries/element-types
  15:22  error  No rule allowing this dependency was found. File is of type 'feature/query_builder'. Dependency is of type 'other'  boundaries/element-types

/Users/ryan/projects/metabase/frontend/src/metabase/query_builder/components/template_tags/TagEditorParamParts/DefaultRequiredValueControl.tsx
  4:37  error  No rule allowing this dependency was found. File is of type 'feature/query_builder'. Dependency is of type 'other'  boundaries/element-types
  5:28  error  No rule allowing this dependency was found. File is of type 'feature/query_builder'. Dependency is of type 'other'  boundaries/element-types

/Users/ryan/projects/metabase/frontend/src/metabase/query_builder/components/template_tags/TagEditorParamParts/FieldAliasInput.tsx
  11:8  error  No rule allowing this dependency was found. File is of type 'feature/query_builder'. Dependency is of type 'other'  boundaries/element-types

/Users/ryan/projects/metabase/frontend/src/metabase/query_builder/components/template_tags/TagEditorParamParts/FieldMappingSelect.tsx
  4:22  error  No rule allowing this dependency was found. File is of type 'feature/query_builder'. Dependency is of type 'other'  boundaries/element-types

/Users/ryan/projects/metabase/frontend/src/metabase/query_builder/components/template_tags/TagEditorParamParts/FilterWidgetLabelInput.tsx
  3:37  error  No rule allowing this dependency was found. File is of type 'feature/query_builder'. Dependency is of type 'other'  boundaries/element-types

/Users/ryan/projects/metabase/frontend/src/metabase/query_builder/components/template_tags/TagEditorParamParts/FilterWidgetTypeSelect.tsx
  6:16  error  No rule allowing this dependency was found. File is of type 'feature/query_builder'. Dependency is of type 'other'  boundaries/element-types
  7:24  error  No rule allowing this dependency was found. File is of type 'feature/query_builder'. Dependency is of type 'other'  boundaries/element-types

/Users/ryan/projects/metabase/frontend/src/metabase/query_builder/components/template_tags/TagEditorParamParts/ParameterMultiSelectInput.tsx
  12:8  error  No rule allowing this dependency was found. File is of type 'feature/query_builder'. Dependency is of type 'other'  boundaries/element-types

/Users/ryan/projects/metabase/frontend/src/metabase/query_builder/components/template_tags/TagEditorParamParts/TagEditorParam.tsx
  4:8   error  No rule allowing this dependency was found. File is of type 'feature/query_builder'. Dependency is of type 'other'  boundaries/element-types
  5:36  error  No rule allowing this dependency was found. File is of type 'feature/query_builder'. Dependency is of type 'other'  boundaries/element-types

/Users/ryan/projects/metabase/frontend/src/metabase/query_builder/components/template_tags/TagEditorParamParts/VariableTypeSelect.tsx
  3:24  error  No rule allowing this dependency was found. File is of type 'feature/query_builder'. Dependency is of type 'other'  boundaries/element-types

/Users/ryan/projects/metabase/frontend/src/metabase/query_builder/components/template_tags/TagEditorSidebar.tsx
  5:51  error  No rule allowing this dependency was found. File is of type 'feature/query_builder'. Dependency is of type 'other'  boundaries/element-types
  7:27  error  No rule allowing this dependency was found. File is of type 'feature/query_builder'. Dependency is of type 'other'  boundaries/element-types

/Users/ryan/projects/metabase/frontend/src/metabase/query_builder/components/view/DataReferenceButton/DataReferenceButton.tsx
  6:36  error  No rule allowing this dependency was found. File is of type 'feature/query_builder'. Dependency is of type 'other'  boundaries/element-types

/Users/ryan/projects/metabase/frontend/src/metabase/query_builder/components/view/ExecutionTime/ExecutionTime.tsx
  3:46  error  No rule allowing this dependency was found. File is of type 'feature/query_builder'. Dependency is of type 'other'  boundaries/element-types

/Users/ryan/projects/metabase/frontend/src/metabase/query_builder/components/view/NativeVariablesButton/NativeVariablesButton.tsx
  6:36  error  No rule allowing this dependency was found. File is of type 'feature/query_builder'. Dependency is of type 'other'  boundaries/element-types

/Users/ryan/projects/metabase/frontend/src/metabase/query_builder/components/view/PreviewQueryButton/PreviewQueryButton.tsx
  5:37  error  No rule allowing this dependency was found. File is of type 'feature/query_builder'. Dependency is of type 'other'  boundaries/element-types
  6:29  error  No rule allowing this dependency was found. File is of type 'feature/query_builder'. Dependency is of type 'other'  boundaries/element-types
  7:31  error  No rule allowing this dependency was found. File is of type 'feature/query_builder'. Dependency is of type 'other'  boundaries/element-types
  8:22  error  No rule allowing this dependency was found. File is of type 'feature/query_builder'. Dependency is of type 'other'  boundaries/element-types

/Users/ryan/projects/metabase/frontend/src/metabase/query_builder/components/view/PreviewQueryModal/PreviewQueryModal.tsx
   4:30  error  No rule allowing this dependency was found. File is of type 'feature/query_builder'. Dependency is of type 'other'  boundaries/element-types
   8:8   error  No rule allowing this dependency was found. File is of type 'feature/query_builder'. Dependency is of type 'other'  boundaries/element-types
  10:23  error  No rule allowing this dependency was found. File is of type 'feature/query_builder'. Dependency is of type 'other'  boundaries/element-types

/Users/ryan/projects/metabase/frontend/src/metabase/query_builder/components/view/QuestionDisplayToggle/QuestionDisplayToggle.tsx
  4:37  error  No rule allowing this dependency was found. File is of type 'feature/query_builder'. Dependency is of type 'other'  boundaries/element-types
  5:40  error  No rule allowing this dependency was found. File is of type 'feature/query_builder'. Dependency is of type 'other'  boundaries/element-types

/Users/ryan/projects/metabase/frontend/src/metabase/query_builder/components/view/QuestionLastUpdated/QuestionLastUpdated.tsx
  3:27  error  No rule allowing this dependency was found. File is of type 'feature/query_builder'. Dependency is of type 'other'  boundaries/element-types
  4:62  error  No rule allowing this dependency was found. File is of type 'feature/query_builder'. Dependency is of type 'other'  boundaries/element-types

/Users/ryan/projects/metabase/frontend/src/metabase/query_builder/components/view/QuestionRowCount/QuestionRowCount.tsx
  13:16  error  No rule allowing this dependency was found. File is of type 'feature/query_builder'. Dependency is of type 'other'  boundaries/element-types
  14:22  error  No rule allowing this dependency was found. File is of type 'feature/query_builder'. Dependency is of type 'other'  boundaries/element-types
  22:8   error  No rule allowing this dependency was found. File is of type 'feature/query_builder'. Dependency is of type 'other'  boundaries/element-types
  23:46  error  No rule allowing this dependency was found. File is of type 'feature/query_builder'. Dependency is of type 'other'  boundaries/element-types
  24:28  error  No rule allowing this dependency was found. File is of type 'feature/query_builder'. Dependency is of type 'other'  boundaries/element-types
  25:22  error  No rule allowing this dependency was found. File is of type 'feature/query_builder'. Dependency is of type 'other'  boundaries/element-types

/Users/ryan/projects/metabase/frontend/src/metabase/query_builder/components/view/QuestionTimelineWidget/QuestionTimelineWidget.tsx
   5:34  error  No rule allowing this dependency was found. File is of type 'feature/query_builder'. Dependency is of type 'other'  boundaries/element-types
  11:31  error  No rule allowing this dependency was found. File is of type 'feature/query_builder'. Dependency is of type 'other'  boundaries/element-types
  12:27  error  No rule allowing this dependency was found. File is of type 'feature/query_builder'. Dependency is of type 'other'  boundaries/element-types

/Users/ryan/projects/metabase/frontend/src/metabase/query_builder/components/view/SnippetSidebarButton/SnippetSidebarButton.tsx
  4:36  error  No rule allowing this dependency was found. File is of type 'feature/query_builder'. Dependency is of type 'other'  boundaries/element-types

/Users/ryan/projects/metabase/frontend/src/metabase/query_builder/components/view/View/NativeQueryRightSidebar/NativeQueryRightSidebar.tsx
  3:43  error  No rule allowing this dependency was found. File is of type 'feature/query_builder'. Dependency is of type 'other'  boundaries/element-types
  4:51  error  No rule allowing this dependency was found. File is of type 'feature/query_builder'. Dependency is of type 'other'  boundaries/element-types

/Users/ryan/projects/metabase/frontend/src/metabase/query_builder/components/view/View/NotebookContainer/NotebookContainer.tsx
  16:8   error  No rule allowing this dependency was found. File is of type 'feature/query_builder'. Dependency is of type 'other'  boundaries/element-types
  21:32  error  No rule allowing this dependency was found. File is of type 'feature/query_builder'. Dependency is of type 'other'  boundaries/element-types

/Users/ryan/projects/metabase/frontend/src/metabase/query_builder/components/view/View/NotebookContainer/NotebookNativePreview.tsx
  4:30  error  No rule allowing this dependency was found. File is of type 'feature/query_builder'. Dependency is of type 'other'  boundaries/element-types
  6:29  error  No rule allowing this dependency was found. File is of type 'feature/query_builder'. Dependency is of type 'other'  boundaries/element-types

/Users/ryan/projects/metabase/frontend/src/metabase/query_builder/components/view/View/StructuredQueryRightSidebar/StructuredQueryRightSidebar.jsx
  3:43  error  No rule allowing this dependency was found. File is of type 'feature/query_builder'. Dependency is of type 'other'  boundaries/element-types

/Users/ryan/projects/metabase/frontend/src/metabase/query_builder/components/view/View/View/View.jsx
   9:35  error  No rule allowing this dependency was found. File is of type 'feature/query_builder'. Dependency is of type 'other'  boundaries/element-types
  13:16  error  No rule allowing this dependency was found. File is of type 'feature/query_builder'. Dependency is of type 'other'  boundaries/element-types
  14:27  error  No rule allowing this dependency was found. File is of type 'feature/query_builder'. Dependency is of type 'other'  boundaries/element-types
  15:23  error  No rule allowing this dependency was found. File is of type 'feature/query_builder'. Dependency is of type 'other'  boundaries/element-types
  16:23  error  No rule allowing this dependency was found. File is of type 'feature/query_builder'. Dependency is of type 'other'  boundaries/element-types
  22:31  error  No rule allowing this dependency was found. File is of type 'feature/query_builder'. Dependency is of type 'other'  boundaries/element-types
  24:22  error  No rule allowing this dependency was found. File is of type 'feature/query_builder'. Dependency is of type 'other'  boundaries/element-types
  25:22  error  No rule allowing this dependency was found. File is of type 'feature/query_builder'. Dependency is of type 'other'  boundaries/element-types

/Users/ryan/projects/metabase/frontend/src/metabase/query_builder/components/view/View/ViewHeaderContainer/ViewHeaderContainer.jsx
  4:38  error  No rule allowing this dependency was found. File is of type 'feature/query_builder'. Dependency is of type 'other'  boundaries/element-types
  5:16  error  No rule allowing this dependency was found. File is of type 'feature/query_builder'. Dependency is of type 'other'  boundaries/element-types
  6:39  error  No rule allowing this dependency was found. File is of type 'feature/query_builder'. Dependency is of type 'other'  boundaries/element-types
  7:22  error  No rule allowing this dependency was found. File is of type 'feature/query_builder'. Dependency is of type 'other'  boundaries/element-types

/Users/ryan/projects/metabase/frontend/src/metabase/query_builder/components/view/View/ViewMainContainer/ViewMainContainer.tsx
   5:16  error  No rule allowing this dependency was found. File is of type 'feature/query_builder'. Dependency is of type 'other'  boundaries/element-types
  12:37  error  No rule allowing this dependency was found. File is of type 'feature/query_builder'. Dependency is of type 'other'  boundaries/element-types
  14:21  error  No rule allowing this dependency was found. File is of type 'feature/query_builder'. Dependency is of type 'other'  boundaries/element-types
  16:22  error  No rule allowing this dependency was found. File is of type 'feature/query_builder'. Dependency is of type 'other'  boundaries/element-types

/Users/ryan/projects/metabase/frontend/src/metabase/query_builder/components/view/View/ViewNativeQueryEditor/ViewNativeQueryEditor.tsx
   9:37  error  No rule allowing this dependency was found. File is of type 'feature/query_builder'. Dependency is of type 'other'  boundaries/element-types
  10:54  error  No rule allowing this dependency was found. File is of type 'feature/query_builder'. Dependency is of type 'other'  boundaries/element-types
  11:21  error  No rule allowing this dependency was found. File is of type 'feature/query_builder'. Dependency is of type 'other'  boundaries/element-types
  12:22  error  No rule allowing this dependency was found. File is of type 'feature/query_builder'. Dependency is of type 'other'  boundaries/element-types

/Users/ryan/projects/metabase/frontend/src/metabase/query_builder/components/view/View/ViewRightSidebarContainer/ViewRightSidebarContainer.jsx
  4:22  error  No rule allowing this dependency was found. File is of type 'feature/query_builder'. Dependency is of type 'other'  boundaries/element-types

/Users/ryan/projects/metabase/frontend/src/metabase/query_builder/components/view/ViewButton.tsx
  5:33  error  No rule allowing this dependency was found. File is of type 'feature/query_builder'. Dependency is of type 'other'  boundaries/element-types

/Users/ryan/projects/metabase/frontend/src/metabase/query_builder/components/view/ViewFooter/CenterViewFooterButtonGroup.tsx
  1:16  error  No rule allowing this dependency was found. File is of type 'feature/query_builder'. Dependency is of type 'other'  boundaries/element-types
  4:31  error  No rule allowing this dependency was found. File is of type 'feature/query_builder'. Dependency is of type 'other'  boundaries/element-types

/Users/ryan/projects/metabase/frontend/src/metabase/query_builder/components/view/ViewFooter/LeftViewFooterButtonGroup.tsx
   5:16  error  No rule allowing this dependency was found. File is of type 'feature/query_builder'. Dependency is of type 'other'  boundaries/element-types
   7:37  error  No rule allowing this dependency was found. File is of type 'feature/query_builder'. Dependency is of type 'other'  boundaries/element-types
  15:44  error  No rule allowing this dependency was found. File is of type 'feature/query_builder'. Dependency is of type 'other'  boundaries/element-types
  16:23  error  No rule allowing this dependency was found. File is of type 'feature/query_builder'. Dependency is of type 'other'  boundaries/element-types

/Users/ryan/projects/metabase/frontend/src/metabase/query_builder/components/view/ViewFooter/RightViewFooterButtonGroup.tsx
   3:16  error  No rule allowing this dependency was found. File is of type 'feature/query_builder'. Dependency is of type 'other'  boundaries/element-types
   9:8   error  No rule allowing this dependency was found. File is of type 'feature/query_builder'. Dependency is of type 'other'  boundaries/element-types
  11:23  error  No rule allowing this dependency was found. File is of type 'feature/query_builder'. Dependency is of type 'other'  boundaries/element-types

/Users/ryan/projects/metabase/frontend/src/metabase/query_builder/components/view/ViewFooter/ViewFooter.tsx
   3:16  error  No rule allowing this dependency was found. File is of type 'feature/query_builder'. Dependency is of type 'other'  boundaries/element-types
   9:8   error  No rule allowing this dependency was found. File is of type 'feature/query_builder'. Dependency is of type 'other'  boundaries/element-types
  10:28  error  No rule allowing this dependency was found. File is of type 'feature/query_builder'. Dependency is of type 'other'  boundaries/element-types
  11:22  error  No rule allowing this dependency was found. File is of type 'feature/query_builder'. Dependency is of type 'other'  boundaries/element-types

/Users/ryan/projects/metabase/frontend/src/metabase/query_builder/components/view/ViewFooter/ViewFooterDownloadWidget.tsx
   3:16  error  No rule allowing this dependency was found. File is of type 'feature/query_builder'. Dependency is of type 'other'  boundaries/element-types
  10:8   error  No rule allowing this dependency was found. File is of type 'feature/query_builder'. Dependency is of type 'other'  boundaries/element-types

/Users/ryan/projects/metabase/frontend/src/metabase/query_builder/components/view/ViewHeader/ViewTitleHeader.tsx
  7:37  error  No rule allowing this dependency was found. File is of type 'feature/query_builder'. Dependency is of type 'other'  boundaries/element-types
  8:22  error  No rule allowing this dependency was found. File is of type 'feature/query_builder'. Dependency is of type 'other'  boundaries/element-types

/Users/ryan/projects/metabase/frontend/src/metabase/query_builder/components/view/ViewHeader/components/AdHocQuestionDescription/AdHocQuestionDescription.tsx
  4:16  error  No rule allowing this dependency was found. File is of type 'feature/query_builder'. Dependency is of type 'other'  boundaries/element-types
  5:22  error  No rule allowing this dependency was found. File is of type 'feature/query_builder'. Dependency is of type 'other'  boundaries/element-types

/Users/ryan/projects/metabase/frontend/src/metabase/query_builder/components/view/ViewHeader/components/AdHocQuestionLeftSide/AdHocQuestionLeftSide.tsx
  4:37  error  No rule allowing this dependency was found. File is of type 'feature/query_builder'. Dependency is of type 'other'  boundaries/element-types
  5:29  error  No rule allowing this dependency was found. File is of type 'feature/query_builder'. Dependency is of type 'other'  boundaries/element-types
  6:27  error  No rule allowing this dependency was found. File is of type 'feature/query_builder'. Dependency is of type 'other'  boundaries/element-types
  7:22  error  No rule allowing this dependency was found. File is of type 'feature/query_builder'. Dependency is of type 'other'  boundaries/element-types

/Users/ryan/projects/metabase/frontend/src/metabase/query_builder/components/view/ViewHeader/components/FilterHeaderButton.tsx
   7:37  error  No rule allowing this dependency was found. File is of type 'feature/query_builder'. Dependency is of type 'other'  boundaries/element-types
  12:48  error  No rule allowing this dependency was found. File is of type 'feature/query_builder'. Dependency is of type 'other'  boundaries/element-types
  13:22  error  No rule allowing this dependency was found. File is of type 'feature/query_builder'. Dependency is of type 'other'  boundaries/element-types

/Users/ryan/projects/metabase/frontend/src/metabase/query_builder/components/view/ViewHeader/components/HeaderBreadcrumbs/HeaderBreadcrumbs.tsx
  11:27  error  No rule allowing this dependency was found. File is of type 'feature/query_builder'. Dependency is of type 'other'  boundaries/element-types

/Users/ryan/projects/metabase/frontend/src/metabase/query_builder/components/view/ViewHeader/components/QueryBuilderBackButton/QueryBuilderBackButton.tsx
  8:33  error  No rule allowing this dependency was found. File is of type 'feature/query_builder'. Dependency is of type 'other'  boundaries/element-types
  9:65  error  No rule allowing this dependency was found. File is of type 'feature/query_builder'. Dependency is of type 'other'  boundaries/element-types

/Users/ryan/projects/metabase/frontend/src/metabase/query_builder/components/view/ViewHeader/components/QuestionActions/QuestionActions.tsx
   9:37  error  No rule allowing this dependency was found. File is of type 'feature/query_builder'. Dependency is of type 'other'  boundaries/element-types
  10:36  error  No rule allowing this dependency was found. File is of type 'feature/query_builder'. Dependency is of type 'other'  boundaries/element-types
  12:37  error  No rule allowing this dependency was found. File is of type 'feature/query_builder'. Dependency is of type 'other'  boundaries/element-types
  13:28  error  No rule allowing this dependency was found. File is of type 'feature/query_builder'. Dependency is of type 'other'  boundaries/element-types
  14:42  error  No rule allowing this dependency was found. File is of type 'feature/query_builder'. Dependency is of type 'other'  boundaries/element-types

/Users/ryan/projects/metabase/frontend/src/metabase/query_builder/components/view/ViewHeader/components/QuestionActions/QuestionMoreActionsMenu/QuestionAlertsMenuItem.tsx
  3:54  error  No rule allowing this dependency was found. File is of type 'feature/query_builder'. Dependency is of type 'other'  boundaries/element-types
  4:45  error  No rule allowing this dependency was found. File is of type 'feature/query_builder'. Dependency is of type 'other'  boundaries/element-types

/Users/ryan/projects/metabase/frontend/src/metabase/query_builder/components/view/ViewHeader/components/QuestionActions/QuestionMoreActionsMenu/QuestionMoreActionsMenu.tsx
   5:47  error  No rule allowing this dependency was found. File is of type 'feature/query_builder'. Dependency is of type 'other'  boundaries/element-types
   9:37  error  No rule allowing this dependency was found. File is of type 'feature/query_builder'. Dependency is of type 'other'  boundaries/element-types
  10:35  error  No rule allowing this dependency was found. File is of type 'feature/query_builder'. Dependency is of type 'other'  boundaries/element-types
  17:43  error  No rule allowing this dependency was found. File is of type 'feature/query_builder'. Dependency is of type 'other'  boundaries/element-types
  23:8   error  No rule allowing this dependency was found. File is of type 'feature/query_builder'. Dependency is of type 'other'  boundaries/element-types
  24:45  error  No rule allowing this dependency was found. File is of type 'feature/query_builder'. Dependency is of type 'other'  boundaries/element-types
  28:8   error  No rule allowing this dependency was found. File is of type 'feature/query_builder'. Dependency is of type 'other'  boundaries/element-types
  29:28  error  No rule allowing this dependency was found. File is of type 'feature/query_builder'. Dependency is of type 'other'  boundaries/element-types
  30:22  error  No rule allowing this dependency was found. File is of type 'feature/query_builder'. Dependency is of type 'other'  boundaries/element-types

/Users/ryan/projects/metabase/frontend/src/metabase/query_builder/components/view/ViewHeader/components/QuestionActions/QuestionMoreActionsMenu/tests/setup.tsx
  11:40  error  No rule allowing this dependency was found. File is of type 'feature/query_builder'. Dependency is of type 'other'  boundaries/element-types

/Users/ryan/projects/metabase/frontend/src/metabase/query_builder/components/view/ViewHeader/components/QuestionDataSource/QuestionDataSource.tsx
  1:22  error  No rule allowing this dependency was found. File is of type 'feature/query_builder'. Dependency is of type 'other'  boundaries/element-types

/Users/ryan/projects/metabase/frontend/src/metabase/query_builder/components/view/ViewHeader/components/QuestionDataSource/SourceDatasetBreadcrumbs.tsx
  4:50  error  No rule allowing this dependency was found. File is of type 'feature/query_builder'. Dependency is of type 'other'  boundaries/element-types
  6:25  error  No rule allowing this dependency was found. File is of type 'feature/query_builder'. Dependency is of type 'other'  boundaries/element-types

/Users/ryan/projects/metabase/frontend/src/metabase/query_builder/components/view/ViewHeader/components/QuestionDataSource/SourceQuestionBreadcrumbs.tsx
  3:44  error  No rule allowing this dependency was found. File is of type 'feature/query_builder'. Dependency is of type 'other'  boundaries/element-types
  5:29  error  No rule allowing this dependency was found. File is of type 'feature/query_builder'. Dependency is of type 'other'  boundaries/element-types
  6:22  error  No rule allowing this dependency was found. File is of type 'feature/query_builder'. Dependency is of type 'other'  boundaries/element-types

/Users/ryan/projects/metabase/frontend/src/metabase/query_builder/components/view/ViewHeader/components/QuestionDataSource/utils.tsx
  5:27  error  No rule allowing this dependency was found. File is of type 'feature/query_builder'. Dependency is of type 'other'  boundaries/element-types
  7:31  error  No rule allowing this dependency was found. File is of type 'feature/query_builder'. Dependency is of type 'other'  boundaries/element-types
  8:22  error  No rule allowing this dependency was found. File is of type 'feature/query_builder'. Dependency is of type 'other'  boundaries/element-types

/Users/ryan/projects/metabase/frontend/src/metabase/query_builder/components/view/ViewHeader/components/QuestionFiltersHeader/QuestionFiltersHeader.tsx
  2:22  error  No rule allowing this dependency was found. File is of type 'feature/query_builder'. Dependency is of type 'other'  boundaries/element-types

/Users/ryan/projects/metabase/frontend/src/metabase/query_builder/components/view/ViewHeader/components/QuestionNotebookButton/QuestionNotebookButton.tsx
  3:37  error  No rule allowing this dependency was found. File is of type 'feature/query_builder'. Dependency is of type 'other'  boundaries/element-types
  4:30  error  No rule allowing this dependency was found. File is of type 'feature/query_builder'. Dependency is of type 'other'  boundaries/element-types
  5:22  error  No rule allowing this dependency was found. File is of type 'feature/query_builder'. Dependency is of type 'other'  boundaries/element-types

/Users/ryan/projects/metabase/frontend/src/metabase/query_builder/components/view/ViewHeader/components/QuestionSummarizeWidget.jsx
  5:37  error  No rule allowing this dependency was found. File is of type 'feature/query_builder'. Dependency is of type 'other'  boundaries/element-types
  6:30  error  No rule allowing this dependency was found. File is of type 'feature/query_builder'. Dependency is of type 'other'  boundaries/element-types
  7:22  error  No rule allowing this dependency was found. File is of type 'feature/query_builder'. Dependency is of type 'other'  boundaries/element-types

/Users/ryan/projects/metabase/frontend/src/metabase/query_builder/components/view/ViewHeader/components/SavedQuestionLeftSide/SavedQuestionLeftSide.tsx
  7:27  error  No rule allowing this dependency was found. File is of type 'feature/query_builder'. Dependency is of type 'other'  boundaries/element-types

/Users/ryan/projects/metabase/frontend/src/metabase/query_builder/components/view/ViewHeader/components/SavedQuestionLeftSide/ViewOnly.tsx
  3:50  error  No rule allowing this dependency was found. File is of type 'feature/query_builder'. Dependency is of type 'other'  boundaries/element-types
  4:22  error  No rule allowing this dependency was found. File is of type 'feature/query_builder'. Dependency is of type 'other'  boundaries/element-types

/Users/ryan/projects/metabase/frontend/src/metabase/query_builder/components/view/ViewHeader/components/SavedQuestionLeftSide/hooks.ts
  2:39  error  No rule allowing this dependency was found. File is of type 'feature/query_builder'. Dependency is of type 'other'  boundaries/element-types
  3:22  error  No rule allowing this dependency was found. File is of type 'feature/query_builder'. Dependency is of type 'other'  boundaries/element-types

/Users/ryan/projects/metabase/frontend/src/metabase/query_builder/components/view/ViewHeader/components/ToggleNativeQueryPreview/ToggleNativeQueryPreview.tsx
   3:37  error  No rule allowing this dependency was found. File is of type 'feature/query_builder'. Dependency is of type 'other'  boundaries/element-types
   9:49  error  No rule allowing this dependency was found. File is of type 'feature/query_builder'. Dependency is of type 'other'  boundaries/element-types
  11:31  error  No rule allowing this dependency was found. File is of type 'feature/query_builder'. Dependency is of type 'other'  boundaries/element-types
  12:30  error  No rule allowing this dependency was found. File is of type 'feature/query_builder'. Dependency is of type 'other'  boundaries/element-types

/Users/ryan/projects/metabase/frontend/src/metabase/query_builder/components/view/ViewHeader/components/ViewTitleHeaderRightSide/ViewTitleHeaderRightSide.tsx
   6:16  error  No rule allowing this dependency was found. File is of type 'feature/query_builder'. Dependency is of type 'other'  boundaries/element-types
   7:37  error  No rule allowing this dependency was found. File is of type 'feature/query_builder'. Dependency is of type 'other'  boundaries/element-types
   9:30  error  No rule allowing this dependency was found. File is of type 'feature/query_builder'. Dependency is of type 'other'  boundaries/element-types
  10:37  error  No rule allowing this dependency was found. File is of type 'feature/query_builder'. Dependency is of type 'other'  boundaries/element-types
  11:43  error  No rule allowing this dependency was found. File is of type 'feature/query_builder'. Dependency is of type 'other'  boundaries/element-types
  14:37  error  No rule allowing this dependency was found. File is of type 'feature/query_builder'. Dependency is of type 'other'  boundaries/element-types
  15:29  error  No rule allowing this dependency was found. File is of type 'feature/query_builder'. Dependency is of type 'other'  boundaries/element-types
  16:44  error  No rule allowing this dependency was found. File is of type 'feature/query_builder'. Dependency is of type 'other'  boundaries/element-types
  17:22  error  No rule allowing this dependency was found. File is of type 'feature/query_builder'. Dependency is of type 'other'  boundaries/element-types

/Users/ryan/projects/metabase/frontend/src/metabase/query_builder/components/view/ViewHeader/utils.ts
  1:22  error  No rule allowing this dependency was found. File is of type 'feature/query_builder'. Dependency is of type 'other'  boundaries/element-types

/Users/ryan/projects/metabase/frontend/src/metabase/query_builder/components/view/ViewSection.tsx
  5:16  error  No rule allowing this dependency was found. File is of type 'feature/query_builder'. Dependency is of type 'other'  boundaries/element-types
  6:38  error  No rule allowing this dependency was found. File is of type 'feature/query_builder'. Dependency is of type 'other'  boundaries/element-types

/Users/ryan/projects/metabase/frontend/src/metabase/query_builder/components/view/ViewSidebar/ViewSidebar.jsx
  4:21  error  No rule allowing this dependency was found. File is of type 'feature/query_builder'. Dependency is of type 'other'  boundaries/element-types

/Users/ryan/projects/metabase/frontend/src/metabase/query_builder/components/view/sidebars/ChartSettingsSidebar.tsx
   4:27  error  No rule allowing this dependency was found. File is of type 'feature/query_builder'. Dependency is of type 'other'  boundaries/element-types
   5:16  error  No rule allowing this dependency was found. File is of type 'feature/query_builder'. Dependency is of type 'other'  boundaries/element-types
  16:8   error  No rule allowing this dependency was found. File is of type 'feature/query_builder'. Dependency is of type 'other'  boundaries/element-types
  17:28  error  No rule allowing this dependency was found. File is of type 'feature/query_builder'. Dependency is of type 'other'  boundaries/element-types

/Users/ryan/projects/metabase/frontend/src/metabase/query_builder/components/view/sidebars/ChartTypeSidebar/ChartTypeSidebar.tsx
   5:16  error  No rule allowing this dependency was found. File is of type 'feature/query_builder'. Dependency is of type 'other'  boundaries/element-types
  21:22  error  No rule allowing this dependency was found. File is of type 'feature/query_builder'. Dependency is of type 'other'  boundaries/element-types

/Users/ryan/projects/metabase/frontend/src/metabase/query_builder/components/view/sidebars/DatasetManagementSection/DatasetMetadataStrengthIndicator/DatasetMetadataStrengthIndicator.tsx
  5:16  error  No rule allowing this dependency was found. File is of type 'feature/query_builder'. Dependency is of type 'other'  boundaries/element-types
  6:30  error  No rule allowing this dependency was found. File is of type 'feature/query_builder'. Dependency is of type 'other'  boundaries/element-types

/Users/ryan/projects/metabase/frontend/src/metabase/query_builder/components/view/sidebars/ModelCacheManagementSection/ModelCacheManagementSection.tsx
   7:8   error  No rule allowing this dependency was found. File is of type 'feature/query_builder'. Dependency is of type 'other'  boundaries/element-types
   9:42  error  No rule allowing this dependency was found. File is of type 'feature/query_builder'. Dependency is of type 'other'  boundaries/element-types
  10:41  error  No rule allowing this dependency was found. File is of type 'feature/query_builder'. Dependency is of type 'other'  boundaries/element-types

/Users/ryan/projects/metabase/frontend/src/metabase/query_builder/components/view/sidebars/QuestionInfoSidebar/QuestionDetails.tsx
   5:49  error  No rule allowing this dependency was found. File is of type 'feature/query_builder'. Dependency is of type 'other'  boundaries/element-types
   6:35  error  No rule allowing this dependency was found. File is of type 'feature/query_builder'. Dependency is of type 'other'  boundaries/element-types
  10:20  error  No rule allowing this dependency was found. File is of type 'feature/query_builder'. Dependency is of type 'other'  boundaries/element-types
  11:43  error  No rule allowing this dependency was found. File is of type 'feature/query_builder'. Dependency is of type 'other'  boundaries/element-types
  13:29  error  No rule allowing this dependency was found. File is of type 'feature/query_builder'. Dependency is of type 'other'  boundaries/element-types
  14:64  error  No rule allowing this dependency was found. File is of type 'feature/query_builder'. Dependency is of type 'other'  boundaries/element-types

/Users/ryan/projects/metabase/frontend/src/metabase/query_builder/components/view/sidebars/QuestionInfoSidebar/QuestionInfoSidebar.tsx
   6:47  error  No rule allowing this dependency was found. File is of type 'feature/query_builder'. Dependency is of type 'other'              boundaries/element-types
  18:35  error  No rule allowing this dependency was found. File is of type 'feature/query_builder'. Dependency is of type 'feature/dashboard'  boundaries/element-types
  21:35  error  No rule allowing this dependency was found. File is of type 'feature/query_builder'. Dependency is of type 'other'              boundaries/element-types
  24:41  error  No rule allowing this dependency was found. File is of type 'feature/query_builder'. Dependency is of type 'other'              boundaries/element-types

/Users/ryan/projects/metabase/frontend/src/metabase/query_builder/components/view/sidebars/QuestionInfoSidebar/components/ModelUsageDetails.tsx
  3:35  error  No rule allowing this dependency was found. File is of type 'feature/query_builder'. Dependency is of type 'other'  boundaries/element-types
  6:25  error  No rule allowing this dependency was found. File is of type 'feature/query_builder'. Dependency is of type 'other'  boundaries/element-types
  8:31  error  No rule allowing this dependency was found. File is of type 'feature/query_builder'. Dependency is of type 'other'  boundaries/element-types
  9:60  error  No rule allowing this dependency was found. File is of type 'feature/query_builder'. Dependency is of type 'other'  boundaries/element-types

/Users/ryan/projects/metabase/frontend/src/metabase/query_builder/components/view/sidebars/QuestionInfoSidebar/components/QuestionRelationshipsTab.tsx
  4:23  error  No rule allowing this dependency was found. File is of type 'feature/query_builder'. Dependency is of type 'other'  boundaries/element-types

/Users/ryan/projects/metabase/frontend/src/metabase/query_builder/components/view/sidebars/QuestionInfoSidebar/components/QuestionSources.tsx
  7:45  error  No rule allowing this dependency was found. File is of type 'feature/query_builder'. Dependency is of type 'other'  boundaries/element-types
  8:45  error  No rule allowing this dependency was found. File is of type 'feature/query_builder'. Dependency is of type 'other'  boundaries/element-types

/Users/ryan/projects/metabase/frontend/src/metabase/query_builder/components/view/sidebars/QuestionInfoSidebar/components/SidesheetCardWithFields.tsx
  5:35  error  No rule allowing this dependency was found. File is of type 'feature/query_builder'. Dependency is of type 'other'  boundaries/element-types
  6:22  error  No rule allowing this dependency was found. File is of type 'feature/query_builder'. Dependency is of type 'other'  boundaries/element-types

/Users/ryan/projects/metabase/frontend/src/metabase/query_builder/components/view/sidebars/QuestionInfoSidebar/components/TablesLinkedToQuestion.tsx
  6:45  error  No rule allowing this dependency was found. File is of type 'feature/query_builder'. Dependency is of type 'other'  boundaries/element-types
  7:41  error  No rule allowing this dependency was found. File is of type 'feature/query_builder'. Dependency is of type 'other'  boundaries/element-types

/Users/ryan/projects/metabase/frontend/src/metabase/query_builder/components/view/sidebars/QuestionInfoSidebar/components/ToggleFullList.tsx
  3:37  error  No rule allowing this dependency was found. File is of type 'feature/query_builder'. Dependency is of type 'other'  boundaries/element-types

/Users/ryan/projects/metabase/frontend/src/metabase/query_builder/components/view/sidebars/QuestionInfoSidebar/components/types.ts
  1:31  error  No rule allowing this dependency was found. File is of type 'feature/query_builder'. Dependency is of type 'other'  boundaries/element-types

/Users/ryan/projects/metabase/frontend/src/metabase/query_builder/components/view/sidebars/QuestionInfoSidebar/components/utils.tsx
  3:56  error  No rule allowing this dependency was found. File is of type 'feature/query_builder'. Dependency is of type 'other'  boundaries/element-types
  5:22  error  No rule allowing this dependency was found. File is of type 'feature/query_builder'. Dependency is of type 'other'  boundaries/element-types

/Users/ryan/projects/metabase/frontend/src/metabase/query_builder/components/view/sidebars/QuestionInfoSidebar/tests/setup.tsx
  16:30  error  No rule allowing this dependency was found. File is of type 'feature/query_builder'. Dependency is of type 'other'  boundaries/element-types
  17:29  error  No rule allowing this dependency was found. File is of type 'feature/query_builder'. Dependency is of type 'other'  boundaries/element-types

/Users/ryan/projects/metabase/frontend/src/metabase/query_builder/components/view/sidebars/QuestionSettingsSidebar/QuestionSettingsSidebar.tsx
   6:47  error  No rule allowing this dependency was found. File is of type 'feature/query_builder'. Dependency is of type 'other'  boundaries/element-types
   9:58  error  No rule allowing this dependency was found. File is of type 'feature/query_builder'. Dependency is of type 'other'  boundaries/element-types
  11:23  error  No rule allowing this dependency was found. File is of type 'feature/query_builder'. Dependency is of type 'other'  boundaries/element-types

/Users/ryan/projects/metabase/frontend/src/metabase/query_builder/components/view/sidebars/QuestionSettingsSidebar/tests/setup.tsx
  13:30  error  No rule allowing this dependency was found. File is of type 'feature/query_builder'. Dependency is of type 'other'  boundaries/element-types
  14:29  error  No rule allowing this dependency was found. File is of type 'feature/query_builder'. Dependency is of type 'other'  boundaries/element-types

/Users/ryan/projects/metabase/frontend/src/metabase/query_builder/components/view/sidebars/SummarizeSidebar/AddAggregationButton/AddAggregationButton.tsx
  7:34  error  No rule allowing this dependency was found. File is of type 'feature/query_builder'. Dependency is of type 'other'  boundaries/element-types
  8:22  error  No rule allowing this dependency was found. File is of type 'feature/query_builder'. Dependency is of type 'other'  boundaries/element-types

/Users/ryan/projects/metabase/frontend/src/metabase/query_builder/components/view/sidebars/SummarizeSidebar/AggregationItem/AggregationItem.tsx
  4:36  error  No rule allowing this dependency was found. File is of type 'feature/query_builder'. Dependency is of type 'other'  boundaries/element-types
  6:27  error  No rule allowing this dependency was found. File is of type 'feature/query_builder'. Dependency is of type 'other'  boundaries/element-types

/Users/ryan/projects/metabase/frontend/src/metabase/query_builder/components/view/sidebars/SummarizeSidebar/BreakoutColumnList/BreakoutColumnList.tsx
   6:42  error  No rule allowing this dependency was found. File is of type 'feature/query_builder'. Dependency is of type 'other'  boundaries/element-types
   7:27  error  No rule allowing this dependency was found. File is of type 'feature/query_builder'. Dependency is of type 'other'  boundaries/element-types
  12:33  error  No rule allowing this dependency was found. File is of type 'feature/query_builder'. Dependency is of type 'other'  boundaries/element-types
  13:22  error  No rule allowing this dependency was found. File is of type 'feature/query_builder'. Dependency is of type 'other'  boundaries/element-types

/Users/ryan/projects/metabase/frontend/src/metabase/query_builder/components/view/sidebars/SummarizeSidebar/BreakoutColumnList/BreakoutColumnListItem/BreakoutColumnListItem.tsx
  13:25  error  No rule allowing this dependency was found. File is of type 'feature/query_builder'. Dependency is of type 'other'  boundaries/element-types
  14:42  error  No rule allowing this dependency was found. File is of type 'feature/query_builder'. Dependency is of type 'other'  boundaries/element-types
  15:22  error  No rule allowing this dependency was found. File is of type 'feature/query_builder'. Dependency is of type 'other'  boundaries/element-types

/Users/ryan/projects/metabase/frontend/src/metabase/query_builder/components/view/sidebars/SummarizeSidebar/BreakoutColumnList/types.ts
  1:27  error  No rule allowing this dependency was found. File is of type 'feature/query_builder'. Dependency is of type 'other'  boundaries/element-types

/Users/ryan/projects/metabase/frontend/src/metabase/query_builder/components/view/sidebars/SummarizeSidebar/BreakoutColumnList/util.ts
  1:22  error  No rule allowing this dependency was found. File is of type 'feature/query_builder'. Dependency is of type 'other'  boundaries/element-types

/Users/ryan/projects/metabase/frontend/src/metabase/query_builder/components/view/sidebars/SummarizeSidebar/SummarizeContent/SummarizeAggregationItemList.tsx
  5:40  error  No rule allowing this dependency was found. File is of type 'feature/query_builder'. Dependency is of type 'other'  boundaries/element-types
  6:22  error  No rule allowing this dependency was found. File is of type 'feature/query_builder'. Dependency is of type 'other'  boundaries/element-types

/Users/ryan/projects/metabase/frontend/src/metabase/query_builder/components/view/sidebars/SummarizeSidebar/SummarizeContent/SummarizeBreakoutColumnList.tsx
  4:54  error  No rule allowing this dependency was found. File is of type 'feature/query_builder'. Dependency is of type 'other'  boundaries/element-types

/Users/ryan/projects/metabase/frontend/src/metabase/query_builder/components/view/sidebars/SummarizeSidebar/SummarizeSidebar.tsx
  8:25  error  No rule allowing this dependency was found. File is of type 'feature/query_builder'. Dependency is of type 'other'  boundaries/element-types

/Users/ryan/projects/metabase/frontend/src/metabase/query_builder/components/view/sidebars/TimelineSidebar/TimelineSidebar.tsx
  6:37  error  No rule allowing this dependency was found. File is of type 'feature/query_builder'. Dependency is of type 'other'  boundaries/element-types
  7:29  error  No rule allowing this dependency was found. File is of type 'feature/query_builder'. Dependency is of type 'other'  boundaries/element-types
  8:27  error  No rule allowing this dependency was found. File is of type 'feature/query_builder'. Dependency is of type 'other'  boundaries/element-types

/Users/ryan/projects/metabase/frontend/src/metabase/query_builder/containers/QueryBuilder.tsx
  17:22  error  No rule allowing this dependency was found. File is of type 'feature/query_builder'. Dependency is of type 'other'  boundaries/element-types
  18:23  error  No rule allowing this dependency was found. File is of type 'feature/query_builder'. Dependency is of type 'other'  boundaries/element-types
  19:45  error  No rule allowing this dependency was found. File is of type 'feature/query_builder'. Dependency is of type 'other'  boundaries/element-types
  20:32  error  No rule allowing this dependency was found. File is of type 'feature/query_builder'. Dependency is of type 'other'  boundaries/element-types
  22:29  error  No rule allowing this dependency was found. File is of type 'feature/query_builder'. Dependency is of type 'other'  boundaries/element-types
  23:33  error  No rule allowing this dependency was found. File is of type 'feature/query_builder'. Dependency is of type 'other'  boundaries/element-types
  24:29  error  No rule allowing this dependency was found. File is of type 'feature/query_builder'. Dependency is of type 'other'  boundaries/element-types
  25:28  error  No rule allowing this dependency was found. File is of type 'feature/query_builder'. Dependency is of type 'other'  boundaries/element-types
  30:8   error  No rule allowing this dependency was found. File is of type 'feature/query_builder'. Dependency is of type 'other'  boundaries/element-types
  40:40  error  No rule allowing this dependency was found. File is of type 'feature/query_builder'. Dependency is of type 'other'  boundaries/element-types
  42:44  error  No rule allowing this dependency was found. File is of type 'feature/query_builder'. Dependency is of type 'other'  boundaries/element-types
  89:8   error  No rule allowing this dependency was found. File is of type 'feature/query_builder'. Dependency is of type 'other'  boundaries/element-types

/Users/ryan/projects/metabase/frontend/src/metabase/query_builder/containers/test-utils.tsx
  36:37  error  No rule allowing this dependency was found. File is of type 'feature/query_builder'. Dependency is of type 'other'  boundaries/element-types
  37:30  error  No rule allowing this dependency was found. File is of type 'feature/query_builder'. Dependency is of type 'other'  boundaries/element-types
  38:29  error  No rule allowing this dependency was found. File is of type 'feature/query_builder'. Dependency is of type 'other'  boundaries/element-types

/Users/ryan/projects/metabase/frontend/src/metabase/query_builder/containers/use-register-query-builder-metabot-context.tsx
   4:51  error  No rule allowing this dependency was found. File is of type 'feature/query_builder'. Dependency is of type 'other'  boundaries/element-types
   5:59  error  No rule allowing this dependency was found. File is of type 'feature/query_builder'. Dependency is of type 'other'  boundaries/element-types
  13:22  error  No rule allowing this dependency was found. File is of type 'feature/query_builder'. Dependency is of type 'other'  boundaries/element-types
  29:8   error  No rule allowing this dependency was found. File is of type 'feature/query_builder'. Dependency is of type 'other'  boundaries/element-types

/Users/ryan/projects/metabase/frontend/src/metabase/query_builder/hooks/types.ts
  1:27  error  No rule allowing this dependency was found. File is of type 'feature/query_builder'. Dependency is of type 'other'  boundaries/element-types

/Users/ryan/projects/metabase/frontend/src/metabase/query_builder/hooks/use-breakout-query-handlers.ts
  3:22  error  No rule allowing this dependency was found. File is of type 'feature/query_builder'. Dependency is of type 'other'  boundaries/element-types

/Users/ryan/projects/metabase/frontend/src/metabase/query_builder/hooks/use-default-query-aggregation.ts
  3:22  error  No rule allowing this dependency was found. File is of type 'feature/query_builder'. Dependency is of type 'other'  boundaries/element-types

/Users/ryan/projects/metabase/frontend/src/metabase/query_builder/hooks/use-sync-url-parameters.ts
  4:34  error  No rule allowing this dependency was found. File is of type 'feature/query_builder'. Dependency is of type 'other'  boundaries/element-types

/Users/ryan/projects/metabase/frontend/src/metabase/query_builder/reducers-typed.ts
  23:8  error  No rule allowing this dependency was found. File is of type 'other'. Dependency is of type 'feature/query_builder'  boundaries/element-types

/Users/ryan/projects/metabase/frontend/src/metabase/query_builder/reducers.js
   8:8  error  No rule allowing this dependency was found. File is of type 'other'. Dependency is of type 'feature/dashboard'      boundaries/element-types
  69:8  error  No rule allowing this dependency was found. File is of type 'other'. Dependency is of type 'feature/query_builder'  boundaries/element-types

/Users/ryan/projects/metabase/frontend/src/metabase/query_builder/selectors.js
  43:61  error  No rule allowing this dependency was found. File is of type 'other'. Dependency is of type 'feature/query_builder'  boundaries/element-types
  44:62  error  No rule allowing this dependency was found. File is of type 'other'. Dependency is of type 'feature/query_builder'  boundaries/element-types
  49:8   error  No rule allowing this dependency was found. File is of type 'other'. Dependency is of type 'feature/query_builder'  boundaries/element-types

/Users/ryan/projects/metabase/frontend/src/metabase/query_builder/selectors/mode.js
  3:29  error  No rule allowing this dependency was found. File is of type 'feature/query_builder'. Dependency is of type 'other'  boundaries/element-types

/Users/ryan/projects/metabase/frontend/src/metabase/query_builder/utils/get-aggregation-items.ts
  1:22  error  No rule allowing this dependency was found. File is of type 'feature/query_builder'. Dependency is of type 'other'  boundaries/element-types

/Users/ryan/projects/metabase/frontend/src/metabase/query_builder/utils/index.ts
  5:37  error  No rule allowing this dependency was found. File is of type 'feature/query_builder'. Dependency is of type 'other'  boundaries/element-types
  7:22  error  No rule allowing this dependency was found. File is of type 'feature/query_builder'. Dependency is of type 'other'  boundaries/element-types

/Users/ryan/projects/metabase/frontend/src/metabase/query_builder/utils/question.ts
  1:22  error  No rule allowing this dependency was found. File is of type 'feature/query_builder'. Dependency is of type 'other'  boundaries/element-types

/Users/ryan/projects/metabase/frontend/src/metabase/querying/drills/utils/column-extract-drill.tsx
   4:31  error  No rule allowing this dependency was found. File is of type 'shared/querying'. Dependency is of type 'feature/query_builder'  boundaries/element-types
   5:45  error  No rule allowing this dependency was found. File is of type 'shared/querying'. Dependency is of type 'other'                  boundaries/element-types
  12:22  error  No rule allowing this dependency was found. File is of type 'shared/querying'. Dependency is of type 'other'                  boundaries/element-types

/Users/ryan/projects/metabase/frontend/src/metabase/querying/drills/utils/column-filter-drill.tsx
  4:22  error  No rule allowing this dependency was found. File is of type 'shared/querying'. Dependency is of type 'other'  boundaries/element-types

/Users/ryan/projects/metabase/frontend/src/metabase/querying/drills/utils/combine-columns-drill.tsx
   4:31  error  No rule allowing this dependency was found. File is of type 'shared/querying'. Dependency is of type 'feature/query_builder'  boundaries/element-types
   5:32  error  No rule allowing this dependency was found. File is of type 'shared/querying'. Dependency is of type 'feature/query_builder'  boundaries/element-types
   6:51  error  No rule allowing this dependency was found. File is of type 'shared/querying'. Dependency is of type 'other'                  boundaries/element-types
   7:28  error  No rule allowing this dependency was found. File is of type 'shared/querying'. Dependency is of type 'other'                  boundaries/element-types
  12:22  error  No rule allowing this dependency was found. File is of type 'shared/querying'. Dependency is of type 'other'                  boundaries/element-types

/Users/ryan/projects/metabase/frontend/src/metabase/querying/drills/utils/constants.ts
  2:27  error  No rule allowing this dependency was found. File is of type 'shared/querying'. Dependency is of type 'other'  boundaries/element-types

/Users/ryan/projects/metabase/frontend/src/metabase/querying/drills/utils/distribution-drill.ts
  4:27  error  No rule allowing this dependency was found. File is of type 'shared/querying'. Dependency is of type 'other'  boundaries/element-types

/Users/ryan/projects/metabase/frontend/src/metabase/querying/drills/utils/filter-drill.tsx
  3:22  error  No rule allowing this dependency was found. File is of type 'shared/querying'. Dependency is of type 'other'  boundaries/element-types

/Users/ryan/projects/metabase/frontend/src/metabase/querying/drills/utils/fk-details-drill.ts
  4:27  error  No rule allowing this dependency was found. File is of type 'shared/querying'. Dependency is of type 'other'  boundaries/element-types

/Users/ryan/projects/metabase/frontend/src/metabase/querying/drills/utils/fk-filter-drill.ts
  10:27  error  No rule allowing this dependency was found. File is of type 'shared/querying'. Dependency is of type 'other'  boundaries/element-types

/Users/ryan/projects/metabase/frontend/src/metabase/querying/drills/utils/pivot-drill.tsx
   4:21  error  No rule allowing this dependency was found. File is of type 'shared/querying'. Dependency is of type 'other'  boundaries/element-types
  11:22  error  No rule allowing this dependency was found. File is of type 'shared/querying'. Dependency is of type 'other'  boundaries/element-types

/Users/ryan/projects/metabase/frontend/src/metabase/querying/drills/utils/pk-drill.ts
  4:27  error  No rule allowing this dependency was found. File is of type 'shared/querying'. Dependency is of type 'other'  boundaries/element-types

/Users/ryan/projects/metabase/frontend/src/metabase/querying/drills/utils/query-drill.ts
  1:27  error  No rule allowing this dependency was found. File is of type 'shared/querying'. Dependency is of type 'other'  boundaries/element-types
  3:43  error  No rule allowing this dependency was found. File is of type 'shared/querying'. Dependency is of type 'other'  boundaries/element-types
  4:22  error  No rule allowing this dependency was found. File is of type 'shared/querying'. Dependency is of type 'other'  boundaries/element-types

/Users/ryan/projects/metabase/frontend/src/metabase/querying/drills/utils/quick-filter-drill.tsx
  7:22  error  No rule allowing this dependency was found. File is of type 'shared/querying'. Dependency is of type 'other'  boundaries/element-types

/Users/ryan/projects/metabase/frontend/src/metabase/querying/drills/utils/sort-drill.ts
  7:27  error  No rule allowing this dependency was found. File is of type 'shared/querying'. Dependency is of type 'other'  boundaries/element-types

/Users/ryan/projects/metabase/frontend/src/metabase/querying/drills/utils/summarize-column-by-time-drill.ts
  4:27  error  No rule allowing this dependency was found. File is of type 'shared/querying'. Dependency is of type 'other'  boundaries/element-types

/Users/ryan/projects/metabase/frontend/src/metabase/querying/drills/utils/summarize-column-drill.ts
  7:27  error  No rule allowing this dependency was found. File is of type 'shared/querying'. Dependency is of type 'other'  boundaries/element-types

/Users/ryan/projects/metabase/frontend/src/metabase/querying/drills/utils/underlying-records-drill.ts
  9:27  error  No rule allowing this dependency was found. File is of type 'shared/querying'. Dependency is of type 'other'  boundaries/element-types

/Users/ryan/projects/metabase/frontend/src/metabase/querying/drills/utils/zoom-drill.ts
  3:27  error  No rule allowing this dependency was found. File is of type 'shared/querying'. Dependency is of type 'feature/query_builder'  boundaries/element-types
  5:27  error  No rule allowing this dependency was found. File is of type 'shared/querying'. Dependency is of type 'other'                  boundaries/element-types

/Users/ryan/projects/metabase/frontend/src/metabase/querying/drills/utils/zoom-in-binning-drill.ts
  4:27  error  No rule allowing this dependency was found. File is of type 'shared/querying'. Dependency is of type 'other'  boundaries/element-types

/Users/ryan/projects/metabase/frontend/src/metabase/querying/drills/utils/zoom-in-geographic-drill.ts
  2:27  error  No rule allowing this dependency was found. File is of type 'shared/querying'. Dependency is of type 'other'  boundaries/element-types

/Users/ryan/projects/metabase/frontend/src/metabase/querying/drills/utils/zoom-in-timeseries-drill.ts
  2:27  error  No rule allowing this dependency was found. File is of type 'shared/querying'. Dependency is of type 'other'  boundaries/element-types

/Users/ryan/projects/metabase/frontend/src/metabase/querying/editor/components/QueryEditor/NativeQueryPreviewSidebar/NativeQueryPreviewSidebar.tsx
  6:43  error  No rule allowing this dependency was found. File is of type 'shared/querying'. Dependency is of type 'other'  boundaries/element-types

/Users/ryan/projects/metabase/frontend/src/metabase/querying/editor/components/QueryEditor/NativeQuerySidebar/NativeQuerySidebar.tsx
  5:27  error  No rule allowing this dependency was found. File is of type 'shared/querying'. Dependency is of type 'feature/query_builder'  boundaries/element-types
  6:32  error  No rule allowing this dependency was found. File is of type 'shared/querying'. Dependency is of type 'feature/query_builder'  boundaries/element-types
  7:21  error  No rule allowing this dependency was found. File is of type 'shared/querying'. Dependency is of type 'other'                  boundaries/element-types

/Users/ryan/projects/metabase/frontend/src/metabase/querying/editor/components/QueryEditor/QueryEditor.tsx
  5:37  error  No rule allowing this dependency was found. File is of type 'shared/querying'. Dependency is of type 'other'  boundaries/element-types
  6:27  error  No rule allowing this dependency was found. File is of type 'shared/querying'. Dependency is of type 'other'  boundaries/element-types

/Users/ryan/projects/metabase/frontend/src/metabase/querying/editor/components/QueryEditor/QueryEditorBody/QueryEditorBody.tsx
  10:8   error  No rule allowing this dependency was found. File is of type 'shared/querying'. Dependency is of type 'feature/query_builder'  boundaries/element-types
  11:37  error  No rule allowing this dependency was found. File is of type 'shared/querying'. Dependency is of type 'other'                  boundaries/element-types
  14:21  error  No rule allowing this dependency was found. File is of type 'shared/querying'. Dependency is of type 'other'                  boundaries/element-types

/Users/ryan/projects/metabase/frontend/src/metabase/querying/editor/components/QueryEditor/QueryEditorVisualization/QueryEditorVisualization.tsx
  2:32  error  No rule allowing this dependency was found. File is of type 'shared/querying'. Dependency is of type 'feature/query_builder'  boundaries/element-types

/Users/ryan/projects/metabase/frontend/src/metabase/querying/editor/components/QueryEditor/ResizeHandle/ResizeHandle.tsx
  3:32  error  No rule allowing this dependency was found. File is of type 'shared/querying'. Dependency is of type 'other'  boundaries/element-types

/Users/ryan/projects/metabase/frontend/src/metabase/querying/editor/hooks/use-query-controls/use-query-controls.ts
  6:8   error  No rule allowing this dependency was found. File is of type 'shared/querying'. Dependency is of type 'feature/query_builder'  boundaries/element-types
  7:37  error  No rule allowing this dependency was found. File is of type 'shared/querying'. Dependency is of type 'other'                  boundaries/element-types
  8:22  error  No rule allowing this dependency was found. File is of type 'shared/querying'. Dependency is of type 'other'                  boundaries/element-types

/Users/ryan/projects/metabase/frontend/src/metabase/querying/editor/hooks/use-query-editor/use-query-editor.ts
  1:22  error  No rule allowing this dependency was found. File is of type 'shared/querying'. Dependency is of type 'other'  boundaries/element-types

/Users/ryan/projects/metabase/frontend/src/metabase/querying/editor/hooks/use-query-metadata/use-query-metadata.ts
  4:51  error  No rule allowing this dependency was found. File is of type 'shared/querying'. Dependency is of type 'other'  boundaries/element-types
  5:22  error  No rule allowing this dependency was found. File is of type 'shared/querying'. Dependency is of type 'other'  boundaries/element-types

/Users/ryan/projects/metabase/frontend/src/metabase/querying/editor/hooks/use-query-question/use-query-question.ts
  4:29  error  No rule allowing this dependency was found. File is of type 'shared/querying'. Dependency is of type 'other'  boundaries/element-types
  5:22  error  No rule allowing this dependency was found. File is of type 'shared/querying'. Dependency is of type 'other'  boundaries/element-types

/Users/ryan/projects/metabase/frontend/src/metabase/querying/editor/hooks/use-query-results/use-query-results.ts
  3:43  error  No rule allowing this dependency was found. File is of type 'shared/querying'. Dependency is of type 'other'  boundaries/element-types
  4:22  error  No rule allowing this dependency was found. File is of type 'shared/querying'. Dependency is of type 'other'  boundaries/element-types

/Users/ryan/projects/metabase/frontend/src/metabase/querying/editor/types.ts
  4:37  error  No rule allowing this dependency was found. File is of type 'shared/querying'. Dependency is of type 'feature/query_builder'  boundaries/element-types

/Users/ryan/projects/metabase/frontend/src/metabase/querying/expressions/clause.ts
  3:27  error  No rule allowing this dependency was found. File is of type 'shared/querying'. Dependency is of type 'other'  boundaries/element-types
  4:27  error  No rule allowing this dependency was found. File is of type 'shared/querying'. Dependency is of type 'other'  boundaries/element-types

/Users/ryan/projects/metabase/frontend/src/metabase/querying/expressions/compile-expression.ts
  1:22  error  No rule allowing this dependency was found. File is of type 'shared/querying'. Dependency is of type 'other'  boundaries/element-types

/Users/ryan/projects/metabase/frontend/src/metabase/querying/expressions/config.ts
  4:27  error  No rule allowing this dependency was found. File is of type 'shared/querying'. Dependency is of type 'other'  boundaries/element-types

/Users/ryan/projects/metabase/frontend/src/metabase/querying/expressions/diagnostics/diagnostics.ts
  1:27  error  No rule allowing this dependency was found. File is of type 'shared/querying'. Dependency is of type 'other'  boundaries/element-types

/Users/ryan/projects/metabase/frontend/src/metabase/querying/expressions/diagnostics/expression/check-arg-count.ts
  3:22  error  No rule allowing this dependency was found. File is of type 'shared/querying'. Dependency is of type 'other'  boundaries/element-types

/Users/ryan/projects/metabase/frontend/src/metabase/querying/expressions/diagnostics/expression/check-arg-validators.ts
  1:22  error  No rule allowing this dependency was found. File is of type 'shared/querying'. Dependency is of type 'other'  boundaries/element-types

/Users/ryan/projects/metabase/frontend/src/metabase/querying/expressions/diagnostics/expression/check-case-or-if-arg-count.ts
  3:22  error  No rule allowing this dependency was found. File is of type 'shared/querying'. Dependency is of type 'other'  boundaries/element-types

/Users/ryan/projects/metabase/frontend/src/metabase/querying/expressions/diagnostics/expression/check-comparison-operator-args.ts
  3:22  error  No rule allowing this dependency was found. File is of type 'shared/querying'. Dependency is of type 'other'  boundaries/element-types

/Users/ryan/projects/metabase/frontend/src/metabase/querying/expressions/diagnostics/expression/check-functions-for-expression-mode.ts
  1:22  error  No rule allowing this dependency was found. File is of type 'shared/querying'. Dependency is of type 'other'  boundaries/element-types

/Users/ryan/projects/metabase/frontend/src/metabase/querying/expressions/diagnostics/expression/check-known-functions.ts
  3:22  error  No rule allowing this dependency was found. File is of type 'shared/querying'. Dependency is of type 'other'  boundaries/element-types

/Users/ryan/projects/metabase/frontend/src/metabase/querying/expressions/diagnostics/expression/check-lib-diagnostics.ts
  1:22  error  No rule allowing this dependency was found. File is of type 'shared/querying'. Dependency is of type 'other'  boundaries/element-types

/Users/ryan/projects/metabase/frontend/src/metabase/querying/expressions/diagnostics/expression/check-supported-functions.ts
  3:22  error  No rule allowing this dependency was found. File is of type 'shared/querying'. Dependency is of type 'other'  boundaries/element-types

/Users/ryan/projects/metabase/frontend/src/metabase/querying/expressions/diagnostics/expression/index.ts
  1:27  error  No rule allowing this dependency was found. File is of type 'shared/querying'. Dependency is of type 'other'  boundaries/element-types

/Users/ryan/projects/metabase/frontend/src/metabase/querying/expressions/diagnostics/utils.ts
  1:27  error  No rule allowing this dependency was found. File is of type 'shared/querying'. Dependency is of type 'other'  boundaries/element-types

/Users/ryan/projects/metabase/frontend/src/metabase/querying/expressions/formatter/formatter.ts
  5:29  error  No rule allowing this dependency was found. File is of type 'shared/querying'. Dependency is of type 'other'  boundaries/element-types
  6:22  error  No rule allowing this dependency was found. File is of type 'shared/querying'. Dependency is of type 'other'  boundaries/element-types

/Users/ryan/projects/metabase/frontend/src/metabase/querying/expressions/formatter/utils.ts
  3:22  error  No rule allowing this dependency was found. File is of type 'shared/querying'. Dependency is of type 'other'  boundaries/element-types

/Users/ryan/projects/metabase/frontend/src/metabase/querying/expressions/help-text.ts
  1:27  error  No rule allowing this dependency was found. File is of type 'shared/querying'. Dependency is of type 'other'  boundaries/element-types
  2:27  error  No rule allowing this dependency was found. File is of type 'shared/querying'. Dependency is of type 'other'  boundaries/element-types

/Users/ryan/projects/metabase/frontend/src/metabase/querying/expressions/mode.ts
  3:22  error  No rule allowing this dependency was found. File is of type 'shared/querying'. Dependency is of type 'other'  boundaries/element-types

/Users/ryan/projects/metabase/frontend/src/metabase/querying/expressions/pratt/compiler.ts
  3:47  error  No rule allowing this dependency was found. File is of type 'shared/querying'. Dependency is of type 'other'  boundaries/element-types
  4:22  error  No rule allowing this dependency was found. File is of type 'shared/querying'. Dependency is of type 'other'  boundaries/element-types

/Users/ryan/projects/metabase/frontend/src/metabase/querying/expressions/resolver.ts
  4:22  error  No rule allowing this dependency was found. File is of type 'shared/querying'. Dependency is of type 'other'  boundaries/element-types

/Users/ryan/projects/metabase/frontend/src/metabase/querying/expressions/suggestions/aggregations.ts
  3:27  error  No rule allowing this dependency was found. File is of type 'shared/querying'. Dependency is of type 'other'  boundaries/element-types

/Users/ryan/projects/metabase/frontend/src/metabase/querying/expressions/suggestions/fields.ts
  4:22  error  No rule allowing this dependency was found. File is of type 'shared/querying'. Dependency is of type 'other'  boundaries/element-types

/Users/ryan/projects/metabase/frontend/src/metabase/querying/expressions/suggestions/functions.ts
  3:27  error  No rule allowing this dependency was found. File is of type 'shared/querying'. Dependency is of type 'other'  boundaries/element-types

/Users/ryan/projects/metabase/frontend/src/metabase/querying/expressions/suggestions/metrics.ts
  3:22  error  No rule allowing this dependency was found. File is of type 'shared/querying'. Dependency is of type 'other'  boundaries/element-types

/Users/ryan/projects/metabase/frontend/src/metabase/querying/expressions/suggestions/segments.ts
  3:22  error  No rule allowing this dependency was found. File is of type 'shared/querying'. Dependency is of type 'other'  boundaries/element-types

/Users/ryan/projects/metabase/frontend/src/metabase/querying/expressions/suggestions/suggest.ts
  3:27  error  No rule allowing this dependency was found. File is of type 'shared/querying'. Dependency is of type 'other'  boundaries/element-types
  4:27  error  No rule allowing this dependency was found. File is of type 'shared/querying'. Dependency is of type 'other'  boundaries/element-types

/Users/ryan/projects/metabase/frontend/src/metabase/querying/expressions/suggestions/types.ts
  6:31  error  No rule allowing this dependency was found. File is of type 'shared/querying'. Dependency is of type 'other'  boundaries/element-types
  7:27  error  No rule allowing this dependency was found. File is of type 'shared/querying'. Dependency is of type 'other'  boundaries/element-types

/Users/ryan/projects/metabase/frontend/src/metabase/querying/expressions/test/shared.ts
  3:22  error  No rule allowing this dependency was found. File is of type 'shared/querying'. Dependency is of type 'other'  boundaries/element-types
  8:8   error  No rule allowing this dependency was found. File is of type 'shared/querying'. Dependency is of type 'other'  boundaries/element-types

/Users/ryan/projects/metabase/frontend/src/metabase/querying/expressions/test/utils.ts
  1:27  error  No rule allowing this dependency was found. File is of type 'shared/querying'. Dependency is of type 'other'  boundaries/element-types

/Users/ryan/projects/metabase/frontend/src/metabase/querying/expressions/types.ts
  1:27  error  No rule allowing this dependency was found. File is of type 'shared/querying'. Dependency is of type 'other'  boundaries/element-types

/Users/ryan/projects/metabase/frontend/src/metabase/querying/expressions/utils.ts
  1:22  error  No rule allowing this dependency was found. File is of type 'shared/querying'. Dependency is of type 'other'  boundaries/element-types

/Users/ryan/projects/metabase/frontend/src/metabase/querying/expressions/visitor.ts
  1:22  error  No rule allowing this dependency was found. File is of type 'shared/querying'. Dependency is of type 'other'  boundaries/element-types

/Users/ryan/projects/metabase/frontend/src/metabase/querying/fields/components/FieldPanel/FieldPanel.tsx
  5:60  error  No rule allowing this dependency was found. File is of type 'shared/querying'. Dependency is of type 'other'  boundaries/element-types
  6:27  error  No rule allowing this dependency was found. File is of type 'shared/querying'. Dependency is of type 'other'  boundaries/element-types

/Users/ryan/projects/metabase/frontend/src/metabase/querying/fields/components/FieldPanel/types.ts
  1:27  error  No rule allowing this dependency was found. File is of type 'shared/querying'. Dependency is of type 'other'  boundaries/element-types

/Users/ryan/projects/metabase/frontend/src/metabase/querying/fields/components/FieldPanel/utils.ts
  1:22  error  No rule allowing this dependency was found. File is of type 'shared/querying'. Dependency is of type 'other'  boundaries/element-types

/Users/ryan/projects/metabase/frontend/src/metabase/querying/filters/components/BooleanPicker/BooleanPicker.tsx
  5:44  error  No rule allowing this dependency was found. File is of type 'shared/querying'. Dependency is of type 'other'  boundaries/element-types

/Users/ryan/projects/metabase/frontend/src/metabase/querying/filters/components/DatePicker/DateOperatorPicker/DateOperatorPicker.tsx
  7:24  error  No rule allowing this dependency was found. File is of type 'shared/querying'. Dependency is of type 'other'  boundaries/element-types

/Users/ryan/projects/metabase/frontend/src/metabase/querying/filters/components/DatePicker/DatePicker.stories.tsx
   7:30  error  No rule allowing this dependency was found. File is of type 'shared/querying'. Dependency is of type 'other'  boundaries/element-types
  11:8   error  No rule allowing this dependency was found. File is of type 'shared/querying'. Dependency is of type 'other'  boundaries/element-types

/Users/ryan/projects/metabase/frontend/src/metabase/querying/filters/components/DatePicker/DateShortcutPicker/DateShortcutPicker.tsx
  10:38  error  No rule allowing this dependency was found. File is of type 'shared/querying'. Dependency is of type 'other'  boundaries/element-types

/Users/ryan/projects/metabase/frontend/src/metabase/querying/filters/components/DatePicker/ExcludeDatePicker/ExcludeDatePicker.tsx
  11:45  error  No rule allowing this dependency was found. File is of type 'shared/querying'. Dependency is of type 'other'  boundaries/element-types
  21:8   error  No rule allowing this dependency was found. File is of type 'shared/querying'. Dependency is of type 'other'  boundaries/element-types

/Users/ryan/projects/metabase/frontend/src/metabase/querying/filters/components/DatePicker/NumberInputWithFallbackValue/NumberInputWithFallbackValue.tsx
  3:39  error  No rule allowing this dependency was found. File is of type 'shared/querying'. Dependency is of type 'other'  boundaries/element-types
  4:29  error  No rule allowing this dependency was found. File is of type 'shared/querying'. Dependency is of type 'other'  boundaries/element-types

/Users/ryan/projects/metabase/frontend/src/metabase/querying/filters/components/DatePicker/RelativeDatePicker/CurrentDatePicker/CurrentDatePicker.tsx
  8:47  error  No rule allowing this dependency was found. File is of type 'shared/querying'. Dependency is of type 'other'  boundaries/element-types
  9:22  error  No rule allowing this dependency was found. File is of type 'shared/querying'. Dependency is of type 'other'  boundaries/element-types

/Users/ryan/projects/metabase/frontend/src/metabase/querying/filters/components/DatePicker/RelativeDatePicker/DateIntervalPicker/DateIntervalPicker.tsx
  17:8  error  No rule allowing this dependency was found. File is of type 'shared/querying'. Dependency is of type 'other'  boundaries/element-types

/Users/ryan/projects/metabase/frontend/src/metabase/querying/filters/components/DatePicker/RelativeDatePicker/DateIntervalPicker/SimpleDateIntervalPicker/SimpleDateIntervalPicker.tsx
  8:31  error  No rule allowing this dependency was found. File is of type 'shared/querying'. Dependency is of type 'other'  boundaries/element-types

/Users/ryan/projects/metabase/frontend/src/metabase/querying/filters/components/DatePicker/RelativeDatePicker/DateIntervalPicker/utils.ts
  5:22  error  No rule allowing this dependency was found. File is of type 'shared/querying'. Dependency is of type 'other'  boundaries/element-types

/Users/ryan/projects/metabase/frontend/src/metabase/querying/filters/components/DatePicker/RelativeDatePicker/DateOffsetIntervalPicker/DateOffsetIntervalPicker.tsx
  8:65  error  No rule allowing this dependency was found. File is of type 'shared/querying'. Dependency is of type 'other'  boundaries/element-types

/Users/ryan/projects/metabase/frontend/src/metabase/querying/filters/components/DatePicker/RelativeDatePicker/DateOffsetIntervalPicker/utils.ts
  9:22  error  No rule allowing this dependency was found. File is of type 'shared/querying'. Dependency is of type 'other'  boundaries/element-types

/Users/ryan/projects/metabase/frontend/src/metabase/querying/filters/components/DatePicker/RelativeDatePicker/IncludeCurrentSwitch/IncludeCurrentSwitch.tsx
  4:24  error  No rule allowing this dependency was found. File is of type 'shared/querying'. Dependency is of type 'other'  boundaries/element-types

/Users/ryan/projects/metabase/frontend/src/metabase/querying/filters/components/DatePicker/RelativeDatePicker/RelativeDatePicker.tsx
  8:61  error  No rule allowing this dependency was found. File is of type 'shared/querying'. Dependency is of type 'other'  boundaries/element-types

/Users/ryan/projects/metabase/frontend/src/metabase/querying/filters/components/DatePicker/RelativeDatePicker/utils.ts
  9:22  error  No rule allowing this dependency was found. File is of type 'shared/querying'. Dependency is of type 'other'  boundaries/element-types

/Users/ryan/projects/metabase/frontend/src/metabase/querying/filters/components/DatePicker/SimpleDatePicker/SimpleDatePicker.tsx
  11:31  error  No rule allowing this dependency was found. File is of type 'shared/querying'. Dependency is of type 'other'  boundaries/element-types

/Users/ryan/projects/metabase/frontend/src/metabase/querying/filters/components/DatePicker/SpecificDatePicker/DateRangePicker/DateRangePicker.tsx
  3:37  error  No rule allowing this dependency was found. File is of type 'shared/querying'. Dependency is of type 'other'  boundaries/element-types

/Users/ryan/projects/metabase/frontend/src/metabase/querying/filters/components/DatePicker/SpecificDatePicker/DateRangePicker/DateRangePickerBody/DateRangePickerBody.tsx
   5:38  error  No rule allowing this dependency was found. File is of type 'shared/querying'. Dependency is of type 'other'  boundaries/element-types
  13:8   error  No rule allowing this dependency was found. File is of type 'shared/querying'. Dependency is of type 'other'  boundaries/element-types

/Users/ryan/projects/metabase/frontend/src/metabase/querying/filters/components/DatePicker/SpecificDatePicker/DateRangePicker/SimpleDateRangePicker/SimpleDateRangePicker.tsx
  1:28  error  No rule allowing this dependency was found. File is of type 'shared/querying'. Dependency is of type 'other'  boundaries/element-types

/Users/ryan/projects/metabase/frontend/src/metabase/querying/filters/components/DatePicker/SpecificDatePicker/SingleDatePicker/SimpleSingleDatePicker/SimpleSingleDatePicker.tsx
  1:28  error  No rule allowing this dependency was found. File is of type 'shared/querying'. Dependency is of type 'other'  boundaries/element-types

/Users/ryan/projects/metabase/frontend/src/metabase/querying/filters/components/DatePicker/SpecificDatePicker/SingleDatePicker/SingleDatePicker.tsx
  3:37  error  No rule allowing this dependency was found. File is of type 'shared/querying'. Dependency is of type 'other'  boundaries/element-types

/Users/ryan/projects/metabase/frontend/src/metabase/querying/filters/components/DatePicker/SpecificDatePicker/SingleDatePicker/SingleDatePickerBody/SingleDatePickerBody.tsx
  6:57  error  No rule allowing this dependency was found. File is of type 'shared/querying'. Dependency is of type 'other'  boundaries/element-types

/Users/ryan/projects/metabase/frontend/src/metabase/querying/filters/components/DatePicker/SpecificDatePicker/SpecificDatePicker.tsx
  8:56  error  No rule allowing this dependency was found. File is of type 'shared/querying'. Dependency is of type 'other'  boundaries/element-types

/Users/ryan/projects/metabase/frontend/src/metabase/querying/filters/components/DatePicker/SpecificDatePicker/TimeToggle/TimeToggle.tsx
  3:34  error  No rule allowing this dependency was found. File is of type 'shared/querying'. Dependency is of type 'other'  boundaries/element-types
  4:30  error  No rule allowing this dependency was found. File is of type 'shared/querying'. Dependency is of type 'other'  boundaries/element-types

/Users/ryan/projects/metabase/frontend/src/metabase/querying/filters/components/DatePicker/utils.tsx
  3:24  error  No rule allowing this dependency was found. File is of type 'shared/querying'. Dependency is of type 'other'  boundaries/element-types

/Users/ryan/projects/metabase/frontend/src/metabase/querying/filters/components/FilterPanel/FilterPanel.tsx
  3:22  error  No rule allowing this dependency was found. File is of type 'shared/querying'. Dependency is of type 'other'  boundaries/element-types
  4:22  error  No rule allowing this dependency was found. File is of type 'shared/querying'. Dependency is of type 'other'  boundaries/element-types

/Users/ryan/projects/metabase/frontend/src/metabase/querying/filters/components/FilterPanel/FilterPanelPopover/FilterPanelPopover.tsx
  3:25  error  No rule allowing this dependency was found. File is of type 'shared/querying'. Dependency is of type 'other'  boundaries/element-types
  4:22  error  No rule allowing this dependency was found. File is of type 'shared/querying'. Dependency is of type 'other'  boundaries/element-types

/Users/ryan/projects/metabase/frontend/src/metabase/querying/filters/components/FilterPanel/FilterPill/FilterPill.tsx
  5:28  error  No rule allowing this dependency was found. File is of type 'shared/querying'. Dependency is of type 'other'  boundaries/element-types

/Users/ryan/projects/metabase/frontend/src/metabase/querying/filters/components/FilterPanel/types.ts
  1:27  error  No rule allowing this dependency was found. File is of type 'shared/querying'. Dependency is of type 'other'  boundaries/element-types

/Users/ryan/projects/metabase/frontend/src/metabase/querying/filters/components/FilterPanel/utils.ts
  1:22  error  No rule allowing this dependency was found. File is of type 'shared/querying'. Dependency is of type 'other'  boundaries/element-types

/Users/ryan/projects/metabase/frontend/src/metabase/querying/filters/components/FilterPicker/BooleanFilterPicker/BooleanFilterPicker.tsx
  5:21  error  No rule allowing this dependency was found. File is of type 'shared/querying'. Dependency is of type 'other'  boundaries/element-types
  6:22  error  No rule allowing this dependency was found. File is of type 'shared/querying'. Dependency is of type 'other'  boundaries/element-types

/Users/ryan/projects/metabase/frontend/src/metabase/querying/filters/components/FilterPicker/CoordinateFilterPicker/CoordinateColumnPicker/CoordinateColumnPicker.tsx
  3:30  error  No rule allowing this dependency was found. File is of type 'shared/querying'. Dependency is of type 'other'  boundaries/element-types
  4:31  error  No rule allowing this dependency was found. File is of type 'shared/querying'. Dependency is of type 'other'  boundaries/element-types
  5:27  error  No rule allowing this dependency was found. File is of type 'shared/querying'. Dependency is of type 'other'  boundaries/element-types

/Users/ryan/projects/metabase/frontend/src/metabase/querying/filters/components/FilterPicker/CoordinateFilterPicker/CoordinateColumnPicker/types.ts
  1:27  error  No rule allowing this dependency was found. File is of type 'shared/querying'. Dependency is of type 'other'  boundaries/element-types

/Users/ryan/projects/metabase/frontend/src/metabase/querying/filters/components/FilterPicker/CoordinateFilterPicker/CoordinateColumnPicker/utils.ts
  3:22  error  No rule allowing this dependency was found. File is of type 'shared/querying'. Dependency is of type 'other'  boundaries/element-types

/Users/ryan/projects/metabase/frontend/src/metabase/querying/filters/components/FilterPicker/CoordinateFilterPicker/CoordinateFilterPicker.tsx
   5:27  error  No rule allowing this dependency was found. File is of type 'shared/querying'. Dependency is of type 'other'  boundaries/element-types
  10:40  error  No rule allowing this dependency was found. File is of type 'shared/querying'. Dependency is of type 'other'  boundaries/element-types
  11:22  error  No rule allowing this dependency was found. File is of type 'shared/querying'. Dependency is of type 'other'  boundaries/element-types

/Users/ryan/projects/metabase/frontend/src/metabase/querying/filters/components/FilterPicker/DateFilterPicker/DateFilterPicker.tsx
  5:35  error  No rule allowing this dependency was found. File is of type 'shared/querying'. Dependency is of type 'other'  boundaries/element-types
  6:22  error  No rule allowing this dependency was found. File is of type 'shared/querying'. Dependency is of type 'other'  boundaries/element-types

/Users/ryan/projects/metabase/frontend/src/metabase/querying/filters/components/FilterPicker/DateFilterPicker/SimpleDateFilterPicker/SimpleDateFilterPicker.tsx
  4:27  error  No rule allowing this dependency was found. File is of type 'shared/querying'. Dependency is of type 'other'  boundaries/element-types

/Users/ryan/projects/metabase/frontend/src/metabase/querying/filters/components/FilterPicker/DefaultFilterPicker/DefaultFilterPicker.tsx
  5:35  error  No rule allowing this dependency was found. File is of type 'shared/querying'. Dependency is of type 'other'  boundaries/element-types
  6:22  error  No rule allowing this dependency was found. File is of type 'shared/querying'. Dependency is of type 'other'  boundaries/element-types

/Users/ryan/projects/metabase/frontend/src/metabase/querying/filters/components/FilterPicker/FilterColumnPicker/FilterColumnPicker.tsx
  14:27  error  No rule allowing this dependency was found. File is of type 'shared/querying'. Dependency is of type 'other'  boundaries/element-types
  21:34  error  No rule allowing this dependency was found. File is of type 'shared/querying'. Dependency is of type 'other'  boundaries/element-types
  22:22  error  No rule allowing this dependency was found. File is of type 'shared/querying'. Dependency is of type 'other'  boundaries/element-types

/Users/ryan/projects/metabase/frontend/src/metabase/querying/filters/components/FilterPicker/FilterOperatorPicker/FilterOperatorPicker.tsx
  3:36  error  No rule allowing this dependency was found. File is of type 'shared/querying'. Dependency is of type 'other'  boundaries/element-types

/Users/ryan/projects/metabase/frontend/src/metabase/querying/filters/components/FilterPicker/FilterPicker.tsx
  7:8   error  No rule allowing this dependency was found. File is of type 'shared/querying'. Dependency is of type 'feature/query_builder'  boundaries/element-types
  9:22  error  No rule allowing this dependency was found. File is of type 'shared/querying'. Dependency is of type 'other'                  boundaries/element-types

/Users/ryan/projects/metabase/frontend/src/metabase/querying/filters/components/FilterPicker/FilterPickerBody/FilterPickerBody.tsx
  3:21  error  No rule allowing this dependency was found. File is of type 'shared/querying'. Dependency is of type 'other'  boundaries/element-types
  4:22  error  No rule allowing this dependency was found. File is of type 'shared/querying'. Dependency is of type 'other'  boundaries/element-types

/Users/ryan/projects/metabase/frontend/src/metabase/querying/filters/components/FilterPicker/FilterPickerFooter/FilterPickerFooter.tsx
  4:27  error  No rule allowing this dependency was found. File is of type 'shared/querying'. Dependency is of type 'other'  boundaries/element-types

/Users/ryan/projects/metabase/frontend/src/metabase/querying/filters/components/FilterPicker/FilterPickerHeader/FilterPickerHeader.tsx
  3:41  error  No rule allowing this dependency was found. File is of type 'shared/querying'. Dependency is of type 'other'  boundaries/element-types

/Users/ryan/projects/metabase/frontend/src/metabase/querying/filters/components/FilterPicker/FilterSubmitButton/FilterSubmitButton.tsx
  3:48  error  No rule allowing this dependency was found. File is of type 'shared/querying'. Dependency is of type 'other'  boundaries/element-types

/Users/ryan/projects/metabase/frontend/src/metabase/querying/filters/components/FilterPicker/MultiStageFilterPicker/MultiStageFilterPicker.tsx
  3:22  error  No rule allowing this dependency was found. File is of type 'shared/querying'. Dependency is of type 'other'  boundaries/element-types

/Users/ryan/projects/metabase/frontend/src/metabase/querying/filters/components/FilterPicker/NumberFilterPicker/NumberFilterPicker.tsx
   5:27  error  No rule allowing this dependency was found. File is of type 'shared/querying'. Dependency is of type 'other'  boundaries/element-types
  10:33  error  No rule allowing this dependency was found. File is of type 'shared/querying'. Dependency is of type 'other'  boundaries/element-types
  11:22  error  No rule allowing this dependency was found. File is of type 'shared/querying'. Dependency is of type 'other'  boundaries/element-types

/Users/ryan/projects/metabase/frontend/src/metabase/querying/filters/components/FilterPicker/StringFilterPicker/StringFilterPicker.tsx
   9:56  error  No rule allowing this dependency was found. File is of type 'shared/querying'. Dependency is of type 'other'  boundaries/element-types
  10:22  error  No rule allowing this dependency was found. File is of type 'shared/querying'. Dependency is of type 'other'  boundaries/element-types

/Users/ryan/projects/metabase/frontend/src/metabase/querying/filters/components/FilterPicker/TimeFilterPicker/TimeFilterPicker.tsx
   9:44  error  No rule allowing this dependency was found. File is of type 'shared/querying'. Dependency is of type 'other'  boundaries/element-types
  10:22  error  No rule allowing this dependency was found. File is of type 'shared/querying'. Dependency is of type 'other'  boundaries/element-types

/Users/ryan/projects/metabase/frontend/src/metabase/querying/filters/components/FilterPicker/constants.ts
  1:36  error  No rule allowing this dependency was found. File is of type 'shared/querying'. Dependency is of type 'other'  boundaries/element-types

/Users/ryan/projects/metabase/frontend/src/metabase/querying/filters/components/FilterPicker/test-utils.ts
   5:30  error  No rule allowing this dependency was found. File is of type 'shared/querying'. Dependency is of type 'other'  boundaries/element-types
   6:29  error  No rule allowing this dependency was found. File is of type 'shared/querying'. Dependency is of type 'other'  boundaries/element-types
   7:22  error  No rule allowing this dependency was found. File is of type 'shared/querying'. Dependency is of type 'other'  boundaries/element-types
  11:8   error  No rule allowing this dependency was found. File is of type 'shared/querying'. Dependency is of type 'other'  boundaries/element-types

/Users/ryan/projects/metabase/frontend/src/metabase/querying/filters/components/FilterPicker/types.ts
  2:27  error  No rule allowing this dependency was found. File is of type 'shared/querying'. Dependency is of type 'other'  boundaries/element-types

/Users/ryan/projects/metabase/frontend/src/metabase/querying/filters/components/FilterValuePicker/FilterValuePicker.tsx
  5:40  error  No rule allowing this dependency was found. File is of type 'shared/querying'. Dependency is of type 'other'  boundaries/element-types
  6:29  error  No rule allowing this dependency was found. File is of type 'shared/querying'. Dependency is of type 'other'  boundaries/element-types
  7:41  error  No rule allowing this dependency was found. File is of type 'shared/querying'. Dependency is of type 'other'  boundaries/element-types
  8:52  error  No rule allowing this dependency was found. File is of type 'shared/querying'. Dependency is of type 'other'  boundaries/element-types
  9:22  error  No rule allowing this dependency was found. File is of type 'shared/querying'. Dependency is of type 'other'  boundaries/element-types

/Users/ryan/projects/metabase/frontend/src/metabase/querying/filters/components/FilterValuePicker/ListValuePicker/ListValuePicker.tsx
  5:56  error  No rule allowing this dependency was found. File is of type 'shared/querying'. Dependency is of type 'other'  boundaries/element-types

/Users/ryan/projects/metabase/frontend/src/metabase/querying/filters/components/FilterValuePicker/ListValuePicker/utils.ts
  1:35  error  No rule allowing this dependency was found. File is of type 'shared/querying'. Dependency is of type 'other'  boundaries/element-types

/Users/ryan/projects/metabase/frontend/src/metabase/querying/filters/components/FilterValuePicker/SearchValuePicker/SearchValuePicker.tsx
   8:8  error  No rule allowing this dependency was found. File is of type 'shared/querying'. Dependency is of type 'other'  boundaries/element-types
  16:8  error  No rule allowing this dependency was found. File is of type 'shared/querying'. Dependency is of type 'other'  boundaries/element-types

/Users/ryan/projects/metabase/frontend/src/metabase/querying/filters/components/FilterValuePicker/StaticValuePicker/StaticValuePicker.tsx
  3:55  error  No rule allowing this dependency was found. File is of type 'shared/querying'. Dependency is of type 'other'  boundaries/element-types

/Users/ryan/projects/metabase/frontend/src/metabase/querying/filters/components/FilterValuePicker/utils.ts
  3:35  error  No rule allowing this dependency was found. File is of type 'shared/querying'. Dependency is of type 'other'  boundaries/element-types
  4:44  error  No rule allowing this dependency was found. File is of type 'shared/querying'. Dependency is of type 'other'  boundaries/element-types
  5:22  error  No rule allowing this dependency was found. File is of type 'shared/querying'. Dependency is of type 'other'  boundaries/element-types

/Users/ryan/projects/metabase/frontend/src/metabase/querying/filters/components/MonthYearPicker/MonthYearPicker.tsx
  4:50  error  No rule allowing this dependency was found. File is of type 'shared/querying'. Dependency is of type 'other'  boundaries/element-types

/Users/ryan/projects/metabase/frontend/src/metabase/querying/filters/components/NumberFilterInput/NumberFilterInput.tsx
  4:47  error  No rule allowing this dependency was found. File is of type 'shared/querying'. Dependency is of type 'other'  boundaries/element-types
  5:48  error  No rule allowing this dependency was found. File is of type 'shared/querying'. Dependency is of type 'other'  boundaries/element-types

/Users/ryan/projects/metabase/frontend/src/metabase/querying/filters/components/QuarterYearPicker/QuarterYearPicker.tsx
  4:52  error  No rule allowing this dependency was found. File is of type 'shared/querying'. Dependency is of type 'other'  boundaries/element-types

/Users/ryan/projects/metabase/frontend/src/metabase/querying/filters/components/RelativeDateShortcutPicker/RelativeDateShortcutPicker.tsx
  4:59  error  No rule allowing this dependency was found. File is of type 'shared/querying'. Dependency is of type 'other'  boundaries/element-types

/Users/ryan/projects/metabase/frontend/src/metabase/querying/filters/components/TemporalUnitPicker/TemporalUnitPicker.tsx
  4:40  error  No rule allowing this dependency was found. File is of type 'shared/querying'. Dependency is of type 'other'  boundaries/element-types

/Users/ryan/projects/metabase/frontend/src/metabase/querying/filters/components/TimeseriesChrome/TimeseriesBucketPicker/TimeseriesBucketPicker.tsx
  4:39  error  No rule allowing this dependency was found. File is of type 'shared/querying'. Dependency is of type 'other'  boundaries/element-types
  5:22  error  No rule allowing this dependency was found. File is of type 'shared/querying'. Dependency is of type 'other'  boundaries/element-types

/Users/ryan/projects/metabase/frontend/src/metabase/querying/filters/components/TimeseriesChrome/TimeseriesChrome.tsx
  4:29  error  No rule allowing this dependency was found. File is of type 'shared/querying'. Dependency is of type 'other'  boundaries/element-types
  5:22  error  No rule allowing this dependency was found. File is of type 'shared/querying'. Dependency is of type 'other'  boundaries/element-types

/Users/ryan/projects/metabase/frontend/src/metabase/querying/filters/components/TimeseriesChrome/TimeseriesFilterPicker/TimeseriesFilterPicker.tsx
  4:39  error  No rule allowing this dependency was found. File is of type 'shared/querying'. Dependency is of type 'other'  boundaries/element-types
  5:22  error  No rule allowing this dependency was found. File is of type 'shared/querying'. Dependency is of type 'other'  boundaries/element-types

/Users/ryan/projects/metabase/frontend/src/metabase/querying/filters/components/TimeseriesChrome/utils.ts
  1:22  error  No rule allowing this dependency was found. File is of type 'shared/querying'. Dependency is of type 'other'  boundaries/element-types

/Users/ryan/projects/metabase/frontend/src/metabase/querying/filters/hooks/use-boolean-filter/use-boolean-filter.ts
  3:27  error  No rule allowing this dependency was found. File is of type 'shared/querying'. Dependency is of type 'other'  boundaries/element-types

/Users/ryan/projects/metabase/frontend/src/metabase/querying/filters/hooks/use-boolean-filter/utils.ts
  2:22  error  No rule allowing this dependency was found. File is of type 'shared/querying'. Dependency is of type 'other'  boundaries/element-types

/Users/ryan/projects/metabase/frontend/src/metabase/querying/filters/hooks/use-coordinate-filter/constants.ts
  1:27  error  No rule allowing this dependency was found. File is of type 'shared/querying'. Dependency is of type 'other'  boundaries/element-types

/Users/ryan/projects/metabase/frontend/src/metabase/querying/filters/hooks/use-coordinate-filter/types.ts
  2:27  error  No rule allowing this dependency was found. File is of type 'shared/querying'. Dependency is of type 'other'  boundaries/element-types

/Users/ryan/projects/metabase/frontend/src/metabase/querying/filters/hooks/use-coordinate-filter/use-coordinate-filter.ts
  3:22  error  No rule allowing this dependency was found. File is of type 'shared/querying'. Dependency is of type 'other'  boundaries/element-types

/Users/ryan/projects/metabase/frontend/src/metabase/querying/filters/hooks/use-coordinate-filter/utils.ts
  1:27  error  No rule allowing this dependency was found. File is of type 'shared/querying'. Dependency is of type 'other'  boundaries/element-types
  6:22  error  No rule allowing this dependency was found. File is of type 'shared/querying'. Dependency is of type 'other'  boundaries/element-types

/Users/ryan/projects/metabase/frontend/src/metabase/querying/filters/hooks/use-date-filter/use-date-filter.ts
  10:27  error  No rule allowing this dependency was found. File is of type 'shared/querying'. Dependency is of type 'other'  boundaries/element-types

/Users/ryan/projects/metabase/frontend/src/metabase/querying/filters/hooks/use-default-filter/constants.ts
  1:27  error  No rule allowing this dependency was found. File is of type 'shared/querying'. Dependency is of type 'other'  boundaries/element-types

/Users/ryan/projects/metabase/frontend/src/metabase/querying/filters/hooks/use-default-filter/types.ts
  2:27  error  No rule allowing this dependency was found. File is of type 'shared/querying'. Dependency is of type 'other'  boundaries/element-types

/Users/ryan/projects/metabase/frontend/src/metabase/querying/filters/hooks/use-default-filter/use-default-filter.ts
  3:22  error  No rule allowing this dependency was found. File is of type 'shared/querying'. Dependency is of type 'other'  boundaries/element-types

/Users/ryan/projects/metabase/frontend/src/metabase/querying/filters/hooks/use-default-filter/utils.ts
  5:22  error  No rule allowing this dependency was found. File is of type 'shared/querying'. Dependency is of type 'other'  boundaries/element-types

/Users/ryan/projects/metabase/frontend/src/metabase/querying/filters/hooks/use-number-filter/constants.ts
  1:27  error  No rule allowing this dependency was found. File is of type 'shared/querying'. Dependency is of type 'other'  boundaries/element-types

/Users/ryan/projects/metabase/frontend/src/metabase/querying/filters/hooks/use-number-filter/types.ts
  2:27  error  No rule allowing this dependency was found. File is of type 'shared/querying'. Dependency is of type 'other'  boundaries/element-types

/Users/ryan/projects/metabase/frontend/src/metabase/querying/filters/hooks/use-number-filter/use-number-filter.ts
  3:22  error  No rule allowing this dependency was found. File is of type 'shared/querying'. Dependency is of type 'other'  boundaries/element-types

/Users/ryan/projects/metabase/frontend/src/metabase/querying/filters/hooks/use-number-filter/utils.ts
  1:27  error  No rule allowing this dependency was found. File is of type 'shared/querying'. Dependency is of type 'other'  boundaries/element-types
  6:22  error  No rule allowing this dependency was found. File is of type 'shared/querying'. Dependency is of type 'other'  boundaries/element-types

/Users/ryan/projects/metabase/frontend/src/metabase/querying/filters/hooks/use-string-filter/constants.ts
  1:27  error  No rule allowing this dependency was found. File is of type 'shared/querying'. Dependency is of type 'other'  boundaries/element-types

/Users/ryan/projects/metabase/frontend/src/metabase/querying/filters/hooks/use-string-filter/types.ts
  2:27  error  No rule allowing this dependency was found. File is of type 'shared/querying'. Dependency is of type 'other'  boundaries/element-types

/Users/ryan/projects/metabase/frontend/src/metabase/querying/filters/hooks/use-string-filter/use-string-filter.ts
  3:22  error  No rule allowing this dependency was found. File is of type 'shared/querying'. Dependency is of type 'other'  boundaries/element-types

/Users/ryan/projects/metabase/frontend/src/metabase/querying/filters/hooks/use-string-filter/utils.ts
  5:22  error  No rule allowing this dependency was found. File is of type 'shared/querying'. Dependency is of type 'other'  boundaries/element-types

/Users/ryan/projects/metabase/frontend/src/metabase/querying/filters/hooks/use-time-filter/constants.ts
  1:27  error  No rule allowing this dependency was found. File is of type 'shared/querying'. Dependency is of type 'other'  boundaries/element-types

/Users/ryan/projects/metabase/frontend/src/metabase/querying/filters/hooks/use-time-filter/types.ts
  2:27  error  No rule allowing this dependency was found. File is of type 'shared/querying'. Dependency is of type 'other'  boundaries/element-types

/Users/ryan/projects/metabase/frontend/src/metabase/querying/filters/hooks/use-time-filter/use-time-filter.ts
  3:22  error  No rule allowing this dependency was found. File is of type 'shared/querying'. Dependency is of type 'other'  boundaries/element-types

/Users/ryan/projects/metabase/frontend/src/metabase/querying/filters/hooks/use-time-filter/utils.ts
  3:27  error  No rule allowing this dependency was found. File is of type 'shared/querying'. Dependency is of type 'other'  boundaries/element-types
  8:22  error  No rule allowing this dependency was found. File is of type 'shared/querying'. Dependency is of type 'other'  boundaries/element-types

/Users/ryan/projects/metabase/frontend/src/metabase/querying/filters/types.ts
  1:27  error  No rule allowing this dependency was found. File is of type 'shared/querying'. Dependency is of type 'other'  boundaries/element-types

/Users/ryan/projects/metabase/frontend/src/metabase/querying/filters/utils/dates.ts
  24:44  error  No rule allowing this dependency was found. File is of type 'shared/querying'. Dependency is of type 'other'  boundaries/element-types
  25:22  error  No rule allowing this dependency was found. File is of type 'shared/querying'. Dependency is of type 'other'  boundaries/element-types

/Users/ryan/projects/metabase/frontend/src/metabase/querying/filters/utils/groups.ts
  1:27  error  No rule allowing this dependency was found. File is of type 'shared/querying'. Dependency is of type 'other'  boundaries/element-types

/Users/ryan/projects/metabase/frontend/src/metabase/querying/filters/utils/operators.ts
  2:22  error  No rule allowing this dependency was found. File is of type 'shared/querying'. Dependency is of type 'other'  boundaries/element-types

/Users/ryan/projects/metabase/frontend/src/metabase/querying/metrics/components/MetricEditor/MetricEditor.tsx
  5:37  error  No rule allowing this dependency was found. File is of type 'shared/querying'. Dependency is of type 'other'  boundaries/element-types
  6:22  error  No rule allowing this dependency was found. File is of type 'shared/querying'. Dependency is of type 'other'  boundaries/element-types
  7:22  error  No rule allowing this dependency was found. File is of type 'shared/querying'. Dependency is of type 'other'  boundaries/element-types

/Users/ryan/projects/metabase/frontend/src/metabase/querying/metrics/components/MetricEditor/MetricEditorBody/MetricEditorBody.tsx
  5:27  error  No rule allowing this dependency was found. File is of type 'shared/querying'. Dependency is of type 'other'  boundaries/element-types

/Users/ryan/projects/metabase/frontend/src/metabase/querying/metrics/components/MetricEditor/MetricEditorBody/MetricEditorSidebar/MetricEditorSidebar.tsx
  5:28  error  No rule allowing this dependency was found. File is of type 'shared/querying'. Dependency is of type 'other'  boundaries/element-types
  6:38  error  No rule allowing this dependency was found. File is of type 'shared/querying'. Dependency is of type 'other'  boundaries/element-types
  7:35  error  No rule allowing this dependency was found. File is of type 'shared/querying'. Dependency is of type 'other'  boundaries/element-types

/Users/ryan/projects/metabase/frontend/src/metabase/querying/metrics/components/MetricEditor/MetricEditorBody/ResizableBoxHandle/ResizableBoxHandle.tsx
  4:32  error  No rule allowing this dependency was found. File is of type 'shared/querying'. Dependency is of type 'other'  boundaries/element-types

/Users/ryan/projects/metabase/frontend/src/metabase/querying/metrics/components/MetricEditor/MetricEditorFooter/MetricEditorFooter.tsx
  2:32  error  No rule allowing this dependency was found. File is of type 'shared/querying'. Dependency is of type 'feature/query_builder'  boundaries/element-types

/Users/ryan/projects/metabase/frontend/src/metabase/querying/metrics/components/MetricEditor/MetricEditorFooter/MetricEmptyState/MetricEmptyState.tsx
  3:36  error  No rule allowing this dependency was found. File is of type 'shared/querying'. Dependency is of type 'other'  boundaries/element-types

/Users/ryan/projects/metabase/frontend/src/metabase/querying/metrics/components/MetricEditor/MetricEditorHeader/MetricEditorHeader.tsx
  10:22  error  No rule allowing this dependency was found. File is of type 'shared/querying'. Dependency is of type 'other'  boundaries/element-types

/Users/ryan/projects/metabase/frontend/src/metabase/querying/notebook/components/AggregateStep/AggregateStep.tsx
  5:22  error  No rule allowing this dependency was found. File is of type 'shared/querying'. Dependency is of type 'other'  boundaries/element-types

/Users/ryan/projects/metabase/frontend/src/metabase/querying/notebook/components/BreakoutStep/BreakoutStep.tsx
  5:22  error  No rule allowing this dependency was found. File is of type 'shared/querying'. Dependency is of type 'other'  boundaries/element-types

/Users/ryan/projects/metabase/frontend/src/metabase/querying/notebook/components/ClauseStep/ClausePopover.tsx
  4:30  error  No rule allowing this dependency was found. File is of type 'shared/querying'. Dependency is of type 'other'  boundaries/element-types

/Users/ryan/projects/metabase/frontend/src/metabase/querying/notebook/components/ClauseStep/ClauseStep.tsx
  10:22  error  No rule allowing this dependency was found. File is of type 'shared/querying'. Dependency is of type 'other'  boundaries/element-types

/Users/ryan/projects/metabase/frontend/src/metabase/querying/notebook/components/DataStep/DataStep.tsx
  5:25  error  No rule allowing this dependency was found. File is of type 'shared/querying'. Dependency is of type 'other'  boundaries/element-types
  7:32  error  No rule allowing this dependency was found. File is of type 'shared/querying'. Dependency is of type 'other'  boundaries/element-types
  8:40  error  No rule allowing this dependency was found. File is of type 'shared/querying'. Dependency is of type 'other'  boundaries/element-types
  9:22  error  No rule allowing this dependency was found. File is of type 'shared/querying'. Dependency is of type 'other'  boundaries/element-types

/Users/ryan/projects/metabase/frontend/src/metabase/querying/notebook/components/DataStep/tests/setup.tsx
   8:39  error  No rule allowing this dependency was found. File is of type 'shared/querying'. Dependency is of type 'other'  boundaries/element-types
   9:22  error  No rule allowing this dependency was found. File is of type 'shared/querying'. Dependency is of type 'other'  boundaries/element-types
  10:30  error  No rule allowing this dependency was found. File is of type 'shared/querying'. Dependency is of type 'other'  boundaries/element-types

/Users/ryan/projects/metabase/frontend/src/metabase/querying/notebook/components/ExpressionStep/ExpressionStep.tsx
  3:34  error  No rule allowing this dependency was found. File is of type 'shared/querying'. Dependency is of type 'feature/query_builder'  boundaries/element-types
  4:22  error  No rule allowing this dependency was found. File is of type 'shared/querying'. Dependency is of type 'other'                  boundaries/element-types

/Users/ryan/projects/metabase/frontend/src/metabase/querying/notebook/components/FieldPicker/FieldPicker.tsx
  8:38  error  No rule allowing this dependency was found. File is of type 'shared/querying'. Dependency is of type 'other'  boundaries/element-types
  9:22  error  No rule allowing this dependency was found. File is of type 'shared/querying'. Dependency is of type 'other'  boundaries/element-types

/Users/ryan/projects/metabase/frontend/src/metabase/querying/notebook/components/FilterStep/FilterStep.tsx
  4:27  error  No rule allowing this dependency was found. File is of type 'shared/querying'. Dependency is of type 'other'  boundaries/element-types
  6:22  error  No rule allowing this dependency was found. File is of type 'shared/querying'. Dependency is of type 'other'  boundaries/element-types

/Users/ryan/projects/metabase/frontend/src/metabase/querying/notebook/components/JoinStep/Join/Join.tsx
  3:22  error  No rule allowing this dependency was found. File is of type 'shared/querying'. Dependency is of type 'other'  boundaries/element-types

/Users/ryan/projects/metabase/frontend/src/metabase/querying/notebook/components/JoinStep/JoinComplete/JoinComplete.tsx
  4:33  error  No rule allowing this dependency was found. File is of type 'shared/querying'. Dependency is of type 'other'  boundaries/element-types
  5:22  error  No rule allowing this dependency was found. File is of type 'shared/querying'. Dependency is of type 'other'  boundaries/element-types

/Users/ryan/projects/metabase/frontend/src/metabase/querying/notebook/components/JoinStep/JoinCondition/JoinCondition.tsx
  3:22  error  No rule allowing this dependency was found. File is of type 'shared/querying'. Dependency is of type 'other'  boundaries/element-types
  4:22  error  No rule allowing this dependency was found. File is of type 'shared/querying'. Dependency is of type 'other'  boundaries/element-types

/Users/ryan/projects/metabase/frontend/src/metabase/querying/notebook/components/JoinStep/JoinConditionColumnPicker/JoinColumnButton/JoinColumnButton.tsx
  5:22  error  No rule allowing this dependency was found. File is of type 'shared/querying'. Dependency is of type 'other'  boundaries/element-types
  6:22  error  No rule allowing this dependency was found. File is of type 'shared/querying'. Dependency is of type 'other'  boundaries/element-types

/Users/ryan/projects/metabase/frontend/src/metabase/querying/notebook/components/JoinStep/JoinConditionColumnPicker/JoinColumnDropdown/JoinColumnDropdown.tsx
  10:8   error  No rule allowing this dependency was found. File is of type 'shared/querying'. Dependency is of type 'feature/query_builder'  boundaries/element-types
  12:22  error  No rule allowing this dependency was found. File is of type 'shared/querying'. Dependency is of type 'other'                  boundaries/element-types

/Users/ryan/projects/metabase/frontend/src/metabase/querying/notebook/components/JoinStep/JoinConditionColumnPicker/JoinConditionColumnPicker.tsx
  1:25  error  No rule allowing this dependency was found. File is of type 'shared/querying'. Dependency is of type 'other'  boundaries/element-types
  2:27  error  No rule allowing this dependency was found. File is of type 'shared/querying'. Dependency is of type 'other'  boundaries/element-types

/Users/ryan/projects/metabase/frontend/src/metabase/querying/notebook/components/JoinStep/JoinConditionDraft/JoinConditionDraft.tsx
  3:27  error  No rule allowing this dependency was found. File is of type 'shared/querying'. Dependency is of type 'other'  boundaries/element-types
  4:22  error  No rule allowing this dependency was found. File is of type 'shared/querying'. Dependency is of type 'other'  boundaries/element-types

/Users/ryan/projects/metabase/frontend/src/metabase/querying/notebook/components/JoinStep/JoinConditionDraft/utils.ts
  1:22  error  No rule allowing this dependency was found. File is of type 'shared/querying'. Dependency is of type 'other'  boundaries/element-types

/Users/ryan/projects/metabase/frontend/src/metabase/querying/notebook/components/JoinStep/JoinConditionOperatorPicker/JoinConditionOperatorPicker.tsx
  6:25  error  No rule allowing this dependency was found. File is of type 'shared/querying'. Dependency is of type 'other'  boundaries/element-types
  7:22  error  No rule allowing this dependency was found. File is of type 'shared/querying'. Dependency is of type 'other'  boundaries/element-types

/Users/ryan/projects/metabase/frontend/src/metabase/querying/notebook/components/JoinStep/JoinConditionRemoveButton/JoinConditionRemoveButton.tsx
  4:22  error  No rule allowing this dependency was found. File is of type 'shared/querying'. Dependency is of type 'other'  boundaries/element-types

/Users/ryan/projects/metabase/frontend/src/metabase/querying/notebook/components/JoinStep/JoinDraft/JoinDraft.tsx
  5:33  error  No rule allowing this dependency was found. File is of type 'shared/querying'. Dependency is of type 'other'  boundaries/element-types
  6:22  error  No rule allowing this dependency was found. File is of type 'shared/querying'. Dependency is of type 'other'  boundaries/element-types

/Users/ryan/projects/metabase/frontend/src/metabase/querying/notebook/components/JoinStep/JoinDraft/utils.ts
  1:22  error  No rule allowing this dependency was found. File is of type 'shared/querying'. Dependency is of type 'other'  boundaries/element-types

/Users/ryan/projects/metabase/frontend/src/metabase/querying/notebook/components/JoinStep/JoinStep.tsx
  3:22  error  No rule allowing this dependency was found. File is of type 'shared/querying'. Dependency is of type 'other'  boundaries/element-types

/Users/ryan/projects/metabase/frontend/src/metabase/querying/notebook/components/JoinStep/JoinStrategyPicker/JoinStrategyPicker.tsx
  6:40  error  No rule allowing this dependency was found. File is of type 'shared/querying'. Dependency is of type 'other'  boundaries/element-types
  7:22  error  No rule allowing this dependency was found. File is of type 'shared/querying'. Dependency is of type 'other'  boundaries/element-types

/Users/ryan/projects/metabase/frontend/src/metabase/querying/notebook/components/JoinStep/JoinTableColumnDraftPicker/JoinTableColumnDraftPicker.tsx
  1:27  error  No rule allowing this dependency was found. File is of type 'shared/querying'. Dependency is of type 'other'  boundaries/element-types

/Users/ryan/projects/metabase/frontend/src/metabase/querying/notebook/components/JoinStep/JoinTableColumnPicker/JoinTableColumnPicker.tsx
  3:22  error  No rule allowing this dependency was found. File is of type 'shared/querying'. Dependency is of type 'other'  boundaries/element-types

/Users/ryan/projects/metabase/frontend/src/metabase/querying/notebook/components/JoinStep/JoinTablePicker/JoinTablePicker.tsx
   6:25  error  No rule allowing this dependency was found. File is of type 'shared/querying'. Dependency is of type 'other'  boundaries/element-types
   8:32  error  No rule allowing this dependency was found. File is of type 'shared/querying'. Dependency is of type 'other'  boundaries/element-types
   9:45  error  No rule allowing this dependency was found. File is of type 'shared/querying'. Dependency is of type 'other'  boundaries/element-types
  10:27  error  No rule allowing this dependency was found. File is of type 'shared/querying'. Dependency is of type 'other'  boundaries/element-types

/Users/ryan/projects/metabase/frontend/src/metabase/querying/notebook/components/JoinStep/utils.ts
  1:31  error  No rule allowing this dependency was found. File is of type 'shared/querying'. Dependency is of type 'other'  boundaries/element-types
  2:27  error  No rule allowing this dependency was found. File is of type 'shared/querying'. Dependency is of type 'other'  boundaries/element-types

/Users/ryan/projects/metabase/frontend/src/metabase/querying/notebook/components/LimitStep/LimitStep.tsx
  5:16  error  No rule allowing this dependency was found. File is of type 'shared/querying'. Dependency is of type 'other'                  boundaries/element-types
  6:24  error  No rule allowing this dependency was found. File is of type 'shared/querying'. Dependency is of type 'feature/query_builder'  boundaries/element-types
  7:22  error  No rule allowing this dependency was found. File is of type 'shared/querying'. Dependency is of type 'other'                  boundaries/element-types

/Users/ryan/projects/metabase/frontend/src/metabase/querying/notebook/components/NativeQueryPreview/NativeQueryPreview.tsx
   3:42  error  No rule allowing this dependency was found. File is of type 'shared/querying'. Dependency is of type 'other'                  boundaries/element-types
   8:35  error  No rule allowing this dependency was found. File is of type 'shared/querying'. Dependency is of type 'other'                  boundaries/element-types
  10:26  error  No rule allowing this dependency was found. File is of type 'shared/querying'. Dependency is of type 'feature/query_builder'  boundaries/element-types
  11:29  error  No rule allowing this dependency was found. File is of type 'shared/querying'. Dependency is of type 'other'                  boundaries/element-types
  12:38  error  No rule allowing this dependency was found. File is of type 'shared/querying'. Dependency is of type 'other'                  boundaries/element-types
  13:48  error  No rule allowing this dependency was found. File is of type 'shared/querying'. Dependency is of type 'other'                  boundaries/element-types
  14:22  error  No rule allowing this dependency was found. File is of type 'shared/querying'. Dependency is of type 'other'                  boundaries/element-types

/Users/ryan/projects/metabase/frontend/src/metabase/querying/notebook/components/Notebook/Notebook.tsx
  3:31  error  No rule allowing this dependency was found. File is of type 'shared/querying'. Dependency is of type 'feature/query_builder'  boundaries/element-types
  4:21  error  No rule allowing this dependency was found. File is of type 'shared/querying'. Dependency is of type 'other'                  boundaries/element-types

/Users/ryan/projects/metabase/frontend/src/metabase/querying/notebook/components/Notebook/VisualizationButton.tsx
  4:24  error  No rule allowing this dependency was found. File is of type 'shared/querying'. Dependency is of type 'other'  boundaries/element-types

/Users/ryan/projects/metabase/frontend/src/metabase/querying/notebook/components/Notebook/use-run-visualization.ts
  1:31  error  No rule allowing this dependency was found. File is of type 'shared/querying'. Dependency is of type 'feature/query_builder'  boundaries/element-types

/Users/ryan/projects/metabase/frontend/src/metabase/querying/notebook/components/NotebookCell/NotebookCell.tsx
  4:16  error  No rule allowing this dependency was found. File is of type 'shared/querying'. Dependency is of type 'other'  boundaries/element-types
  5:49  error  No rule allowing this dependency was found. File is of type 'shared/querying'. Dependency is of type 'other'  boundaries/element-types

/Users/ryan/projects/metabase/frontend/src/metabase/querying/notebook/components/NotebookDataPicker/DataPickerTarget.tsx
   7:32  error  No rule allowing this dependency was found. File is of type 'shared/querying'. Dependency is of type 'other'  boundaries/element-types
   8:31  error  No rule allowing this dependency was found. File is of type 'shared/querying'. Dependency is of type 'other'  boundaries/element-types
   9:44  error  No rule allowing this dependency was found. File is of type 'shared/querying'. Dependency is of type 'other'  boundaries/element-types
  10:22  error  No rule allowing this dependency was found. File is of type 'shared/querying'. Dependency is of type 'other'  boundaries/element-types

/Users/ryan/projects/metabase/frontend/src/metabase/querying/notebook/components/NotebookDataPicker/EmbeddingDataPicker/EmbeddingDataPicker.tsx
  1:60  error  No rule allowing this dependency was found. File is of type 'shared/querying'. Dependency is of type 'other'  boundaries/element-types
  3:34  error  No rule allowing this dependency was found. File is of type 'shared/querying'. Dependency is of type 'other'  boundaries/element-types
  4:48  error  No rule allowing this dependency was found. File is of type 'shared/querying'. Dependency is of type 'other'  boundaries/element-types
  5:33  error  No rule allowing this dependency was found. File is of type 'shared/querying'. Dependency is of type 'other'  boundaries/element-types
  6:32  error  No rule allowing this dependency was found. File is of type 'shared/querying'. Dependency is of type 'other'  boundaries/element-types
  7:29  error  No rule allowing this dependency was found. File is of type 'shared/querying'. Dependency is of type 'other'  boundaries/element-types
  8:22  error  No rule allowing this dependency was found. File is of type 'shared/querying'. Dependency is of type 'other'  boundaries/element-types

/Users/ryan/projects/metabase/frontend/src/metabase/querying/notebook/components/NotebookDataPicker/EmbeddingDataPicker/tests/setup.tsx
  7:39  error  No rule allowing this dependency was found. File is of type 'shared/querying'. Dependency is of type 'other'  boundaries/element-types
  8:28  error  No rule allowing this dependency was found. File is of type 'shared/querying'. Dependency is of type 'other'  boundaries/element-types

/Users/ryan/projects/metabase/frontend/src/metabase/querying/notebook/components/NotebookDataPicker/NotebookDataPicker.tsx
  18:30  error  No rule allowing this dependency was found. File is of type 'shared/querying'. Dependency is of type 'other'  boundaries/element-types
  20:38  error  No rule allowing this dependency was found. File is of type 'shared/querying'. Dependency is of type 'other'  boundaries/element-types
  21:32  error  No rule allowing this dependency was found. File is of type 'shared/querying'. Dependency is of type 'other'  boundaries/element-types
  22:29  error  No rule allowing this dependency was found. File is of type 'shared/querying'. Dependency is of type 'other'  boundaries/element-types
  23:33  error  No rule allowing this dependency was found. File is of type 'shared/querying'. Dependency is of type 'other'  boundaries/element-types
  24:22  error  No rule allowing this dependency was found. File is of type 'shared/querying'. Dependency is of type 'other'  boundaries/element-types

/Users/ryan/projects/metabase/frontend/src/metabase/querying/notebook/components/NotebookDataPicker/utils.ts
  2:22  error  No rule allowing this dependency was found. File is of type 'shared/querying'. Dependency is of type 'other'  boundaries/element-types

/Users/ryan/projects/metabase/frontend/src/metabase/querying/notebook/components/NotebookNativePreview/NotebookNativePreview.tsx
  4:42  error  No rule allowing this dependency was found. File is of type 'shared/querying'. Dependency is of type 'other'                  boundaries/element-types
  6:37  error  No rule allowing this dependency was found. File is of type 'shared/querying'. Dependency is of type 'other'                  boundaries/element-types
  7:44  error  No rule allowing this dependency was found. File is of type 'shared/querying'. Dependency is of type 'feature/query_builder'  boundaries/element-types
  8:46  error  No rule allowing this dependency was found. File is of type 'shared/querying'. Dependency is of type 'other'                  boundaries/element-types
  9:22  error  No rule allowing this dependency was found. File is of type 'shared/querying'. Dependency is of type 'other'                  boundaries/element-types

/Users/ryan/projects/metabase/frontend/src/metabase/querying/notebook/components/NotebookNativePreview/utils.ts
  1:35  error  No rule allowing this dependency was found. File is of type 'shared/querying'. Dependency is of type 'other'  boundaries/element-types
  2:22  error  No rule allowing this dependency was found. File is of type 'shared/querying'. Dependency is of type 'other'  boundaries/element-types

/Users/ryan/projects/metabase/frontend/src/metabase/querying/notebook/components/NotebookStep/NotebookActionButton/NotebookActionButton.tsx
  5:31  error  No rule allowing this dependency was found. File is of type 'shared/querying'. Dependency is of type 'other'  boundaries/element-types
  6:25  error  No rule allowing this dependency was found. File is of type 'shared/querying'. Dependency is of type 'other'  boundaries/element-types

/Users/ryan/projects/metabase/frontend/src/metabase/querying/notebook/components/NotebookStep/NotebookStep.tsx
   7:16  error  No rule allowing this dependency was found. File is of type 'shared/querying'. Dependency is of type 'other'  boundaries/element-types
   8:27  error  No rule allowing this dependency was found. File is of type 'shared/querying'. Dependency is of type 'other'  boundaries/element-types
  10:27  error  No rule allowing this dependency was found. File is of type 'shared/querying'. Dependency is of type 'other'  boundaries/element-types

/Users/ryan/projects/metabase/frontend/src/metabase/querying/notebook/components/NotebookStep/NotebookStepHeader/NotebookStepHeader.tsx
  5:16  error  No rule allowing this dependency was found. File is of type 'shared/querying'. Dependency is of type 'other'  boundaries/element-types
  6:28  error  No rule allowing this dependency was found. File is of type 'shared/querying'. Dependency is of type 'other'  boundaries/element-types

/Users/ryan/projects/metabase/frontend/src/metabase/querying/notebook/components/NotebookStep/NotebookStepPreview/NotebookStepPreview.jsx
   9:16  error  No rule allowing this dependency was found. File is of type 'shared/querying'. Dependency is of type 'other'  boundaries/element-types
  10:33  error  No rule allowing this dependency was found. File is of type 'shared/querying'. Dependency is of type 'other'  boundaries/element-types
  12:22  error  No rule allowing this dependency was found. File is of type 'shared/querying'. Dependency is of type 'other'  boundaries/element-types

/Users/ryan/projects/metabase/frontend/src/metabase/querying/notebook/components/NotebookStep/utils.ts
  4:31  error  No rule allowing this dependency was found. File is of type 'shared/querying'. Dependency is of type 'other'  boundaries/element-types

/Users/ryan/projects/metabase/frontend/src/metabase/querying/notebook/components/NotebookStepList/NotebookStepList.tsx
  4:28  error  No rule allowing this dependency was found. File is of type 'shared/querying'. Dependency is of type 'other'  boundaries/element-types
  5:22  error  No rule allowing this dependency was found. File is of type 'shared/querying'. Dependency is of type 'other'  boundaries/element-types

/Users/ryan/projects/metabase/frontend/src/metabase/querying/notebook/components/SortStep/SortStep.tsx
  5:22  error  No rule allowing this dependency was found. File is of type 'shared/querying'. Dependency is of type 'other'  boundaries/element-types
  6:22  error  No rule allowing this dependency was found. File is of type 'shared/querying'. Dependency is of type 'other'  boundaries/element-types

/Users/ryan/projects/metabase/frontend/src/metabase/querying/notebook/components/SummarizeStep/SummarizeStep.tsx
  3:27  error  No rule allowing this dependency was found. File is of type 'shared/querying'. Dependency is of type 'other'  boundaries/element-types
  4:22  error  No rule allowing this dependency was found. File is of type 'shared/querying'. Dependency is of type 'other'  boundaries/element-types

/Users/ryan/projects/metabase/frontend/src/metabase/querying/notebook/components/SummarizeStep/SummarizeStepHeader/SummarizeStepHeader.tsx
  3:27  error  No rule allowing this dependency was found. File is of type 'shared/querying'. Dependency is of type 'other'  boundaries/element-types

/Users/ryan/projects/metabase/frontend/src/metabase/querying/notebook/test-utils.ts
  4:30  error  No rule allowing this dependency was found. File is of type 'shared/querying'. Dependency is of type 'other'  boundaries/element-types

/Users/ryan/projects/metabase/frontend/src/metabase/querying/notebook/types.ts
  1:27  error  No rule allowing this dependency was found. File is of type 'shared/querying'. Dependency is of type 'other'  boundaries/element-types

/Users/ryan/projects/metabase/frontend/src/metabase/querying/notebook/utils/steps.ts
  3:28  error  No rule allowing this dependency was found. File is of type 'shared/querying'. Dependency is of type 'other'  boundaries/element-types
  4:22  error  No rule allowing this dependency was found. File is of type 'shared/querying'. Dependency is of type 'other'  boundaries/element-types

/Users/ryan/projects/metabase/frontend/src/metabase/querying/parameters/components/BooleanWidget/BooleanWidget.tsx
  8:21  error  No rule allowing this dependency was found. File is of type 'shared/querying'. Dependency is of type 'other'  boundaries/element-types

/Users/ryan/projects/metabase/frontend/src/metabase/querying/parameters/components/DateAllOptionsWidget/DateAllOptionsWidget.tsx
  16:24  error  No rule allowing this dependency was found. File is of type 'shared/querying'. Dependency is of type 'other'  boundaries/element-types

/Users/ryan/projects/metabase/frontend/src/metabase/querying/parameters/components/DateRangeWidget/DateRangeWidget.tsx
  14:24  error  No rule allowing this dependency was found. File is of type 'shared/querying'. Dependency is of type 'other'  boundaries/element-types

/Users/ryan/projects/metabase/frontend/src/metabase/querying/parameters/components/DateSingleWidget/DateSingleWidget.tsx
  14:24  error  No rule allowing this dependency was found. File is of type 'shared/querying'. Dependency is of type 'other'  boundaries/element-types

/Users/ryan/projects/metabase/frontend/src/metabase/querying/parameters/components/WidgetFooter/WidgetFooter.tsx
  1:30  error  No rule allowing this dependency was found. File is of type 'shared/querying'. Dependency is of type 'other'  boundaries/element-types

/Users/ryan/projects/metabase/frontend/src/metabase/querying/parameters/types.ts
  1:34  error  No rule allowing this dependency was found. File is of type 'shared/querying'. Dependency is of type 'other'  boundaries/element-types

/Users/ryan/projects/metabase/frontend/src/metabase/querying/parameters/utils/parsing.ts
  3:29  error  No rule allowing this dependency was found. File is of type 'shared/querying'. Dependency is of type 'other'  boundaries/element-types
  4:27  error  No rule allowing this dependency was found. File is of type 'shared/querying'. Dependency is of type 'other'  boundaries/element-types
  7:22  error  No rule allowing this dependency was found. File is of type 'shared/querying'. Dependency is of type 'other'  boundaries/element-types

/Users/ryan/projects/metabase/frontend/src/metabase/querying/parameters/utils/query.ts
  3:27  error  No rule allowing this dependency was found. File is of type 'shared/querying'. Dependency is of type 'other'  boundaries/element-types
  5:22  error  No rule allowing this dependency was found. File is of type 'shared/querying'. Dependency is of type 'other'  boundaries/element-types

/Users/ryan/projects/metabase/frontend/src/metabase/querying/segments/components/SegmentEditor/ClauseStep/ClauseStep.tsx
  3:27  error  No rule allowing this dependency was found. File is of type 'shared/querying'. Dependency is of type 'other'  boundaries/element-types

/Users/ryan/projects/metabase/frontend/src/metabase/querying/segments/components/SegmentEditor/DataStep/DataStep.tsx
   9:20  error  No rule allowing this dependency was found. File is of type 'shared/querying'. Dependency is of type 'other'  boundaries/element-types
  11:30  error  No rule allowing this dependency was found. File is of type 'shared/querying'. Dependency is of type 'other'  boundaries/element-types
  12:34  error  No rule allowing this dependency was found. File is of type 'shared/querying'. Dependency is of type 'other'  boundaries/element-types
  13:29  error  No rule allowing this dependency was found. File is of type 'shared/querying'. Dependency is of type 'other'  boundaries/element-types
  14:47  error  No rule allowing this dependency was found. File is of type 'shared/querying'. Dependency is of type 'other'  boundaries/element-types
  15:22  error  No rule allowing this dependency was found. File is of type 'shared/querying'. Dependency is of type 'other'  boundaries/element-types

/Users/ryan/projects/metabase/frontend/src/metabase/querying/segments/components/SegmentEditor/FilterStep/FilterStep.tsx
  6:45  error  No rule allowing this dependency was found. File is of type 'shared/querying'. Dependency is of type 'other'  boundaries/element-types
  7:22  error  No rule allowing this dependency was found. File is of type 'shared/querying'. Dependency is of type 'other'  boundaries/element-types

/Users/ryan/projects/metabase/frontend/src/metabase/querying/segments/components/SegmentEditor/PreviewStep/PreviewStep.tsx
  6:39  error  No rule allowing this dependency was found. File is of type 'shared/querying'. Dependency is of type 'other'  boundaries/element-types
  8:44  error  No rule allowing this dependency was found. File is of type 'shared/querying'. Dependency is of type 'other'  boundaries/element-types
  9:22  error  No rule allowing this dependency was found. File is of type 'shared/querying'. Dependency is of type 'other'  boundaries/element-types

/Users/ryan/projects/metabase/frontend/src/metabase/querying/segments/components/SegmentEditor/SegmentEditor.tsx
  1:22  error  No rule allowing this dependency was found. File is of type 'shared/querying'. Dependency is of type 'other'  boundaries/element-types
  2:27  error  No rule allowing this dependency was found. File is of type 'shared/querying'. Dependency is of type 'other'  boundaries/element-types

/Users/ryan/projects/metabase/frontend/src/metabase/querying/viz-settings/utils/sync-viz-settings.ts
  2:22  error  No rule allowing this dependency was found. File is of type 'shared/querying'. Dependency is of type 'other'  boundaries/element-types

/Users/ryan/projects/metabase/frontend/src/metabase/questions/components/CopyCardForm/CopyCardForm.tsx
  10:40  error  No rule allowing this dependency was found. File is of type 'other'. Dependency is of type 'feature/dashboard'  boundaries/element-types

/Users/ryan/projects/metabase/frontend/src/metabase/questions/components/MoveCardModal/MoveCardModal.tsx
  21:37  error  No rule allowing this dependency was found. File is of type 'other'. Dependency is of type 'feature/query_builder'  boundaries/element-types

/Users/ryan/projects/metabase/frontend/src/metabase/redux/uploads.ts
  12:34  error  No rule allowing this dependency was found. File is of type 'other'. Dependency is of type 'feature/query_builder'  boundaries/element-types

/Users/ryan/projects/metabase/frontend/src/metabase/redux/user.ts
  5:37  error  No rule allowing this dependency was found. File is of type 'other'. Dependency is of type 'feature/query_builder'  boundaries/element-types

/Users/ryan/projects/metabase/frontend/src/metabase/reference/components/Formula.tsx
  4:33  error  No rule allowing this dependency was found. File is of type 'other'. Dependency is of type 'feature/admin'  boundaries/element-types

/Users/ryan/projects/metabase/frontend/src/metabase/reference/segments/SegmentRevisions.jsx
  7:22  error  No rule allowing this dependency was found. File is of type 'other'. Dependency is of type 'feature/admin'  boundaries/element-types

/Users/ryan/projects/metabase/frontend/src/metabase/route-guards.tsx
  4:31  error  No rule allowing this dependency was found. File is of type 'other'. Dependency is of type 'feature/admin'  boundaries/element-types

/Users/ryan/projects/metabase/frontend/src/metabase/routes.jsx
   5:40  error  No rule allowing this dependency was found. File is of type 'other'. Dependency is of type 'feature/admin'          boundaries/element-types
  27:45  error  No rule allowing this dependency was found. File is of type 'other'. Dependency is of type 'feature/dashboard'      boundaries/element-types
  28:45  error  No rule allowing this dependency was found. File is of type 'other'. Dependency is of type 'feature/dashboard'      boundaries/element-types
  29:48  error  No rule allowing this dependency was found. File is of type 'other'. Dependency is of type 'feature/dashboard'      boundaries/element-types
  30:39  error  No rule allowing this dependency was found. File is of type 'other'. Dependency is of type 'feature/dashboard'      boundaries/element-types
  31:30  error  No rule allowing this dependency was found. File is of type 'other'. Dependency is of type 'feature/dashboard'      boundaries/element-types
  47:30  error  No rule allowing this dependency was found. File is of type 'other'. Dependency is of type 'feature/query_builder'  boundaries/element-types

/Users/ryan/projects/metabase/frontend/src/metabase/setup/actions.ts
  4:32  error  No rule allowing this dependency was found. File is of type 'other'. Dependency is of type 'feature/admin'  boundaries/element-types
  9:8   error  No rule allowing this dependency was found. File is of type 'other'. Dependency is of type 'feature/admin'  boundaries/element-types

/Users/ryan/projects/metabase/frontend/src/metabase/ui/components/buttons/Button/Button.stories.tsx
  4:36  error  No rule allowing this dependency was found. File is of type 'basic/ui'. Dependency is of type 'other'  boundaries/element-types

/Users/ryan/projects/metabase/frontend/src/metabase/ui/components/buttons/PopoverBackButton/PopoverBackButton.stories.tsx
  10:8  error  No rule allowing this dependency was found. File is of type 'basic/ui'. Dependency is of type 'other'  boundaries/element-types

/Users/ryan/projects/metabase/frontend/src/metabase/ui/components/buttons/PopoverBackButton/PopoverBackButton.tsx
  4:22  error  No rule allowing this dependency was found. File is of type 'basic/ui'. Dependency is of type 'other'  boundaries/element-types

/Users/ryan/projects/metabase/frontend/src/metabase/ui/components/data-display/Card/Card.stories.tsx
  1:56  error  No rule allowing this dependency was found. File is of type 'basic/ui'. Dependency is of type 'other'  boundaries/element-types

/Users/ryan/projects/metabase/frontend/src/metabase/ui/components/data-display/Image/Image.stories.tsx
  2:45  error  No rule allowing this dependency was found. File is of type 'basic/ui'. Dependency is of type 'other'  boundaries/element-types

/Users/ryan/projects/metabase/frontend/src/metabase/ui/components/data-display/Timeline/Timeline.stories.tsx
  1:46  error  No rule allowing this dependency was found. File is of type 'basic/ui'. Dependency is of type 'other'  boundaries/element-types
  2:27  error  No rule allowing this dependency was found. File is of type 'basic/ui'. Dependency is of type 'other'  boundaries/element-types

/Users/ryan/projects/metabase/frontend/src/metabase/ui/components/feedback/Alert/Alert.stories.tsx
  1:59  error  No rule allowing this dependency was found. File is of type 'basic/ui'. Dependency is of type 'other'  boundaries/element-types

/Users/ryan/projects/metabase/frontend/src/metabase/ui/components/feedback/Loader/Loader.stories.tsx
  3:28  error  No rule allowing this dependency was found. File is of type 'basic/ui'. Dependency is of type 'other'  boundaries/element-types

/Users/ryan/projects/metabase/frontend/src/metabase/ui/components/icons/Icon/Icon.stories.tsx
  1:27  error  No rule allowing this dependency was found. File is of type 'basic/ui'. Dependency is of type 'other'  boundaries/element-types

/Users/ryan/projects/metabase/frontend/src/metabase/ui/components/inputs/Autocomplete/Autocomplete.stories.tsx
  3:61  error  No rule allowing this dependency was found. File is of type 'basic/ui'. Dependency is of type 'other'  boundaries/element-types

/Users/ryan/projects/metabase/frontend/src/metabase/ui/components/inputs/Checkbox/Checkbox.stories.tsx
  1:53  error  No rule allowing this dependency was found. File is of type 'basic/ui'. Dependency is of type 'other'  boundaries/element-types

/Users/ryan/projects/metabase/frontend/src/metabase/ui/components/inputs/Checkbox/CheckboxIcon.tsx
  3:22  error  No rule allowing this dependency was found. File is of type 'basic/ui'. Dependency is of type 'other'  boundaries/element-types

/Users/ryan/projects/metabase/frontend/src/metabase/ui/components/inputs/Chip/Chip.stories.tsx
  3:38  error  No rule allowing this dependency was found. File is of type 'basic/ui'. Dependency is of type 'other'  boundaries/element-types

/Users/ryan/projects/metabase/frontend/src/metabase/ui/components/inputs/DateInput/DateInput.stories.tsx
  1:61  error  No rule allowing this dependency was found. File is of type 'basic/ui'. Dependency is of type 'other'  boundaries/element-types

/Users/ryan/projects/metabase/frontend/src/metabase/ui/components/inputs/DatePicker/DatePicker.stories.tsx
  2:55  error  No rule allowing this dependency was found. File is of type 'basic/ui'. Dependency is of type 'other'  boundaries/element-types

/Users/ryan/projects/metabase/frontend/src/metabase/ui/components/inputs/DateTimePicker/DateTimePicker.stories.tsx
  1:32  error  No rule allowing this dependency was found. File is of type 'basic/ui'. Dependency is of type 'other'  boundaries/element-types

/Users/ryan/projects/metabase/frontend/src/metabase/ui/components/inputs/FileInput/FileInput.stories.tsx
  1:61  error  No rule allowing this dependency was found. File is of type 'basic/ui'. Dependency is of type 'other'  boundaries/element-types

/Users/ryan/projects/metabase/frontend/src/metabase/ui/components/inputs/MonthPicker/MonthPicker.stories.tsx
  1:29  error  No rule allowing this dependency was found. File is of type 'basic/ui'. Dependency is of type 'other'  boundaries/element-types

/Users/ryan/projects/metabase/frontend/src/metabase/ui/components/inputs/MultiAutocomplete/MultiAutocomplete.tsx
  21:37  error  No rule allowing this dependency was found. File is of type 'basic/ui'. Dependency is of type 'other'  boundaries/element-types
  22:44  error  No rule allowing this dependency was found. File is of type 'basic/ui'. Dependency is of type 'other'  boundaries/element-types

/Users/ryan/projects/metabase/frontend/src/metabase/ui/components/inputs/MultiAutocomplete/MultiAutocompleteOption/MultiAutocompleteOption.tsx
  1:21  error  No rule allowing this dependency was found. File is of type 'basic/ui'. Dependency is of type 'other'  boundaries/element-types

/Users/ryan/projects/metabase/frontend/src/metabase/ui/components/inputs/MultiAutocomplete/MultiAutocompleteValue/MultiAutocompleteValue.tsx
  1:21  error  No rule allowing this dependency was found. File is of type 'basic/ui'. Dependency is of type 'other'  boundaries/element-types

/Users/ryan/projects/metabase/frontend/src/metabase/ui/components/inputs/MultiSelect/MultiSelect.stories.tsx
  1:59  error  No rule allowing this dependency was found. File is of type 'basic/ui'. Dependency is of type 'other'  boundaries/element-types

/Users/ryan/projects/metabase/frontend/src/metabase/ui/components/inputs/NumberInput/NumberInput.stories.tsx
  3:29  error  No rule allowing this dependency was found. File is of type 'basic/ui'. Dependency is of type 'other'  boundaries/element-types

/Users/ryan/projects/metabase/frontend/src/metabase/ui/components/inputs/QuarterPicker/QuarterPicker.stories.tsx
  1:31  error  No rule allowing this dependency was found. File is of type 'basic/ui'. Dependency is of type 'other'  boundaries/element-types

/Users/ryan/projects/metabase/frontend/src/metabase/ui/components/inputs/Radio/Radio.stories.tsx
  1:47  error  No rule allowing this dependency was found. File is of type 'basic/ui'. Dependency is of type 'other'  boundaries/element-types

/Users/ryan/projects/metabase/frontend/src/metabase/ui/components/inputs/SegmentedControl/SegmentedControl.stories.tsx
  1:53  error  No rule allowing this dependency was found. File is of type 'basic/ui'. Dependency is of type 'other'  boundaries/element-types

/Users/ryan/projects/metabase/frontend/src/metabase/ui/components/inputs/Select/Select.stories.tsx
  3:49  error  No rule allowing this dependency was found. File is of type 'basic/ui'. Dependency is of type 'other'  boundaries/element-types

/Users/ryan/projects/metabase/frontend/src/metabase/ui/components/inputs/Select/SelectItem/DefaultSelectItem.tsx
  4:37  error  No rule allowing this dependency was found. File is of type 'basic/ui'. Dependency is of type 'other'  boundaries/element-types

/Users/ryan/projects/metabase/frontend/src/metabase/ui/components/inputs/Switch/Switch.stories.tsx
  1:49  error  No rule allowing this dependency was found. File is of type 'basic/ui'. Dependency is of type 'other'  boundaries/element-types

/Users/ryan/projects/metabase/frontend/src/metabase/ui/components/inputs/TextInput/TextInput.stories.tsx
  1:61  error  No rule allowing this dependency was found. File is of type 'basic/ui'. Dependency is of type 'other'  boundaries/element-types

/Users/ryan/projects/metabase/frontend/src/metabase/ui/components/inputs/TextInputBlurChange/TextInputBlurChange.tsx
  7:34  error  No rule allowing this dependency was found. File is of type 'basic/ui'. Dependency is of type 'shared/common'  boundaries/element-types

/Users/ryan/projects/metabase/frontend/src/metabase/ui/components/inputs/Textarea/Textarea.stories.tsx
  1:53  error  No rule allowing this dependency was found. File is of type 'basic/ui'. Dependency is of type 'other'  boundaries/element-types

/Users/ryan/projects/metabase/frontend/src/metabase/ui/components/inputs/TextareaBlurChange/TextareaBlurChange.tsx
  6:34  error  No rule allowing this dependency was found. File is of type 'basic/ui'. Dependency is of type 'shared/common'  boundaries/element-types

/Users/ryan/projects/metabase/frontend/src/metabase/ui/components/inputs/TimeInput/TimeInput.stories.tsx
  1:55  error  No rule allowing this dependency was found. File is of type 'basic/ui'. Dependency is of type 'other'  boundaries/element-types

/Users/ryan/projects/metabase/frontend/src/metabase/ui/components/navigation/NavLink/NavLink.stories.tsx
  3:31  error  No rule allowing this dependency was found. File is of type 'basic/ui'. Dependency is of type 'other'  boundaries/element-types

/Users/ryan/projects/metabase/frontend/src/metabase/ui/components/navigation/Tabs/Tabs.stories.tsx
  1:44  error  No rule allowing this dependency was found. File is of type 'basic/ui'. Dependency is of type 'other'  boundaries/element-types

/Users/ryan/projects/metabase/frontend/src/metabase/ui/components/overlays/HoverCard/HoverCard.stories.tsx
  10:8  error  No rule allowing this dependency was found. File is of type 'basic/ui'. Dependency is of type 'other'  boundaries/element-types

/Users/ryan/projects/metabase/frontend/src/metabase/ui/components/overlays/HoverCard/index.tsx
  6:36  error  No rule allowing this dependency was found. File is of type 'basic/ui'. Dependency is of type 'other'  boundaries/element-types

/Users/ryan/projects/metabase/frontend/src/metabase/ui/components/overlays/Menu/Menu.stories.tsx
  1:64  error  No rule allowing this dependency was found. File is of type 'basic/ui'. Dependency is of type 'other'  boundaries/element-types

/Users/ryan/projects/metabase/frontend/src/metabase/ui/components/overlays/Menu/MenuDropdown/MenuDropdown.tsx
  6:45  error  No rule allowing this dependency was found. File is of type 'basic/ui'. Dependency is of type 'shared/common'  boundaries/element-types
  7:36  error  No rule allowing this dependency was found. File is of type 'basic/ui'. Dependency is of type 'other'          boundaries/element-types

/Users/ryan/projects/metabase/frontend/src/metabase/ui/components/overlays/Modal/Modal.config.tsx
  5:23  error  No rule allowing this dependency was found. File is of type 'basic/ui'. Dependency is of type 'other'  boundaries/element-types
  6:20  error  No rule allowing this dependency was found. File is of type 'basic/ui'. Dependency is of type 'other'  boundaries/element-types
  7:20  error  No rule allowing this dependency was found. File is of type 'basic/ui'. Dependency is of type 'other'  boundaries/element-types

/Users/ryan/projects/metabase/frontend/src/metabase/ui/components/overlays/Modal/Modal.stories.tsx
  3:60  error  No rule allowing this dependency was found. File is of type 'basic/ui'. Dependency is of type 'other'  boundaries/element-types

/Users/ryan/projects/metabase/frontend/src/metabase/ui/components/overlays/Modal/index.tsx
  7:42  error  No rule allowing this dependency was found. File is of type 'basic/ui'. Dependency is of type 'other'  boundaries/element-types
  8:36  error  No rule allowing this dependency was found. File is of type 'basic/ui'. Dependency is of type 'other'  boundaries/element-types

/Users/ryan/projects/metabase/frontend/src/metabase/ui/components/overlays/Overlay/index.tsx
  7:36  error  No rule allowing this dependency was found. File is of type 'basic/ui'. Dependency is of type 'other'  boundaries/element-types

/Users/ryan/projects/metabase/frontend/src/metabase/ui/components/overlays/Popover/Popover.stories.tsx
  10:8  error  No rule allowing this dependency was found. File is of type 'basic/ui'. Dependency is of type 'other'  boundaries/element-types

/Users/ryan/projects/metabase/frontend/src/metabase/ui/components/overlays/Popover/index.tsx
  6:45  error  No rule allowing this dependency was found. File is of type 'basic/ui'. Dependency is of type 'shared/common'  boundaries/element-types
  7:20  error  No rule allowing this dependency was found. File is of type 'basic/ui'. Dependency is of type 'other'          boundaries/element-types
  8:36  error  No rule allowing this dependency was found. File is of type 'basic/ui'. Dependency is of type 'other'          boundaries/element-types

/Users/ryan/projects/metabase/frontend/src/metabase/ui/components/overlays/Tooltip/Tooltip.config.tsx
  4:20  error  No rule allowing this dependency was found. File is of type 'basic/ui'. Dependency is of type 'other'  boundaries/element-types

/Users/ryan/projects/metabase/frontend/src/metabase/ui/components/overlays/Tooltip/Tooltip.stories.tsx
  1:58  error  No rule allowing this dependency was found. File is of type 'basic/ui'. Dependency is of type 'other'  boundaries/element-types

/Users/ryan/projects/metabase/frontend/src/metabase/ui/components/theme/ColorSchemeProvider/ColorSchemeProvider.tsx
  12:32  error  No rule allowing this dependency was found. File is of type 'basic/ui'. Dependency is of type 'other'  boundaries/element-types
  13:38  error  No rule allowing this dependency was found. File is of type 'basic/ui'. Dependency is of type 'other'  boundaries/element-types

/Users/ryan/projects/metabase/frontend/src/metabase/ui/components/theme/ThemeProvider/ThemeProvider.tsx
  17:8   error  No rule allowing this dependency was found. File is of type 'basic/ui'. Dependency is of type 'other'      boundaries/element-types
  18:32  error  No rule allowing this dependency was found. File is of type 'basic/ui'. Dependency is of type 'other'      boundaries/element-types
  19:34  error  No rule allowing this dependency was found. File is of type 'basic/ui'. Dependency is of type 'other'      boundaries/element-types
  20:30  error  No rule allowing this dependency was found. File is of type 'basic/ui'. Dependency is of type 'basic/lib'  boundaries/element-types
  21:35  error  No rule allowing this dependency was found. File is of type 'basic/ui'. Dependency is of type 'other'      boundaries/element-types
  23:35  error  No rule allowing this dependency was found. File is of type 'basic/ui'. Dependency is of type 'other'      boundaries/element-types

/Users/ryan/projects/metabase/frontend/src/metabase/ui/components/typography/Anchor/Anchor.stories.tsx
  3:54  error  No rule allowing this dependency was found. File is of type 'basic/ui'. Dependency is of type 'other'  boundaries/element-types

/Users/ryan/projects/metabase/frontend/src/metabase/ui/components/typography/Code/Code.stories.tsx
  3:38  error  No rule allowing this dependency was found. File is of type 'basic/ui'. Dependency is of type 'other'  boundaries/element-types

/Users/ryan/projects/metabase/frontend/src/metabase/ui/components/typography/List/List.stories.tsx
  1:44  error  No rule allowing this dependency was found. File is of type 'basic/ui'. Dependency is of type 'other'  boundaries/element-types

/Users/ryan/projects/metabase/frontend/src/metabase/ui/components/typography/Text/Text.stories.tsx
  3:44  error  No rule allowing this dependency was found. File is of type 'basic/ui'. Dependency is of type 'other'  boundaries/element-types

/Users/ryan/projects/metabase/frontend/src/metabase/ui/components/typography/Title/Title.stories.tsx
  1:54  error  No rule allowing this dependency was found. File is of type 'basic/ui'. Dependency is of type 'other'  boundaries/element-types

/Users/ryan/projects/metabase/frontend/src/metabase/ui/components/utils/Divider/Divider.stories.tsx
  1:57  error  No rule allowing this dependency was found. File is of type 'basic/ui'. Dependency is of type 'other'  boundaries/element-types

/Users/ryan/projects/metabase/frontend/src/metabase/ui/components/utils/Paper/Paper.stories.tsx
  3:52  error  No rule allowing this dependency was found. File is of type 'basic/ui'. Dependency is of type 'other'  boundaries/element-types

/Users/ryan/projects/metabase/frontend/src/metabase/ui/components/utils/Portal/index.tsx
  5:20  error  No rule allowing this dependency was found. File is of type 'basic/ui'. Dependency is of type 'other'  boundaries/element-types

/Users/ryan/projects/metabase/frontend/src/metabase/ui/utils/colors.ts
  3:29  error  No rule allowing this dependency was found. File is of type 'basic/ui'. Dependency is of type 'basic/lib'  boundaries/element-types
  4:32  error  No rule allowing this dependency was found. File is of type 'basic/ui'. Dependency is of type 'basic/lib'  boundaries/element-types

/Users/ryan/projects/metabase/frontend/src/metabase/visualizations/click-actions/Mode/Mode.ts
  1:43  error  No rule allowing this dependency was found. File is of type 'shared/visualizations'. Dependency is of type 'other'  boundaries/element-types
  2:44  error  No rule allowing this dependency was found. File is of type 'shared/visualizations'. Dependency is of type 'other'  boundaries/element-types
  4:43  error  No rule allowing this dependency was found. File is of type 'shared/visualizations'. Dependency is of type 'other'  boundaries/element-types

/Users/ryan/projects/metabase/frontend/src/metabase/visualizations/click-actions/actions/ColumnFormattingAction/ColumnFormattingAction.tsx
  10:22  error  No rule allowing this dependency was found. File is of type 'shared/visualizations'. Dependency is of type 'other'  boundaries/element-types

/Users/ryan/projects/metabase/frontend/src/metabase/visualizations/click-actions/actions/CombineColumnsAction/CombineColumnsAction.tsx
   4:30  error  No rule allowing this dependency was found. File is of type 'shared/visualizations'. Dependency is of type 'other'                  boundaries/element-types
   5:31  error  No rule allowing this dependency was found. File is of type 'shared/visualizations'. Dependency is of type 'feature/query_builder'  boundaries/element-types
   6:48  error  No rule allowing this dependency was found. File is of type 'shared/visualizations'. Dependency is of type 'other'                  boundaries/element-types
  10:8   error  No rule allowing this dependency was found. File is of type 'shared/visualizations'. Dependency is of type 'feature/query_builder'  boundaries/element-types
  11:29  error  No rule allowing this dependency was found. File is of type 'shared/visualizations'. Dependency is of type 'other'                  boundaries/element-types
  14:22  error  No rule allowing this dependency was found. File is of type 'shared/visualizations'. Dependency is of type 'other'                  boundaries/element-types

/Users/ryan/projects/metabase/frontend/src/metabase/visualizations/click-actions/actions/DashboardClickAction.tsx
  4:8   error  No rule allowing this dependency was found. File is of type 'shared/visualizations'. Dependency is of type 'feature/dashboard'  boundaries/element-types
  5:27  error  No rule allowing this dependency was found. File is of type 'shared/visualizations'. Dependency is of type 'feature/dashboard'  boundaries/element-types

/Users/ryan/projects/metabase/frontend/src/metabase/visualizations/click-actions/actions/ExtractColumnAction/ExtractColumnAction.tsx
   4:30  error  No rule allowing this dependency was found. File is of type 'shared/visualizations'. Dependency is of type 'other'                  boundaries/element-types
   5:31  error  No rule allowing this dependency was found. File is of type 'shared/visualizations'. Dependency is of type 'feature/query_builder'  boundaries/element-types
   6:48  error  No rule allowing this dependency was found. File is of type 'shared/visualizations'. Dependency is of type 'other'                  boundaries/element-types
  10:8   error  No rule allowing this dependency was found. File is of type 'shared/visualizations'. Dependency is of type 'feature/query_builder'  boundaries/element-types
  11:29  error  No rule allowing this dependency was found. File is of type 'shared/visualizations'. Dependency is of type 'other'                  boundaries/element-types
  12:26  error  No rule allowing this dependency was found. File is of type 'shared/visualizations'. Dependency is of type 'other'                  boundaries/element-types
  15:22  error  No rule allowing this dependency was found. File is of type 'shared/visualizations'. Dependency is of type 'other'                  boundaries/element-types

/Users/ryan/projects/metabase/frontend/src/metabase/visualizations/click-actions/actions/HideColumnAction/HideColumnAction.tsx
  4:22  error  No rule allowing this dependency was found. File is of type 'shared/visualizations'. Dependency is of type 'other'  boundaries/element-types

/Users/ryan/projects/metabase/frontend/src/metabase/visualizations/click-actions/actions/NativeQueryClickFallback.tsx
  3:32  error  No rule allowing this dependency was found. File is of type 'shared/visualizations'. Dependency is of type 'other'                  boundaries/element-types
  4:31  error  No rule allowing this dependency was found. File is of type 'shared/visualizations'. Dependency is of type 'feature/query_builder'  boundaries/element-types
  5:29  error  No rule allowing this dependency was found. File is of type 'shared/visualizations'. Dependency is of type 'other'                  boundaries/element-types
  6:30  error  No rule allowing this dependency was found. File is of type 'shared/visualizations'. Dependency is of type 'other'                  boundaries/element-types

/Users/ryan/projects/metabase/frontend/src/metabase/visualizations/click-actions/lib/modes.ts
  1:44  error  No rule allowing this dependency was found. File is of type 'shared/visualizations'. Dependency is of type 'other'  boundaries/element-types

/Users/ryan/projects/metabase/frontend/src/metabase/visualizations/components/ChartCaption.tsx
  4:32  error  No rule allowing this dependency was found. File is of type 'shared/visualizations'. Dependency is of type 'other'  boundaries/element-types

/Users/ryan/projects/metabase/frontend/src/metabase/visualizations/components/ChartSettings/BaseChartSettings/BaseChartSettings.tsx
  6:16  error  No rule allowing this dependency was found. File is of type 'shared/visualizations'. Dependency is of type 'other'  boundaries/element-types
  7:23  error  No rule allowing this dependency was found. File is of type 'shared/visualizations'. Dependency is of type 'other'  boundaries/element-types

/Users/ryan/projects/metabase/frontend/src/metabase/visualizations/components/ChartSettings/BaseChartSettings/types.ts
  1:33  error  No rule allowing this dependency was found. File is of type 'shared/visualizations'. Dependency is of type 'other'  boundaries/element-types

/Users/ryan/projects/metabase/frontend/src/metabase/visualizations/components/ChartSettings/ChartSettingsVisualization/ChartSettingsVisualization.styled.tsx
  5:22  error  No rule allowing this dependency was found. File is of type 'shared/visualizations'. Dependency is of type 'feature/query_builder'  boundaries/element-types

/Users/ryan/projects/metabase/frontend/src/metabase/visualizations/components/ChartSettings/ChartSettingsVisualization/ChartSettingsVisualization.tsx
  3:16  error  No rule allowing this dependency was found. File is of type 'shared/visualizations'. Dependency is of type 'other'  boundaries/element-types
  4:23  error  No rule allowing this dependency was found. File is of type 'shared/visualizations'. Dependency is of type 'other'  boundaries/element-types

/Users/ryan/projects/metabase/frontend/src/metabase/visualizations/components/ChartSettings/ChartSettingsVisualization/types.ts
  1:33  error  No rule allowing this dependency was found. File is of type 'shared/visualizations'. Dependency is of type 'other'  boundaries/element-types

/Users/ryan/projects/metabase/frontend/src/metabase/visualizations/components/ChartSettings/DashboardChartSettings/DashboardChartSettings.tsx
  4:37  error  No rule allowing this dependency was found. File is of type 'shared/visualizations'. Dependency is of type 'feature/dashboard'  boundaries/element-types
  5:31  error  No rule allowing this dependency was found. File is of type 'shared/visualizations'. Dependency is of type 'other'              boundaries/element-types

/Users/ryan/projects/metabase/frontend/src/metabase/visualizations/components/ChartSettings/hooks.ts
  7:8  error  No rule allowing this dependency was found. File is of type 'shared/visualizations'. Dependency is of type 'other'  boundaries/element-types

/Users/ryan/projects/metabase/frontend/src/metabase/visualizations/components/ChartSettingsWidget.tsx
  5:19  error  No rule allowing this dependency was found. File is of type 'shared/visualizations'. Dependency is of type 'other'  boundaries/element-types
  6:49  error  No rule allowing this dependency was found. File is of type 'shared/visualizations'. Dependency is of type 'other'  boundaries/element-types

/Users/ryan/projects/metabase/frontend/src/metabase/visualizations/components/ChartSettingsWidgetPopover.tsx
  5:16  error  No rule allowing this dependency was found. File is of type 'shared/visualizations'. Dependency is of type 'other'  boundaries/element-types
  6:34  error  No rule allowing this dependency was found. File is of type 'shared/visualizations'. Dependency is of type 'other'  boundaries/element-types

/Users/ryan/projects/metabase/frontend/src/metabase/visualizations/components/ChartTooltip/ChartTooltip.tsx
  5:32  error  No rule allowing this dependency was found. File is of type 'shared/visualizations'. Dependency is of type 'other'  boundaries/element-types
  6:44  error  No rule allowing this dependency was found. File is of type 'shared/visualizations'. Dependency is of type 'other'  boundaries/element-types

/Users/ryan/projects/metabase/frontend/src/metabase/visualizations/components/ChartTooltip/EChartsTooltip/EChartsTooltip.stories.tsx
  2:36  error  No rule allowing this dependency was found. File is of type 'shared/visualizations'. Dependency is of type 'other'  boundaries/element-types
  3:37  error  No rule allowing this dependency was found. File is of type 'shared/visualizations'. Dependency is of type 'other'  boundaries/element-types
  4:27  error  No rule allowing this dependency was found. File is of type 'shared/visualizations'. Dependency is of type 'other'  boundaries/element-types

/Users/ryan/projects/metabase/frontend/src/metabase/visualizations/components/ChartTooltip/EChartsTooltip/EChartsTooltip.tsx
  4:27  error  No rule allowing this dependency was found. File is of type 'shared/visualizations'. Dependency is of type 'other'  boundaries/element-types

/Users/ryan/projects/metabase/frontend/src/metabase/visualizations/components/ChartTooltip/KeyValuePairChartTooltip/KeyValuePairChartTooltip.tsx
  4:16  error  No rule allowing this dependency was found. File is of type 'shared/visualizations'. Dependency is of type 'other'  boundaries/element-types
  5:36  error  No rule allowing this dependency was found. File is of type 'shared/visualizations'. Dependency is of type 'other'  boundaries/element-types

/Users/ryan/projects/metabase/frontend/src/metabase/visualizations/components/ChartTooltip/TimelineEventTooltip.tsx
  1:31  error  No rule allowing this dependency was found. File is of type 'shared/visualizations'. Dependency is of type 'other'  boundaries/element-types
  2:22  error  No rule allowing this dependency was found. File is of type 'shared/visualizations'. Dependency is of type 'other'  boundaries/element-types

/Users/ryan/projects/metabase/frontend/src/metabase/visualizations/components/ChartTooltip/TooltipRow/TooltipRow.tsx
  3:31  error  No rule allowing this dependency was found. File is of type 'shared/visualizations'. Dependency is of type 'other'  boundaries/element-types

/Users/ryan/projects/metabase/frontend/src/metabase/visualizations/components/ChartTooltip/utils.ts
  1:36  error  No rule allowing this dependency was found. File is of type 'shared/visualizations'. Dependency is of type 'other'  boundaries/element-types
  2:29  error  No rule allowing this dependency was found. File is of type 'shared/visualizations'. Dependency is of type 'other'  boundaries/element-types

/Users/ryan/projects/metabase/frontend/src/metabase/visualizations/components/ChartWithLegend.jsx
  6:24  error  No rule allowing this dependency was found. File is of type 'shared/visualizations'. Dependency is of type 'other'  boundaries/element-types

/Users/ryan/projects/metabase/frontend/src/metabase/visualizations/components/ChoroplethMap.jsx
  10:40  error  No rule allowing this dependency was found. File is of type 'shared/visualizations'. Dependency is of type 'other'  boundaries/element-types
  13:16  error  No rule allowing this dependency was found. File is of type 'shared/visualizations'. Dependency is of type 'other'  boundaries/element-types
  14:32  error  No rule allowing this dependency was found. File is of type 'shared/visualizations'. Dependency is of type 'other'  boundaries/element-types
  15:29  error  No rule allowing this dependency was found. File is of type 'shared/visualizations'. Dependency is of type 'other'  boundaries/element-types
  17:30  error  No rule allowing this dependency was found. File is of type 'shared/visualizations'. Dependency is of type 'other'  boundaries/element-types
  18:32  error  No rule allowing this dependency was found. File is of type 'shared/visualizations'. Dependency is of type 'other'  boundaries/element-types
  19:28  error  No rule allowing this dependency was found. File is of type 'shared/visualizations'. Dependency is of type 'other'  boundaries/element-types

/Users/ryan/projects/metabase/frontend/src/metabase/visualizations/components/ClickActions/ClickActionControl.tsx
  2:44  error  No rule allowing this dependency was found. File is of type 'shared/visualizations'. Dependency is of type 'other'  boundaries/element-types

/Users/ryan/projects/metabase/frontend/src/metabase/visualizations/components/ClickActions/ClickActionsPopover.tsx
  4:32  error  No rule allowing this dependency was found. File is of type 'shared/visualizations'. Dependency is of type 'other'  boundaries/element-types

/Users/ryan/projects/metabase/frontend/src/metabase/visualizations/components/ClickActions/ClickActionsView.tsx
  3:43  error  No rule allowing this dependency was found. File is of type 'shared/visualizations'. Dependency is of type 'other'  boundaries/element-types

/Users/ryan/projects/metabase/frontend/src/metabase/visualizations/components/EChartsRenderer/ResponsiveEChartsRenderer.tsx
  4:26  error  No rule allowing this dependency was found. File is of type 'shared/visualizations'. Dependency is of type 'other'  boundaries/element-types

/Users/ryan/projects/metabase/frontend/src/metabase/visualizations/components/EmptyVizState/EmptyVizState.tsx
  5:16  error  No rule allowing this dependency was found. File is of type 'shared/visualizations'. Dependency is of type 'other'  boundaries/element-types
  6:53  error  No rule allowing this dependency was found. File is of type 'shared/visualizations'. Dependency is of type 'other'  boundaries/element-types

/Users/ryan/projects/metabase/frontend/src/metabase/visualizations/components/FunnelNormal.jsx
   8:16  error  No rule allowing this dependency was found. File is of type 'shared/visualizations'. Dependency is of type 'other'  boundaries/element-types
  14:8   error  No rule allowing this dependency was found. File is of type 'shared/visualizations'. Dependency is of type 'other'  boundaries/element-types

/Users/ryan/projects/metabase/frontend/src/metabase/visualizations/components/FunnelNormal.styled.tsx
  6:26  error  No rule allowing this dependency was found. File is of type 'shared/visualizations'. Dependency is of type 'other'  boundaries/element-types

/Users/ryan/projects/metabase/frontend/src/metabase/visualizations/components/LeafletChoropleth.jsx
  5:16  error  No rule allowing this dependency was found. File is of type 'shared/visualizations'. Dependency is of type 'other'  boundaries/element-types

/Users/ryan/projects/metabase/frontend/src/metabase/visualizations/components/LeafletGridHeatMap.jsx
  6:22  error  No rule allowing this dependency was found. File is of type 'shared/visualizations'. Dependency is of type 'other'  boundaries/element-types

/Users/ryan/projects/metabase/frontend/src/metabase/visualizations/components/LeafletMap.jsx
  10:30  error  No rule allowing this dependency was found. File is of type 'shared/visualizations'. Dependency is of type 'other'  boundaries/element-types
  11:22  error  No rule allowing this dependency was found. File is of type 'shared/visualizations'. Dependency is of type 'other'  boundaries/element-types

/Users/ryan/projects/metabase/frontend/src/metabase/visualizations/components/LeafletTilePinMap.jsx
  3:32  error  No rule allowing this dependency was found. File is of type 'shared/visualizations'. Dependency is of type 'other'  boundaries/element-types
  4:21  error  No rule allowing this dependency was found. File is of type 'shared/visualizations'. Dependency is of type 'other'  boundaries/element-types
  5:32  error  No rule allowing this dependency was found. File is of type 'shared/visualizations'. Dependency is of type 'other'  boundaries/element-types

/Users/ryan/projects/metabase/frontend/src/metabase/visualizations/components/LegacyChoropleth.jsx
  6:16  error  No rule allowing this dependency was found. File is of type 'shared/visualizations'. Dependency is of type 'other'  boundaries/element-types

/Users/ryan/projects/metabase/frontend/src/metabase/visualizations/components/LegendItem.jsx
  7:16  error  No rule allowing this dependency was found. File is of type 'shared/visualizations'. Dependency is of type 'other'  boundaries/element-types
  8:24  error  No rule allowing this dependency was found. File is of type 'shared/visualizations'. Dependency is of type 'other'  boundaries/element-types
  9:31  error  No rule allowing this dependency was found. File is of type 'shared/visualizations'. Dependency is of type 'other'  boundaries/element-types

/Users/ryan/projects/metabase/frontend/src/metabase/visualizations/components/LegendVertical.jsx
  6:16  error  No rule allowing this dependency was found. File is of type 'shared/visualizations'. Dependency is of type 'other'  boundaries/element-types
  7:24  error  No rule allowing this dependency was found. File is of type 'shared/visualizations'. Dependency is of type 'other'  boundaries/element-types
  8:25  error  No rule allowing this dependency was found. File is of type 'shared/visualizations'. Dependency is of type 'other'  boundaries/element-types

/Users/ryan/projects/metabase/frontend/src/metabase/visualizations/components/ObjectDetail/DeleteObjectModal.tsx
  4:39  error  No rule allowing this dependency was found. File is of type 'shared/visualizations'. Dependency is of type 'other'  boundaries/element-types
  8:25  error  No rule allowing this dependency was found. File is of type 'shared/visualizations'. Dependency is of type 'other'  boundaries/element-types
  9:28  error  No rule allowing this dependency was found. File is of type 'shared/visualizations'. Dependency is of type 'other'  boundaries/element-types

/Users/ryan/projects/metabase/frontend/src/metabase/visualizations/components/ObjectDetail/ObjectDetail.tsx
   1:20  error  No rule allowing this dependency was found. File is of type 'shared/visualizations'. Dependency is of type 'other'                  boundaries/element-types
   9:8   error  No rule allowing this dependency was found. File is of type 'shared/visualizations'. Dependency is of type 'feature/query_builder'  boundaries/element-types
  19:8   error  No rule allowing this dependency was found. File is of type 'shared/visualizations'. Dependency is of type 'other'                  boundaries/element-types
  20:25  error  No rule allowing this dependency was found. File is of type 'shared/visualizations'. Dependency is of type 'other'                  boundaries/element-types

/Users/ryan/projects/metabase/frontend/src/metabase/visualizations/components/ObjectDetail/ObjectDetailHeader.tsx
  3:16  error  No rule allowing this dependency was found. File is of type 'shared/visualizations'. Dependency is of type 'other'  boundaries/element-types

/Users/ryan/projects/metabase/frontend/src/metabase/visualizations/components/ObjectDetail/ObjectDetailView.tsx
   6:36  error  No rule allowing this dependency was found. File is of type 'shared/visualizations'. Dependency is of type 'other'                  boundaries/element-types
   7:48  error  No rule allowing this dependency was found. File is of type 'shared/visualizations'. Dependency is of type 'other'                  boundaries/element-types
  12:34  error  No rule allowing this dependency was found. File is of type 'shared/visualizations'. Dependency is of type 'feature/query_builder'  boundaries/element-types
  13:41  error  No rule allowing this dependency was found. File is of type 'shared/visualizations'. Dependency is of type 'other'                  boundaries/element-types
  14:23  error  No rule allowing this dependency was found. File is of type 'shared/visualizations'. Dependency is of type 'other'                  boundaries/element-types
  15:22  error  No rule allowing this dependency was found. File is of type 'shared/visualizations'. Dependency is of type 'other'                  boundaries/element-types

/Users/ryan/projects/metabase/frontend/src/metabase/visualizations/components/ObjectDetail/ObjectDetailWrapper.tsx
  3:57  error  No rule allowing this dependency was found. File is of type 'shared/visualizations'. Dependency is of type 'other'  boundaries/element-types
  4:37  error  No rule allowing this dependency was found. File is of type 'shared/visualizations'. Dependency is of type 'other'  boundaries/element-types
  5:28  error  No rule allowing this dependency was found. File is of type 'shared/visualizations'. Dependency is of type 'other'  boundaries/element-types

/Users/ryan/projects/metabase/frontend/src/metabase/visualizations/components/ObjectDetail/ObjectDetailsTable.tsx
   8:16  error  No rule allowing this dependency was found. File is of type 'shared/visualizations'. Dependency is of type 'other'                  boundaries/element-types
   9:27  error  No rule allowing this dependency was found. File is of type 'shared/visualizations'. Dependency is of type 'other'                  boundaries/element-types
  10:51  error  No rule allowing this dependency was found. File is of type 'shared/visualizations'. Dependency is of type 'other'                  boundaries/element-types
  11:30  error  No rule allowing this dependency was found. File is of type 'shared/visualizations'. Dependency is of type 'feature/query_builder'  boundaries/element-types
  12:34  error  No rule allowing this dependency was found. File is of type 'shared/visualizations'. Dependency is of type 'other'                  boundaries/element-types

/Users/ryan/projects/metabase/frontend/src/metabase/visualizations/components/ObjectDetail/ObjectRelationships.tsx
  6:16  error  No rule allowing this dependency was found. File is of type 'shared/visualizations'. Dependency is of type 'other'  boundaries/element-types
  7:47  error  No rule allowing this dependency was found. File is of type 'shared/visualizations'. Dependency is of type 'other'  boundaries/element-types
  8:30  error  No rule allowing this dependency was found. File is of type 'shared/visualizations'. Dependency is of type 'other'  boundaries/element-types

/Users/ryan/projects/metabase/frontend/src/metabase/visualizations/components/ObjectDetail/utils.ts
  6:8   error  No rule allowing this dependency was found. File is of type 'shared/visualizations'. Dependency is of type 'other'  boundaries/element-types
  7:42  error  No rule allowing this dependency was found. File is of type 'shared/visualizations'. Dependency is of type 'other'  boundaries/element-types

/Users/ryan/projects/metabase/frontend/src/metabase/visualizations/components/PaginationFooter/PaginationFooter.tsx
  7:16  error  No rule allowing this dependency was found. File is of type 'shared/visualizations'. Dependency is of type 'other'  boundaries/element-types
  8:24  error  No rule allowing this dependency was found. File is of type 'shared/visualizations'. Dependency is of type 'other'  boundaries/element-types
  9:22  error  No rule allowing this dependency was found. File is of type 'shared/visualizations'. Dependency is of type 'other'  boundaries/element-types

/Users/ryan/projects/metabase/frontend/src/metabase/visualizations/components/PinMap.jsx
   9:22  error  No rule allowing this dependency was found. File is of type 'shared/visualizations'. Dependency is of type 'other'  boundaries/element-types
  10:16  error  No rule allowing this dependency was found. File is of type 'shared/visualizations'. Dependency is of type 'other'  boundaries/element-types
  11:24  error  No rule allowing this dependency was found. File is of type 'shared/visualizations'. Dependency is of type 'other'  boundaries/element-types

/Users/ryan/projects/metabase/frontend/src/metabase/visualizations/components/ScalarValue/ScalarValue.tsx
   8:24  error  No rule allowing this dependency was found. File is of type 'shared/visualizations'. Dependency is of type 'other'  boundaries/element-types
   9:27  error  No rule allowing this dependency was found. File is of type 'shared/visualizations'. Dependency is of type 'other'  boundaries/element-types
  10:33  error  No rule allowing this dependency was found. File is of type 'shared/visualizations'. Dependency is of type 'other'  boundaries/element-types

/Users/ryan/projects/metabase/frontend/src/metabase/visualizations/components/ScalarValue/utils.ts
  1:47  error  No rule allowing this dependency was found. File is of type 'shared/visualizations'. Dependency is of type 'other'  boundaries/element-types
  2:29  error  No rule allowing this dependency was found. File is of type 'shared/visualizations'. Dependency is of type 'other'  boundaries/element-types

/Users/ryan/projects/metabase/frontend/src/metabase/visualizations/components/TableInteractive/TableInteractive.tsx
  28:24  error  No rule allowing this dependency was found. File is of type 'shared/visualizations'. Dependency is of type 'other'                  boundaries/element-types
  29:52  error  No rule allowing this dependency was found. File is of type 'shared/visualizations'. Dependency is of type 'other'                  boundaries/element-types
  35:8   error  No rule allowing this dependency was found. File is of type 'shared/visualizations'. Dependency is of type 'other'                  boundaries/element-types
  36:37  error  No rule allowing this dependency was found. File is of type 'shared/visualizations'. Dependency is of type 'other'                  boundaries/element-types
  44:8   error  No rule allowing this dependency was found. File is of type 'shared/visualizations'. Dependency is of type 'other'                  boundaries/element-types
  45:34  error  No rule allowing this dependency was found. File is of type 'shared/visualizations'. Dependency is of type 'other'                  boundaries/element-types
  46:37  error  No rule allowing this dependency was found. File is of type 'shared/visualizations'. Dependency is of type 'other'                  boundaries/element-types
  47:34  error  No rule allowing this dependency was found. File is of type 'shared/visualizations'. Dependency is of type 'other'                  boundaries/element-types
  48:29  error  No rule allowing this dependency was found. File is of type 'shared/visualizations'. Dependency is of type 'other'                  boundaries/element-types
  50:31  error  No rule allowing this dependency was found. File is of type 'shared/visualizations'. Dependency is of type 'feature/query_builder'  boundaries/element-types
  51:41  error  No rule allowing this dependency was found. File is of type 'shared/visualizations'. Dependency is of type 'other'                  boundaries/element-types
  62:52  error  No rule allowing this dependency was found. File is of type 'shared/visualizations'. Dependency is of type 'other'                  boundaries/element-types

/Users/ryan/projects/metabase/frontend/src/metabase/visualizations/components/TableInteractive/cells/HeaderCellWithColumnInfo.tsx
   9:8   error  No rule allowing this dependency was found. File is of type 'shared/visualizations'. Dependency is of type 'other'  boundaries/element-types
  10:35  error  No rule allowing this dependency was found. File is of type 'shared/visualizations'. Dependency is of type 'other'  boundaries/element-types
  11:22  error  No rule allowing this dependency was found. File is of type 'shared/visualizations'. Dependency is of type 'other'  boundaries/element-types

/Users/ryan/projects/metabase/frontend/src/metabase/visualizations/components/TableInteractive/cells/MiniBarCell.tsx
  3:16  error  No rule allowing this dependency was found. File is of type 'shared/visualizations'. Dependency is of type 'other'  boundaries/element-types
  8:8   error  No rule allowing this dependency was found. File is of type 'shared/visualizations'. Dependency is of type 'other'  boundaries/element-types

/Users/ryan/projects/metabase/frontend/src/metabase/visualizations/components/TableInteractive/hooks/use-object-detail.ts
  4:41  error  No rule allowing this dependency was found. File is of type 'shared/visualizations'. Dependency is of type 'feature/query_builder'  boundaries/element-types
  8:8   error  No rule allowing this dependency was found. File is of type 'shared/visualizations'. Dependency is of type 'other'                  boundaries/element-types

/Users/ryan/projects/metabase/frontend/src/metabase/visualizations/components/TableInteractive/utils/table-theme-to-data-grid-theme.ts
  1:36  error  No rule allowing this dependency was found. File is of type 'shared/visualizations'. Dependency is of type 'other'  boundaries/element-types
  2:35  error  No rule allowing this dependency was found. File is of type 'shared/visualizations'. Dependency is of type 'other'  boundaries/element-types

/Users/ryan/projects/metabase/frontend/src/metabase/visualizations/components/Visualization/ErrorView/ErrorView.styled.tsx
  4:22  error  No rule allowing this dependency was found. File is of type 'shared/visualizations'. Dependency is of type 'other'  boundaries/element-types

/Users/ryan/projects/metabase/frontend/src/metabase/visualizations/components/Visualization/ErrorView/ErrorView.tsx
  3:40  error  No rule allowing this dependency was found. File is of type 'shared/visualizations'. Dependency is of type 'other'  boundaries/element-types

/Users/ryan/projects/metabase/frontend/src/metabase/visualizations/components/Visualization/LoadingView/LoadingView.tsx
  3:41  error  No rule allowing this dependency was found. File is of type 'shared/visualizations'. Dependency is of type 'feature/dashboard'  boundaries/element-types
  4:26  error  No rule allowing this dependency was found. File is of type 'shared/visualizations'. Dependency is of type 'other'              boundaries/element-types

/Users/ryan/projects/metabase/frontend/src/metabase/visualizations/components/Visualization/NoResultsView/NoResultsView.tsx
  4:25  error  No rule allowing this dependency was found. File is of type 'shared/visualizations'. Dependency is of type 'other'  boundaries/element-types

/Users/ryan/projects/metabase/frontend/src/metabase/visualizations/components/Visualization/Visualization.tsx
  15:27  error  No rule allowing this dependency was found. File is of type 'shared/visualizations'. Dependency is of type 'other'              boundaries/element-types
  18:16  error  No rule allowing this dependency was found. File is of type 'shared/visualizations'. Dependency is of type 'other'              boundaries/element-types
  19:24  error  No rule allowing this dependency was found. File is of type 'shared/visualizations'. Dependency is of type 'other'              boundaries/element-types
  20:41  error  No rule allowing this dependency was found. File is of type 'shared/visualizations'. Dependency is of type 'feature/dashboard'  boundaries/element-types
  21:32  error  No rule allowing this dependency was found. File is of type 'shared/visualizations'. Dependency is of type 'other'              boundaries/element-types
  22:49  error  No rule allowing this dependency was found. File is of type 'shared/visualizations'. Dependency is of type 'other'              boundaries/element-types
  23:30  error  No rule allowing this dependency was found. File is of type 'shared/visualizations'. Dependency is of type 'other'              boundaries/element-types
  25:24  error  No rule allowing this dependency was found. File is of type 'shared/visualizations'. Dependency is of type 'other'              boundaries/element-types
  29:8   error  No rule allowing this dependency was found. File is of type 'shared/visualizations'. Dependency is of type 'other'              boundaries/element-types
  30:41  error  No rule allowing this dependency was found. File is of type 'shared/visualizations'. Dependency is of type 'other'              boundaries/element-types
  31:33  error  No rule allowing this dependency was found. File is of type 'shared/visualizations'. Dependency is of type 'other'              boundaries/element-types
  32:25  error  No rule allowing this dependency was found. File is of type 'shared/visualizations'. Dependency is of type 'other'              boundaries/element-types
  33:42  error  No rule allowing this dependency was found. File is of type 'shared/visualizations'. Dependency is of type 'other'              boundaries/element-types
  37:8   error  No rule allowing this dependency was found. File is of type 'shared/visualizations'. Dependency is of type 'other'              boundaries/element-types
  64:8   error  No rule allowing this dependency was found. File is of type 'shared/visualizations'. Dependency is of type 'other'              boundaries/element-types

/Users/ryan/projects/metabase/frontend/src/metabase/visualizations/components/Visualization/Watermark/Watermark.tsx
  1:35  error  No rule allowing this dependency was found. File is of type 'shared/visualizations'. Dependency is of type 'other'  boundaries/element-types

/Users/ryan/projects/metabase/frontend/src/metabase/visualizations/components/legend/Legend.jsx
  5:25  error  No rule allowing this dependency was found. File is of type 'shared/visualizations'. Dependency is of type 'other'  boundaries/element-types

/Users/ryan/projects/metabase/frontend/src/metabase/visualizations/components/legend/LegendCaption/LegendCaption.styled.tsx
  6:58  error  No rule allowing this dependency was found. File is of type 'shared/visualizations'. Dependency is of type 'other'  boundaries/element-types

/Users/ryan/projects/metabase/frontend/src/metabase/visualizations/components/legend/LegendCaption/LegendCaption.tsx
   7:16  error  No rule allowing this dependency was found. File is of type 'shared/visualizations'. Dependency is of type 'other'  boundaries/element-types
   8:24  error  No rule allowing this dependency was found. File is of type 'shared/visualizations'. Dependency is of type 'other'  boundaries/element-types
   9:37  error  No rule allowing this dependency was found. File is of type 'shared/visualizations'. Dependency is of type 'other'  boundaries/element-types
  10:32  error  No rule allowing this dependency was found. File is of type 'shared/visualizations'. Dependency is of type 'other'  boundaries/element-types
  11:37  error  No rule allowing this dependency was found. File is of type 'shared/visualizations'. Dependency is of type 'other'  boundaries/element-types

/Users/ryan/projects/metabase/frontend/src/metabase/visualizations/components/legend/LegendItem.jsx
  6:24  error  No rule allowing this dependency was found. File is of type 'shared/visualizations'. Dependency is of type 'other'  boundaries/element-types

/Users/ryan/projects/metabase/frontend/src/metabase/visualizations/components/legend/LegendLabel.tsx
  14:32  error  No rule allowing this dependency was found. File is of type 'shared/visualizations'. Dependency is of type 'other'  boundaries/element-types
  15:21  error  No rule allowing this dependency was found. File is of type 'shared/visualizations'. Dependency is of type 'other'  boundaries/element-types

/Users/ryan/projects/metabase/frontend/src/metabase/visualizations/components/settings/ChartNestedSettingSeries.styled.tsx
  6:22  error  No rule allowing this dependency was found. File is of type 'shared/visualizations'. Dependency is of type 'other'  boundaries/element-types

/Users/ryan/projects/metabase/frontend/src/metabase/visualizations/components/settings/ChartNestedSettingSeriesMultiple.jsx
  8:16  error  No rule allowing this dependency was found. File is of type 'shared/visualizations'. Dependency is of type 'other'  boundaries/element-types

/Users/ryan/projects/metabase/frontend/src/metabase/visualizations/components/settings/ChartNestedSettingSeriesSingle.tsx
  5:16  error  No rule allowing this dependency was found. File is of type 'shared/visualizations'. Dependency is of type 'other'  boundaries/element-types

/Users/ryan/projects/metabase/frontend/src/metabase/visualizations/components/settings/ChartSettingActionIcon.tsx
  3:16  error  No rule allowing this dependency was found. File is of type 'shared/visualizations'. Dependency is of type 'other'  boundaries/element-types
  9:8   error  No rule allowing this dependency was found. File is of type 'shared/visualizations'. Dependency is of type 'other'  boundaries/element-types

/Users/ryan/projects/metabase/frontend/src/metabase/visualizations/components/settings/ChartSettingColorPicker/ChartSettingColorPicker.tsx
  5:16  error  No rule allowing this dependency was found. File is of type 'shared/visualizations'. Dependency is of type 'other'  boundaries/element-types
  6:32  error  No rule allowing this dependency was found. File is of type 'shared/visualizations'. Dependency is of type 'other'  boundaries/element-types
  9:36  error  No rule allowing this dependency was found. File is of type 'shared/visualizations'. Dependency is of type 'other'  boundaries/element-types

/Users/ryan/projects/metabase/frontend/src/metabase/visualizations/components/settings/ChartSettingColorsPicker.jsx
  4:16  error  No rule allowing this dependency was found. File is of type 'shared/visualizations'. Dependency is of type 'other'  boundaries/element-types

/Users/ryan/projects/metabase/frontend/src/metabase/visualizations/components/settings/ChartSettingFieldPicker.jsx
  6:16  error  No rule allowing this dependency was found. File is of type 'shared/visualizations'. Dependency is of type 'other'  boundaries/element-types
  7:58  error  No rule allowing this dependency was found. File is of type 'shared/visualizations'. Dependency is of type 'other'  boundaries/element-types

/Users/ryan/projects/metabase/frontend/src/metabase/visualizations/components/settings/ChartSettingFieldPicker.styled.tsx
  6:29  error  No rule allowing this dependency was found. File is of type 'shared/visualizations'. Dependency is of type 'other'  boundaries/element-types

/Users/ryan/projects/metabase/frontend/src/metabase/visualizations/components/settings/ChartSettingFieldsPartition.tsx
  16:16  error  No rule allowing this dependency was found. File is of type 'shared/visualizations'. Dependency is of type 'other'  boundaries/element-types
  17:27  error  No rule allowing this dependency was found. File is of type 'shared/visualizations'. Dependency is of type 'other'  boundaries/element-types

/Users/ryan/projects/metabase/frontend/src/metabase/visualizations/components/settings/ChartSettingFieldsPicker.jsx
   9:16  error  No rule allowing this dependency was found. File is of type 'shared/visualizations'. Dependency is of type 'other'  boundaries/element-types
  10:29  error  No rule allowing this dependency was found. File is of type 'shared/visualizations'. Dependency is of type 'other'  boundaries/element-types

/Users/ryan/projects/metabase/frontend/src/metabase/visualizations/components/settings/ChartSettingGoalInput.tsx
  4:64  error  No rule allowing this dependency was found. File is of type 'shared/visualizations'. Dependency is of type 'other'  boundaries/element-types

/Users/ryan/projects/metabase/frontend/src/metabase/visualizations/components/settings/ChartSettingInput.tsx
  5:27  error  No rule allowing this dependency was found. File is of type 'shared/visualizations'. Dependency is of type 'other'  boundaries/element-types

/Users/ryan/projects/metabase/frontend/src/metabase/visualizations/components/settings/ChartSettingInputNumeric.tsx
  5:27  error  No rule allowing this dependency was found. File is of type 'shared/visualizations'. Dependency is of type 'other'  boundaries/element-types

/Users/ryan/projects/metabase/frontend/src/metabase/visualizations/components/settings/ChartSettingMaxCategories.tsx
  4:47  error  No rule allowing this dependency was found. File is of type 'shared/visualizations'. Dependency is of type 'other'  boundaries/element-types

/Users/ryan/projects/metabase/frontend/src/metabase/visualizations/components/settings/ChartSettingMessage.tsx
  3:41  error  No rule allowing this dependency was found. File is of type 'shared/visualizations'. Dependency is of type 'other'  boundaries/element-types

/Users/ryan/projects/metabase/frontend/src/metabase/visualizations/components/settings/ChartSettingMultiSelect.tsx
  1:32  error  No rule allowing this dependency was found. File is of type 'shared/visualizations'. Dependency is of type 'other'  boundaries/element-types
  2:29  error  No rule allowing this dependency was found. File is of type 'shared/visualizations'. Dependency is of type 'other'  boundaries/element-types

/Users/ryan/projects/metabase/frontend/src/metabase/visualizations/components/settings/ChartSettingOrderedItems/ChartSettingOrderedItems.tsx
  10:32  error  No rule allowing this dependency was found. File is of type 'shared/visualizations'. Dependency is of type 'other'  boundaries/element-types

/Users/ryan/projects/metabase/frontend/src/metabase/visualizations/components/settings/ChartSettingOrderedSimple.tsx
  7:36  error  No rule allowing this dependency was found. File is of type 'shared/visualizations'. Dependency is of type 'other'  boundaries/element-types
  8:25  error  No rule allowing this dependency was found. File is of type 'shared/visualizations'. Dependency is of type 'other'  boundaries/element-types
  9:21  error  No rule allowing this dependency was found. File is of type 'shared/visualizations'. Dependency is of type 'other'  boundaries/element-types

/Users/ryan/projects/metabase/frontend/src/metabase/visualizations/components/settings/ChartSettingRadio.tsx
  3:36  error  No rule allowing this dependency was found. File is of type 'shared/visualizations'. Dependency is of type 'other'  boundaries/element-types

/Users/ryan/projects/metabase/frontend/src/metabase/visualizations/components/settings/ChartSettingSegmentedControl/ChartSettingSegmentedControl.tsx
  3:16  error  No rule allowing this dependency was found. File is of type 'shared/visualizations'. Dependency is of type 'other'  boundaries/element-types
  4:64  error  No rule allowing this dependency was found. File is of type 'shared/visualizations'. Dependency is of type 'other'  boundaries/element-types

/Users/ryan/projects/metabase/frontend/src/metabase/visualizations/components/settings/ChartSettingSegmentsEditor/ChartSettingSegmentsEditor.tsx
  6:16  error  No rule allowing this dependency was found. File is of type 'shared/visualizations'. Dependency is of type 'other'  boundaries/element-types
  9:59  error  No rule allowing this dependency was found. File is of type 'shared/visualizations'. Dependency is of type 'other'  boundaries/element-types

/Users/ryan/projects/metabase/frontend/src/metabase/visualizations/components/settings/ChartSettingSelect.jsx
  4:16  error  No rule allowing this dependency was found. File is of type 'shared/visualizations'. Dependency is of type 'other'  boundaries/element-types
  5:31  error  No rule allowing this dependency was found. File is of type 'shared/visualizations'. Dependency is of type 'other'  boundaries/element-types

/Users/ryan/projects/metabase/frontend/src/metabase/visualizations/components/settings/ChartSettingSeriesOrder.tsx
  12:36  error  No rule allowing this dependency was found. File is of type 'shared/visualizations'. Dependency is of type 'other'  boundaries/element-types
  13:32  error  No rule allowing this dependency was found. File is of type 'shared/visualizations'. Dependency is of type 'other'  boundaries/element-types
  14:25  error  No rule allowing this dependency was found. File is of type 'shared/visualizations'. Dependency is of type 'other'  boundaries/element-types
  15:62  error  No rule allowing this dependency was found. File is of type 'shared/visualizations'. Dependency is of type 'other'  boundaries/element-types

/Users/ryan/projects/metabase/frontend/src/metabase/visualizations/components/settings/ChartSettingTableColumns/ChartSettingTableColumns.tsx
  5:24  error  No rule allowing this dependency was found. File is of type 'shared/visualizations'. Dependency is of type 'other'  boundaries/element-types
  6:27  error  No rule allowing this dependency was found. File is of type 'shared/visualizations'. Dependency is of type 'other'  boundaries/element-types

/Users/ryan/projects/metabase/frontend/src/metabase/visualizations/components/settings/ChartSettingTableColumns/TableColumnPanel/TableColumnPanel.tsx
  4:37  error  No rule allowing this dependency was found. File is of type 'shared/visualizations'. Dependency is of type 'other'  boundaries/element-types
  5:21  error  No rule allowing this dependency was found. File is of type 'shared/visualizations'. Dependency is of type 'other'  boundaries/element-types

/Users/ryan/projects/metabase/frontend/src/metabase/visualizations/components/settings/ChartSettingTableColumns/TableColumnPanel/types.ts
  1:31  error  No rule allowing this dependency was found. File is of type 'shared/visualizations'. Dependency is of type 'other'  boundaries/element-types

/Users/ryan/projects/metabase/frontend/src/metabase/visualizations/components/settings/ChartSettingTableColumns/TableColumnPanel/utils.ts
  2:49  error  No rule allowing this dependency was found. File is of type 'shared/visualizations'. Dependency is of type 'other'  boundaries/element-types
  3:22  error  No rule allowing this dependency was found. File is of type 'shared/visualizations'. Dependency is of type 'other'  boundaries/element-types

/Users/ryan/projects/metabase/frontend/src/metabase/visualizations/components/settings/ChartSettingTableColumns/utils.ts
  1:22  error  No rule allowing this dependency was found. File is of type 'shared/visualizations'. Dependency is of type 'other'  boundaries/element-types

/Users/ryan/projects/metabase/frontend/src/metabase/visualizations/components/settings/ChartSettingToggle.tsx
  1:24  error  No rule allowing this dependency was found. File is of type 'shared/visualizations'. Dependency is of type 'other'  boundaries/element-types

/Users/ryan/projects/metabase/frontend/src/metabase/visualizations/components/settings/ChartSettingsTableFormatting/RuleBackground.tsx
  4:21  error  No rule allowing this dependency was found. File is of type 'shared/visualizations'. Dependency is of type 'other'  boundaries/element-types

/Users/ryan/projects/metabase/frontend/src/metabase/visualizations/components/settings/ChartSettingsTableFormatting/RuleDescription.tsx
  4:22  error  No rule allowing this dependency was found. File is of type 'shared/visualizations'. Dependency is of type 'other'  boundaries/element-types

/Users/ryan/projects/metabase/frontend/src/metabase/visualizations/components/settings/ChartSettingsTableFormatting/RuleEditor.tsx
   8:16  error  No rule allowing this dependency was found. File is of type 'shared/visualizations'. Dependency is of type 'other'  boundaries/element-types
  17:8   error  No rule allowing this dependency was found. File is of type 'shared/visualizations'. Dependency is of type 'other'  boundaries/element-types

/Users/ryan/projects/metabase/frontend/src/metabase/visualizations/components/settings/ChartSettingsTableFormatting/RuleListing.tsx
  4:55  error  No rule allowing this dependency was found. File is of type 'shared/visualizations'. Dependency is of type 'other'  boundaries/element-types

/Users/ryan/projects/metabase/frontend/src/metabase/visualizations/components/settings/ChartSettingsTableFormatting/RulePreview.tsx
   6:16  error  No rule allowing this dependency was found. File is of type 'shared/visualizations'. Dependency is of type 'other'  boundaries/element-types
  15:8   error  No rule allowing this dependency was found. File is of type 'shared/visualizations'. Dependency is of type 'other'  boundaries/element-types

/Users/ryan/projects/metabase/frontend/src/metabase/visualizations/components/settings/ColumnItem/ColumnItem.tsx
   3:16  error  No rule allowing this dependency was found. File is of type 'shared/visualizations'. Dependency is of type 'other'  boundaries/element-types
  12:8   error  No rule allowing this dependency was found. File is of type 'shared/visualizations'. Dependency is of type 'other'  boundaries/element-types

/Users/ryan/projects/metabase/frontend/src/metabase/visualizations/components/skeletons/SkeletonCaption/SkeletonCaption.styled.tsx
  5:22  error  No rule allowing this dependency was found. File is of type 'shared/visualizations'. Dependency is of type 'other'  boundaries/element-types

/Users/ryan/projects/metabase/frontend/src/metabase/visualizations/components/skeletons/SkeletonCaption/SkeletonCaption.tsx
  4:25  error  No rule allowing this dependency was found. File is of type 'shared/visualizations'. Dependency is of type 'other'  boundaries/element-types

/Users/ryan/projects/metabase/frontend/src/metabase/visualizations/components/skeletons/StaticSkeleton/StaticSkeleton.styled.tsx
  6:22  error  No rule allowing this dependency was found. File is of type 'shared/visualizations'. Dependency is of type 'other'  boundaries/element-types

/Users/ryan/projects/metabase/frontend/src/metabase/visualizations/components/skeletons/StaticSkeleton/StaticSkeleton.tsx
  3:31  error  No rule allowing this dependency was found. File is of type 'shared/visualizations'. Dependency is of type 'other'  boundaries/element-types
  4:32  error  No rule allowing this dependency was found. File is of type 'shared/visualizations'. Dependency is of type 'other'  boundaries/element-types

/Users/ryan/projects/metabase/frontend/src/metabase/visualizations/echarts/cartesian/chart-measurements/index.ts
  3:27  error  No rule allowing this dependency was found. File is of type 'shared/visualizations'. Dependency is of type 'other'  boundaries/element-types

/Users/ryan/projects/metabase/frontend/src/metabase/visualizations/echarts/cartesian/model/axis.ts
   5:36  error  No rule allowing this dependency was found. File is of type 'shared/visualizations'. Dependency is of type 'other'  boundaries/element-types
   6:29  error  No rule allowing this dependency was found. File is of type 'shared/visualizations'. Dependency is of type 'other'  boundaries/element-types
  12:8   error  No rule allowing this dependency was found. File is of type 'shared/visualizations'. Dependency is of type 'other'  boundaries/element-types
  13:37  error  No rule allowing this dependency was found. File is of type 'shared/visualizations'. Dependency is of type 'other'  boundaries/element-types

/Users/ryan/projects/metabase/frontend/src/metabase/visualizations/echarts/cartesian/model/dataset.ts
  3:31  error  No rule allowing this dependency was found. File is of type 'shared/visualizations'. Dependency is of type 'other'  boundaries/element-types
  4:32  error  No rule allowing this dependency was found. File is of type 'shared/visualizations'. Dependency is of type 'other'  boundaries/element-types
  5:40  error  No rule allowing this dependency was found. File is of type 'shared/visualizations'. Dependency is of type 'other'  boundaries/element-types
  6:25  error  No rule allowing this dependency was found. File is of type 'shared/visualizations'. Dependency is of type 'other'  boundaries/element-types

/Users/ryan/projects/metabase/frontend/src/metabase/visualizations/echarts/cartesian/model/other-series.ts
  3:29  error  No rule allowing this dependency was found. File is of type 'shared/visualizations'. Dependency is of type 'other'  boundaries/element-types
  4:25  error  No rule allowing this dependency was found. File is of type 'shared/visualizations'. Dependency is of type 'other'  boundaries/element-types

/Users/ryan/projects/metabase/frontend/src/metabase/visualizations/echarts/cartesian/model/series.ts
  2:36  error  No rule allowing this dependency was found. File is of type 'shared/visualizations'. Dependency is of type 'other'  boundaries/element-types
  3:29  error  No rule allowing this dependency was found. File is of type 'shared/visualizations'. Dependency is of type 'other'  boundaries/element-types

/Users/ryan/projects/metabase/frontend/src/metabase/visualizations/echarts/cartesian/model/stack.ts
  3:31  error  No rule allowing this dependency was found. File is of type 'shared/visualizations'. Dependency is of type 'other'  boundaries/element-types

/Users/ryan/projects/metabase/frontend/src/metabase/visualizations/echarts/cartesian/model/transforms.ts
  1:26  error  No rule allowing this dependency was found. File is of type 'shared/visualizations'. Dependency is of type 'other'  boundaries/element-types

/Users/ryan/projects/metabase/frontend/src/metabase/visualizations/echarts/cartesian/model/trend-line.ts
  3:40  error  No rule allowing this dependency was found. File is of type 'shared/visualizations'. Dependency is of type 'other'  boundaries/element-types

/Users/ryan/projects/metabase/frontend/src/metabase/visualizations/echarts/cartesian/option/axis.ts
  4:34  error  No rule allowing this dependency was found. File is of type 'shared/visualizations'. Dependency is of type 'other'  boundaries/element-types

/Users/ryan/projects/metabase/frontend/src/metabase/visualizations/echarts/cartesian/option/series.ts
  11:33  error  No rule allowing this dependency was found. File is of type 'shared/visualizations'. Dependency is of type 'other'  boundaries/element-types
  12:27  error  No rule allowing this dependency was found. File is of type 'shared/visualizations'. Dependency is of type 'other'  boundaries/element-types

/Users/ryan/projects/metabase/frontend/src/metabase/visualizations/echarts/cartesian/option/tooltip.tsx
  3:39  error  No rule allowing this dependency was found. File is of type 'shared/visualizations'. Dependency is of type 'other'  boundaries/element-types

/Users/ryan/projects/metabase/frontend/src/metabase/visualizations/echarts/cartesian/scatter/model/index.ts
  1:33  error  No rule allowing this dependency was found. File is of type 'shared/visualizations'. Dependency is of type 'other'  boundaries/element-types
  2:27  error  No rule allowing this dependency was found. File is of type 'shared/visualizations'. Dependency is of type 'other'  boundaries/element-types

/Users/ryan/projects/metabase/frontend/src/metabase/visualizations/echarts/cartesian/utils/timeseries.ts
  5:32  error  No rule allowing this dependency was found. File is of type 'shared/visualizations'. Dependency is of type 'other'  boundaries/element-types
  6:27  error  No rule allowing this dependency was found. File is of type 'shared/visualizations'. Dependency is of type 'other'  boundaries/element-types

/Users/ryan/projects/metabase/frontend/src/metabase/visualizations/echarts/cartesian/waterfall/model/dataset.ts
  3:36  error  No rule allowing this dependency was found. File is of type 'shared/visualizations'. Dependency is of type 'other'  boundaries/element-types

/Users/ryan/projects/metabase/frontend/src/metabase/visualizations/echarts/graph/sankey/model/formatters.ts
  2:29  error  No rule allowing this dependency was found. File is of type 'shared/visualizations'. Dependency is of type 'other'  boundaries/element-types

/Users/ryan/projects/metabase/frontend/src/metabase/visualizations/echarts/graph/sankey/option/tooltip.tsx
  4:39  error  No rule allowing this dependency was found. File is of type 'shared/visualizations'. Dependency is of type 'other'  boundaries/element-types
  5:31  error  No rule allowing this dependency was found. File is of type 'shared/visualizations'. Dependency is of type 'other'  boundaries/element-types

/Users/ryan/projects/metabase/frontend/src/metabase/visualizations/echarts/pie/format.ts
  1:36  error  No rule allowing this dependency was found. File is of type 'shared/visualizations'. Dependency is of type 'other'  boundaries/element-types
  2:29  error  No rule allowing this dependency was found. File is of type 'shared/visualizations'. Dependency is of type 'other'  boundaries/element-types

/Users/ryan/projects/metabase/frontend/src/metabase/visualizations/echarts/pie/model/index.ts
  4:31  error  No rule allowing this dependency was found. File is of type 'shared/visualizations'. Dependency is of type 'other'  boundaries/element-types
  5:30  error  No rule allowing this dependency was found. File is of type 'shared/visualizations'. Dependency is of type 'other'  boundaries/element-types

/Users/ryan/projects/metabase/frontend/src/metabase/visualizations/echarts/pie/option.ts
  5:30  error  No rule allowing this dependency was found. File is of type 'shared/visualizations'. Dependency is of type 'other'  boundaries/element-types

/Users/ryan/projects/metabase/frontend/src/metabase/visualizations/echarts/pie/tooltip.tsx
  3:39  error  No rule allowing this dependency was found. File is of type 'shared/visualizations'. Dependency is of type 'other'  boundaries/element-types

/Users/ryan/projects/metabase/frontend/src/metabase/visualizations/echarts/pie/util/colors.ts
  4:25  error  No rule allowing this dependency was found. File is of type 'shared/visualizations'. Dependency is of type 'other'  boundaries/element-types

/Users/ryan/projects/metabase/frontend/src/metabase/visualizations/echarts/pie/util/index.ts
  1:30  error  No rule allowing this dependency was found. File is of type 'shared/visualizations'. Dependency is of type 'other'  boundaries/element-types

/Users/ryan/projects/metabase/frontend/src/metabase/visualizations/echarts/tooltip/index.tsx
   9:8   error  No rule allowing this dependency was found. File is of type 'shared/visualizations'. Dependency is of type 'other'  boundaries/element-types
  10:33  error  No rule allowing this dependency was found. File is of type 'shared/visualizations'. Dependency is of type 'other'  boundaries/element-types
  11:27  error  No rule allowing this dependency was found. File is of type 'shared/visualizations'. Dependency is of type 'other'  boundaries/element-types
  14:34  error  No rule allowing this dependency was found. File is of type 'shared/visualizations'. Dependency is of type 'other'  boundaries/element-types

/Users/ryan/projects/metabase/frontend/src/metabase/visualizations/hooks/use-browser-rendering-context.ts
  5:53  error  No rule allowing this dependency was found. File is of type 'shared/visualizations'. Dependency is of type 'other'  boundaries/element-types
  6:33  error  No rule allowing this dependency was found. File is of type 'shared/visualizations'. Dependency is of type 'other'  boundaries/element-types

/Users/ryan/projects/metabase/frontend/src/metabase/visualizations/lib/action.js
  4:51  error  No rule allowing this dependency was found. File is of type 'shared/visualizations'. Dependency is of type 'feature/dashboard'  boundaries/element-types
  5:22  error  No rule allowing this dependency was found. File is of type 'shared/visualizations'. Dependency is of type 'other'              boundaries/element-types

/Users/ryan/projects/metabase/frontend/src/metabase/visualizations/lib/dataset.ts
  1:27  error  No rule allowing this dependency was found. File is of type 'shared/visualizations'. Dependency is of type 'other'  boundaries/element-types

/Users/ryan/projects/metabase/frontend/src/metabase/visualizations/lib/exports-branding-utils.tsx
  4:26  error  No rule allowing this dependency was found. File is of type 'shared/visualizations'. Dependency is of type 'other'  boundaries/element-types

/Users/ryan/projects/metabase/frontend/src/metabase/visualizations/lib/graph/columns.ts
  3:27  error  No rule allowing this dependency was found. File is of type 'shared/visualizations'. Dependency is of type 'other'  boundaries/element-types

/Users/ryan/projects/metabase/frontend/src/metabase/visualizations/lib/image-exports.ts
   4:30  error  No rule allowing this dependency was found. File is of type 'shared/visualizations'. Dependency is of type 'other'              boundaries/element-types
   5:28  error  No rule allowing this dependency was found. File is of type 'shared/visualizations'. Dependency is of type 'feature/dashboard'  boundaries/element-types
   9:8   error  No rule allowing this dependency was found. File is of type 'shared/visualizations'. Dependency is of type 'other'              boundaries/element-types
  10:32  error  No rule allowing this dependency was found. File is of type 'shared/visualizations'. Dependency is of type 'other'              boundaries/element-types
  11:35  error  No rule allowing this dependency was found. File is of type 'shared/visualizations'. Dependency is of type 'other'              boundaries/element-types
  12:29  error  No rule allowing this dependency was found. File is of type 'shared/visualizations'. Dependency is of type 'other'              boundaries/element-types
  13:42  error  No rule allowing this dependency was found. File is of type 'shared/visualizations'. Dependency is of type 'other'              boundaries/element-types
  14:25  error  No rule allowing this dependency was found. File is of type 'shared/visualizations'. Dependency is of type 'other'              boundaries/element-types

/Users/ryan/projects/metabase/frontend/src/metabase/visualizations/lib/map.ts
  1:34  error  No rule allowing this dependency was found. File is of type 'shared/visualizations'. Dependency is of type 'other'  boundaries/element-types
  2:23  error  No rule allowing this dependency was found. File is of type 'shared/visualizations'. Dependency is of type 'other'  boundaries/element-types
  3:24  error  No rule allowing this dependency was found. File is of type 'shared/visualizations'. Dependency is of type 'other'  boundaries/element-types

/Users/ryan/projects/metabase/frontend/src/metabase/visualizations/lib/renderer_utils.js
  5:32  error  No rule allowing this dependency was found. File is of type 'shared/visualizations'. Dependency is of type 'other'  boundaries/element-types

/Users/ryan/projects/metabase/frontend/src/metabase/visualizations/lib/save-chart-image.ts
  1:35  error  No rule allowing this dependency was found. File is of type 'shared/visualizations'. Dependency is of type 'other'  boundaries/element-types
  2:42  error  No rule allowing this dependency was found. File is of type 'shared/visualizations'. Dependency is of type 'other'  boundaries/element-types
  3:25  error  No rule allowing this dependency was found. File is of type 'shared/visualizations'. Dependency is of type 'other'  boundaries/element-types

/Users/ryan/projects/metabase/frontend/src/metabase/visualizations/lib/save-dashboard-pdf.ts
  4:64  error  No rule allowing this dependency was found. File is of type 'shared/visualizations'. Dependency is of type 'other'  boundaries/element-types

/Users/ryan/projects/metabase/frontend/src/metabase/visualizations/lib/scalar_utils.ts
  1:29  error  No rule allowing this dependency was found. File is of type 'shared/visualizations'. Dependency is of type 'other'  boundaries/element-types

/Users/ryan/projects/metabase/frontend/src/metabase/visualizations/lib/settings.js
  3:32  error  No rule allowing this dependency was found. File is of type 'shared/visualizations'. Dependency is of type 'other'  boundaries/element-types
  7:8   error  No rule allowing this dependency was found. File is of type 'shared/visualizations'. Dependency is of type 'other'  boundaries/element-types

/Users/ryan/projects/metabase/frontend/src/metabase/visualizations/lib/settings/analytics.ts
  1:34  error  No rule allowing this dependency was found. File is of type 'shared/visualizations'. Dependency is of type 'other'  boundaries/element-types

/Users/ryan/projects/metabase/frontend/src/metabase/visualizations/lib/settings/column.js
  15:8   error  No rule allowing this dependency was found. File is of type 'shared/visualizations'. Dependency is of type 'other'  boundaries/element-types
  17:30  error  No rule allowing this dependency was found. File is of type 'shared/visualizations'. Dependency is of type 'other'  boundaries/element-types
  18:37  error  No rule allowing this dependency was found. File is of type 'shared/visualizations'. Dependency is of type 'other'  boundaries/element-types

/Users/ryan/projects/metabase/frontend/src/metabase/visualizations/lib/settings/graph.js
  8:8  error  No rule allowing this dependency was found. File is of type 'shared/visualizations'. Dependency is of type 'other'  boundaries/element-types

/Users/ryan/projects/metabase/frontend/src/metabase/visualizations/lib/settings/typed-utils.ts
  4:34  error  No rule allowing this dependency was found. File is of type 'shared/visualizations'. Dependency is of type 'other'  boundaries/element-types

/Users/ryan/projects/metabase/frontend/src/metabase/visualizations/lib/settings/validation.js
  4:27  error  No rule allowing this dependency was found. File is of type 'shared/visualizations'. Dependency is of type 'other'  boundaries/element-types

/Users/ryan/projects/metabase/frontend/src/metabase/visualizations/lib/settings/visualization.js
  4:35  error  No rule allowing this dependency was found. File is of type 'shared/visualizations'. Dependency is of type 'other'  boundaries/element-types
  5:37  error  No rule allowing this dependency was found. File is of type 'shared/visualizations'. Dependency is of type 'other'  boundaries/element-types

/Users/ryan/projects/metabase/frontend/src/metabase/visualizations/lib/tooltip.ts
  1:29  error  No rule allowing this dependency was found. File is of type 'shared/visualizations'. Dependency is of type 'other'  boundaries/element-types

/Users/ryan/projects/metabase/frontend/src/metabase/visualizations/lib/utils.js
  5:27  error  No rule allowing this dependency was found. File is of type 'shared/visualizations'. Dependency is of type 'other'  boundaries/element-types

/Users/ryan/projects/metabase/frontend/src/metabase/visualizations/shared/components/RowChart/RowChart.stories.tsx
  5:34  error  No rule allowing this dependency was found. File is of type 'shared/visualizations'. Dependency is of type 'other'  boundaries/element-types
  6:37  error  No rule allowing this dependency was found. File is of type 'shared/visualizations'. Dependency is of type 'other'  boundaries/element-types
  7:21  error  No rule allowing this dependency was found. File is of type 'shared/visualizations'. Dependency is of type 'other'  boundaries/element-types

/Users/ryan/projects/metabase/frontend/src/metabase/visualizations/shared/components/RowChart/utils/domain.ts
  3:27  error  No rule allowing this dependency was found. File is of type 'shared/visualizations'. Dependency is of type 'other'  boundaries/element-types

/Users/ryan/projects/metabase/frontend/src/metabase/visualizations/shared/settings/cartesian-chart.ts
  4:27  error  No rule allowing this dependency was found. File is of type 'shared/visualizations'. Dependency is of type 'other'  boundaries/element-types
  8:8   error  No rule allowing this dependency was found. File is of type 'shared/visualizations'. Dependency is of type 'other'  boundaries/element-types

/Users/ryan/projects/metabase/frontend/src/metabase/visualizations/shared/settings/pie.ts
  5:36  error  No rule allowing this dependency was found. File is of type 'shared/visualizations'. Dependency is of type 'other'  boundaries/element-types
  6:53  error  No rule allowing this dependency was found. File is of type 'shared/visualizations'. Dependency is of type 'other'  boundaries/element-types

/Users/ryan/projects/metabase/frontend/src/metabase/visualizations/shared/utils/parameter-substitution.js
  4:50  error  No rule allowing this dependency was found. File is of type 'shared/visualizations'. Dependency is of type 'other'  boundaries/element-types

/Users/ryan/projects/metabase/frontend/src/metabase/visualizations/shared/utils/sizes.ts
  4:35  error  No rule allowing this dependency was found. File is of type 'shared/visualizations'. Dependency is of type 'other'  boundaries/element-types

/Users/ryan/projects/metabase/frontend/src/metabase/visualizations/shared/utils/theme.ts
  3:50  error  No rule allowing this dependency was found. File is of type 'shared/visualizations'. Dependency is of type 'other'  boundaries/element-types
  5:40  error  No rule allowing this dependency was found. File is of type 'shared/visualizations'. Dependency is of type 'other'  boundaries/element-types

/Users/ryan/projects/metabase/frontend/src/metabase/visualizations/types/click-actions.ts
  3:31  error  No rule allowing this dependency was found. File is of type 'shared/visualizations'. Dependency is of type 'other'  boundaries/element-types
  5:27  error  No rule allowing this dependency was found. File is of type 'shared/visualizations'. Dependency is of type 'other'  boundaries/element-types

/Users/ryan/projects/metabase/frontend/src/metabase/visualizations/types/hover.ts
  1:41  error  No rule allowing this dependency was found. File is of type 'shared/visualizations'. Dependency is of type 'other'  boundaries/element-types

/Users/ryan/projects/metabase/frontend/src/metabase/visualizations/types/visualization.ts
  5:42  error  No rule allowing this dependency was found. File is of type 'shared/visualizations'. Dependency is of type 'other'  boundaries/element-types

/Users/ryan/projects/metabase/frontend/src/metabase/visualizations/visualizations/BarChart/BarChart.stories.tsx
  5:21  error  No rule allowing this dependency was found. File is of type 'shared/visualizations'. Dependency is of type 'other'  boundaries/element-types
  6:39  error  No rule allowing this dependency was found. File is of type 'shared/visualizations'. Dependency is of type 'other'  boundaries/element-types

/Users/ryan/projects/metabase/frontend/src/metabase/visualizations/visualizations/CartesianChart/CartesianChart.tsx
  13:26  error  No rule allowing this dependency was found. File is of type 'shared/visualizations'. Dependency is of type 'other'  boundaries/element-types

/Users/ryan/projects/metabase/frontend/src/metabase/visualizations/visualizations/CartesianChart/chart-definition-legacy.js
  3:36  error  No rule allowing this dependency was found. File is of type 'shared/visualizations'. Dependency is of type 'other'  boundaries/element-types
  4:29  error  No rule allowing this dependency was found. File is of type 'shared/visualizations'. Dependency is of type 'other'  boundaries/element-types
  5:25  error  No rule allowing this dependency was found. File is of type 'shared/visualizations'. Dependency is of type 'other'  boundaries/element-types

/Users/ryan/projects/metabase/frontend/src/metabase/visualizations/visualizations/CartesianChart/events.ts
   4:36  error  No rule allowing this dependency was found. File is of type 'shared/visualizations'. Dependency is of type 'other'  boundaries/element-types
   5:38  error  No rule allowing this dependency was found. File is of type 'shared/visualizations'. Dependency is of type 'other'  boundaries/element-types
   6:31  error  No rule allowing this dependency was found. File is of type 'shared/visualizations'. Dependency is of type 'other'  boundaries/element-types
  10:8   error  No rule allowing this dependency was found. File is of type 'shared/visualizations'. Dependency is of type 'other'  boundaries/element-types
  11:40  error  No rule allowing this dependency was found. File is of type 'shared/visualizations'. Dependency is of type 'other'  boundaries/element-types
  12:31  error  No rule allowing this dependency was found. File is of type 'shared/visualizations'. Dependency is of type 'other'  boundaries/element-types
  63:56  error  No rule allowing this dependency was found. File is of type 'shared/visualizations'. Dependency is of type 'other'  boundaries/element-types
  64:22  error  No rule allowing this dependency was found. File is of type 'shared/visualizations'. Dependency is of type 'other'  boundaries/element-types

/Users/ryan/projects/metabase/frontend/src/metabase/visualizations/visualizations/CartesianChart/padding.ts
  1:35  error  No rule allowing this dependency was found. File is of type 'shared/visualizations'. Dependency is of type 'other'  boundaries/element-types

/Users/ryan/projects/metabase/frontend/src/metabase/visualizations/visualizations/CartesianChart/use-chart-debug.ts
  5:45  error  No rule allowing this dependency was found. File is of type 'shared/visualizations'. Dependency is of type 'other'  boundaries/element-types

/Users/ryan/projects/metabase/frontend/src/metabase/visualizations/visualizations/CartesianChart/use-chart-events.ts
  39:46  error  No rule allowing this dependency was found. File is of type 'shared/visualizations'. Dependency is of type 'other'  boundaries/element-types

/Users/ryan/projects/metabase/frontend/src/metabase/visualizations/visualizations/CartesianChart/use-models-and-option.ts
  3:37  error  No rule allowing this dependency was found. File is of type 'shared/visualizations'. Dependency is of type 'other'  boundaries/element-types
  4:42  error  No rule allowing this dependency was found. File is of type 'shared/visualizations'. Dependency is of type 'other'  boundaries/element-types
  5:35  error  No rule allowing this dependency was found. File is of type 'shared/visualizations'. Dependency is of type 'other'  boundaries/element-types

/Users/ryan/projects/metabase/frontend/src/metabase/visualizations/visualizations/CartesianChart/utils.ts
  4:27  error  No rule allowing this dependency was found. File is of type 'shared/visualizations'. Dependency is of type 'other'  boundaries/element-types

/Users/ryan/projects/metabase/frontend/src/metabase/visualizations/visualizations/DashCardPlaceholder.tsx
   8:29  error  No rule allowing this dependency was found. File is of type 'shared/visualizations'. Dependency is of type 'feature/dashboard'  boundaries/element-types
  10:30  error  No rule allowing this dependency was found. File is of type 'shared/visualizations'. Dependency is of type 'other'              boundaries/element-types

/Users/ryan/projects/metabase/frontend/src/metabase/visualizations/visualizations/Funnel/Funnel.stories.tsx
  5:21  error  No rule allowing this dependency was found. File is of type 'shared/visualizations'. Dependency is of type 'other'  boundaries/element-types
  6:39  error  No rule allowing this dependency was found. File is of type 'shared/visualizations'. Dependency is of type 'other'  boundaries/element-types

/Users/ryan/projects/metabase/frontend/src/metabase/visualizations/visualizations/Funnel/Funnel.tsx
  6:16  error  No rule allowing this dependency was found. File is of type 'shared/visualizations'. Dependency is of type 'other'  boundaries/element-types

/Users/ryan/projects/metabase/frontend/src/metabase/visualizations/visualizations/Funnel/funnel-bar-transform.ts
  1:29  error  No rule allowing this dependency was found. File is of type 'shared/visualizations'. Dependency is of type 'other'  boundaries/element-types
  2:27  error  No rule allowing this dependency was found. File is of type 'shared/visualizations'. Dependency is of type 'other'  boundaries/element-types

/Users/ryan/projects/metabase/frontend/src/metabase/visualizations/visualizations/Gauge/Gauge.jsx
  10:16  error  No rule allowing this dependency was found. File is of type 'shared/visualizations'. Dependency is of type 'other'  boundaries/element-types
  11:29  error  No rule allowing this dependency was found. File is of type 'shared/visualizations'. Dependency is of type 'other'  boundaries/element-types

/Users/ryan/projects/metabase/frontend/src/metabase/visualizations/visualizations/Heading/Heading.styled.tsx
  6:24  error  No rule allowing this dependency was found. File is of type 'shared/visualizations'. Dependency is of type 'other'  boundaries/element-types

/Users/ryan/projects/metabase/frontend/src/metabase/visualizations/visualizations/Heading/Heading.tsx
   7:51  error  No rule allowing this dependency was found. File is of type 'shared/visualizations'. Dependency is of type 'feature/dashboard'  boundaries/element-types
   8:41  error  No rule allowing this dependency was found. File is of type 'shared/visualizations'. Dependency is of type 'feature/dashboard'  boundaries/element-types
   9:37  error  No rule allowing this dependency was found. File is of type 'shared/visualizations'. Dependency is of type 'feature/dashboard'  boundaries/element-types
  10:44  error  No rule allowing this dependency was found. File is of type 'shared/visualizations'. Dependency is of type 'feature/dashboard'  boundaries/element-types
  16:8   error  No rule allowing this dependency was found. File is of type 'shared/visualizations'. Dependency is of type 'other'              boundaries/element-types
  17:37  error  No rule allowing this dependency was found. File is of type 'shared/visualizations'. Dependency is of type 'other'              boundaries/element-types
  18:34  error  No rule allowing this dependency was found. File is of type 'shared/visualizations'. Dependency is of type 'other'              boundaries/element-types
  20:25  error  No rule allowing this dependency was found. File is of type 'shared/visualizations'. Dependency is of type 'other'              boundaries/element-types
  21:28  error  No rule allowing this dependency was found. File is of type 'shared/visualizations'. Dependency is of type 'other'              boundaries/element-types
  22:27  error  No rule allowing this dependency was found. File is of type 'shared/visualizations'. Dependency is of type 'other'              boundaries/element-types

/Users/ryan/projects/metabase/frontend/src/metabase/visualizations/visualizations/IFrameViz/IFrameViz.styled.tsx
  6:48  error  No rule allowing this dependency was found. File is of type 'shared/visualizations'. Dependency is of type 'other'  boundaries/element-types

/Users/ryan/projects/metabase/frontend/src/metabase/visualizations/visualizations/IFrameViz/IFrameViz.tsx
   7:16  error  No rule allowing this dependency was found. File is of type 'shared/visualizations'. Dependency is of type 'other'  boundaries/element-types
   8:36  error  No rule allowing this dependency was found. File is of type 'shared/visualizations'. Dependency is of type 'other'  boundaries/element-types
  10:32  error  No rule allowing this dependency was found. File is of type 'shared/visualizations'. Dependency is of type 'other'  boundaries/element-types
  11:55  error  No rule allowing this dependency was found. File is of type 'shared/visualizations'. Dependency is of type 'other'  boundaries/element-types

/Users/ryan/projects/metabase/frontend/src/metabase/visualizations/visualizations/LineChart/LineChart.stories.tsx
   8:36  error  No rule allowing this dependency was found. File is of type 'shared/visualizations'. Dependency is of type 'other'  boundaries/element-types
   9:21  error  No rule allowing this dependency was found. File is of type 'shared/visualizations'. Dependency is of type 'other'  boundaries/element-types
  10:39  error  No rule allowing this dependency was found. File is of type 'shared/visualizations'. Dependency is of type 'other'  boundaries/element-types

/Users/ryan/projects/metabase/frontend/src/metabase/visualizations/visualizations/LinkViz/EntityDisplay.tsx
  4:25  error  No rule allowing this dependency was found. File is of type 'shared/visualizations'. Dependency is of type 'other'  boundaries/element-types
  5:25  error  No rule allowing this dependency was found. File is of type 'shared/visualizations'. Dependency is of type 'other'  boundaries/element-types
  6:22  error  No rule allowing this dependency was found. File is of type 'shared/visualizations'. Dependency is of type 'other'  boundaries/element-types

/Users/ryan/projects/metabase/frontend/src/metabase/visualizations/visualizations/LinkViz/LinkViz.styled.tsx
  7:29  error  No rule allowing this dependency was found. File is of type 'shared/visualizations'. Dependency is of type 'other'  boundaries/element-types

/Users/ryan/projects/metabase/frontend/src/metabase/visualizations/visualizations/LinkViz/LinkViz.tsx
   7:36  error  No rule allowing this dependency was found. File is of type 'shared/visualizations'. Dependency is of type 'other'  boundaries/element-types
   8:20  error  No rule allowing this dependency was found. File is of type 'shared/visualizations'. Dependency is of type 'other'  boundaries/element-types
   9:30  error  No rule allowing this dependency was found. File is of type 'shared/visualizations'. Dependency is of type 'other'  boundaries/element-types
  11:31  error  No rule allowing this dependency was found. File is of type 'shared/visualizations'. Dependency is of type 'other'  boundaries/element-types

/Users/ryan/projects/metabase/frontend/src/metabase/visualizations/visualizations/LinkViz/types.ts
  1:31  error  No rule allowing this dependency was found. File is of type 'shared/visualizations'. Dependency is of type 'other'  boundaries/element-types

/Users/ryan/projects/metabase/frontend/src/metabase/visualizations/visualizations/Map/CustomMapFooter/CustomMapFooter.tsx
  6:28  error  No rule allowing this dependency was found. File is of type 'shared/visualizations'. Dependency is of type 'other'  boundaries/element-types
  7:32  error  No rule allowing this dependency was found. File is of type 'shared/visualizations'. Dependency is of type 'other'  boundaries/element-types
  8:38  error  No rule allowing this dependency was found. File is of type 'shared/visualizations'. Dependency is of type 'other'  boundaries/element-types
  9:22  error  No rule allowing this dependency was found. File is of type 'shared/visualizations'. Dependency is of type 'other'  boundaries/element-types

/Users/ryan/projects/metabase/frontend/src/metabase/visualizations/visualizations/Map/Map.jsx
  8:30  error  No rule allowing this dependency was found. File is of type 'shared/visualizations'. Dependency is of type 'other'  boundaries/element-types

/Users/ryan/projects/metabase/frontend/src/metabase/visualizations/visualizations/ObjectDetail.jsx
  3:38  error  No rule allowing this dependency was found. File is of type 'shared/visualizations'. Dependency is of type 'other'  boundaries/element-types

/Users/ryan/projects/metabase/frontend/src/metabase/visualizations/visualizations/PieChart/DimensionsWidget.tsx
  20:22  error  No rule allowing this dependency was found. File is of type 'shared/visualizations'. Dependency is of type 'other'  boundaries/element-types
  21:30  error  No rule allowing this dependency was found. File is of type 'shared/visualizations'. Dependency is of type 'other'  boundaries/element-types

/Users/ryan/projects/metabase/frontend/src/metabase/visualizations/visualizations/PieChart/PieChart.stories.tsx
   7:36  error  No rule allowing this dependency was found. File is of type 'shared/visualizations'. Dependency is of type 'other'  boundaries/element-types
   8:22  error  No rule allowing this dependency was found. File is of type 'shared/visualizations'. Dependency is of type 'other'  boundaries/element-types
   9:21  error  No rule allowing this dependency was found. File is of type 'shared/visualizations'. Dependency is of type 'other'  boundaries/element-types
  10:39  error  No rule allowing this dependency was found. File is of type 'shared/visualizations'. Dependency is of type 'other'  boundaries/element-types

/Users/ryan/projects/metabase/frontend/src/metabase/visualizations/visualizations/PieChart/PieChart.tsx
  5:27  error  No rule allowing this dependency was found. File is of type 'shared/visualizations'. Dependency is of type 'other'  boundaries/element-types
  6:35  error  No rule allowing this dependency was found. File is of type 'shared/visualizations'. Dependency is of type 'other'  boundaries/element-types

/Users/ryan/projects/metabase/frontend/src/metabase/visualizations/visualizations/PieChart/SliceNameWidget.tsx
  1:21  error  No rule allowing this dependency was found. File is of type 'shared/visualizations'. Dependency is of type 'other'  boundaries/element-types

/Users/ryan/projects/metabase/frontend/src/metabase/visualizations/visualizations/PieChart/chart-definition.ts
  4:29  error  No rule allowing this dependency was found. File is of type 'shared/visualizations'. Dependency is of type 'other'  boundaries/element-types

/Users/ryan/projects/metabase/frontend/src/metabase/visualizations/visualizations/PieChart/use-chart-events.ts
  5:30  error  No rule allowing this dependency was found. File is of type 'shared/visualizations'. Dependency is of type 'other'  boundaries/element-types
  6:31  error  No rule allowing this dependency was found. File is of type 'shared/visualizations'. Dependency is of type 'other'  boundaries/element-types

/Users/ryan/projects/metabase/frontend/src/metabase/visualizations/visualizations/PivotTable/PivotTable.stories.tsx
  7:21  error  No rule allowing this dependency was found. File is of type 'shared/visualizations'. Dependency is of type 'other'  boundaries/element-types

/Users/ryan/projects/metabase/frontend/src/metabase/visualizations/visualizations/PivotTable/PivotTable.styled.tsx
  7:35  error  No rule allowing this dependency was found. File is of type 'shared/visualizations'. Dependency is of type 'other'  boundaries/element-types

/Users/ryan/projects/metabase/frontend/src/metabase/visualizations/visualizations/PivotTable/PivotTable.tsx
  20:16  error  No rule allowing this dependency was found. File is of type 'shared/visualizations'. Dependency is of type 'other'  boundaries/element-types
  21:37  error  No rule allowing this dependency was found. File is of type 'shared/visualizations'. Dependency is of type 'other'  boundaries/element-types
  22:26  error  No rule allowing this dependency was found. File is of type 'shared/visualizations'. Dependency is of type 'other'  boundaries/element-types
  27:8   error  No rule allowing this dependency was found. File is of type 'shared/visualizations'. Dependency is of type 'other'  boundaries/element-types
  28:34  error  No rule allowing this dependency was found. File is of type 'shared/visualizations'. Dependency is of type 'other'  boundaries/element-types
  30:28  error  No rule allowing this dependency was found. File is of type 'shared/visualizations'. Dependency is of type 'other'  boundaries/element-types
  31:33  error  No rule allowing this dependency was found. File is of type 'shared/visualizations'. Dependency is of type 'other'  boundaries/element-types

/Users/ryan/projects/metabase/frontend/src/metabase/visualizations/visualizations/PivotTable/PivotTableCell.tsx
  6:16  error  No rule allowing this dependency was found. File is of type 'shared/visualizations'. Dependency is of type 'other'  boundaries/element-types
  7:37  error  No rule allowing this dependency was found. File is of type 'shared/visualizations'. Dependency is of type 'other'  boundaries/element-types

/Users/ryan/projects/metabase/frontend/src/metabase/visualizations/visualizations/PivotTable/RowToggleIcon.tsx
  4:40  error  No rule allowing this dependency was found. File is of type 'shared/visualizations'. Dependency is of type 'other'  boundaries/element-types
  5:22  error  No rule allowing this dependency was found. File is of type 'shared/visualizations'. Dependency is of type 'other'  boundaries/element-types

/Users/ryan/projects/metabase/frontend/src/metabase/visualizations/visualizations/PivotTable/settings.ts
  14:8   error  No rule allowing this dependency was found. File is of type 'shared/visualizations'. Dependency is of type 'other'  boundaries/element-types
  15:38  error  No rule allowing this dependency was found. File is of type 'shared/visualizations'. Dependency is of type 'other'  boundaries/element-types

/Users/ryan/projects/metabase/frontend/src/metabase/visualizations/visualizations/PivotTable/types.ts
  1:63  error  No rule allowing this dependency was found. File is of type 'shared/visualizations'. Dependency is of type 'other'  boundaries/element-types

/Users/ryan/projects/metabase/frontend/src/metabase/visualizations/visualizations/PivotTable/utils.ts
  4:50  error  No rule allowing this dependency was found. File is of type 'shared/visualizations'. Dependency is of type 'other'  boundaries/element-types
  5:26  error  No rule allowing this dependency was found. File is of type 'shared/visualizations'. Dependency is of type 'other'  boundaries/element-types
  6:36  error  No rule allowing this dependency was found. File is of type 'shared/visualizations'. Dependency is of type 'other'  boundaries/element-types
  7:29  error  No rule allowing this dependency was found. File is of type 'shared/visualizations'. Dependency is of type 'other'  boundaries/element-types

/Users/ryan/projects/metabase/frontend/src/metabase/visualizations/visualizations/Progress/Progress.jsx
   7:16  error  No rule allowing this dependency was found. File is of type 'shared/visualizations'. Dependency is of type 'other'  boundaries/element-types
   9:29  error  No rule allowing this dependency was found. File is of type 'shared/visualizations'. Dependency is of type 'other'  boundaries/element-types
  10:22  error  No rule allowing this dependency was found. File is of type 'shared/visualizations'. Dependency is of type 'other'  boundaries/element-types

/Users/ryan/projects/metabase/frontend/src/metabase/visualizations/visualizations/RowChart/RowChart.stories.tsx
   9:21  error  No rule allowing this dependency was found. File is of type 'shared/visualizations'. Dependency is of type 'other'  boundaries/element-types
  10:39  error  No rule allowing this dependency was found. File is of type 'shared/visualizations'. Dependency is of type 'other'  boundaries/element-types

/Users/ryan/projects/metabase/frontend/src/metabase/visualizations/visualizations/RowChart/RowChart.tsx
  6:16  error  No rule allowing this dependency was found. File is of type 'shared/visualizations'. Dependency is of type 'other'  boundaries/element-types
  7:34  error  No rule allowing this dependency was found. File is of type 'shared/visualizations'. Dependency is of type 'other'  boundaries/element-types
  8:40  error  No rule allowing this dependency was found. File is of type 'shared/visualizations'. Dependency is of type 'other'  boundaries/element-types

/Users/ryan/projects/metabase/frontend/src/metabase/visualizations/visualizations/RowChart/utils/events.ts
  5:27  error  No rule allowing this dependency was found. File is of type 'shared/visualizations'. Dependency is of type 'other'  boundaries/element-types

/Users/ryan/projects/metabase/frontend/src/metabase/visualizations/visualizations/RowChart/utils/format.ts
  3:36  error  No rule allowing this dependency was found. File is of type 'shared/visualizations'. Dependency is of type 'other'  boundaries/element-types
  4:29  error  No rule allowing this dependency was found. File is of type 'shared/visualizations'. Dependency is of type 'other'  boundaries/element-types
  5:25  error  No rule allowing this dependency was found. File is of type 'shared/visualizations'. Dependency is of type 'other'  boundaries/element-types

/Users/ryan/projects/metabase/frontend/src/metabase/visualizations/visualizations/RowChart/utils/theme.ts
  3:33  error  No rule allowing this dependency was found. File is of type 'shared/visualizations'. Dependency is of type 'other'  boundaries/element-types

/Users/ryan/projects/metabase/frontend/src/metabase/visualizations/visualizations/SankeyChart/SankeyChart.stories.tsx
  7:39  error  No rule allowing this dependency was found. File is of type 'shared/visualizations'. Dependency is of type 'other'  boundaries/element-types

/Users/ryan/projects/metabase/frontend/src/metabase/visualizations/visualizations/SankeyChart/SankeyChart.tsx
  4:35  error  No rule allowing this dependency was found. File is of type 'shared/visualizations'. Dependency is of type 'other'  boundaries/element-types

/Users/ryan/projects/metabase/frontend/src/metabase/visualizations/visualizations/Scalar/Scalar.tsx
  5:24  error  No rule allowing this dependency was found. File is of type 'shared/visualizations'. Dependency is of type 'other'  boundaries/element-types

/Users/ryan/projects/metabase/frontend/src/metabase/visualizations/visualizations/SmartScalar/PreviousValueComparison/DetailCandidate.tsx
  3:25  error  No rule allowing this dependency was found. File is of type 'shared/visualizations'. Dependency is of type 'other'  boundaries/element-types
  4:22  error  No rule allowing this dependency was found. File is of type 'shared/visualizations'. Dependency is of type 'other'  boundaries/element-types

/Users/ryan/projects/metabase/frontend/src/metabase/visualizations/visualizations/SmartScalar/PreviousValueComparison/PreviousValueComparison.styled.tsx
  5:22  error  No rule allowing this dependency was found. File is of type 'shared/visualizations'. Dependency is of type 'other'  boundaries/element-types

/Users/ryan/projects/metabase/frontend/src/metabase/visualizations/visualizations/SmartScalar/PreviousValueComparison/PreviousValueComparison.tsx
  3:24  error  No rule allowing this dependency was found. File is of type 'shared/visualizations'. Dependency is of type 'other'  boundaries/element-types
  5:34  error  No rule allowing this dependency was found. File is of type 'shared/visualizations'. Dependency is of type 'other'  boundaries/element-types
  6:58  error  No rule allowing this dependency was found. File is of type 'shared/visualizations'. Dependency is of type 'other'  boundaries/element-types

/Users/ryan/projects/metabase/frontend/src/metabase/visualizations/visualizations/SmartScalar/PreviousValueComparison/PreviousValueComparisonTooltip.tsx
  2:22  error  No rule allowing this dependency was found. File is of type 'shared/visualizations'. Dependency is of type 'other'  boundaries/element-types

/Users/ryan/projects/metabase/frontend/src/metabase/visualizations/visualizations/SmartScalar/PreviousValueComparison/VariationDetails.tsx
  3:23  error  No rule allowing this dependency was found. File is of type 'shared/visualizations'. Dependency is of type 'other'  boundaries/element-types

/Users/ryan/projects/metabase/frontend/src/metabase/visualizations/visualizations/SmartScalar/PreviousValueComparison/VariationPercent.tsx
  3:22  error  No rule allowing this dependency was found. File is of type 'shared/visualizations'. Dependency is of type 'other'  boundaries/element-types

/Users/ryan/projects/metabase/frontend/src/metabase/visualizations/visualizations/SmartScalar/ScalarPeriod.tsx
  2:24  error  No rule allowing this dependency was found. File is of type 'shared/visualizations'. Dependency is of type 'other'  boundaries/element-types
  3:22  error  No rule allowing this dependency was found. File is of type 'shared/visualizations'. Dependency is of type 'other'  boundaries/element-types

/Users/ryan/projects/metabase/frontend/src/metabase/visualizations/visualizations/SmartScalar/SettingsComponents/AnotherColumnForm.tsx
  12:8  error  No rule allowing this dependency was found. File is of type 'shared/visualizations'. Dependency is of type 'other'  boundaries/element-types

/Users/ryan/projects/metabase/frontend/src/metabase/visualizations/visualizations/SmartScalar/SettingsComponents/ComparisonPicker.tsx
   8:16  error  No rule allowing this dependency was found. File is of type 'shared/visualizations'. Dependency is of type 'other'  boundaries/element-types
   9:32  error  No rule allowing this dependency was found. File is of type 'shared/visualizations'. Dependency is of type 'other'  boundaries/element-types
  10:40  error  No rule allowing this dependency was found. File is of type 'shared/visualizations'. Dependency is of type 'other'  boundaries/element-types

/Users/ryan/projects/metabase/frontend/src/metabase/visualizations/visualizations/SmartScalar/SettingsComponents/MenuItem.styled.tsx
  3:36  error  No rule allowing this dependency was found. File is of type 'shared/visualizations'. Dependency is of type 'other'  boundaries/element-types
  4:22  error  No rule allowing this dependency was found. File is of type 'shared/visualizations'. Dependency is of type 'other'  boundaries/element-types

/Users/ryan/projects/metabase/frontend/src/metabase/visualizations/visualizations/SmartScalar/SettingsComponents/PeriodsAgoMenuOption.styled.tsx
  4:29  error  No rule allowing this dependency was found. File is of type 'shared/visualizations'. Dependency is of type 'other'  boundaries/element-types

/Users/ryan/projects/metabase/frontend/src/metabase/visualizations/visualizations/SmartScalar/SettingsComponents/PeriodsAgoMenuOption.tsx
  5:39  error  No rule allowing this dependency was found. File is of type 'shared/visualizations'. Dependency is of type 'other'  boundaries/element-types

/Users/ryan/projects/metabase/frontend/src/metabase/visualizations/visualizations/SmartScalar/SettingsComponents/SmartScalarSettingsWidgets.styled.tsx
  6:16  error  No rule allowing this dependency was found. File is of type 'shared/visualizations'. Dependency is of type 'other'  boundaries/element-types
  7:64  error  No rule allowing this dependency was found. File is of type 'shared/visualizations'. Dependency is of type 'other'  boundaries/element-types
  8:36  error  No rule allowing this dependency was found. File is of type 'shared/visualizations'. Dependency is of type 'other'  boundaries/element-types

/Users/ryan/projects/metabase/frontend/src/metabase/visualizations/visualizations/SmartScalar/SettingsComponents/SmartScalarSettingsWidgets.tsx
  17:23  error  No rule allowing this dependency was found. File is of type 'shared/visualizations'. Dependency is of type 'other'  boundaries/element-types

/Users/ryan/projects/metabase/frontend/src/metabase/visualizations/visualizations/SmartScalar/SettingsComponents/StaticNumberForm.tsx
  11:8  error  No rule allowing this dependency was found. File is of type 'shared/visualizations'. Dependency is of type 'other'  boundaries/element-types

/Users/ryan/projects/metabase/frontend/src/metabase/visualizations/visualizations/SmartScalar/SmartScalar.stories.tsx
  7:36  error  No rule allowing this dependency was found. File is of type 'shared/visualizations'. Dependency is of type 'other'  boundaries/element-types
  8:39  error  No rule allowing this dependency was found. File is of type 'shared/visualizations'. Dependency is of type 'other'  boundaries/element-types

/Users/ryan/projects/metabase/frontend/src/metabase/visualizations/visualizations/SmartScalar/SmartScalar.tsx
  4:24  error  No rule allowing this dependency was found. File is of type 'shared/visualizations'. Dependency is of type 'other'  boundaries/element-types
  5:21  error  No rule allowing this dependency was found. File is of type 'shared/visualizations'. Dependency is of type 'other'  boundaries/element-types

/Users/ryan/projects/metabase/frontend/src/metabase/visualizations/visualizations/SmartScalar/compute.ts
   5:29  error  No rule allowing this dependency was found. File is of type 'shared/visualizations'. Dependency is of type 'other'  boundaries/element-types
   8:25  error  No rule allowing this dependency was found. File is of type 'shared/visualizations'. Dependency is of type 'other'  boundaries/element-types
  19:34  error  No rule allowing this dependency was found. File is of type 'shared/visualizations'. Dependency is of type 'other'  boundaries/element-types

/Users/ryan/projects/metabase/frontend/src/metabase/visualizations/visualizations/SmartScalar/utils.ts
  6:29  error  No rule allowing this dependency was found. File is of type 'shared/visualizations'. Dependency is of type 'other'  boundaries/element-types
  7:22  error  No rule allowing this dependency was found. File is of type 'shared/visualizations'. Dependency is of type 'other'  boundaries/element-types
  8:25  error  No rule allowing this dependency was found. File is of type 'shared/visualizations'. Dependency is of type 'other'  boundaries/element-types

/Users/ryan/projects/metabase/frontend/src/metabase/visualizations/visualizations/Table/Table.stories.tsx
  13:21  error  No rule allowing this dependency was found. File is of type 'shared/visualizations'. Dependency is of type 'other'  boundaries/element-types
  14:36  error  No rule allowing this dependency was found. File is of type 'shared/visualizations'. Dependency is of type 'other'  boundaries/element-types
  16:32  error  No rule allowing this dependency was found. File is of type 'shared/visualizations'. Dependency is of type 'other'  boundaries/element-types
  17:21  error  No rule allowing this dependency was found. File is of type 'shared/visualizations'. Dependency is of type 'other'  boundaries/element-types
  18:39  error  No rule allowing this dependency was found. File is of type 'shared/visualizations'. Dependency is of type 'other'  boundaries/element-types

/Users/ryan/projects/metabase/frontend/src/metabase/visualizations/visualizations/Table/Table.tsx
   6:16  error  No rule allowing this dependency was found. File is of type 'shared/visualizations'. Dependency is of type 'other'  boundaries/element-types
   7:27  error  No rule allowing this dependency was found. File is of type 'shared/visualizations'. Dependency is of type 'other'  boundaries/element-types
   8:38  error  No rule allowing this dependency was found. File is of type 'shared/visualizations'. Dependency is of type 'other'  boundaries/element-types
  29:22  error  No rule allowing this dependency was found. File is of type 'shared/visualizations'. Dependency is of type 'other'  boundaries/element-types

/Users/ryan/projects/metabase/frontend/src/metabase/visualizations/visualizations/Text/Text.jsx
  10:16  error  No rule allowing this dependency was found. File is of type 'shared/visualizations'. Dependency is of type 'other'              boundaries/element-types
  11:56  error  No rule allowing this dependency was found. File is of type 'shared/visualizations'. Dependency is of type 'feature/dashboard'  boundaries/element-types
  12:36  error  No rule allowing this dependency was found. File is of type 'shared/visualizations'. Dependency is of type 'other'              boundaries/element-types
  13:37  error  No rule allowing this dependency was found. File is of type 'shared/visualizations'. Dependency is of type 'other'              boundaries/element-types
  15:25  error  No rule allowing this dependency was found. File is of type 'shared/visualizations'. Dependency is of type 'other'              boundaries/element-types

/Users/ryan/projects/metabase/frontend/src/metabase/visualizations/visualizations/Text/Text.stories.tsx
  4:21  error  No rule allowing this dependency was found. File is of type 'shared/visualizations'. Dependency is of type 'other'  boundaries/element-types

/Users/ryan/projects/metabase/frontend/src/metabase/visualizations/visualizations/Text/Text.styled.tsx
   6:24  error  No rule allowing this dependency was found. File is of type 'shared/visualizations'. Dependency is of type 'other'  boundaries/element-types
  11:8   error  No rule allowing this dependency was found. File is of type 'shared/visualizations'. Dependency is of type 'other'  boundaries/element-types

✖ 3707 problems (3707 errors, 0 warnings)
  38 errors and 0 warnings potentially fixable with the `--fix` option.

info Visit https://yarnpkg.com/en/docs/cli/run for documentation about this command.
