exports[`Dashboards list view should render correctly in loading state 1`] = `
<div
  className="relative mx4"
  style={undefined}>
  <div
    className="wrapper py4 text-brand text-centered flex-full flex flex-column layout-centered bg-white">
    <div
      className={undefined}>
      <div
        className="LoadingSpinner"
        style={
          Object {
            "borderWidth": 4,
            "height": 32,
            "width": 32,
          }
        } />
    </div>
    <h2
      className="text-normal text-grey-2 mt1">
      Loading...
    </h2>
  </div>
</div>
`;

exports[`Dashboards list view should render correctly with two dashboards 1`] = `
<div
  className="relative mx4"
  style={undefined}>
  <div
    className="wrapper py4 text-brand text-centered flex-full flex flex-column layout-centered bg-white">
    <div
      className={undefined}>
      <div
        className="LoadingSpinner"
        style={
          Object {
            "borderWidth": 4,
            "height": 32,
            "width": 32,
          }
        } />
    </div>
    <h2
      className="text-normal text-grey-2 mt1">
      Loading...
    </h2>
  </div>
</div>
`;

exports[`Dashboards list view should render correctly with zero dashboards 1`] = `
<div
  className="relative mx4"
  style={undefined}>
  <div
    className="wrapper py4 text-brand text-centered flex-full flex flex-column layout-centered bg-white">
    <div
      className={undefined}>
      <div
        className="LoadingSpinner"
        style={
          Object {
            "borderWidth": 4,
            "height": 32,
            "width": 32,
          }
        } />
    </div>
    <h2
      className="text-normal text-grey-2 mt1">
      Loading...
    </h2>
  </div>
</div>
`;
