// Vitest Snapshot v1, https://vitest.dev/guide/snapshot.html

exports[`text templates > generateGitignore 1`] = `
"node_modules/
.DS_Store
# dist must be committed
"
`;

exports[`text templates > generateIconSvg 1`] = `
"<svg width="16" height="16" viewBox="0 0 16 16" fill="none" xmlns="http://www.w3.org/2000/svg">
  <path d="M1.79978 6.86661C1.65041 7.01583 1.53192 7.19302 1.45107 7.38806C1.37023 7.58309 1.32861 7.79215 1.32861 8.00328C1.32861 8.21441 1.37023 8.42347 1.45107 8.61851C1.53192 8.81354 1.65041 8.99073 1.79978 9.13995L6.85978 14.1999C7.00899 14.3493 7.18618 14.4678 7.38122 14.5487C7.57626 14.6295 7.78531 14.6711 7.99644 14.6711C8.20757 14.6711 8.41663 14.6295 8.61167 14.5487C8.80671 14.4678 8.9839 14.3493 9.13311 14.1999L14.1931 9.13995C14.3425 8.99073 14.461 8.81354 14.5418 8.61851C14.6227 8.42347 14.6643 8.21441 14.6643 8.00328C14.6643 7.79215 14.6227 7.58309 14.5418 7.38806C14.461 7.19302 14.3425 7.01583 14.1931 6.86661L9.13311 1.80661C8.9839 1.65725 8.80671 1.53875 8.61167 1.45791C8.41663 1.37706 8.20757 1.33545 7.99644 1.33545C7.78531 1.33545 7.57626 1.37706 7.38122 1.45791C7.18618 1.53875 7.00899 1.65725 6.85978 1.80661L1.79978 6.86661Z" stroke="black" stroke-width="1.33333" stroke-linecap="round" stroke-linejoin="round"/>
</svg>
"
`;

exports[`text templates > generateIndexTsx 1`] = `
"import type {
  CreateCustomVisualization,
  CustomStaticVisualizationProps,
  CustomVisualizationProps,
} from "@metabase/custom-viz";

type Settings = {
  threshold?: number;
};

const createVisualization: CreateCustomVisualization<Settings> = ({
  defineSetting,
  getAssetUrl,
}) => {
  const VisualizationComponent = (
    props: CustomVisualizationProps<Settings>,
  ) => {
    const { height, series, settings, width } = props;
    const { threshold } = settings;
    const value = series[0].data.rows[0][0];

    if (!height || !width) {
      return null;
    }

    if (typeof value !== "number" || typeof threshold !== "number") {
      throw new Error("Value and threshold need to be numbers");
    }

    const emoji = value >= threshold ? "👍" : "👎";

    return (
      <div
        style={{
          display: "flex",
          justifyContent: "center",
          alignItems: "center",
          width,
          height,
          fontSize: "10rem",
        }}
      >
        {emoji}
      </div>
    );
  };

  const StaticVisualizationComponent = (
    props: CustomStaticVisualizationProps<Settings>,
  ) => {
    const width = 540;
    const height = 360;
    const { series, settings } = props;
    const { threshold } = settings;
    const value = series[0].data.rows[0][0];

    if (typeof value !== "number" || typeof threshold !== "number") {
      throw new Error("Value and threshold need to be numbers");
    }

    const emoji =
      value >= threshold ? (
        <img src={getAssetUrl("thumbs-up.png")} />
      ) : (
        <img src={getAssetUrl("thumbs-down.png")} />
      );

    return (
      <div
        style={{
          display: "flex",
          justifyContent: "center",
          alignItems: "center",
          width,
          height,
          fontSize: "10rem",
        }}
      >
        {emoji}
      </div>
    );
  };

  return {
    id: "my-viz",
    getName: () => "my-viz",
    minSize: { width: 4, height: 4 },
    defaultSize: { width: 4, height: 4 },
    checkRenderable(series, settings) {
      if (series.length !== 1) {
        throw new Error("Only 1 series is supported");
      }

      const [
        {
          data: { cols, rows },
        },
      ] = series;

      if (cols.length !== 1) {
        throw new Error("Query results should only have 1 column");
      }

      if (rows.length !== 1) {
        throw new Error("Query results should only have 1 row");
      }

      if (typeof rows[0][0] !== "number") {
        throw new Error("Result is not a number");
      }

      if (typeof settings.threshold !== "number") {
        throw new Error("Threshold setting is not set");
      }
    },
    settings: {
      threshold: defineSetting({
        id: "threshold",
        title: "Threshold",
        widget: "number",
        getDefault() {
          return 0;
        },
        getProps() {
          return {
            options: {
              isInteger: false,
              isNonNegative: false,
            },
            placeholder: "Set threshold",
          };
        },
      }),
    },
    VisualizationComponent,
    StaticVisualizationComponent,
  };
};

export default createVisualization;
"
`;

exports[`text templates > generateTsConfig 1`] = `
"{
  "compilerOptions": {
    "target": "ES2020",
    "module": "ESNext",
    "moduleResolution": "bundler",
    "jsx": "react-jsx",
    "strict": true,
    "esModuleInterop": true,
    "skipLibCheck": true,
    "outDir": "dist",
    "declaration": true
  },
  "include": ["src"]
}
"
`;

exports[`text templates > generateViteConfig 1`] = `
"/* eslint-disable no-console, import/no-default-export, @typescript-eslint/no-require-imports */
import { cpSync, existsSync, readFileSync, watch } from "fs";
import { type ServerResponse, createServer } from "http";
import { createRequire } from "module";
import { resolve } from "path";

import { defineConfig } from "vite";

const __require = createRequire(import.meta.url);

/**
 * Vite plugin that replaces \`react\` and \`react/jsx-runtime\` imports with
 * virtual modules that read from Metabase's \`window.__METABASE_VIZ_API__\`.
 *
 * This is necessary because the ES module output format cannot use
 * \`output.globals\`, and bare \`import 'react'\` would fail in the browser.
 */
function metabaseVizExternals() {
  const VIRTUAL_REACT = "\\0virtual:react";
  const VIRTUAL_JSX_RUNTIME = "\\0virtual:react/jsx-runtime";
  return {
    name: "metabase-viz-externals",
    enforce: "pre" as const,

    resolveId(source) {
      if (source === "react") {
        return VIRTUAL_REACT;
      }
      if (source === "react/jsx-runtime") {
        return VIRTUAL_JSX_RUNTIME;
      }
      return null;
    },

    load(id) {
      if (id === VIRTUAL_REACT) {
        return [
          "const React = window.__METABASE_VIZ_API__.React;",
          "export default React;",
          "export const { useState, useEffect, useRef, useCallback, useMemo, useReducer, useContext, createElement, Fragment } = React;",
        ].join("\\n");
      }
      if (id === VIRTUAL_JSX_RUNTIME) {
        return [
          "const jsxRuntime = window.__METABASE_VIZ_API__.jsxRuntime;",
          "export const { jsx, jsxs, Fragment } = jsxRuntime;",
        ].join("\\n");
      }
      return null;
    },
  };
}

/**
 * Vite plugin that copies metabase-plugin.json to dist/ after the build.
 */
function metabaseCopyManifest() {
  return {
    name: "metabase-copy-manifest",
    closeBundle() {
      const manifestSrc = resolve(__dirname, "metabase-plugin.json");
      if (existsSync(manifestSrc)) {
        cpSync(manifestSrc, resolve(__dirname, "dist/metabase-plugin.json"));
      } else {
        throw new Error("metabase-plugin.json missing");
      }
    },
  };
}

const DEV_PORT = 5174;

/**
 * Vite plugin that starts a dev server serving both static files from dist/
 * and an SSE endpoint at /__sse for hot-reload notifications.
 * Metabase's frontend connects to /__sse on the same origin as dev_bundle_url.
 */
function metabaseDevServer() {
  const clients = new Set<ServerResponse>();
  let landingPageHtml: string | undefined;
  let server: ReturnType<typeof createServer> | null = null;

  return {
    name: "metabase-dev-server",

    buildStart() {
      if (server) {
        return;
      }

      const distDir = resolve(__dirname, "dist");

      server = createServer((req, res) => {
        const url = req.url ?? "/";

        // SSE endpoint for hot-reload
        if (url === "/__sse") {
          res.writeHead(200, {
            "Content-Type": "text/event-stream",
            "Cache-Control": "no-cache",
            Connection: "keep-alive",
            "Access-Control-Allow-Origin": "*",
          });
          clients.add(res);
          req.on("close", () => clients.delete(res));
          return;
        }

        // Landing page with sync instructions
        if (url === "/") {
          if (!landingPageHtml) {
            try {
              const landingPath = __require.resolve(
                "@metabase/custom-viz/dev-server-landing.html",
              );
              landingPageHtml = readFileSync(landingPath, "utf-8");
            } catch {
              landingPageHtml =
                "<html><body><p>Custom viz dev server running.</p></body></html>";
            }
          }
          res.writeHead(200, { "Content-Type": "text/html" });
          res.end(landingPageHtml);
          return;
        }

        // CORS headers for all static responses
        res.setHeader("Access-Control-Allow-Origin", "*");

        // Serve static files from dist/
        const { readFile, stat } = require("fs");
        const { join, extname } = require("path");

        const filePath =
          url === "/" ? join(distDir, "index.html") : join(distDir, url);

        // Prevent directory traversal
        if (!filePath.startsWith(distDir)) {
          res.writeHead(403);
          res.end("Forbidden");
          return;
        }

        stat(filePath, (err: NodeJS.ErrnoException | null) => {
          if (err) {
            res.writeHead(404);
            res.end("Not found");
            return;
          }

          const mimeTypes: Record<string, string> = {
            ".html": "text/html",
            ".js": "application/javascript",
            ".css": "text/css",
            ".json": "application/json",
            ".png": "image/png",
            ".jpg": "image/jpeg",
            ".svg": "image/svg+xml",
            ".ico": "image/x-icon",
          };
          const contentType =
            mimeTypes[extname(filePath)] ?? "application/octet-stream";

          readFile(
            filePath,
            (readErr: NodeJS.ErrnoException | null, data: Buffer) => {
              if (readErr) {
                res.writeHead(500);
                res.end("Internal server error");
                return;
              }
              res.writeHead(200, { "Content-Type": contentType });
              res.end(data);
            },
          );
        });
      });

      server.listen(DEV_PORT, () => {
        console.log(
          \`[custom-viz] Dev server listening on http://localhost:\${DEV_PORT}\`,
        );
        console.log(
          \`[custom-viz] Open http://localhost:\${DEV_PORT} for setup instructions\`,
        );
      });

      // Watch public/assets/ for changes — copy to dist/assets/ and notify
      const assetsDir = resolve(__dirname, "public/assets");
      if (existsSync(assetsDir)) {
        watch(assetsDir, { recursive: true }, (_event, filename) => {
          if (!filename) {
            return;
          }
          cpSync(
            resolve(assetsDir, filename),
            resolve(__dirname, "dist/assets", filename),
          );
          for (const client of clients) {
            client.write("data: reload\\n\\n");
          }
          console.log(
            \`[custom-viz] Asset changed: \${filename}, notified \${clients.size} client(s)\`,
          );
        });
      }
    },

    closeBundle() {
      for (const client of clients) {
        client.write("data: reload\\n\\n");
      }
      console.log(
        \`[custom-viz] Build complete, notified \${clients.size} client(s)\`,
      );
    },
  };
}

const isWatch = process.argv.includes("--watch");

export default defineConfig({
  plugins: [
    metabaseVizExternals(),
    metabaseCopyManifest(),
    ...(isWatch ? [metabaseDevServer()] : []),
  ],
  publicDir: "public",
  define: {
    "process.env.NODE_ENV": JSON.stringify("production"),
    "process.env": JSON.stringify({}),
  },
  build: {
    outDir: "dist",
    lib: {
      entry: resolve(__dirname, "src/index.tsx"),
      formats: ["iife"],
      fileName: () => "index.js",
      name: "__customVizPlugin__",
    },
  },
});
"
`;
